01-05 20:08:09.597  8006  8689 D Robocol : no packet received: NullPointerException
01-05 20:08:09.598  8006  8689 D Robocol : no packet received: NullPointerException
01-05 20:08:09.598  8006  8689 D Robocol : no packet received: NullPointerException
01-05 20:08:09.598  8006  8689 D Robocol : no packet received: NullPointerException
01-05 20:08:09.598  8006  8689 D Robocol : no packet received: NullPointerException
01-05 20:08:09.599  8006  8689 D Robocol : no packet received: NullPointerException
01-05 20:08:09.599  8006  8689 D Robocol : no packet received: NullPointerException
01-05 20:08:09.599  8006  8689 D Robocol : no packet received: NullPointerException
01-05 20:08:09.599  8006  8689 D Robocol : no packet received: NullPointerException
01-05 20:08:09.600  8006  8689 D Robocol : no packet received: NullPointerException
01-05 20:08:09.600  8006  8689 D Robocol : no packet received: NullPointerException
01-05 20:08:09.600  8006  8689 D Robocol : no packet received: NullPointerException
01-05 20:08:09.600  8006  8689 D Robocol : no packet received: NullPointerException
01-05 20:08:09.601  8006  8689 D Robocol : no packet received: NullPointerException
01-05 20:08:09.601  8006  8689 D Robocol : no packet received: NullPointerException
01-05 20:08:09.601  8006  8689 D Robocol : no packet received: NullPointerException
01-05 20:08:09.601  8006  8689 D Robocol : no packet received: NullPointerException
01-05 20:08:09.601  8006  8689 D Robocol : no packet received: NullPointerException
01-05 20:08:09.602  8006  8689 D Robocol : no packet received: NullPointerException
01-05 20:08:09.602  8006  8689 D Robocol : no packet received: NullPointerException
01-05 20:08:09.602  8006  8689 D Robocol : no packet received: NullPointerException
01-05 20:08:09.602  8006  8689 D Robocol : no packet received: NullPointerException
01-05 20:08:09.602  8006  8689 D Robocol : no packet received: NullPointerException
01-05 20:08:09.603  8006  8689 D Robocol : no packet received: NullPointerException
01-05 20:08:09.603  8006  8689 D Robocol : no packet received: NullPointerException
01-05 20:08:09.603  8006  8689 D Robocol : no packet received: NullPointerException
01-05 20:08:09.603  8006  8689 D Robocol : no packet received: NullPointerException
01-05 20:08:09.603  8006  8689 D Robocol : no packet received: NullPointerException
01-05 20:08:09.603  8006  8689 D Robocol : no packet received: NullPointerException
01-05 20:08:09.604  8006  8689 D Robocol : no packet received: NullPointerException
01-05 20:08:09.604  8006  8689 D Robocol : no packet received: NullPointerException
01-05 20:08:09.604  8006  8689 D Robocol : no packet received: NullPointerException
01-05 20:08:09.604  8006  8689 D Robocol : no packet received: NullPointerException
01-05 20:08:09.605  8006  8689 D Robocol : no packet received: NullPointerException
01-05 20:08:09.605  8006  8689 D Robocol : no packet received: NullPointerException
01-05 20:08:09.605  8006  8689 D Robocol : no packet received: NullPointerException
01-05 20:08:09.605  8006  8689 D Robocol : no packet received: NullPointerException
01-05 20:08:09.605  8006  8689 D Robocol : no packet received: NullPointerException
01-05 20:08:09.605  8006  8689 D Robocol : no packet received: NullPointerException
01-05 20:08:09.605  8006  8689 D Robocol : no packet received: NullPointerException
01-05 20:08:09.606  8006  8689 D Robocol : no packet received: NullPointerException
01-05 20:08:09.606  8006  8689 D Robocol : no packet received: NullPointerException
01-05 20:08:09.606  8006  8689 D Robocol : no packet received: NullPointerException
01-05 20:08:09.606  8006  8689 D Robocol : no packet received: NullPointerException
01-05 20:08:09.607  8006  8689 D Robocol : no packet received: NullPointerException
01-05 20:08:09.607  8006  8689 D Robocol : no packet received: NullPointerException
01-05 20:08:09.607  8006  8689 D Robocol : no packet received: NullPointerException
01-05 20:08:09.607  8006  8689 D Robocol : no packet received: NullPointerException
01-05 20:08:09.607  8006  8689 D Robocol : no packet received: NullPointerException
01-05 20:08:09.607  8006  8689 D Robocol : no packet received: NullPointerException
01-05 20:08:09.608  8006  8689 D Robocol : no packet received: NullPointerException
01-05 20:08:09.608  8006  8689 D Robocol : no packet received: NullPointerException
01-05 20:08:09.608  8006  8689 D Robocol : no packet received: NullPointerException
01-05 20:08:09.608  8006  8689 D Robocol : no packet received: NullPointerException
01-05 20:08:09.608  8006  8689 D Robocol : no packet received: NullPointerException
01-05 20:08:09.609  8006  8689 D Robocol : no packet received: NullPointerException
01-05 20:08:09.609  8006  8689 D Robocol : no packet received: NullPointerException
01-05 20:08:09.609  8006  8689 D Robocol : no packet received: NullPointerException
01-05 20:08:09.610  8006  8689 D Robocol : no packet received: NullPointerException
01-05 20:08:09.610  8006  8689 D Robocol : no packet received: NullPointerException
01-05 20:08:09.610  8006  8689 D Robocol : no packet received: NullPointerException
01-05 20:08:09.610  8006  8689 D Robocol : no packet received: NullPointerException
01-05 20:08:09.611  8006  8689 D Robocol : no packet received: NullPointerException
01-05 20:08:09.611  8006  8689 D Robocol : no packet received: NullPointerException
01-05 20:08:09.611  8006  8689 D Robocol : no packet received: NullPointerException
01-05 20:08:09.612  8006  8689 D Robocol : no packet received: NullPointerException
01-05 20:08:09.612  8006  8689 D Robocol : no packet received: NullPointerException
01-05 20:08:09.612  8006  8689 D Robocol : no packet received: NullPointerException
01-05 20:08:09.612  8006  8689 D Robocol : no packet received: NullPointerException
01-05 20:08:09.613  8006  8689 D Robocol : no packet received: NullPointerException
01-05 20:08:09.613  8006  8689 D Robocol : no packet received: NullPointerException
01-05 20:08:09.613  8006  8689 D Robocol : no packet received: NullPointerException
01-05 20:08:09.613  8006  8689 D Robocol : no packet received: NullPointerException
01-05 20:08:09.614  8006  8689 D Robocol : no packet received: NullPointerException
01-05 20:08:09.614  8006  8689 D Robocol : no packet received: NullPointerException
01-05 20:08:09.614  8006  8689 D Robocol : no packet received: NullPointerException
01-05 20:08:09.614  8006  8689 D Robocol : no packet received: NullPointerException
01-05 20:08:09.615  8006  8689 D Robocol : no packet received: NullPointerException
01-05 20:08:09.615  8006  8689 D Robocol : no packet received: NullPointerException
01-05 20:08:09.615  8006  8689 D Robocol : no packet received: NullPointerException
01-05 20:08:09.615  8006  8689 D Robocol : no packet received: NullPointerException
01-05 20:08:09.615  8006  8689 D Robocol : no packet received: NullPointerException
01-05 20:08:09.615  8006  8689 D Robocol : no packet received: NullPointerException
01-05 20:08:09.616  8006  8689 D Robocol : no packet received: NullPointerException
01-05 20:08:09.616  8006  8689 D Robocol : no packet received: NullPointerException
01-05 20:08:09.616  8006  8689 D Robocol : no packet received: NullPointerException
01-05 20:08:09.616  8006  8689 D Robocol : no packet received: NullPointerException
01-05 20:08:09.616  8006  8689 D Robocol : no packet received: NullPointerException
01-05 20:08:09.616  8006  8689 D Robocol : no packet received: NullPointerException
01-05 20:08:09.617  8006  8689 D Robocol : no packet received: NullPointerException
01-05 20:08:09.617  8006  8689 D Robocol : no packet received: NullPointerException
01-05 20:08:09.617  8006  8689 D Robocol : no packet received: NullPointerException
01-05 20:08:09.617  8006  8689 D Robocol : no packet received: NullPointerException
01-05 20:08:09.618  8006  8689 D Robocol : no packet received: NullPointerException
01-05 20:08:09.618  8006  8689 D Robocol : no packet received: NullPointerException
01-05 20:08:09.618  8006  8689 D Robocol : no packet received: NullPointerException
01-05 20:08:09.618  8006  8689 D Robocol : no packet received: NullPointerException
01-05 20:08:09.618  8006  8689 D Robocol : no packet received: NullPointerException
01-05 20:08:09.619  8006  8689 D Robocol : no packet received: NullPointerException
01-05 20:08:09.619  8006  8689 D Robocol : no packet received: NullPointerException
01-05 20:08:09.619  8006  8689 D Robocol : no packet received: NullPointerException
01-05 20:08:09.619  8006  8689 D Robocol : no packet received: NullPointerException
01-05 20:08:09.620  8006  8689 D Robocol : no packet received: NullPointerException
01-05 20:08:09.620  8006  8689 D Robocol : no packet received: NullPointerException
01-05 20:08:09.620  8006  8689 D Robocol : no packet received: NullPointerException
01-05 20:08:09.621  8006  8689 D Robocol : no packet received: NullPointerException
01-05 20:08:09.621  8006  8689 D Robocol : no packet received: NullPointerException
01-05 20:08:09.622  8006  8689 D Robocol : no packet received: NullPointerException
01-05 20:08:09.622  8006  8689 D Robocol : no packet received: NullPointerException
01-05 20:08:09.622  8006  8689 D Robocol : no packet received: NullPointerException
01-05 20:08:09.622  8006  8717 D RobotCore: disarming modern motor controller Modern Robotics USB DC Motor Controller [AL00VSAM]...
01-05 20:08:09.622  8006  8689 D Robocol : no packet received: NullPointerException
01-05 20:08:09.623  8006  8689 D Robocol : no packet received: NullPointerException
01-05 20:08:09.623  8006  8689 D Robocol : no packet received: NullPointerException
01-05 20:08:09.623  8006  8689 D Robocol : no packet received: NullPointerException
01-05 20:08:09.623  8006  8689 D Robocol : no packet received: NullPointerException
01-05 20:08:09.623  8006  8689 D Robocol : no packet received: NullPointerException
01-05 20:08:09.623  8006  8689 D Robocol : no packet received: NullPointerException
01-05 20:08:09.624  8006  8689 D Robocol : no packet received: NullPointerException
01-05 20:08:09.624  8006  8689 D Robocol : no packet received: NullPointerException
01-05 20:08:09.624  8006  8689 D Robocol : no packet received: NullPointerException
01-05 20:08:09.625  8006  8689 D Robocol : no packet received: NullPointerException
01-05 20:08:09.625  8006  8689 D Robocol : no packet received: NullPointerException
01-05 20:08:09.625  8006  8689 D Robocol : no packet received: NullPointerException
01-05 20:08:09.625  8006  8689 D Robocol : no packet received: NullPointerException
01-05 20:08:09.625  8006  8689 D Robocol : no packet received: NullPointerException
01-05 20:08:09.625  8006  8689 D Robocol : no packet received: NullPointerException
01-05 20:08:09.625  8006  8689 D Robocol : no packet received: NullPointerException
01-05 20:08:09.626  8006  8689 D Robocol : no packet received: NullPointerException
01-05 20:08:09.626  8006  8689 D Robocol : no packet received: NullPointerException
01-05 20:08:09.626  8006  8689 D Robocol : no packet received: NullPointerException
01-05 20:08:09.626  8006  8689 D Robocol : no packet received: NullPointerException
01-05 20:08:09.627  8006  8689 D Robocol : no packet received: NullPointerException
01-05 20:08:09.627  8006  8689 D Robocol : no packet received: NullPointerException
01-05 20:08:09.627  8006  8689 D Robocol : no packet received: NullPointerException
01-05 20:08:09.628  8006  8689 D Robocol : no packet received: NullPointerException
01-05 20:08:09.628  8006  8689 D Robocol : no packet received: NullPointerException
01-05 20:08:09.628  8006  8689 D Robocol : no packet received: NullPointerException
01-05 20:08:09.628  8006  8689 D Robocol : no packet received: NullPointerException
01-05 20:08:09.628  8006  8689 D Robocol : no packet received: NullPointerException
01-05 20:08:09.629  8006  8689 D Robocol : no packet received: NullPointerException
01-05 20:08:09.629  8006  8689 D Robocol : no packet received: NullPointerException
01-05 20:08:09.629  8006  8689 D Robocol : no packet received: NullPointerException
01-05 20:08:09.629  8006  8689 D Robocol : no packet received: NullPointerException
01-05 20:08:09.629  8006  8689 D Robocol : no packet received: NullPointerException
01-05 20:08:09.629  8006  8689 D Robocol : no packet received: NullPointerException
01-05 20:08:09.630  8006  8689 D Robocol : no packet received: NullPointerException
01-05 20:08:09.630  8006  8689 D Robocol : no packet received: NullPointerException
01-05 20:08:09.630  8006  8689 D Robocol : no packet received: NullPointerException
01-05 20:08:09.630  8006  8689 D Robocol : no packet received: NullPointerException
01-05 20:08:09.630  8006  8689 D Robocol : no packet received: NullPointerException
01-05 20:08:09.631  8006  8689 D Robocol : no packet received: NullPointerException
01-05 20:08:09.631  8006  8689 D Robocol : no packet received: NullPointerException
01-05 20:08:09.631  8006  8689 D Robocol : no packet received: NullPointerException
01-05 20:08:09.631  8006  8689 D Robocol : no packet received: NullPointerException
01-05 20:08:09.632  8006  8689 D Robocol : no packet received: NullPointerException
01-05 20:08:09.632  8006  8689 D Robocol : no packet received: NullPointerException
01-05 20:08:09.632  8006  8689 D Robocol : no packet received: NullPointerException
01-05 20:08:09.632  8006  8689 D Robocol : no packet received: NullPointerException
01-05 20:08:09.632  8006  8689 D Robocol : no packet received: NullPointerException
01-05 20:08:09.632  8006  8689 D Robocol : no packet received: NullPointerException
01-05 20:08:09.633  8006  8689 D Robocol : no packet received: NullPointerException
01-05 20:08:09.633  8006  8689 D Robocol : no packet received: NullPointerException
01-05 20:08:09.633  8006  8689 D Robocol : no packet received: NullPointerException
01-05 20:08:09.633  8006  8689 D Robocol : no packet received: NullPointerException
01-05 20:08:09.633  8006  8689 D Robocol : no packet received: NullPointerException
01-05 20:08:09.633  8006  8689 D Robocol : no packet received: NullPointerException
01-05 20:08:09.634  8006  8689 D Robocol : no packet received: NullPointerException
01-05 20:08:09.635  8006  8689 D Robocol : no packet received: NullPointerException
01-05 20:08:09.635  8006  8689 D Robocol : no packet received: NullPointerException
01-05 20:08:09.635  8006  8689 D Robocol : no packet received: NullPointerException
01-05 20:08:09.635  8006  8689 D Robocol : no packet received: NullPointerException
01-05 20:08:09.636  8006  8689 D Robocol : no packet received: NullPointerException
01-05 20:08:09.636  8006  8689 D Robocol : no packet received: NullPointerException
01-05 20:08:09.636  8006  8689 D Robocol : no packet received: NullPointerException
01-05 20:08:09.636  8006  8689 D Robocol : no packet received: NullPointerException
01-05 20:08:09.636  8006  8689 D Robocol : no packet received: NullPointerException
01-05 20:08:09.636  8006  8689 D Robocol : no packet received: NullPointerException
01-05 20:08:09.637  8006  8689 D Robocol : no packet received: NullPointerException
01-05 20:08:09.637  8006  8689 D Robocol : no packet received: NullPointerException
01-05 20:08:09.637  8006  8689 D Robocol : no packet received: NullPointerException
01-05 20:08:09.638  8006  8689 D Robocol : no packet received: NullPointerException
01-05 20:08:09.638  8006  8689 D Robocol : no packet received: NullPointerException
01-05 20:08:09.638  8006  8689 D Robocol : no packet received: NullPointerException
01-05 20:08:09.639  8006  8689 D Robocol : no packet received: NullPointerException
01-05 20:08:09.639  8006  8689 D Robocol : no packet received: NullPointerException
01-05 20:08:09.639  8006  8689 D Robocol : no packet received: NullPointerException
01-05 20:08:09.639  8006  8689 D Robocol : no packet received: NullPointerException
01-05 20:08:09.640  8006  8689 D Robocol : no packet received: NullPointerException
01-05 20:08:09.640  8006  8689 D Robocol : no packet received: NullPointerException
01-05 20:08:09.640  8006  8689 D Robocol : no packet received: NullPointerException
01-05 20:08:09.641  8006  8689 D Robocol : no packet received: NullPointerException
01-05 20:08:09.641  8006  8689 D Robocol : no packet received: NullPointerException
01-05 20:08:09.641  8006  8689 D Robocol : no packet received: NullPointerException
01-05 20:08:09.642  8006  8689 D Robocol : no packet received: NullPointerException
01-05 20:08:09.642  8006  8689 D Robocol : no packet received: NullPointerException
01-05 20:08:09.642  8006  8689 D Robocol : no packet received: NullPointerException
01-05 20:08:09.642  8006  8689 D Robocol : no packet received: NullPointerException
01-05 20:08:09.642  8006  8689 D Robocol : no packet received: NullPointerException
01-05 20:08:09.643  8006  8689 D Robocol : no packet received: NullPointerException
01-05 20:08:09.643  8006  8689 D Robocol : no packet received: NullPointerException
01-05 20:08:09.643  8006  8689 D Robocol : no packet received: NullPointerException
01-05 20:08:09.644  8006  8689 D Robocol : no packet received: NullPointerException
01-05 20:08:09.645  8006  8689 D Robocol : no packet received: NullPointerException
01-05 20:08:09.645  8006  8708 D ProcessRequestThread::: Device has been closed.
01-05 20:08:09.645  8006  8689 D Robocol : no packet received: NullPointerException
01-05 20:08:09.645  8006  8708 W System.err: java.lang.InterruptedException
01-05 20:08:09.646  8006  8708 W System.err: 	at java.util.concurrent.locks.AbstractQueuedSynchronizer.doAcquireSharedInterruptibly(AbstractQueuedSynchronizer.java:972)
01-05 20:08:09.646  8006  8689 D Robocol : no packet received: NullPointerException
01-05 20:08:09.646  8006  8708 W System.err: 	at java.util.concurrent.locks.AbstractQueuedSynchronizer.acquireSharedInterruptibly(AbstractQueuedSynchronizer.java:1278)
01-05 20:08:09.646  8006  8708 W System.err: 	at java.util.concurrent.Semaphore.acquire(Semaphore.java:284)
01-05 20:08:09.646  8006  8708 W System.err: 	at com.ftdi.j2xx.ProcessInCtrl.acquireReadableBuffer(FT_Device.java:2294)
01-05 20:08:09.646  8006  8708 W System.err: 	at com.ftdi.j2xx.ProcessRequestWorker.run(FT_Device.java:2764)
01-05 20:08:09.646  8006  8708 W System.err: 	at java.lang.Thread.run(Thread.java:818)
01-05 20:08:09.646  8006  8689 D Robocol : no packet received: NullPointerException
01-05 20:08:09.646  8006  8689 D Robocol : no packet received: NullPointerException
01-05 20:08:09.647  8006  8709 D UsbDeviceConnectionJNI: close
01-05 20:08:09.647  8006  8689 D Robocol : no packet received: NullPointerException
01-05 20:08:09.647  8006  8689 D Robocol : no packet received: NullPointerException
01-05 20:08:09.647  8006  8707 W System.err: java.nio.channels.AsynchronousCloseException
01-05 20:08:09.648  8006  8709 V RobotCore: thread: ...terminating 'r/w loop: Modern Robotics USB DC Motor Controller [AL00VSAM]'
01-05 20:08:09.648  8006  8707 W System.err: 	at java.nio.channels.spi.AbstractInterruptibleChannel.end(AbstractInterruptibleChannel.java:116)
01-05 20:08:09.648  8006  8689 D Robocol : no packet received: NullPointerException
01-05 20:08:09.648  8006  8707 W System.err: 	at java.nio.SocketChannelImpl.readImpl(SocketChannelImpl.java:345)
01-05 20:08:09.648  8006  8707 W System.err: 	at java.nio.SocketChannelImpl.read(SocketChannelImpl.java:304)
01-05 20:08:09.648  8006  8707 W System.err: 	at java.nio.PipeImpl$PipeSourceChannel.read(PipeImpl.java:79)
01-05 20:08:09.648  8006  8689 D Robocol : no packet received: NullPointerException
01-05 20:08:09.648  8006  8707 W System.err: 	at com.ftdi.j2xx.ProcessInCtrl.purgeINData(FT_Device.java:2592)
01-05 20:08:09.648  8006  8707 W System.err: 	at com.ftdi.j2xx.BulkInWorker.run(FT_Device.java:2880)
01-05 20:08:09.648  8006  8707 W System.err: 	at java.lang.Thread.run(Thread.java:818)
01-05 20:08:09.648  8006  8717 V RobotCore: executive service ReadWriteRunnable for Modern Robotics USB Device is terminated
01-05 20:08:09.648  8006  8707 D BulkIn::: Stop BulkIn thread
01-05 20:08:09.648  8006  8717 D RobotCore: ...disarming modern motor controller Modern Robotics USB DC Motor Controller [AL00VSAM] complete
01-05 20:08:09.648  8006  8707 W System.err: java.lang.NullPointerException: Null reference used for synchronization (monitor-enter)
01-05 20:08:09.649  8006  8707 W System.err: 	at com.ftdi.j2xx.ProcessInCtrl.resetBufCount(FT_Device.java:2562)
01-05 20:08:09.649  8006  8707 W System.err: 	at com.ftdi.j2xx.ProcessInCtrl.purgeINData(FT_Device.java:2599)
01-05 20:08:09.649  8006  8707 W System.err: 	at com.ftdi.j2xx.BulkInWorker.run(FT_Device.java:2880)
01-05 20:08:09.649  8006  8707 W System.err: 	at java.lang.Thread.run(Thread.java:818)
01-05 20:08:09.650  8006  8717 D RobotCore: disarming modern servo controller "Modern Robotics USB Servo Controller [AL00XLTB]"...
01-05 20:08:09.650  8006  8689 D Robocol : no packet received: NullPointerException
01-05 20:08:09.651  8006  8689 D Robocol : no packet received: NullPointerException
01-05 20:08:09.652  8006  8689 D Robocol : no packet received: NullPointerException
01-05 20:08:09.652  8006  8689 D Robocol : no packet received: NullPointerException
01-05 20:08:09.652  8006  8702 D ProcessRequestThread::: Device has been closed.
01-05 20:08:09.652  8006  8702 W System.err: java.lang.InterruptedException
01-05 20:08:09.652  8006  8689 D Robocol : no packet received: NullPointerException
01-05 20:08:09.652  8006  8702 W System.err: 	at java.util.concurrent.locks.AbstractQueuedSynchronizer.doAcquireSharedInterruptibly(AbstractQueuedSynchronizer.java:972)
01-05 20:08:09.652  8006  8702 W System.err: 	at java.util.concurrent.locks.AbstractQueuedSynchronizer.acquireSharedInterruptibly(AbstractQueuedSynchronizer.java:1278)
01-05 20:08:09.652  8006  8702 W System.err: 	at java.util.concurrent.Semaphore.acquire(Semaphore.java:284)
01-05 20:08:09.652  8006  8702 W System.err: 	at com.ftdi.j2xx.ProcessInCtrl.acquireReadableBuffer(FT_Device.java:2294)
01-05 20:08:09.652  8006  8702 W System.err: 	at com.ftdi.j2xx.ProcessRequestWorker.run(FT_Device.java:2764)
01-05 20:08:09.652  8006  8689 D Robocol : no packet received: NullPointerException
01-05 20:08:09.652  8006  8702 W System.err: 	at java.lang.Thread.run(Thread.java:818)
01-05 20:08:09.652  8006  8689 D Robocol : no packet received: NullPointerException
01-05 20:08:09.653  8006  8689 D Robocol : no packet received: NullPointerException
01-05 20:08:09.653  8006  8689 D Robocol : no packet received: NullPointerException
01-05 20:08:09.653  8006  8689 D Robocol : no packet received: NullPointerException
01-05 20:08:09.653  8006  8703 D UsbDeviceConnectionJNI: close
01-05 20:08:09.653  8006  8689 D Robocol : no packet received: NullPointerException
01-05 20:08:09.653  8006  8689 D Robocol : no packet received: NullPointerException
01-05 20:08:09.653  8006  8703 V RobotCore: thread: ...terminating 'r/w loop: Modern Robotics USB Servo Controller [AL00XLTB]'
01-05 20:08:09.653  8006  8689 D Robocol : no packet received: NullPointerException
01-05 20:08:09.654  8006  8689 D Robocol : no packet received: NullPointerException
01-05 20:08:09.654  8006  8689 D Robocol : no packet received: NullPointerException
01-05 20:08:09.654  8006  8689 D Robocol : no packet received: NullPointerException
01-05 20:08:09.654  8006  8689 D Robocol : no packet received: NullPointerException
01-05 20:08:09.654  8006  8717 V RobotCore: executive service ReadWriteRunnable for Modern Robotics USB Device is terminated
01-05 20:08:09.654  8006  8717 D RobotCore: ...disarming modern servo controller Modern Robotics USB Servo Controller [AL00XLTB] complete
01-05 20:08:09.655  8006  8689 D Robocol : no packet received: NullPointerException
01-05 20:08:09.655  8006  8689 D Robocol : no packet received: NullPointerException
01-05 20:08:09.655  8006  8701 D BulkIn::: Stop BulkIn thread
01-05 20:08:09.655  8006  8689 D Robocol : no packet received: NullPointerException
01-05 20:08:09.655  8006  8701 W System.err: java.lang.NullPointerException: Attempt to invoke virtual method 'int com.ftdi.j2xx.D2xxManager$DriverParameters.getBufferNumber()' on a null object reference
01-05 20:08:09.655  8006  8701 W System.err: 	at com.ftdi.j2xx.ProcessInCtrl.releaseWritableBuffers(FT_Device.java:2672)
01-05 20:08:09.655  8006  8701 W System.err: 	at com.ftdi.j2xx.BulkInWorker.run(FT_Device.java:2879)
01-05 20:08:09.655  8006  8689 D Robocol : no packet received: NullPointerException
01-05 20:08:09.655  8006  8701 W System.err: 	at java.lang.Thread.run(Thread.java:818)
01-05 20:08:09.656  8006  8689 D Robocol : no packet received: NullPointerException
01-05 20:08:09.656  8006  8689 D Robocol : no packet received: NullPointerException
01-05 20:08:09.657  8006  8689 D Robocol : no packet received: NullPointerException
01-05 20:08:09.657  8006  8689 D Robocol : no packet received: NullPointerException
01-05 20:08:09.657  8006  8689 D Robocol : no packet received: NullPointerException
01-05 20:08:09.658  8006  8689 D Robocol : no packet received: NullPointerException
01-05 20:08:09.658  8006  8689 D Robocol : no packet received: NullPointerException
01-05 20:08:09.658  8006  8689 D Robocol : no packet received: NullPointerException
01-05 20:08:09.658  8006  8689 D Robocol : no packet received: NullPointerException
01-05 20:08:09.658  8006  8689 D Robocol : no packet received: NullPointerException
01-05 20:08:09.659  8006  8689 D Robocol : no packet received: NullPointerException
01-05 20:08:09.659  8006  8689 D Robocol : no packet received: NullPointerException
01-05 20:08:09.659  8006  8689 D Robocol : no packet received: NullPointerException
01-05 20:08:09.659  8006  8689 D Robocol : no packet received: NullPointerException
01-05 20:08:09.659  8006  8689 D Robocol : no packet received: NullPointerException
01-05 20:08:09.660  8006  8689 D Robocol : no packet received: NullPointerException
01-05 20:08:09.660  8006  8689 D Robocol : no packet received: NullPointerException
01-05 20:08:09.660  8006  8689 D Robocol : no packet received: NullPointerException
01-05 20:08:09.660  8006  8689 D Robocol : no packet received: NullPointerException
01-05 20:08:09.661  8006  8689 D Robocol : no packet received: NullPointerException
01-05 20:08:09.661  8006  8689 D Robocol : no packet received: NullPointerException
01-05 20:08:09.661  8006  8689 D Robocol : no packet received: NullPointerException
01-05 20:08:09.661  8006  8689 D Robocol : no packet received: NullPointerException
01-05 20:08:09.662  8006  8689 D Robocol : no packet received: NullPointerException
01-05 20:08:09.662  8006  8689 D Robocol : no packet received: NullPointerException
01-05 20:08:09.662  8006  8689 D Robocol : no packet received: NullPointerException
01-05 20:08:09.662  8006  8689 D Robocol : no packet received: NullPointerException
01-05 20:08:09.662  8006  8689 D Robocol : no packet received: NullPointerException
01-05 20:08:09.663  8006  8689 D Robocol : no packet received: NullPointerException
01-05 20:08:09.663  8006  8689 D Robocol : no packet received: NullPointerException
01-05 20:08:09.663  8006  8689 D Robocol : no packet received: NullPointerException
01-05 20:08:09.663  8006  8689 D Robocol : no packet received: NullPointerException
01-05 20:08:09.664  8006  8689 D Robocol : no packet received: NullPointerException
01-05 20:08:09.664  8006  8689 D Robocol : no packet received: NullPointerException
01-05 20:08:09.664  8006  8689 D Robocol : no packet received: NullPointerException
01-05 20:08:09.664  8006  8689 D Robocol : no packet received: NullPointerException
01-05 20:08:09.665  8006  8689 D Robocol : no packet received: NullPointerException
01-05 20:08:09.665  8006  8689 D Robocol : no packet received: NullPointerException
01-05 20:08:09.665  8006  8689 D Robocol : no packet received: NullPointerException
01-05 20:08:09.665  8006  8689 D Robocol : no packet received: NullPointerException
01-05 20:08:09.666  8006  8689 D Robocol : no packet received: NullPointerException
01-05 20:08:09.666  8006  8687 D ProcessRequestThread::: Device has been closed.
01-05 20:08:09.666  8006  8687 W System.err: java.lang.InterruptedException
01-05 20:08:09.666  8006  8689 D Robocol : no packet received: NullPointerException
01-05 20:08:09.666  8006  8687 W System.err: 	at java.util.concurrent.locks.AbstractQueuedSynchronizer.doAcquireSharedInterruptibly(AbstractQueuedSynchronizer.java:972)
01-05 20:08:09.666  8006  8687 W System.err: 	at java.util.concurrent.locks.AbstractQueuedSynchronizer.acquireSharedInterruptibly(AbstractQueuedSynchronizer.java:1278)
01-05 20:08:09.666  8006  8687 W System.err: 	at java.util.concurrent.Semaphore.acquire(Semaphore.java:284)
01-05 20:08:09.666  8006  8687 W System.err: 	at com.ftdi.j2xx.ProcessInCtrl.acquireReadableBuffer(FT_Device.java:2294)
01-05 20:08:09.666  8006  8687 W System.err: 	at com.ftdi.j2xx.ProcessRequestWorker.run(FT_Device.java:2764)
01-05 20:08:09.666  8006  8687 W System.err: 	at java.lang.Thread.run(Thread.java:818)
01-05 20:08:09.666  8006  8689 D Robocol : no packet received: NullPointerException
01-05 20:08:09.666  8006  8689 D Robocol : no packet received: NullPointerException
01-05 20:08:09.667  8006  8689 D Robocol : no packet received: NullPointerException
01-05 20:08:09.667  8006  8689 D Robocol : no packet received: NullPointerException
01-05 20:08:09.667  8006  8689 D Robocol : no packet received: NullPointerException
01-05 20:08:09.667  8006  8697 D UsbDeviceConnectionJNI: close
01-05 20:08:09.667  8006  8689 D Robocol : no packet received: NullPointerException
01-05 20:08:09.667  8006  8697 V RobotCore:i2cSynch(USB AL00XKYB; port 2): onPortIsReadyCallbacksEnd ...
01-05 20:08:09.667  8006  8697 V RobotCore:i2cSynch(USB AL00XKYB; port 2): unhooking ...
01-05 20:08:09.667  8006  8686 W System.err: java.lang.NullPointerException: Attempt to invoke virtual method 'java.nio.Buffer java.nio.ByteBuffer.clear()' on a null object reference
01-05 20:08:09.667  8006  8689 D Robocol : no packet received: NullPointerException
01-05 20:08:09.667  8006  8697 V RobotCore: executive service I2c Heartbeat is terminated
01-05 20:08:09.667  8006  8697 V RobotCore:i2cSynch(USB AL00XKYB; port 2): ...unhooking complete
01-05 20:08:09.667  8006  8697 V RobotCore:i2cSynch(USB AL00XKYB; port 2): ... onPortIsReadyCallbacksEnd complete
01-05 20:08:09.667  8006  8686 W System.err: 	at com.ftdi.j2xx.ProcessInCtrl.purgeINData(FT_Device.java:2593)
01-05 20:08:09.667  8006  8697 V RobotCore: thread: ...terminating 'r/w loop: Modern Robotics USB Core Device Interface Module [AL00XKYB]'
01-05 20:08:09.667  8006  8686 W System.err: 	at com.ftdi.j2xx.BulkInWorker.run(FT_Device.java:2880)
01-05 20:08:09.667  8006  8686 W System.err: 	at java.lang.Thread.run(Thread.java:818)
01-05 20:08:09.667  8006  8689 D Robocol : no packet received: NullPointerException
01-05 20:08:09.667  8006  8686 D BulkIn::: Stop BulkIn thread
01-05 20:08:09.668  8006  8686 W System.err: java.lang.NullPointerException: Null reference used for synchronization (monitor-enter)
01-05 20:08:09.668  8006  8686 W System.err: 	at com.ftdi.j2xx.ProcessInCtrl.resetBufCount(FT_Device.java:2562)
01-05 20:08:09.668  8006  8686 W System.err: 	at com.ftdi.j2xx.ProcessInCtrl.purgeINData(FT_Device.java:2599)
01-05 20:08:09.668  8006  8686 W System.err: 	at com.ftdi.j2xx.BulkInWorker.run(FT_Device.java:2880)
01-05 20:08:09.668  8006  8686 W System.err: 	at java.lang.Thread.run(Thread.java:818)
01-05 20:08:09.668  8006  8717 V RobotCore: executive service ReadWriteRunnable for Modern Robotics USB Device is terminated
01-05 20:08:09.668  8006  8689 D Robocol : no packet received: NullPointerException
01-05 20:08:09.668  8006  8689 D Robocol : no packet received: NullPointerException
01-05 20:08:09.668  8006  8689 D Robocol : no packet received: NullPointerException
01-05 20:08:09.669  8006  8699 D ProcessRequestThread::: Device has been closed.
01-05 20:08:09.669  8006  8699 W System.err: java.lang.InterruptedException
01-05 20:08:09.669  8006  8699 W System.err: 	at java.util.concurrent.locks.AbstractQueuedSynchronizer.doAcquireSharedInterruptibly(AbstractQueuedSynchronizer.java:972)
01-05 20:08:09.669  8006  8699 W System.err: 	at java.util.concurrent.locks.AbstractQueuedSynchronizer.acquireSharedInterruptibly(AbstractQueuedSynchronizer.java:1278)
01-05 20:08:09.669  8006  8699 W System.err: 	at java.util.concurrent.Semaphore.acquire(Semaphore.java:284)
01-05 20:08:09.669  8006  8699 W System.err: 	at com.ftdi.j2xx.ProcessInCtrl.acquireReadableBuffer(FT_Device.java:2294)
01-05 20:08:09.669  8006  8699 W System.err: 	at com.ftdi.j2xx.ProcessRequestWorker.run(FT_Device.java:2764)
01-05 20:08:09.669  8006  8699 W System.err: 	at java.lang.Thread.run(Thread.java:818)
01-05 20:08:09.669  8006  8700 D UsbDeviceConnectionJNI: close
01-05 20:08:09.670  8006  8700 V RobotCore: thread: ...terminating 'r/w loop: Modern Robotics USB Core Device Interface Module [AL00VBY8]'
01-05 20:08:09.670  8006  8717 V RobotCore: waiting for service ReadWriteRunnable for Modern Robotics USB Device
01-05 20:08:09.670  8006  8717 V RobotCore: awaitTermination returned, isTerminated=true
01-05 20:08:09.670  8006  8717 V RobotCore: executive service ReadWriteRunnable for Modern Robotics USB Device is terminated
01-05 20:08:09.670  8006  8717 I FIRST   : ======= TEARDOWN COMPLETE =======
01-05 20:08:09.670  8006  8717 V RobotCore: thread: ...terminating 'opmode loop()'
01-05 20:08:09.670  8006  8006 V RobotCore: awaitTermination returned, isTerminated=true
01-05 20:08:09.670  8006  8006 V RobotCore: executive service EventLoop is terminated
01-05 20:08:09.670  8006  8006 V RobotCore: EventLoopManager state is STOPPED
01-05 20:08:09.670  8006  8698 D BulkIn::: Stop BulkIn thread
01-05 20:08:09.670  8006  8006 V RobotCore: Robot Status: stopped
01-05 20:08:09.670  8006  8689 D Robocol : no packet received: NullPointerException
01-05 20:08:09.670  8006  8698 W System.err: java.lang.NullPointerException: Attempt to invoke virtual method 'int com.ftdi.j2xx.D2xxManager$DriverParameters.getBufferNumber()' on a null object reference
01-05 20:08:09.670  8006  8698 W System.err: 	at com.ftdi.j2xx.ProcessInCtrl.releaseWritableBuffers(FT_Device.java:2672)
01-05 20:08:09.670  8006  8698 W System.err: 	at com.ftdi.j2xx.BulkInWorker.run(FT_Device.java:2879)
01-05 20:08:09.670  8006  8689 D Robocol : no packet received: NullPointerException
01-05 20:08:09.670  8006  8698 W System.err: 	at java.lang.Thread.run(Thread.java:818)
01-05 20:08:09.671  8006  8689 D Robocol : no packet received: NullPointerException
01-05 20:08:09.671  8006  8689 D Robocol : no packet received: NullPointerException
01-05 20:08:09.671  8006  8689 D Robocol : no packet received: NullPointerException
01-05 20:08:09.671  8006  8689 D Robocol : no packet received: NullPointerException
01-05 20:08:09.671  8006  8689 D Robocol : no packet received: NullPointerException
01-05 20:08:09.672  8006  8689 D Robocol : no packet received: NullPointerException
01-05 20:08:09.672  8006  8006 V RCActivity: onDestroy()
01-05 20:08:09.672  8006  8689 D Robocol : no packet received: NullPointerException
01-05 20:08:09.672  8006  8689 D Robocol : no packet received: NullPointerException
01-05 20:08:09.672  8006  8689 D Robocol : no packet received: NullPointerException
01-05 20:08:09.673  8006  8689 D Robocol : no packet received: NullPointerException
01-05 20:08:09.673  8006  8689 D Robocol : no packet received: NullPointerException
01-05 20:08:09.673  8006  8689 D Robocol : no packet received: NullPointerException
01-05 20:08:09.673  8006  8689 D Robocol : no packet received: NullPointerException
01-05 20:08:09.674  8006  8689 D Robocol : no packet received: NullPointerException
01-05 20:08:09.674  8006  8689 D Robocol : no packet received: NullPointerException
01-05 20:08:09.674  8006  8689 D Robocol : no packet received: NullPointerException
01-05 20:08:09.674  8006  8689 D Robocol : no packet received: NullPointerException
01-05 20:08:09.674  8006  8689 D Robocol : no packet received: NullPointerException
01-05 20:08:09.675  8006  8689 D Robocol : no packet received: NullPointerException
01-05 20:08:09.675  8006  8689 D Robocol : no packet received: NullPointerException
01-05 20:08:09.675  8006  8689 D Robocol : no packet received: NullPointerException
01-05 20:08:09.675  8006  8689 D Robocol : no packet received: NullPointerException
01-05 20:08:09.675  8006  8689 D Robocol : no packet received: NullPointerException
01-05 20:08:09.675  8006  8689 D Robocol : no packet received: NullPointerException
01-05 20:08:09.675  8006  8689 D Robocol : no packet received: NullPointerException
01-05 20:08:09.676  8006  8689 D Robocol : no packet received: NullPointerException
01-05 20:08:09.676  8006  8689 D Robocol : no packet received: NullPointerException
01-05 20:08:09.676  8006  8689 D Robocol : no packet received: NullPointerException
01-05 20:08:09.676  8006  8689 D Robocol : no packet received: NullPointerException
01-05 20:08:09.676  8006  8689 D Robocol : no packet received: NullPointerException
01-05 20:08:09.677  8006  8689 D Robocol : no packet received: NullPointerException
01-05 20:08:09.677  8006  8689 D Robocol : no packet received: NullPointerException
01-05 20:08:09.677  8006  8689 D Robocol : no packet received: NullPointerException
01-05 20:08:09.677  8006  8689 D Robocol : no packet received: NullPointerException
01-05 20:08:09.678  8006  8689 D Robocol : no packet received: NullPointerException
01-05 20:08:09.678  8006  8689 D Robocol : no packet received: NullPointerException
01-05 20:08:09.678  8006  8689 D Robocol : no packet received: NullPointerException
01-05 20:08:09.678  8006  8689 D Robocol : no packet received: NullPointerException
01-05 20:08:09.678  8006  8689 D Robocol : no packet received: NullPointerException
01-05 20:08:09.679  8006  8689 D Robocol : no packet received: NullPointerException
01-05 20:08:09.679  8006  8689 D Robocol : no packet received: NullPointerException
01-05 20:08:09.679  8006  8689 D Robocol : no packet received: NullPointerException
01-05 20:08:09.679  8006  8689 D Robocol : no packet received: NullPointerException
01-05 20:08:09.679  8006  8689 D Robocol : no packet received: NullPointerException
01-05 20:08:09.680  8006  8689 D Robocol : no packet received: NullPointerException
01-05 20:08:09.680  8006  8689 D Robocol : no packet received: NullPointerException
01-05 20:08:09.680  8006  8689 D Robocol : no packet received: NullPointerException
01-05 20:08:09.680  8006  8689 D Robocol : no packet received: NullPointerException
01-05 20:08:09.680  8006  8689 D Robocol : no packet received: NullPointerException
01-05 20:08:09.680  8006  8689 D Robocol : no packet received: NullPointerException
01-05 20:08:09.680  8006  8689 D Robocol : no packet received: NullPointerException
01-05 20:08:09.681  8006  8689 D Robocol : no packet received: NullPointerException
01-05 20:08:09.681  8006  8689 D Robocol : no packet received: NullPointerException
01-05 20:08:09.681  8006  8689 D Robocol : no packet received: NullPointerException
01-05 20:08:09.681  8006  8689 D Robocol : no packet received: NullPointerException
01-05 20:08:09.681  8006  8689 D Robocol : no packet received: NullPointerException
01-05 20:08:09.681  8006  8689 D Robocol : no packet received: NullPointerException
01-05 20:08:09.681  8006  8689 D Robocol : no packet received: NullPointerException
01-05 20:08:09.682  8006  8689 D Robocol : no packet received: NullPointerException
01-05 20:08:09.682  8006  8689 D Robocol : no packet received: NullPointerException
01-05 20:08:09.682  8006  8689 D Robocol : no packet received: NullPointerException
01-05 20:08:09.683  8006  8689 D Robocol : no packet received: NullPointerException
01-05 20:08:09.683  8006  8689 D Robocol : no packet received: NullPointerException
01-05 20:08:09.683  8006  8689 D Robocol : no packet received: NullPointerException
01-05 20:08:09.683  8006  8689 D Robocol : no packet received: NullPointerException
01-05 20:08:09.683  8006  8689 D Robocol : no packet received: NullPointerException
01-05 20:08:09.683  8006  8689 D Robocol : no packet received: NullPointerException
01-05 20:08:09.683  8006  8689 D Robocol : no packet received: NullPointerException
01-05 20:08:09.683  8006  8689 D Robocol : no packet received: NullPointerException
01-05 20:08:09.684  8006  8689 D Robocol : no packet received: NullPointerException
01-05 20:08:09.684  8006  8689 D Robocol : no packet received: NullPointerException
01-05 20:08:09.684  8006  8689 D Robocol : no packet received: NullPointerException
01-05 20:08:09.684  8006  8689 D Robocol : no packet received: NullPointerException
01-05 20:08:09.684  8006  8689 D Robocol : no packet received: NullPointerException
01-05 20:08:09.684  8006  8689 D Robocol : no packet received: NullPointerException
01-05 20:08:09.685  8006  8689 D Robocol : no packet received: NullPointerException
01-05 20:08:09.685  8006  8689 D Robocol : no packet received: NullPointerException
01-05 20:08:09.685  8006  8689 D Robocol : no packet received: NullPointerException
01-05 20:08:09.685  8006  8689 D Robocol : no packet received: NullPointerException
01-05 20:08:09.686  8006  8689 D Robocol : no packet received: NullPointerException
01-05 20:08:09.686  8006  8689 D Robocol : no packet received: NullPointerException
01-05 20:08:09.686  8006  8689 D Robocol : no packet received: NullPointerException
01-05 20:08:09.686  8006  8689 D Robocol : no packet received: NullPointerException
01-05 20:08:09.686  8006  8689 D Robocol : no packet received: NullPointerException
01-05 20:08:09.687  8006  8689 D Robocol : no packet received: NullPointerException
01-05 20:08:09.687  8006  8689 D Robocol : no packet received: NullPointerException
01-05 20:08:09.687  8006  8689 D Robocol : no packet received: NullPointerException
01-05 20:08:09.687  8006  8689 D Robocol : no packet received: NullPointerException
01-05 20:08:09.687  8006  8689 D Robocol : no packet received: NullPointerException
01-05 20:08:09.688  8006  8689 D Robocol : no packet received: NullPointerException
01-05 20:08:09.688  8006  8689 D Robocol : no packet received: NullPointerException
01-05 20:08:09.688  8006  8689 D Robocol : no packet received: NullPointerException
01-05 20:08:09.688  8006  8689 D Robocol : no packet received: NullPointerException
01-05 20:08:09.689  8006  8689 D Robocol : no packet received: NullPointerException
01-05 20:08:09.689  8006  8689 D Robocol : no packet received: NullPointerException
01-05 20:08:09.689  8006  8689 D Robocol : no packet received: NullPointerException
01-05 20:08:09.689  8006  8689 D Robocol : no packet received: NullPointerException
01-05 20:08:09.689  8006  8689 D Robocol : no packet received: NullPointerException
01-05 20:08:09.690  8006  8689 D Robocol : no packet received: NullPointerException
01-05 20:08:09.690  8006  8689 D Robocol : no packet received: NullPointerException
01-05 20:08:09.690  8006  8689 D Robocol : no packet received: NullPointerException
01-05 20:08:09.690  8006  8689 D Robocol : no packet received: NullPointerException
01-05 20:08:09.690  8006  8689 D Robocol : no packet received: NullPointerException
01-05 20:08:09.690  8006  8689 D Robocol : no packet received: NullPointerException
01-05 20:08:09.691  8006  8689 D Robocol : no packet received: NullPointerException
01-05 20:08:09.691  8006  8689 D Robocol : no packet received: NullPointerException
01-05 20:08:09.691  8006  8689 D Robocol : no packet received: NullPointerException
01-05 20:08:09.691  8006  8689 D Robocol : no packet received: NullPointerException
01-05 20:08:09.691  8006  8689 D Robocol : no packet received: NullPointerException
01-05 20:08:09.691  8006  8689 D Robocol : no packet received: NullPointerException
01-05 20:08:09.691  8006  8689 D Robocol : no packet received: NullPointerException
01-05 20:08:09.692  8006  8689 D Robocol : no packet received: NullPointerException
01-05 20:08:09.692  8006  8689 D Robocol : no packet received: NullPointerException
01-05 20:08:09.692  8006  8689 D Robocol : no packet received: NullPointerException
01-05 20:08:09.692  8006  8689 D Robocol : no packet received: NullPointerException
01-05 20:08:09.692  8006  8689 D Robocol : no packet received: NullPointerException
01-05 20:08:09.692  8006  8689 D Robocol : no packet received: NullPointerException
01-05 20:08:09.693  8006  8689 D Robocol : no packet received: NullPointerException
01-05 20:08:09.693  8006  8689 D Robocol : no packet received: NullPointerException
01-05 20:08:09.693  8006  8689 D Robocol : no packet received: NullPointerException
01-05 20:08:09.693  8006  8689 D Robocol : no packet received: NullPointerException
01-05 20:08:09.693  8006  8689 D Robocol : no packet received: NullPointerException
01-05 20:08:09.694  8006  8689 D Robocol : no packet received: NullPointerException
01-05 20:08:09.694  8006  8689 D Robocol : no packet received: NullPointerException
01-05 20:08:09.694  8006  8689 D Robocol : no packet received: NullPointerException
01-05 20:08:09.694  8006  8689 D Robocol : no packet received: NullPointerException
01-05 20:08:09.695  8006  8689 D Robocol : no packet received: NullPointerException
01-05 20:08:09.695  8006  8689 D Robocol : no packet received: NullPointerException
01-05 20:08:09.695  8006  8689 D Robocol : no packet received: NullPointerException
01-05 20:08:09.695  8006  8689 D Robocol : no packet received: NullPointerException
01-05 20:08:09.696  8006  8689 D Robocol : no packet received: NullPointerException
01-05 20:08:09.696  8006  8689 D Robocol : no packet received: NullPointerException
01-05 20:08:09.696  8006  8689 D Robocol : no packet received: NullPointerException
01-05 20:08:09.696  8006  8689 D Robocol : no packet received: NullPointerException
01-05 20:08:09.696  8006  8689 D Robocol : no packet received: NullPointerException
01-05 20:08:09.696  8006  8689 D Robocol : no packet received: NullPointerException
01-05 20:08:09.697  8006  8689 D Robocol : no packet received: NullPointerException
01-05 20:08:09.697  8006  8689 D Robocol : no packet received: NullPointerException
01-05 20:08:09.697  8006  8689 D Robocol : no packet received: NullPointerException
01-05 20:08:09.697  8006  8689 D Robocol : no packet received: NullPointerException
01-05 20:08:09.697  8006  8689 D Robocol : no packet received: NullPointerException
01-05 20:08:09.697  8006  8689 D Robocol : no packet received: NullPointerException
01-05 20:08:09.698  8006  8689 D Robocol : no packet received: NullPointerException
01-05 20:08:09.698  8006  8689 D Robocol : no packet received: NullPointerException
01-05 20:08:09.698  8006  8689 D Robocol : no packet received: NullPointerException
01-05 20:08:09.698  8006  8689 D Robocol : no packet received: NullPointerException
01-05 20:08:09.698  8006  8689 D Robocol : no packet received: NullPointerException
01-05 20:08:09.698  8006  8689 D Robocol : no packet received: NullPointerException
01-05 20:08:09.698  8006  8689 D Robocol : no packet received: NullPointerException
01-05 20:08:09.699  8006  8689 D Robocol : no packet received: NullPointerException
01-05 20:08:09.699  8006  8689 D Robocol : no packet received: NullPointerException
01-05 20:08:09.699  8006  8689 D Robocol : no packet received: NullPointerException
01-05 20:08:09.699  8006  8689 D Robocol : no packet received: NullPointerException
01-05 20:08:09.699  8006  8689 D Robocol : no packet received: NullPointerException
01-05 20:08:09.699  8006  8689 D Robocol : no packet received: NullPointerException
01-05 20:08:09.700  8006  8689 D Robocol : no packet received: NullPointerException
01-05 20:08:09.700  8006  8689 D Robocol : no packet received: NullPointerException
01-05 20:08:09.700  8006  8689 D Robocol : no packet received: NullPointerException
01-05 20:08:09.700  8006  8689 D Robocol : no packet received: NullPointerException
01-05 20:08:09.700  8006  8689 D Robocol : no packet received: NullPointerException
01-05 20:08:09.700  8006  8689 D Robocol : no packet received: NullPointerException
01-05 20:08:09.700  8006  8689 D Robocol : no packet received: NullPointerException
01-05 20:08:09.700  8006  8689 D Robocol : no packet received: NullPointerException
01-05 20:08:09.701  8006  8689 D Robocol : no packet received: NullPointerException
01-05 20:08:09.701  8006  8689 D Robocol : no packet received: NullPointerException
01-05 20:08:09.701  8006  8689 D Robocol : no packet received: NullPointerException
01-05 20:08:09.701  8006  8689 D Robocol : no packet received: NullPointerException
01-05 20:08:09.701  8006  8689 D Robocol : no packet received: NullPointerException
01-05 20:08:09.702  8006  8689 D Robocol : no packet received: NullPointerException
01-05 20:08:09.702  8006  8689 D Robocol : no packet received: NullPointerException
01-05 20:08:09.702  8006  8689 D Robocol : no packet received: NullPointerException
01-05 20:08:09.702  8006  8689 D Robocol : no packet received: NullPointerException
01-05 20:08:09.702  8006  8689 D Robocol : no packet received: NullPointerException
01-05 20:08:09.703  8006  8689 D Robocol : no packet received: NullPointerException
01-05 20:08:09.703  8006  8689 D Robocol : no packet received: NullPointerException
01-05 20:08:09.703  8006  8689 D Robocol : no packet received: NullPointerException
01-05 20:08:09.703  8006  8689 D Robocol : no packet received: NullPointerException
01-05 20:08:09.704  8006  8689 D Robocol : no packet received: NullPointerException
01-05 20:08:09.704  8006  8689 D Robocol : no packet received: NullPointerException
01-05 20:08:09.704  8006  8689 D Robocol : no packet received: NullPointerException
01-05 20:08:09.704  8006  8689 D Robocol : no packet received: NullPointerException
01-05 20:08:09.704  8006  8689 D Robocol : no packet received: NullPointerException
01-05 20:08:09.704  8006  8689 D Robocol : no packet received: NullPointerException
01-05 20:08:09.705  8006  8689 D Robocol : no packet received: NullPointerException
