01-05 20:08:09.462  8006  8711 W System.err: 	at java.util.concurrent.locks.AbstractQueuedSynchronizer.doAcquireSharedInterruptibly(AbstractQueuedSynchronizer.java:972)
01-05 20:08:09.462  8006  8711 W System.err: 	at java.util.concurrent.locks.AbstractQueuedSynchronizer.acquireSharedInterruptibly(AbstractQueuedSynchronizer.java:1278)
01-05 20:08:09.462  8006  8711 W System.err: 	at java.util.concurrent.Semaphore.acquire(Semaphore.java:284)
01-05 20:08:09.462  8006  8711 W System.err: 	at com.ftdi.j2xx.ProcessInCtrl.acquireReadableBuffer(FT_Device.java:2294)
01-05 20:08:09.462  8006  8689 D Robocol : no packet received: NullPointerException
01-05 20:08:09.462  8006  8711 W System.err: 	at com.ftdi.j2xx.ProcessRequestWorker.run(FT_Device.java:2764)
01-05 20:08:09.462  8006  8711 W System.err: 	at java.lang.Thread.run(Thread.java:818)
01-05 20:08:09.463  8006  8689 D Robocol : no packet received: NullPointerException
01-05 20:08:09.463  8006  8689 D Robocol : no packet received: NullPointerException
01-05 20:08:09.463  8006  8689 D Robocol : no packet received: NullPointerException
01-05 20:08:09.463  8006  8712 D UsbDeviceConnectionJNI: close
01-05 20:08:09.463  8006  8689 D Robocol : no packet received: NullPointerException
01-05 20:08:09.463  8006  8689 D Robocol : no packet received: NullPointerException
01-05 20:08:09.464  8006  8712 V RobotCore: thread: ...terminating 'r/w loop: Modern Robotics USB DC Motor Controller [AL00VS98]'
01-05 20:08:09.464  8006  8717 V RobotCore: executive service ReadWriteRunnable for Modern Robotics USB Device is terminated
01-05 20:08:09.464  8006  8689 D Robocol : no packet received: NullPointerException
01-05 20:08:09.464  8006  8717 D RobotCore: ...disarming modern motor controller Modern Robotics USB DC Motor Controller [AL00VS98] complete
01-05 20:08:09.464  8006  8710 D BulkIn::: Stop BulkIn thread
01-05 20:08:09.464  8006  8710 W System.err: java.lang.NullPointerException: Attempt to invoke virtual method 'int com.ftdi.j2xx.D2xxManager$DriverParameters.getBufferNumber()' on a null object reference
01-05 20:08:09.464  8006  8710 W System.err: 	at com.ftdi.j2xx.ProcessInCtrl.releaseWritableBuffers(FT_Device.java:2672)
01-05 20:08:09.464  8006  8710 W System.err: 	at com.ftdi.j2xx.BulkInWorker.run(FT_Device.java:2879)
01-05 20:08:09.464  8006  8710 W System.err: 	at java.lang.Thread.run(Thread.java:818)
01-05 20:08:09.464  8006  8689 D Robocol : no packet received: NullPointerException
01-05 20:08:09.464  8006  8717 D RobotCore: disarming modern motor controller Modern Robotics USB DC Motor Controller [AL00YCFW]...
01-05 20:08:09.464  8006  8689 D Robocol : no packet received: NullPointerException
01-05 20:08:09.464  8006  8689 D Robocol : no packet received: NullPointerException
01-05 20:08:09.465  8006  8689 D Robocol : no packet received: NullPointerException
01-05 20:08:09.466  8006  8689 D Robocol : no packet received: NullPointerException
01-05 20:08:09.466  8006  8689 D Robocol : no packet received: NullPointerException
01-05 20:08:09.466  8006  8689 D Robocol : no packet received: NullPointerException
01-05 20:08:09.467  8006  8689 D Robocol : no packet received: NullPointerException
01-05 20:08:09.467  8006  8689 D Robocol : no packet received: NullPointerException
01-05 20:08:09.468  8006  8689 D Robocol : no packet received: NullPointerException
01-05 20:08:09.468  8006  8689 D Robocol : no packet received: NullPointerException
01-05 20:08:09.468  8006  8689 D Robocol : no packet received: NullPointerException
01-05 20:08:09.468  8006  8689 D Robocol : no packet received: NullPointerException
01-05 20:08:09.468  8006  8689 D Robocol : no packet received: NullPointerException
01-05 20:08:09.469  8006  8689 D Robocol : no packet received: NullPointerException
01-05 20:08:09.469  8006  8689 D Robocol : no packet received: NullPointerException
01-05 20:08:09.469  8006  8689 D Robocol : no packet received: NullPointerException
01-05 20:08:09.469  8006  8689 D Robocol : no packet received: NullPointerException
01-05 20:08:09.470  8006  8689 D Robocol : no packet received: NullPointerException
01-05 20:08:09.470  8006  8689 D Robocol : no packet received: NullPointerException
01-05 20:08:09.472  8006  8689 D Robocol : no packet received: NullPointerException
01-05 20:08:09.472  8006  8689 D Robocol : no packet received: NullPointerException
01-05 20:08:09.472  8006  8689 D Robocol : no packet received: NullPointerException
01-05 20:08:09.472  8006  8689 D Robocol : no packet received: NullPointerException
01-05 20:08:09.472  8006  8689 D Robocol : no packet received: NullPointerException
01-05 20:08:09.473  8006  8689 D Robocol : no packet received: NullPointerException
01-05 20:08:09.473  8006  8689 D Robocol : no packet received: NullPointerException
01-05 20:08:09.473  8006  8689 D Robocol : no packet received: NullPointerException
01-05 20:08:09.473  8006  8689 D Robocol : no packet received: NullPointerException
01-05 20:08:09.473  8006  8689 D Robocol : no packet received: NullPointerException
01-05 20:08:09.473  8006  8689 D Robocol : no packet received: NullPointerException
01-05 20:08:09.473  8006  8689 D Robocol : no packet received: NullPointerException
01-05 20:08:09.474  8006  8689 D Robocol : no packet received: NullPointerException
01-05 20:08:09.474  8006  8689 D Robocol : no packet received: NullPointerException
01-05 20:08:09.474  8006  8689 D Robocol : no packet received: NullPointerException
01-05 20:08:09.474  8006  8689 D Robocol : no packet received: NullPointerException
01-05 20:08:09.474  8006  8689 D Robocol : no packet received: NullPointerException
01-05 20:08:09.474  8006  8689 D Robocol : no packet received: NullPointerException
01-05 20:08:09.475  8006  8689 D Robocol : no packet received: NullPointerException
01-05 20:08:09.475  8006  8689 D Robocol : no packet received: NullPointerException
01-05 20:08:09.475  8006  8689 D Robocol : no packet received: NullPointerException
01-05 20:08:09.475  8006  8689 D Robocol : no packet received: NullPointerException
01-05 20:08:09.475  8006  8689 D Robocol : no packet received: NullPointerException
01-05 20:08:09.475  8006  8689 D Robocol : no packet received: NullPointerException
01-05 20:08:09.476  8006  8689 D Robocol : no packet received: NullPointerException
01-05 20:08:09.476  8006  8689 D Robocol : no packet received: NullPointerException
01-05 20:08:09.476  8006  8689 D Robocol : no packet received: NullPointerException
01-05 20:08:09.478  8006  8689 D Robocol : no packet received: NullPointerException
01-05 20:08:09.479  8006  8689 D Robocol : no packet received: NullPointerException
01-05 20:08:09.479  8006  8689 D Robocol : no packet received: NullPointerException
01-05 20:08:09.479  8006  8689 D Robocol : no packet received: NullPointerException
01-05 20:08:09.479  8006  8689 D Robocol : no packet received: NullPointerException
01-05 20:08:09.480  8006  8689 D Robocol : no packet received: NullPointerException
01-05 20:08:09.480  8006  8689 D Robocol : no packet received: NullPointerException
01-05 20:08:09.480  8006  8689 D Robocol : no packet received: NullPointerException
01-05 20:08:09.480  8006  8689 D Robocol : no packet received: NullPointerException
01-05 20:08:09.480  8006  8689 D Robocol : no packet received: NullPointerException
01-05 20:08:09.481  8006  8689 D Robocol : no packet received: NullPointerException
01-05 20:08:09.481  8006  8689 D Robocol : no packet received: NullPointerException
01-05 20:08:09.481  8006  8689 D Robocol : no packet received: NullPointerException
01-05 20:08:09.481  8006  8689 D Robocol : no packet received: NullPointerException
01-05 20:08:09.482  8006  8689 D Robocol : no packet received: NullPointerException
01-05 20:08:09.482  8006  8689 D Robocol : no packet received: NullPointerException
01-05 20:08:09.482  8006  8689 D Robocol : no packet received: NullPointerException
01-05 20:08:09.482  8006  8689 D Robocol : no packet received: NullPointerException
01-05 20:08:09.482  8006  8689 D Robocol : no packet received: NullPointerException
01-05 20:08:09.483  8006  8689 D Robocol : no packet received: NullPointerException
01-05 20:08:09.483  8006  8689 D Robocol : no packet received: NullPointerException
01-05 20:08:09.483  8006  8689 D Robocol : no packet received: NullPointerException
01-05 20:08:09.483  8006  8689 D Robocol : no packet received: NullPointerException
01-05 20:08:09.483  8006  8689 D Robocol : no packet received: NullPointerException
01-05 20:08:09.484  8006  8689 D Robocol : no packet received: NullPointerException
01-05 20:08:09.484  8006  8714 D ProcessRequestThread::: Device has been closed.
01-05 20:08:09.484  8006  8714 W System.err: java.lang.InterruptedException
01-05 20:08:09.484  8006  8689 D Robocol : no packet received: NullPointerException
01-05 20:08:09.484  8006  8714 W System.err: 	at java.util.concurrent.locks.AbstractQueuedSynchronizer.doAcquireSharedInterruptibly(AbstractQueuedSynchronizer.java:972)
01-05 20:08:09.484  8006  8714 W System.err: 	at java.util.concurrent.locks.AbstractQueuedSynchronizer.acquireSharedInterruptibly(AbstractQueuedSynchronizer.java:1278)
01-05 20:08:09.484  8006  8714 W System.err: 	at java.util.concurrent.Semaphore.acquire(Semaphore.java:284)
01-05 20:08:09.484  8006  8714 W System.err: 	at com.ftdi.j2xx.ProcessInCtrl.acquireReadableBuffer(FT_Device.java:2294)
01-05 20:08:09.484  8006  8714 W System.err: 	at com.ftdi.j2xx.ProcessRequestWorker.run(FT_Device.java:2764)
01-05 20:08:09.484  8006  8714 W System.err: 	at java.lang.Thread.run(Thread.java:818)
01-05 20:08:09.485  8006  8689 D Robocol : no packet received: NullPointerException
01-05 20:08:09.485  8006  8689 D Robocol : no packet received: NullPointerException
01-05 20:08:09.485  8006  8689 D Robocol : no packet received: NullPointerException
01-05 20:08:09.485  8006  8689 D Robocol : no packet received: NullPointerException
01-05 20:08:09.486  8006  8689 D Robocol : no packet received: NullPointerException
01-05 20:08:09.486  8006  8689 D Robocol : no packet received: NullPointerException
01-05 20:08:09.486  8006  8689 D Robocol : no packet received: NullPointerException
01-05 20:08:09.487  8006  8689 D Robocol : no packet received: NullPointerException
01-05 20:08:09.487  8006  8689 D Robocol : no packet received: NullPointerException
01-05 20:08:09.487  8006  8715 D UsbDeviceConnectionJNI: close
01-05 20:08:09.487  8006  8689 D Robocol : no packet received: NullPointerException
01-05 20:08:09.487  8006  8715 V RobotCore: thread: ...terminating 'r/w loop: Modern Robotics USB DC Motor Controller [AL00YCFW]'
01-05 20:08:09.487  8006  8717 V RobotCore: waiting for service ReadWriteRunnable for Modern Robotics USB Device
01-05 20:08:09.487  8006  8717 V RobotCore: awaitTerminationOrExitApplication ReadWriteRunnable for Modern Robotics USB Device; interrupt thrown
01-05 20:08:09.488  8006  8713 D BulkIn::: Stop BulkIn thread
01-05 20:08:09.488  8006  8713 W System.err: java.lang.NullPointerException: Attempt to invoke virtual method 'int com.ftdi.j2xx.D2xxManager$DriverParameters.getBufferNumber()' on a null object reference
01-05 20:08:09.488  8006  8713 W System.err: 	at com.ftdi.j2xx.ProcessInCtrl.releaseWritableBuffers(FT_Device.java:2672)
01-05 20:08:09.488  8006  8713 W System.err: 	at com.ftdi.j2xx.BulkInWorker.run(FT_Device.java:2879)
01-05 20:08:09.488  8006  8713 W System.err: 	at java.lang.Thread.run(Thread.java:818)
01-05 20:08:09.488  8006  8689 D Robocol : no packet received: NullPointerException
01-05 20:08:09.489  8006  8689 D Robocol : no packet received: NullPointerException
01-05 20:08:09.489  8006  8689 D Robocol : no packet received: NullPointerException
01-05 20:08:09.490  8006  8689 D Robocol : no packet received: NullPointerException
01-05 20:08:09.490  8006  8689 D Robocol : no packet received: NullPointerException
01-05 20:08:09.491  8006  8689 D Robocol : no packet received: NullPointerException
01-05 20:08:09.491  8006  8689 D Robocol : no packet received: NullPointerException
01-05 20:08:09.491  8006  8689 D Robocol : no packet received: NullPointerException
01-05 20:08:09.492  8006  8689 D Robocol : no packet received: NullPointerException
01-05 20:08:09.493  8006  8689 D Robocol : no packet received: NullPointerException
01-05 20:08:09.493  8006  8689 D Robocol : no packet received: NullPointerException
01-05 20:08:09.494  8006  8689 D Robocol : no packet received: NullPointerException
01-05 20:08:09.495  8006  8689 D Robocol : no packet received: NullPointerException
01-05 20:08:09.495  8006  8689 D Robocol : no packet received: NullPointerException
01-05 20:08:09.495  8006  8689 D Robocol : no packet received: NullPointerException
01-05 20:08:09.496  8006  8689 D Robocol : no packet received: NullPointerException
01-05 20:08:09.496  8006  8689 D Robocol : no packet received: NullPointerException
01-05 20:08:09.496  8006  8689 D Robocol : no packet received: NullPointerException
01-05 20:08:09.496  8006  8689 D Robocol : no packet received: NullPointerException
01-05 20:08:09.497  8006  8689 D Robocol : no packet received: NullPointerException
01-05 20:08:09.497  8006  8689 D Robocol : no packet received: NullPointerException
01-05 20:08:09.497  8006  8689 D Robocol : no packet received: NullPointerException
01-05 20:08:09.497  8006  8689 D Robocol : no packet received: NullPointerException
01-05 20:08:09.498  8006  8689 D Robocol : no packet received: NullPointerException
01-05 20:08:09.498  8006  8689 D Robocol : no packet received: NullPointerException
01-05 20:08:09.498  8006  8689 D Robocol : no packet received: NullPointerException
01-05 20:08:09.498  8006  8689 D Robocol : no packet received: NullPointerException
01-05 20:08:09.498  8006  8689 D Robocol : no packet received: NullPointerException
01-05 20:08:09.499  8006  8689 D Robocol : no packet received: NullPointerException
01-05 20:08:09.499  8006  8689 D Robocol : no packet received: NullPointerException
01-05 20:08:09.499  8006  8689 D Robocol : no packet received: NullPointerException
01-05 20:08:09.499  8006  8689 D Robocol : no packet received: NullPointerException
01-05 20:08:09.499  8006  8689 D Robocol : no packet received: NullPointerException
01-05 20:08:09.500  8006  8689 D Robocol : no packet received: NullPointerException
01-05 20:08:09.500  8006  8689 D Robocol : no packet received: NullPointerException
01-05 20:08:09.500  8006  8689 D Robocol : no packet received: NullPointerException
01-05 20:08:09.500  8006  8689 D Robocol : no packet received: NullPointerException
01-05 20:08:09.500  8006  8689 D Robocol : no packet received: NullPointerException
01-05 20:08:09.501  8006  8689 D Robocol : no packet received: NullPointerException
01-05 20:08:09.501  8006  8689 D Robocol : no packet received: NullPointerException
01-05 20:08:09.501  8006  8689 D Robocol : no packet received: NullPointerException
01-05 20:08:09.501  8006  8689 D Robocol : no packet received: NullPointerException
01-05 20:08:09.501  8006  8689 D Robocol : no packet received: NullPointerException
01-05 20:08:09.502  8006  8689 D Robocol : no packet received: NullPointerException
01-05 20:08:09.502  8006  8689 D Robocol : no packet received: NullPointerException
01-05 20:08:09.502  8006  8689 D Robocol : no packet received: NullPointerException
01-05 20:08:09.502  8006  8689 D Robocol : no packet received: NullPointerException
01-05 20:08:09.503  8006  8689 D Robocol : no packet received: NullPointerException
01-05 20:08:09.503  8006  8689 D Robocol : no packet received: NullPointerException
01-05 20:08:09.503  8006  8689 D Robocol : no packet received: NullPointerException
01-05 20:08:09.503  8006  8689 D Robocol : no packet received: NullPointerException
01-05 20:08:09.503  8006  8689 D Robocol : no packet received: NullPointerException
01-05 20:08:09.504  8006  8689 D Robocol : no packet received: NullPointerException
01-05 20:08:09.504  8006  8689 D Robocol : no packet received: NullPointerException
01-05 20:08:09.504  8006  8689 D Robocol : no packet received: NullPointerException
01-05 20:08:09.504  8006  8689 D Robocol : no packet received: NullPointerException
01-05 20:08:09.505  8006  8689 D Robocol : no packet received: NullPointerException
01-05 20:08:09.505  8006  8689 D Robocol : no packet received: NullPointerException
01-05 20:08:09.505  8006  8689 D Robocol : no packet received: NullPointerException
01-05 20:08:09.505  8006  8689 D Robocol : no packet received: NullPointerException
01-05 20:08:09.506  8006  8689 D Robocol : no packet received: NullPointerException
01-05 20:08:09.506  8006  8689 D Robocol : no packet received: NullPointerException
01-05 20:08:09.506  8006  8689 D Robocol : no packet received: NullPointerException
01-05 20:08:09.506  8006  8689 D Robocol : no packet received: NullPointerException
01-05 20:08:09.506  8006  8689 D Robocol : no packet received: NullPointerException
01-05 20:08:09.507  8006  8689 D Robocol : no packet received: NullPointerException
01-05 20:08:09.507  8006  8689 D Robocol : no packet received: NullPointerException
01-05 20:08:09.507  8006  8689 D Robocol : no packet received: NullPointerException
01-05 20:08:09.508  8006  8689 D Robocol : no packet received: NullPointerException
01-05 20:08:09.508  8006  8689 D Robocol : no packet received: NullPointerException
01-05 20:08:09.508  8006  8689 D Robocol : no packet received: NullPointerException
01-05 20:08:09.508  8006  8689 D Robocol : no packet received: NullPointerException
01-05 20:08:09.509  8006  8689 D Robocol : no packet received: NullPointerException
01-05 20:08:09.509  8006  8689 D Robocol : no packet received: NullPointerException
01-05 20:08:09.509  8006  8689 D Robocol : no packet received: NullPointerException
01-05 20:08:09.509  8006  8689 D Robocol : no packet received: NullPointerException
01-05 20:08:09.509  8006  8689 D Robocol : no packet received: NullPointerException
01-05 20:08:09.510  8006  8689 D Robocol : no packet received: NullPointerException
01-05 20:08:09.510  8006  8689 D Robocol : no packet received: NullPointerException
01-05 20:08:09.510  8006  8689 D Robocol : no packet received: NullPointerException
01-05 20:08:09.510  8006  8689 D Robocol : no packet received: NullPointerException
01-05 20:08:09.511  8006  8689 D Robocol : no packet received: NullPointerException
01-05 20:08:09.511  8006  8689 D Robocol : no packet received: NullPointerException
01-05 20:08:09.511  8006  8689 D Robocol : no packet received: NullPointerException
01-05 20:08:09.511  8006  8689 D Robocol : no packet received: NullPointerException
01-05 20:08:09.511  8006  8689 D Robocol : no packet received: NullPointerException
01-05 20:08:09.512  8006  8689 D Robocol : no packet received: NullPointerException
01-05 20:08:09.512  8006  8689 D Robocol : no packet received: NullPointerException
01-05 20:08:09.512  8006  8689 D Robocol : no packet received: NullPointerException
01-05 20:08:09.512  8006  8689 D Robocol : no packet received: NullPointerException
01-05 20:08:09.513  8006  8689 D Robocol : no packet received: NullPointerException
01-05 20:08:09.513  8006  8689 D Robocol : no packet received: NullPointerException
01-05 20:08:09.513  8006  8689 D Robocol : no packet received: NullPointerException
01-05 20:08:09.513  8006  8689 D Robocol : no packet received: NullPointerException
01-05 20:08:09.513  8006  8689 D Robocol : no packet received: NullPointerException
01-05 20:08:09.514  8006  8689 D Robocol : no packet received: NullPointerException
01-05 20:08:09.514  8006  8689 D Robocol : no packet received: NullPointerException
01-05 20:08:09.514  8006  8689 D Robocol : no packet received: NullPointerException
01-05 20:08:09.514  8006  8689 D Robocol : no packet received: NullPointerException
01-05 20:08:09.515  8006  8689 D Robocol : no packet received: NullPointerException
01-05 20:08:09.515  8006  8689 D Robocol : no packet received: NullPointerException
01-05 20:08:09.515  8006  8689 D Robocol : no packet received: NullPointerException
01-05 20:08:09.515  8006  8689 D Robocol : no packet received: NullPointerException
01-05 20:08:09.515  8006  8689 D Robocol : no packet received: NullPointerException
01-05 20:08:09.516  8006  8689 D Robocol : no packet received: NullPointerException
01-05 20:08:09.516  8006  8689 D Robocol : no packet received: NullPointerException
01-05 20:08:09.516  8006  8689 D Robocol : no packet received: NullPointerException
01-05 20:08:09.516  8006  8689 D Robocol : no packet received: NullPointerException
01-05 20:08:09.516  8006  8689 D Robocol : no packet received: NullPointerException
01-05 20:08:09.516  8006  8689 D Robocol : no packet received: NullPointerException
01-05 20:08:09.517  8006  8689 D Robocol : no packet received: NullPointerException
01-05 20:08:09.517  8006  8689 D Robocol : no packet received: NullPointerException
01-05 20:08:09.517  8006  8689 D Robocol : no packet received: NullPointerException
01-05 20:08:09.517  8006  8689 D Robocol : no packet received: NullPointerException
01-05 20:08:09.518  8006  8689 D Robocol : no packet received: NullPointerException
01-05 20:08:09.518  8006  8689 D Robocol : no packet received: NullPointerException
01-05 20:08:09.518  8006  8689 D Robocol : no packet received: NullPointerException
01-05 20:08:09.518  8006  8689 D Robocol : no packet received: NullPointerException
01-05 20:08:09.518  8006  8689 D Robocol : no packet received: NullPointerException
01-05 20:08:09.518  8006  8689 D Robocol : no packet received: NullPointerException
01-05 20:08:09.519  8006  8689 D Robocol : no packet received: NullPointerException
01-05 20:08:09.519  8006  8689 D Robocol : no packet received: NullPointerException
01-05 20:08:09.519  8006  8689 D Robocol : no packet received: NullPointerException
01-05 20:08:09.519  8006  8689 D Robocol : no packet received: NullPointerException
01-05 20:08:09.519  8006  8689 D Robocol : no packet received: NullPointerException
01-05 20:08:09.520  8006  8689 D Robocol : no packet received: NullPointerException
01-05 20:08:09.520  8006  8689 D Robocol : no packet received: NullPointerException
01-05 20:08:09.520  8006  8689 D Robocol : no packet received: NullPointerException
01-05 20:08:09.520  8006  8689 D Robocol : no packet received: NullPointerException
01-05 20:08:09.520  8006  8689 D Robocol : no packet received: NullPointerException
01-05 20:08:09.520  8006  8689 D Robocol : no packet received: NullPointerException
01-05 20:08:09.520  8006  8689 D Robocol : no packet received: NullPointerException
01-05 20:08:09.521  8006  8689 D Robocol : no packet received: NullPointerException
01-05 20:08:09.521  8006  8689 D Robocol : no packet received: NullPointerException
01-05 20:08:09.521  8006  8689 D Robocol : no packet received: NullPointerException
01-05 20:08:09.521  8006  8689 D Robocol : no packet received: NullPointerException
01-05 20:08:09.521  8006  8689 D Robocol : no packet received: NullPointerException
01-05 20:08:09.522  8006  8689 D Robocol : no packet received: NullPointerException
01-05 20:08:09.522  8006  8689 D Robocol : no packet received: NullPointerException
01-05 20:08:09.522  8006  8689 D Robocol : no packet received: NullPointerException
01-05 20:08:09.522  8006  8689 D Robocol : no packet received: NullPointerException
01-05 20:08:09.522  8006  8689 D Robocol : no packet received: NullPointerException
01-05 20:08:09.522  8006  8689 D Robocol : no packet received: NullPointerException
01-05 20:08:09.523  8006  8689 D Robocol : no packet received: NullPointerException
01-05 20:08:09.523  8006  8689 D Robocol : no packet received: NullPointerException
01-05 20:08:09.523  8006  8689 D Robocol : no packet received: NullPointerException
01-05 20:08:09.523  8006  8689 D Robocol : no packet received: NullPointerException
01-05 20:08:09.523  8006  8689 D Robocol : no packet received: NullPointerException
01-05 20:08:09.523  8006  8689 D Robocol : no packet received: NullPointerException
01-05 20:08:09.524  8006  8689 D Robocol : no packet received: NullPointerException
01-05 20:08:09.524  8006  8689 D Robocol : no packet received: NullPointerException
01-05 20:08:09.524  8006  8689 D Robocol : no packet received: NullPointerException
01-05 20:08:09.524  8006  8689 D Robocol : no packet received: NullPointerException
01-05 20:08:09.524  8006  8689 D Robocol : no packet received: NullPointerException
01-05 20:08:09.525  8006  8689 D Robocol : no packet received: NullPointerException
01-05 20:08:09.525  8006  8689 D Robocol : no packet received: NullPointerException
01-05 20:08:09.525  8006  8689 D Robocol : no packet received: NullPointerException
01-05 20:08:09.525  8006  8689 D Robocol : no packet received: NullPointerException
01-05 20:08:09.525  8006  8689 D Robocol : no packet received: NullPointerException
01-05 20:08:09.525  8006  8689 D Robocol : no packet received: NullPointerException
01-05 20:08:09.525  8006  8689 D Robocol : no packet received: NullPointerException
01-05 20:08:09.526  8006  8689 D Robocol : no packet received: NullPointerException
01-05 20:08:09.526  8006  8689 D Robocol : no packet received: NullPointerException
01-05 20:08:09.526  8006  8689 D Robocol : no packet received: NullPointerException
01-05 20:08:09.527  8006  8689 D Robocol : no packet received: NullPointerException
01-05 20:08:09.527  8006  8689 D Robocol : no packet received: NullPointerException
01-05 20:08:09.527  8006  8689 D Robocol : no packet received: NullPointerException
01-05 20:08:09.528  8006  8689 D Robocol : no packet received: NullPointerException
01-05 20:08:09.528  8006  8689 D Robocol : no packet received: NullPointerException
01-05 20:08:09.529  8006  8689 D Robocol : no packet received: NullPointerException
01-05 20:08:09.529  8006  8689 D Robocol : no packet received: NullPointerException
01-05 20:08:09.529  8006  8689 D Robocol : no packet received: NullPointerException
01-05 20:08:09.529  8006  8689 D Robocol : no packet received: NullPointerException
01-05 20:08:09.529  8006  8689 D Robocol : no packet received: NullPointerException
01-05 20:08:09.530  8006  8689 D Robocol : no packet received: NullPointerException
01-05 20:08:09.530  8006  8689 D Robocol : no packet received: NullPointerException
01-05 20:08:09.530  8006  8689 D Robocol : no packet received: NullPointerException
01-05 20:08:09.530  8006  8689 D Robocol : no packet received: NullPointerException
01-05 20:08:09.531  8006  8689 D Robocol : no packet received: NullPointerException
01-05 20:08:09.531  8006  8689 D Robocol : no packet received: NullPointerException
01-05 20:08:09.531  8006  8689 D Robocol : no packet received: NullPointerException
01-05 20:08:09.531  8006  8689 D Robocol : no packet received: NullPointerException
01-05 20:08:09.532  8006  8689 D Robocol : no packet received: NullPointerException
01-05 20:08:09.532  8006  8689 D Robocol : no packet received: NullPointerException
01-05 20:08:09.532  8006  8689 D Robocol : no packet received: NullPointerException
01-05 20:08:09.532  8006  8689 D Robocol : no packet received: NullPointerException
01-05 20:08:09.533  8006  8689 D Robocol : no packet received: NullPointerException
01-05 20:08:09.533  8006  8689 D Robocol : no packet received: NullPointerException
01-05 20:08:09.533  8006  8689 D Robocol : no packet received: NullPointerException
01-05 20:08:09.534  8006  8689 D Robocol : no packet received: NullPointerException
01-05 20:08:09.534  8006  8689 D Robocol : no packet received: NullPointerException
01-05 20:08:09.535  8006  8689 D Robocol : no packet received: NullPointerException
01-05 20:08:09.535  8006  8689 D Robocol : no packet received: NullPointerException
01-05 20:08:09.535  8006  8689 D Robocol : no packet received: NullPointerException
01-05 20:08:09.535  8006  8689 D Robocol : no packet received: NullPointerException
01-05 20:08:09.535  8006  8689 D Robocol : no packet received: NullPointerException
01-05 20:08:09.536  8006  8689 D Robocol : no packet received: NullPointerException
01-05 20:08:09.536  8006  8689 D Robocol : no packet received: NullPointerException
01-05 20:08:09.536  8006  8689 D Robocol : no packet received: NullPointerException
01-05 20:08:09.536  8006  8689 D Robocol : no packet received: NullPointerException
01-05 20:08:09.536  8006  8689 D Robocol : no packet received: NullPointerException
01-05 20:08:09.537  8006  8689 D Robocol : no packet received: NullPointerException
01-05 20:08:09.537  8006  8689 D Robocol : no packet received: NullPointerException
01-05 20:08:09.537  8006  8689 D Robocol : no packet received: NullPointerException
01-05 20:08:09.537  8006  8689 D Robocol : no packet received: NullPointerException
01-05 20:08:09.538  8006  8689 D Robocol : no packet received: NullPointerException
01-05 20:08:09.538  8006  8689 D Robocol : no packet received: NullPointerException
01-05 20:08:09.538  8006  8689 D Robocol : no packet received: NullPointerException
01-05 20:08:09.538  8006  8689 D Robocol : no packet received: NullPointerException
01-05 20:08:09.539  8006  8689 D Robocol : no packet received: NullPointerException
01-05 20:08:09.539  8006  8689 D Robocol : no packet received: NullPointerException
01-05 20:08:09.539  8006  8689 D Robocol : no packet received: NullPointerException
01-05 20:08:09.539  8006  8689 D Robocol : no packet received: NullPointerException
01-05 20:08:09.540  8006  8689 D Robocol : no packet received: NullPointerException
01-05 20:08:09.540  8006  8689 D Robocol : no packet received: NullPointerException
01-05 20:08:09.540  8006  8689 D Robocol : no packet received: NullPointerException
01-05 20:08:09.540  8006  8689 D Robocol : no packet received: NullPointerException
01-05 20:08:09.540  8006  8689 D Robocol : no packet received: NullPointerException
01-05 20:08:09.541  8006  8689 D Robocol : no packet received: NullPointerException
01-05 20:08:09.541  8006  8689 D Robocol : no packet received: NullPointerException
01-05 20:08:09.541  8006  8689 D Robocol : no packet received: NullPointerException
01-05 20:08:09.541  8006  8689 D Robocol : no packet received: NullPointerException
01-05 20:08:09.541  8006  8689 D Robocol : no packet received: NullPointerException
01-05 20:08:09.542  8006  8689 D Robocol : no packet received: NullPointerException
01-05 20:08:09.542  8006  8689 D Robocol : no packet received: NullPointerException
01-05 20:08:09.542  8006  8689 D Robocol : no packet received: NullPointerException
01-05 20:08:09.542  8006  8689 D Robocol : no packet received: NullPointerException
01-05 20:08:09.543  8006  8689 D Robocol : no packet received: NullPointerException
01-05 20:08:09.543  8006  8689 D Robocol : no packet received: NullPointerException
01-05 20:08:09.543  8006  8689 D Robocol : no packet received: NullPointerException
01-05 20:08:09.543  8006  8689 D Robocol : no packet received: NullPointerException
01-05 20:08:09.543  8006  8689 D Robocol : no packet received: NullPointerException
01-05 20:08:09.544  8006  8689 D Robocol : no packet received: NullPointerException
01-05 20:08:09.545  8006  8689 D Robocol : no packet received: NullPointerException
01-05 20:08:09.545  8006  8689 D Robocol : no packet received: NullPointerException
01-05 20:08:09.545  8006  8689 D Robocol : no packet received: NullPointerException
01-05 20:08:09.545  8006  8689 D Robocol : no packet received: NullPointerException
01-05 20:08:09.546  8006  8689 D Robocol : no packet received: NullPointerException
01-05 20:08:09.546  8006  8689 D Robocol : no packet received: NullPointerException
01-05 20:08:09.546  8006  8689 D Robocol : no packet received: NullPointerException
01-05 20:08:09.547  8006  8689 D Robocol : no packet received: NullPointerException
01-05 20:08:09.547  8006  8689 D Robocol : no packet received: NullPointerException
01-05 20:08:09.547  8006  8689 D Robocol : no packet received: NullPointerException
01-05 20:08:09.547  8006  8689 D Robocol : no packet received: NullPointerException
01-05 20:08:09.548  8006  8689 D Robocol : no packet received: NullPointerException
01-05 20:08:09.548  8006  8689 D Robocol : no packet received: NullPointerException
01-05 20:08:09.548  8006  8689 D Robocol : no packet received: NullPointerException
01-05 20:08:09.548  8006  8689 D Robocol : no packet received: NullPointerException
01-05 20:08:09.548  8006  8689 D Robocol : no packet received: NullPointerException
01-05 20:08:09.549  8006  8689 D Robocol : no packet received: NullPointerException
01-05 20:08:09.549  8006  8689 D Robocol : no packet received: NullPointerException
01-05 20:08:09.549  8006  8689 D Robocol : no packet received: NullPointerException
01-05 20:08:09.549  8006  8689 D Robocol : no packet received: NullPointerException
01-05 20:08:09.549  8006  8689 D Robocol : no packet received: NullPointerException
01-05 20:08:09.549  8006  8689 D Robocol : no packet received: NullPointerException
01-05 20:08:09.550  8006  8689 D Robocol : no packet received: NullPointerException
01-05 20:08:09.550  8006  8689 D Robocol : no packet received: NullPointerException
01-05 20:08:09.550  8006  8689 D Robocol : no packet received: NullPointerException
01-05 20:08:09.550  8006  8689 D Robocol : no packet received: NullPointerException
01-05 20:08:09.551  8006  8689 D Robocol : no packet received: NullPointerException
01-05 20:08:09.551  8006  8689 D Robocol : no packet received: NullPointerException
01-05 20:08:09.551  8006  8689 D Robocol : no packet received: NullPointerException
01-05 20:08:09.551  8006  8689 D Robocol : no packet received: NullPointerException
01-05 20:08:09.551  8006  8689 D Robocol : no packet received: NullPointerException
01-05 20:08:09.552  8006  8689 D Robocol : no packet received: NullPointerException
01-05 20:08:09.552  8006  8689 D Robocol : no packet received: NullPointerException
01-05 20:08:09.552  8006  8689 D Robocol : no packet received: NullPointerException
01-05 20:08:09.552  8006  8689 D Robocol : no packet received: NullPointerException
01-05 20:08:09.553  8006  8689 D Robocol : no packet received: NullPointerException
01-05 20:08:09.553  8006  8689 D Robocol : no packet received: NullPointerException
01-05 20:08:09.553  8006  8689 D Robocol : no packet received: NullPointerException
01-05 20:08:09.553  8006  8689 D Robocol : no packet received: NullPointerException
01-05 20:08:09.554  8006  8689 D Robocol : no packet received: NullPointerException
01-05 20:08:09.554  8006  8689 D Robocol : no packet received: NullPointerException
01-05 20:08:09.554  8006  8689 D Robocol : no packet received: NullPointerException
01-05 20:08:09.554  8006  8689 D Robocol : no packet received: NullPointerException
01-05 20:08:09.554  8006  8689 D Robocol : no packet received: NullPointerException
01-05 20:08:09.555  8006  8689 D Robocol : no packet received: NullPointerException
01-05 20:08:09.555  8006  8689 D Robocol : no packet received: NullPointerException
01-05 20:08:09.555  8006  8689 D Robocol : no packet received: NullPointerException
01-05 20:08:09.555  8006  8689 D Robocol : no packet received: NullPointerException
01-05 20:08:09.555  8006  8689 D Robocol : no packet received: NullPointerException
01-05 20:08:09.556  8006  8689 D Robocol : no packet received: NullPointerException
01-05 20:08:09.557  8006  8689 D Robocol : no packet received: NullPointerException
01-05 20:08:09.557  8006  8689 D Robocol : no packet received: NullPointerException
01-05 20:08:09.557  8006  8689 D Robocol : no packet received: NullPointerException
01-05 20:08:09.557  8006  8689 D Robocol : no packet received: NullPointerException
01-05 20:08:09.558  8006  8689 D Robocol : no packet received: NullPointerException
01-05 20:08:09.558  8006  8689 D Robocol : no packet received: NullPointerException
01-05 20:08:09.558  8006  8689 D Robocol : no packet received: NullPointerException
01-05 20:08:09.558  8006  8689 D Robocol : no packet received: NullPointerException
01-05 20:08:09.559  8006  8689 D Robocol : no packet received: NullPointerException
01-05 20:08:09.559  8006  8689 D Robocol : no packet received: NullPointerException
01-05 20:08:09.559  8006  8689 D Robocol : no packet received: NullPointerException
01-05 20:08:09.559  8006  8689 D Robocol : no packet received: NullPointerException
01-05 20:08:09.560  8006  8689 D Robocol : no packet received: NullPointerException
01-05 20:08:09.560  8006  8689 D Robocol : no packet received: NullPointerException
01-05 20:08:09.560  8006  8689 D Robocol : no packet received: NullPointerException
01-05 20:08:09.560  8006  8689 D Robocol : no packet received: NullPointerException
01-05 20:08:09.561  8006  8689 D Robocol : no packet received: NullPointerException
01-05 20:08:09.561  8006  8689 D Robocol : no packet received: NullPointerException
01-05 20:08:09.561  8006  8689 D Robocol : no packet received: NullPointerException
01-05 20:08:09.561  8006  8689 D Robocol : no packet received: NullPointerException
01-05 20:08:09.562  8006  8689 D Robocol : no packet received: NullPointerException
01-05 20:08:09.562  8006  8689 D Robocol : no packet received: NullPointerException
01-05 20:08:09.562  8006  8689 D Robocol : no packet received: NullPointerException
01-05 20:08:09.563  8006  8689 D Robocol : no packet received: NullPointerException
01-05 20:08:09.563  8006  8689 D Robocol : no packet received: NullPointerException
01-05 20:08:09.563  8006  8689 D Robocol : no packet received: NullPointerException
01-05 20:08:09.563  8006  8689 D Robocol : no packet received: NullPointerException
01-05 20:08:09.563  8006  8689 D Robocol : no packet received: NullPointerException
01-05 20:08:09.564  8006  8689 D Robocol : no packet received: NullPointerException
01-05 20:08:09.564  8006  8689 D Robocol : no packet received: NullPointerException
01-05 20:08:09.564  8006  8689 D Robocol : no packet received: NullPointerException
01-05 20:08:09.564  8006  8689 D Robocol : no packet received: NullPointerException
01-05 20:08:09.564  8006  8689 D Robocol : no packet received: NullPointerException
01-05 20:08:09.564  8006  8689 D Robocol : no packet received: NullPointerException
01-05 20:08:09.565  8006  8689 D Robocol : no packet received: NullPointerException
01-05 20:08:09.565  8006  8689 D Robocol : no packet received: NullPointerException
01-05 20:08:09.565  8006  8689 D Robocol : no packet received: NullPointerException
01-05 20:08:09.565  8006  8689 D Robocol : no packet received: NullPointerException
01-05 20:08:09.565  8006  8689 D Robocol : no packet received: NullPointerException
01-05 20:08:09.566  8006  8689 D Robocol : no packet received: NullPointerException
01-05 20:08:09.566  8006  8689 D Robocol : no packet received: NullPointerException
01-05 20:08:09.566  8006  8689 D Robocol : no packet received: NullPointerException
01-05 20:08:09.566  8006  8689 D Robocol : no packet received: NullPointerException
01-05 20:08:09.567  8006  8689 D Robocol : no packet received: NullPointerException
01-05 20:08:09.567  8006  8689 D Robocol : no packet received: NullPointerException
01-05 20:08:09.567  8006  8689 D Robocol : no packet received: NullPointerException
01-05 20:08:09.567  8006  8689 D Robocol : no packet received: NullPointerException
01-05 20:08:09.567  8006  8689 D Robocol : no packet received: NullPointerException
01-05 20:08:09.567  8006  8689 D Robocol : no packet received: NullPointerException
01-05 20:08:09.568  8006  8689 D Robocol : no packet received: NullPointerException
01-05 20:08:09.568  8006  8689 D Robocol : no packet received: NullPointerException
01-05 20:08:09.568  8006  8689 D Robocol : no packet received: NullPointerException
01-05 20:08:09.568  8006  8689 D Robocol : no packet received: NullPointerException
01-05 20:08:09.568  8006  8689 D Robocol : no packet received: NullPointerException
01-05 20:08:09.569  8006  8689 D Robocol : no packet received: NullPointerException
01-05 20:08:09.569  8006  8689 D Robocol : no packet received: NullPointerException
01-05 20:08:09.569  8006  8689 D Robocol : no packet received: NullPointerException
01-05 20:08:09.569  8006  8689 D Robocol : no packet received: NullPointerException
01-05 20:08:09.569  8006  8689 D Robocol : no packet received: NullPointerException
01-05 20:08:09.569  8006  8689 D Robocol : no packet received: NullPointerException
01-05 20:08:09.570  8006  8689 D Robocol : no packet received: NullPointerException
01-05 20:08:09.570  8006  8689 D Robocol : no packet received: NullPointerException
01-05 20:08:09.570  8006  8689 D Robocol : no packet received: NullPointerException
01-05 20:08:09.571  8006  8689 D Robocol : no packet received: NullPointerException
01-05 20:08:09.571  8006  8689 D Robocol : no packet received: NullPointerException
01-05 20:08:09.571  8006  8689 D Robocol : no packet received: NullPointerException
01-05 20:08:09.572  8006  8689 D Robocol : no packet received: NullPointerException
01-05 20:08:09.572  8006  8689 D Robocol : no packet received: NullPointerException
01-05 20:08:09.572  8006  8689 D Robocol : no packet received: NullPointerException
01-05 20:08:09.572  8006  8689 D Robocol : no packet received: NullPointerException
01-05 20:08:09.573  8006  8689 D Robocol : no packet received: NullPointerException
01-05 20:08:09.573  8006  8689 D Robocol : no packet received: NullPointerException
01-05 20:08:09.573  8006  8689 D Robocol : no packet received: NullPointerException
01-05 20:08:09.573  8006  8689 D Robocol : no packet received: NullPointerException
01-05 20:08:09.573  8006  8689 D Robocol : no packet received: NullPointerException
01-05 20:08:09.573  8006  8689 D Robocol : no packet received: NullPointerException
01-05 20:08:09.574  8006  8689 D Robocol : no packet received: NullPointerException
01-05 20:08:09.574  8006  8689 D Robocol : no packet received: NullPointerException
01-05 20:08:09.574  8006  8689 D Robocol : no packet received: NullPointerException
01-05 20:08:09.574  8006  8689 D Robocol : no packet received: NullPointerException
01-05 20:08:09.575  8006  8689 D Robocol : no packet received: NullPointerException
01-05 20:08:09.575  8006  8689 D Robocol : no packet received: NullPointerException
01-05 20:08:09.575  8006  8689 D Robocol : no packet received: NullPointerException
01-05 20:08:09.575  8006  8689 D Robocol : no packet received: NullPointerException
01-05 20:08:09.575  8006  8689 D Robocol : no packet received: NullPointerException
01-05 20:08:09.576  8006  8689 D Robocol : no packet received: NullPointerException
01-05 20:08:09.576  8006  8689 D Robocol : no packet received: NullPointerException
01-05 20:08:09.576  8006  8689 D Robocol : no packet received: NullPointerException
01-05 20:08:09.577  8006  8689 D Robocol : no packet received: NullPointerException
01-05 20:08:09.577  8006  8689 D Robocol : no packet received: NullPointerException
01-05 20:08:09.578  8006  8689 D Robocol : no packet received: NullPointerException
01-05 20:08:09.578  8006  8689 D Robocol : no packet received: NullPointerException
01-05 20:08:09.578  8006  8689 D Robocol : no packet received: NullPointerException
01-05 20:08:09.578  8006  8689 D Robocol : no packet received: NullPointerException
01-05 20:08:09.579  8006  8689 D Robocol : no packet received: NullPointerException
01-05 20:08:09.579  8006  8689 D Robocol : no packet received: NullPointerException
01-05 20:08:09.579  8006  8689 D Robocol : no packet received: NullPointerException
01-05 20:08:09.579  8006  8689 D Robocol : no packet received: NullPointerException
01-05 20:08:09.579  8006  8689 D Robocol : no packet received: NullPointerException
01-05 20:08:09.580  8006  8689 D Robocol : no packet received: NullPointerException
01-05 20:08:09.580  8006  8689 D Robocol : no packet received: NullPointerException
01-05 20:08:09.580  8006  8689 D Robocol : no packet received: NullPointerException
01-05 20:08:09.580  8006  8689 D Robocol : no packet received: NullPointerException
01-05 20:08:09.581  8006  8689 D Robocol : no packet received: NullPointerException
01-05 20:08:09.581  8006  8689 D Robocol : no packet received: NullPointerException
01-05 20:08:09.581  8006  8689 D Robocol : no packet received: NullPointerException
01-05 20:08:09.581  8006  8689 D Robocol : no packet received: NullPointerException
01-05 20:08:09.581  8006  8689 D Robocol : no packet received: NullPointerException
01-05 20:08:09.581  8006  8689 D Robocol : no packet received: NullPointerException
01-05 20:08:09.581  8006  8689 D Robocol : no packet received: NullPointerException
01-05 20:08:09.581  8006  8689 D Robocol : no packet received: NullPointerException
01-05 20:08:09.582  8006  8689 D Robocol : no packet received: NullPointerException
01-05 20:08:09.582  8006  8689 D Robocol : no packet received: NullPointerException
01-05 20:08:09.582  8006  8689 D Robocol : no packet received: NullPointerException
01-05 20:08:09.582  8006  8689 D Robocol : no packet received: NullPointerException
01-05 20:08:09.583  8006  8689 D Robocol : no packet received: NullPointerException
01-05 20:08:09.583  8006  8689 D Robocol : no packet received: NullPointerException
01-05 20:08:09.583  8006  8689 D Robocol : no packet received: NullPointerException
01-05 20:08:09.583  8006  8689 D Robocol : no packet received: NullPointerException
01-05 20:08:09.583  8006  8689 D Robocol : no packet received: NullPointerException
01-05 20:08:09.584  8006  8689 D Robocol : no packet received: NullPointerException
01-05 20:08:09.584  8006  8689 D Robocol : no packet received: NullPointerException
01-05 20:08:09.584  8006  8689 D Robocol : no packet received: NullPointerException
01-05 20:08:09.585  8006  8689 D Robocol : no packet received: NullPointerException
01-05 20:08:09.585  8006  8689 D Robocol : no packet received: NullPointerException
01-05 20:08:09.585  8006  8689 D Robocol : no packet received: NullPointerException
01-05 20:08:09.585  8006  8689 D Robocol : no packet received: NullPointerException
01-05 20:08:09.585  8006  8689 D Robocol : no packet received: NullPointerException
01-05 20:08:09.586  8006  8689 D Robocol : no packet received: NullPointerException
01-05 20:08:09.586  8006  8689 D Robocol : no packet received: NullPointerException
01-05 20:08:09.586  8006  8689 D Robocol : no packet received: NullPointerException
01-05 20:08:09.586  8006  8689 D Robocol : no packet received: NullPointerException
01-05 20:08:09.587  8006  8689 D Robocol : no packet received: NullPointerException
01-05 20:08:09.587  8006  8689 D Robocol : no packet received: NullPointerException
01-05 20:08:09.587  8006  8689 D Robocol : no packet received: NullPointerException
01-05 20:08:09.587  8006  8689 D Robocol : no packet received: NullPointerException
01-05 20:08:09.587  8006  8689 D Robocol : no packet received: NullPointerException
01-05 20:08:09.588  8006  8689 D Robocol : no packet received: NullPointerException
01-05 20:08:09.588  8006  8717 D RobotCore: ...disarming modern motor controller Modern Robotics USB DC Motor Controller [AL00YCFW] complete
01-05 20:08:09.588  8006  8689 D Robocol : no packet received: NullPointerException
01-05 20:08:09.588  8006  8689 D Robocol : no packet received: NullPointerException
01-05 20:08:09.588  8006  8689 D Robocol : no packet received: NullPointerException
01-05 20:08:09.588  8006  8689 D Robocol : no packet received: NullPointerException
01-05 20:08:09.589  8006  8689 D Robocol : no packet received: NullPointerException
01-05 20:08:09.589  8006  8689 D Robocol : no packet received: NullPointerException
01-05 20:08:09.589  8006  8689 D Robocol : no packet received: NullPointerException
01-05 20:08:09.590  8006  8689 D Robocol : no packet received: NullPointerException
01-05 20:08:09.590  8006  8689 D Robocol : no packet received: NullPointerException
01-05 20:08:09.590  8006  8689 D Robocol : no packet received: NullPointerException
01-05 20:08:09.590  8006  8689 D Robocol : no packet received: NullPointerException
01-05 20:08:09.591  8006  8689 D Robocol : no packet received: NullPointerException
01-05 20:08:09.591  8006  8689 D Robocol : no packet received: NullPointerException
01-05 20:08:09.591  8006  8689 D Robocol : no packet received: NullPointerException
01-05 20:08:09.591  8006  8689 D Robocol : no packet received: NullPointerException
01-05 20:08:09.591  8006  8689 D Robocol : no packet received: NullPointerException
01-05 20:08:09.592  8006  8689 D Robocol : no packet received: NullPointerException
01-05 20:08:09.592  8006  8689 D Robocol : no packet received: NullPointerException
01-05 20:08:09.592  8006  8689 D Robocol : no packet received: NullPointerException
01-05 20:08:09.593  8006  8689 D Robocol : no packet received: NullPointerException
01-05 20:08:09.593  8006  8689 D Robocol : no packet received: NullPointerException
01-05 20:08:09.594  8006  8689 D Robocol : no packet received: NullPointerException
01-05 20:08:09.594  8006  8689 D Robocol : no packet received: NullPointerException
01-05 20:08:09.594  8006  8689 D Robocol : no packet received: NullPointerException
01-05 20:08:09.594  8006  8689 D Robocol : no packet received: NullPointerException
01-05 20:08:09.594  8006  8689 D Robocol : no packet received: NullPointerException
01-05 20:08:09.595  8006  8689 D Robocol : no packet received: NullPointerException
01-05 20:08:09.595  8006  8689 D Robocol : no packet received: NullPointerException
01-05 20:08:09.595  8006  8689 D Robocol : no packet received: NullPointerException
01-05 20:08:09.595  8006  8689 D Robocol : no packet received: NullPointerException
01-05 20:08:09.595  8006  8689 D Robocol : no packet received: NullPointerException
01-05 20:08:09.596  8006  8689 D Robocol : no packet received: NullPointerException
01-05 20:08:09.596  8006  8689 D Robocol : no packet received: NullPointerException
01-05 20:08:09.596  8006  8689 D Robocol : no packet received: NullPointerException
01-05 20:08:09.596  8006  8689 D Robocol : no packet received: NullPointerException
01-05 20:08:09.597  8006  8689 D Robocol : no packet received: NullPointerException
