01-05 20:08:09.133  8006  8689 D Robocol : no packet received: NullPointerException
01-05 20:08:09.133  8006  8689 D Robocol : no packet received: NullPointerException
01-05 20:08:09.133  8006  8689 D Robocol : no packet received: NullPointerException
01-05 20:08:09.134  8006  8689 D Robocol : no packet received: NullPointerException
01-05 20:08:09.134  8006  8689 D Robocol : no packet received: NullPointerException
01-05 20:08:09.134  8006  8689 D Robocol : no packet received: NullPointerException
01-05 20:08:09.135  8006  8689 D Robocol : no packet received: NullPointerException
01-05 20:08:09.135  8006  8689 D Robocol : no packet received: NullPointerException
01-05 20:08:09.135  8006  8689 D Robocol : no packet received: NullPointerException
01-05 20:08:09.136  8006  8689 D Robocol : no packet received: NullPointerException
01-05 20:08:09.137  8006  8689 D Robocol : no packet received: NullPointerException
01-05 20:08:09.141  8006  8689 D Robocol : no packet received: NullPointerException
01-05 20:08:09.141  8006  8689 D Robocol : no packet received: NullPointerException
01-05 20:08:09.142  8006  8689 D Robocol : no packet received: NullPointerException
01-05 20:08:09.142  8006  8689 D Robocol : no packet received: NullPointerException
01-05 20:08:09.142  8006  8689 D Robocol : no packet received: NullPointerException
01-05 20:08:09.143  8006  8689 D Robocol : no packet received: NullPointerException
01-05 20:08:09.143  8006  8689 D Robocol : no packet received: NullPointerException
01-05 20:08:09.143  8006  8689 D Robocol : no packet received: NullPointerException
01-05 20:08:09.144  8006  8689 D Robocol : no packet received: NullPointerException
01-05 20:08:09.145  8006  8689 D Robocol : no packet received: NullPointerException
01-05 20:08:09.146  8006  8689 D Robocol : no packet received: NullPointerException
01-05 20:08:09.146  8006  8689 D Robocol : no packet received: NullPointerException
01-05 20:08:09.147  8006  8689 D Robocol : no packet received: NullPointerException
01-05 20:08:09.147  8006  8689 D Robocol : no packet received: NullPointerException
01-05 20:08:09.147  8006  8689 D Robocol : no packet received: NullPointerException
01-05 20:08:09.148  8006  8689 D Robocol : no packet received: NullPointerException
01-05 20:08:09.148  8006  8689 D Robocol : no packet received: NullPointerException
01-05 20:08:09.149  8006  8689 D Robocol : no packet received: NullPointerException
01-05 20:08:09.149  8006  8689 D Robocol : no packet received: NullPointerException
01-05 20:08:09.150  8006  8689 D Robocol : no packet received: NullPointerException
01-05 20:08:09.151  8006  8689 D Robocol : no packet received: NullPointerException
01-05 20:08:09.151  8006  8689 D Robocol : no packet received: NullPointerException
01-05 20:08:09.187  8006  8689 D Robocol : no packet received: NullPointerException
01-05 20:08:09.187  8006  8689 D Robocol : no packet received: NullPointerException
01-05 20:08:09.187  8006  8689 D Robocol : no packet received: NullPointerException
01-05 20:08:09.189  8006  8689 D Robocol : no packet received: NullPointerException
01-05 20:08:09.189  8006  8689 D Robocol : no packet received: NullPointerException
01-05 20:08:09.192  8006  8689 D Robocol : no packet received: NullPointerException
01-05 20:08:09.193  8006  8689 D Robocol : no packet received: NullPointerException
01-05 20:08:09.193  8006  8689 D Robocol : no packet received: NullPointerException
01-05 20:08:09.194  8006  8689 D Robocol : no packet received: NullPointerException
01-05 20:08:09.194  8006  8689 D Robocol : no packet received: NullPointerException
01-05 20:08:09.194  8006  8689 D Robocol : no packet received: NullPointerException
01-05 20:08:09.195  8006  8689 D Robocol : no packet received: NullPointerException
01-05 20:08:09.202  8006  8689 D Robocol : no packet received: NullPointerException
01-05 20:08:09.205  8006  8689 D Robocol : no packet received: NullPointerException
01-05 20:08:09.207  8006  8689 D Robocol : no packet received: NullPointerException
01-05 20:08:09.207  8006  8689 D Robocol : no packet received: NullPointerException
01-05 20:08:09.207  8006  8689 D Robocol : no packet received: NullPointerException
01-05 20:08:09.208  8006  8689 D Robocol : no packet received: NullPointerException
01-05 20:08:09.208  8006  8689 D Robocol : no packet received: NullPointerException
01-05 20:08:09.209  8006  8689 D Robocol : no packet received: NullPointerException
01-05 20:08:09.210  8006  8689 D Robocol : no packet received: NullPointerException
01-05 20:08:09.210  8006  8689 D Robocol : no packet received: NullPointerException
01-05 20:08:09.211  8006  8689 D Robocol : no packet received: NullPointerException
01-05 20:08:09.211  8006  8689 D Robocol : no packet received: NullPointerException
01-05 20:08:09.212  8006  8689 D Robocol : no packet received: NullPointerException
01-05 20:08:09.213  8006  8689 D Robocol : no packet received: NullPointerException
01-05 20:08:09.216  8006  8689 D Robocol : no packet received: NullPointerException
01-05 20:08:09.216  8006  8709 W RobotCore: [55 aa 80 40 1e] -> [33 cc 80 40 1e]
01-05 20:08:09.216  8006  8709 W RobotCore: could not read Modern Robotics USB DC Motor Controller [AL00VSAM]: comm timeout on payload
01-05 20:08:09.218  8006  8689 D Robocol : no packet received: NullPointerException
01-05 20:08:09.218  8006  8689 D Robocol : no packet received: NullPointerException
01-05 20:08:09.218  8006  8689 D Robocol : no packet received: NullPointerException
01-05 20:08:09.219  8006  8689 D Robocol : no packet received: NullPointerException
01-05 20:08:09.219  8006  8689 D Robocol : no packet received: NullPointerException
01-05 20:08:09.219  8006  8689 D Robocol : no packet received: NullPointerException
01-05 20:08:09.220  8006  8689 D Robocol : no packet received: NullPointerException
01-05 20:08:09.220  8006  8689 D Robocol : no packet received: NullPointerException
01-05 20:08:09.220  8006  8689 D Robocol : no packet received: NullPointerException
01-05 20:08:09.220  8006  8689 D Robocol : no packet received: NullPointerException
01-05 20:08:09.221  8006  8689 D Robocol : no packet received: NullPointerException
01-05 20:08:09.221  8006  8689 D Robocol : no packet received: NullPointerException
01-05 20:08:09.222  8006  8689 D Robocol : no packet received: NullPointerException
01-05 20:08:09.222  8006  8689 D Robocol : no packet received: NullPointerException
01-05 20:08:09.222  8006  8689 D Robocol : no packet received: NullPointerException
01-05 20:08:09.223  8006  8689 D Robocol : no packet received: NullPointerException
01-05 20:08:09.223  8006  8689 D Robocol : no packet received: NullPointerException
01-05 20:08:09.223  8006  8689 D Robocol : no packet received: NullPointerException
01-05 20:08:09.223  8006  8689 D Robocol : no packet received: NullPointerException
01-05 20:08:09.224  8006  8689 D Robocol : no packet received: NullPointerException
01-05 20:08:09.224  8006  8689 D Robocol : no packet received: NullPointerException
01-05 20:08:09.224  8006  8689 D Robocol : no packet received: NullPointerException
01-05 20:08:09.224  8006  8689 D Robocol : no packet received: NullPointerException
01-05 20:08:09.225  8006  8689 D Robocol : no packet received: NullPointerException
01-05 20:08:09.225  8006  8689 D Robocol : no packet received: NullPointerException
01-05 20:08:09.225  8006  8689 D Robocol : no packet received: NullPointerException
01-05 20:08:09.225  8006  8689 D Robocol : no packet received: NullPointerException
01-05 20:08:09.226  8006  8689 D Robocol : no packet received: NullPointerException
01-05 20:08:09.237  8006  8689 D Robocol : no packet received: NullPointerException
01-05 20:08:09.238  8006  8689 D Robocol : no packet received: NullPointerException
01-05 20:08:09.238  8006  8689 D Robocol : no packet received: NullPointerException
01-05 20:08:09.239  8006  8689 D Robocol : no packet received: NullPointerException
01-05 20:08:09.239  8006  8689 D Robocol : no packet received: NullPointerException
01-05 20:08:09.240  8006  8689 D Robocol : no packet received: NullPointerException
01-05 20:08:09.240  8006  8689 D Robocol : no packet received: NullPointerException
01-05 20:08:09.245  8006  8689 D Robocol : no packet received: NullPointerException
01-05 20:08:09.250  8006  8689 D Robocol : no packet received: NullPointerException
01-05 20:08:09.250  8006  8689 D Robocol : no packet received: NullPointerException
01-05 20:08:09.251  8006  8689 D Robocol : no packet received: NullPointerException
01-05 20:08:09.252  8006  8689 D Robocol : no packet received: NullPointerException
01-05 20:08:09.252  8006  8689 D Robocol : no packet received: NullPointerException
01-05 20:08:09.252  8006  8689 D Robocol : no packet received: NullPointerException
01-05 20:08:09.253  8006  8689 D Robocol : no packet received: NullPointerException
01-05 20:08:09.254  8006  8689 D Robocol : no packet received: NullPointerException
01-05 20:08:09.265  8006  8689 D Robocol : no packet received: NullPointerException
01-05 20:08:09.267  8006  8689 D Robocol : no packet received: NullPointerException
01-05 20:08:09.271  8006  8689 D Robocol : no packet received: NullPointerException
01-05 20:08:09.271  8006  8689 D Robocol : no packet received: NullPointerException
01-05 20:08:09.271  8006  8689 D Robocol : no packet received: NullPointerException
01-05 20:08:09.272  8006  8689 D Robocol : no packet received: NullPointerException
01-05 20:08:09.272  8006  8689 D Robocol : no packet received: NullPointerException
01-05 20:08:09.274  8006  8689 D Robocol : no packet received: NullPointerException
01-05 20:08:09.274  8006  8689 D Robocol : no packet received: NullPointerException
01-05 20:08:09.275  8006  8689 D Robocol : no packet received: NullPointerException
01-05 20:08:09.276  8006  8689 D Robocol : no packet received: NullPointerException
01-05 20:08:09.276  8006  8689 D Robocol : no packet received: NullPointerException
01-05 20:08:09.277  8006  8689 D Robocol : no packet received: NullPointerException
01-05 20:08:09.277  8006  8689 D Robocol : no packet received: NullPointerException
01-05 20:08:09.277  8006  8689 D Robocol : no packet received: NullPointerException
01-05 20:08:09.278  8006  8689 D Robocol : no packet received: NullPointerException
01-05 20:08:09.278  8006  8689 D Robocol : no packet received: NullPointerException
01-05 20:08:09.279  8006  8689 D Robocol : no packet received: NullPointerException
01-05 20:08:09.280  8006  8689 D Robocol : no packet received: NullPointerException
01-05 20:08:09.280  8006  8689 D Robocol : no packet received: NullPointerException
01-05 20:08:09.281  8006  8689 D Robocol : no packet received: NullPointerException
01-05 20:08:09.282  8006  8689 D Robocol : no packet received: NullPointerException
01-05 20:08:09.282  8006  8689 D Robocol : no packet received: NullPointerException
01-05 20:08:09.282  8006  8689 D Robocol : no packet received: NullPointerException
01-05 20:08:09.284  8006  8689 D Robocol : no packet received: NullPointerException
01-05 20:08:09.285  8006  8689 D Robocol : no packet received: NullPointerException
01-05 20:08:09.285  8006  8689 D Robocol : no packet received: NullPointerException
01-05 20:08:09.286  8006  8689 D Robocol : no packet received: NullPointerException
01-05 20:08:09.286  8006  8689 D Robocol : no packet received: NullPointerException
01-05 20:08:09.286  8006  8689 D Robocol : no packet received: NullPointerException
01-05 20:08:09.286  8006  8689 D Robocol : no packet received: NullPointerException
01-05 20:08:09.287  8006  8689 D Robocol : no packet received: NullPointerException
01-05 20:08:09.287  8006  8689 D Robocol : no packet received: NullPointerException
01-05 20:08:09.288  8006  8689 D Robocol : no packet received: NullPointerException
01-05 20:08:09.288  8006  8689 D Robocol : no packet received: NullPointerException
01-05 20:08:09.288  8006  8689 D Robocol : no packet received: NullPointerException
01-05 20:08:09.289  8006  8689 D Robocol : no packet received: NullPointerException
01-05 20:08:09.289  8006  8689 D Robocol : no packet received: NullPointerException
01-05 20:08:09.289  8006  8689 D Robocol : no packet received: NullPointerException
01-05 20:08:09.290  8006  8689 D Robocol : no packet received: NullPointerException
01-05 20:08:09.290  8006  8689 D Robocol : no packet received: NullPointerException
01-05 20:08:09.291  8006  8689 D Robocol : no packet received: NullPointerException
01-05 20:08:09.292  8006  8689 D Robocol : no packet received: NullPointerException
01-05 20:08:09.292  8006  8689 D Robocol : no packet received: NullPointerException
01-05 20:08:09.293  8006  8689 D Robocol : no packet received: NullPointerException
01-05 20:08:09.293  8006  8689 D Robocol : no packet received: NullPointerException
01-05 20:08:09.293  8006  8689 D Robocol : no packet received: NullPointerException
01-05 20:08:09.294  8006  8689 D Robocol : no packet received: NullPointerException
01-05 20:08:09.294  8006  8689 D Robocol : no packet received: NullPointerException
01-05 20:08:09.294  8006  8689 D Robocol : no packet received: NullPointerException
01-05 20:08:09.295  8006  8689 D Robocol : no packet received: NullPointerException
01-05 20:08:09.295  8006  8689 D Robocol : no packet received: NullPointerException
01-05 20:08:09.295  8006  8689 D Robocol : no packet received: NullPointerException
01-05 20:08:09.296  8006  8689 D Robocol : no packet received: NullPointerException
01-05 20:08:09.297  8006  8689 D Robocol : no packet received: NullPointerException
01-05 20:08:09.298  8006  8689 D Robocol : no packet received: NullPointerException
01-05 20:08:09.298  8006  8689 D Robocol : no packet received: NullPointerException
01-05 20:08:09.299  8006  8689 D Robocol : no packet received: NullPointerException
01-05 20:08:09.299  8006  8689 D Robocol : no packet received: NullPointerException
01-05 20:08:09.300  8006  8689 D Robocol : no packet received: NullPointerException
01-05 20:08:09.300  8006  8689 D Robocol : no packet received: NullPointerException
01-05 20:08:09.301  8006  8689 D Robocol : no packet received: NullPointerException
01-05 20:08:09.301  8006  8689 D Robocol : no packet received: NullPointerException
01-05 20:08:09.301  8006  8689 D Robocol : no packet received: NullPointerException
01-05 20:08:09.302  8006  8689 D Robocol : no packet received: NullPointerException
01-05 20:08:09.303  8006  8689 D Robocol : no packet received: NullPointerException
01-05 20:08:09.303  8006  8689 D Robocol : no packet received: NullPointerException
01-05 20:08:09.303  8006  8689 D Robocol : no packet received: NullPointerException
01-05 20:08:09.303  8006  8689 D Robocol : no packet received: NullPointerException
01-05 20:08:09.304  8006  8689 D Robocol : no packet received: NullPointerException
01-05 20:08:09.305  8006  8689 D Robocol : no packet received: NullPointerException
01-05 20:08:09.305  8006  8689 D Robocol : no packet received: NullPointerException
01-05 20:08:09.305  8006  8689 D Robocol : no packet received: NullPointerException
01-05 20:08:09.306  8006  8689 D Robocol : no packet received: NullPointerException
01-05 20:08:09.306  8006  8689 D Robocol : no packet received: NullPointerException
01-05 20:08:09.306  8006  8689 D Robocol : no packet received: NullPointerException
01-05 20:08:09.307  8006  8689 D Robocol : no packet received: NullPointerException
01-05 20:08:09.307  8006  8689 D Robocol : no packet received: NullPointerException
01-05 20:08:09.307  8006  8689 D Robocol : no packet received: NullPointerException
01-05 20:08:09.307  8006  8689 D Robocol : no packet received: NullPointerException
01-05 20:08:09.307  8006  8689 D Robocol : no packet received: NullPointerException
01-05 20:08:09.308  8006  8689 D Robocol : no packet received: NullPointerException
01-05 20:08:09.308  8006  8689 D Robocol : no packet received: NullPointerException
01-05 20:08:09.308  8006  8689 D Robocol : no packet received: NullPointerException
01-05 20:08:09.308  8006  8689 D Robocol : no packet received: NullPointerException
01-05 20:08:09.309  8006  8689 D Robocol : no packet received: NullPointerException
01-05 20:08:09.309  8006  8689 D Robocol : no packet received: NullPointerException
01-05 20:08:09.309  8006  8689 D Robocol : no packet received: NullPointerException
01-05 20:08:09.310  8006  8689 D Robocol : no packet received: NullPointerException
01-05 20:08:09.311  8006  8689 D Robocol : no packet received: NullPointerException
01-05 20:08:09.312  8006  8689 D Robocol : no packet received: NullPointerException
01-05 20:08:09.312  8006  8689 D Robocol : no packet received: NullPointerException
01-05 20:08:09.313  8006  8689 D Robocol : no packet received: NullPointerException
01-05 20:08:09.313  8006  8689 D Robocol : no packet received: NullPointerException
01-05 20:08:09.313  8006  8689 D Robocol : no packet received: NullPointerException
01-05 20:08:09.314  8006  8689 D Robocol : no packet received: NullPointerException
01-05 20:08:09.314  8006  8689 D Robocol : no packet received: NullPointerException
01-05 20:08:09.314  8006  8689 D Robocol : no packet received: NullPointerException
01-05 20:08:09.315  8006  8689 D Robocol : no packet received: NullPointerException
01-05 20:08:09.315  8006  8689 D Robocol : no packet received: NullPointerException
01-05 20:08:09.315  8006  8689 D Robocol : no packet received: NullPointerException
01-05 20:08:09.316  8006  8689 D Robocol : no packet received: NullPointerException
01-05 20:08:09.316  8006  8689 D Robocol : no packet received: NullPointerException
01-05 20:08:09.316  8006  8689 D Robocol : no packet received: NullPointerException
01-05 20:08:09.316  8006  8689 D Robocol : no packet received: NullPointerException
01-05 20:08:09.316  8006  8689 D Robocol : no packet received: NullPointerException
01-05 20:08:09.317  8006  8689 D Robocol : no packet received: NullPointerException
01-05 20:08:09.317  8006  8689 D Robocol : no packet received: NullPointerException
01-05 20:08:09.317  8006  8689 D Robocol : no packet received: NullPointerException
01-05 20:08:09.318  8006  8689 D Robocol : no packet received: NullPointerException
01-05 20:08:09.318  8006  8689 D Robocol : no packet received: NullPointerException
01-05 20:08:09.319  8006  8689 D Robocol : no packet received: NullPointerException
01-05 20:08:09.319  8006  8689 D Robocol : no packet received: NullPointerException
01-05 20:08:09.319  8006  8689 D Robocol : no packet received: NullPointerException
01-05 20:08:09.319  8006  8689 D Robocol : no packet received: NullPointerException
01-05 20:08:09.320  8006  8689 D Robocol : no packet received: NullPointerException
01-05 20:08:09.320  8006  8689 D Robocol : no packet received: NullPointerException
01-05 20:08:09.320  8006  8689 D Robocol : no packet received: NullPointerException
01-05 20:08:09.321  8006  8689 D Robocol : no packet received: NullPointerException
01-05 20:08:09.322  8006  8689 D Robocol : no packet received: NullPointerException
01-05 20:08:09.322  8006  8689 D Robocol : no packet received: NullPointerException
01-05 20:08:09.322  8006  8689 D Robocol : no packet received: NullPointerException
01-05 20:08:09.322  8006  8689 D Robocol : no packet received: NullPointerException
01-05 20:08:09.323  8006  8689 D Robocol : no packet received: NullPointerException
01-05 20:08:09.323  8006  8689 D Robocol : no packet received: NullPointerException
01-05 20:08:09.323  8006  8689 D Robocol : no packet received: NullPointerException
01-05 20:08:09.323  8006  8689 D Robocol : no packet received: NullPointerException
01-05 20:08:09.323  8006  8689 D Robocol : no packet received: NullPointerException
01-05 20:08:09.324  8006  8689 D Robocol : no packet received: NullPointerException
01-05 20:08:09.324  8006  8689 D Robocol : no packet received: NullPointerException
01-05 20:08:09.325  8006  8689 D Robocol : no packet received: NullPointerException
01-05 20:08:09.325  8006  8689 D Robocol : no packet received: NullPointerException
01-05 20:08:09.325  8006  8689 D Robocol : no packet received: NullPointerException
01-05 20:08:09.325  8006  8689 D Robocol : no packet received: NullPointerException
01-05 20:08:09.326  8006  8689 D Robocol : no packet received: NullPointerException
01-05 20:08:09.327  8006  8689 D Robocol : no packet received: NullPointerException
01-05 20:08:09.328  8006  8689 D Robocol : no packet received: NullPointerException
01-05 20:08:09.329  8006  8689 D Robocol : no packet received: NullPointerException
01-05 20:08:09.329  8006  8689 D Robocol : no packet received: NullPointerException
01-05 20:08:09.330  8006  8689 D Robocol : no packet received: NullPointerException
01-05 20:08:09.330  8006  8689 D Robocol : no packet received: NullPointerException
01-05 20:08:09.331  8006  8689 D Robocol : no packet received: NullPointerException
01-05 20:08:09.331  8006  8689 D Robocol : no packet received: NullPointerException
01-05 20:08:09.331  8006  8689 D Robocol : no packet received: NullPointerException
01-05 20:08:09.331  8006  8689 D Robocol : no packet received: NullPointerException
01-05 20:08:09.332  8006  8689 D Robocol : no packet received: NullPointerException
01-05 20:08:09.332  8006  8689 D Robocol : no packet received: NullPointerException
01-05 20:08:09.332  8006  8689 D Robocol : no packet received: NullPointerException
01-05 20:08:09.333  8006  8689 D Robocol : no packet received: NullPointerException
01-05 20:08:09.333  8006  8689 D Robocol : no packet received: NullPointerException
01-05 20:08:09.333  8006  8689 D Robocol : no packet received: NullPointerException
01-05 20:08:09.333  8006  8689 D Robocol : no packet received: NullPointerException
01-05 20:08:09.333  8006  8689 D Robocol : no packet received: NullPointerException
01-05 20:08:09.334  8006  8689 D Robocol : no packet received: NullPointerException
01-05 20:08:09.335  8006  8689 D Robocol : no packet received: NullPointerException
01-05 20:08:09.335  8006  8689 D Robocol : no packet received: NullPointerException
01-05 20:08:09.335  8006  8689 D Robocol : no packet received: NullPointerException
01-05 20:08:09.336  8006  8689 D Robocol : no packet received: NullPointerException
01-05 20:08:09.336  8006  8689 D Robocol : no packet received: NullPointerException
01-05 20:08:09.336  8006  8689 D Robocol : no packet received: NullPointerException
01-05 20:08:09.337  8006  8689 D Robocol : no packet received: NullPointerException
01-05 20:08:09.337  8006  8689 D Robocol : no packet received: NullPointerException
01-05 20:08:09.337  8006  8689 D Robocol : no packet received: NullPointerException
01-05 20:08:09.337  8006  8689 D Robocol : no packet received: NullPointerException
01-05 20:08:09.338  8006  8689 D Robocol : no packet received: NullPointerException
01-05 20:08:09.338  8006  8689 D Robocol : no packet received: NullPointerException
01-05 20:08:09.338  8006  8689 D Robocol : no packet received: NullPointerException
01-05 20:08:09.338  8006  8689 D Robocol : no packet received: NullPointerException
01-05 20:08:09.338  8006  8689 D Robocol : no packet received: NullPointerException
01-05 20:08:09.338  8006  8689 D Robocol : no packet received: NullPointerException
01-05 20:08:09.339  8006  8689 D Robocol : no packet received: NullPointerException
01-05 20:08:09.339  8006  8689 D Robocol : no packet received: NullPointerException
01-05 20:08:09.339  8006  8689 D Robocol : no packet received: NullPointerException
01-05 20:08:09.339  8006  8689 D Robocol : no packet received: NullPointerException
01-05 20:08:09.339  8006  8689 D Robocol : no packet received: NullPointerException
01-05 20:08:09.340  8006  8689 D Robocol : no packet received: NullPointerException
01-05 20:08:09.340  8006  8689 D Robocol : no packet received: NullPointerException
01-05 20:08:09.340  8006  8689 D Robocol : no packet received: NullPointerException
01-05 20:08:09.340  8006  8689 D Robocol : no packet received: NullPointerException
01-05 20:08:09.341  8006  8689 D Robocol : no packet received: NullPointerException
01-05 20:08:09.341  8006  8689 D Robocol : no packet received: NullPointerException
01-05 20:08:09.341  8006  8689 D Robocol : no packet received: NullPointerException
01-05 20:08:09.341  8006  8689 D Robocol : no packet received: NullPointerException
01-05 20:08:09.341  8006  8689 D Robocol : no packet received: NullPointerException
01-05 20:08:09.342  8006  8689 D Robocol : no packet received: NullPointerException
01-05 20:08:09.342  8006  8689 D Robocol : no packet received: NullPointerException
01-05 20:08:09.342  8006  8689 D Robocol : no packet received: NullPointerException
01-05 20:08:09.342  8006  8689 D Robocol : no packet received: NullPointerException
01-05 20:08:09.343  8006  8689 D Robocol : no packet received: NullPointerException
01-05 20:08:09.343  8006  8689 D Robocol : no packet received: NullPointerException
01-05 20:08:09.344  8006  8689 D Robocol : no packet received: NullPointerException
01-05 20:08:09.344  8006  8689 D Robocol : no packet received: NullPointerException
01-05 20:08:09.345  8006  8689 D Robocol : no packet received: NullPointerException
01-05 20:08:09.345  8006  8689 D Robocol : no packet received: NullPointerException
01-05 20:08:09.346  8006  8689 D Robocol : no packet received: NullPointerException
01-05 20:08:09.346  8006  8689 D Robocol : no packet received: NullPointerException
01-05 20:08:09.346  8006  8689 D Robocol : no packet received: NullPointerException
01-05 20:08:09.347  8006  8689 D Robocol : no packet received: NullPointerException
01-05 20:08:09.347  8006  8689 D Robocol : no packet received: NullPointerException
01-05 20:08:09.347  8006  8689 D Robocol : no packet received: NullPointerException
01-05 20:08:09.348  8006  8689 D Robocol : no packet received: NullPointerException
01-05 20:08:09.348  8006  8689 D Robocol : no packet received: NullPointerException
01-05 20:08:09.348  8006  8689 D Robocol : no packet received: NullPointerException
01-05 20:08:09.349  8006  8689 D Robocol : no packet received: NullPointerException
01-05 20:08:09.349  8006  8689 D Robocol : no packet received: NullPointerException
01-05 20:08:09.350  8006  8689 D Robocol : no packet received: NullPointerException
01-05 20:08:09.350  8006  8689 D Robocol : no packet received: NullPointerException
01-05 20:08:09.350  8006  8689 D Robocol : no packet received: NullPointerException
01-05 20:08:09.350  8006  8689 D Robocol : no packet received: NullPointerException
01-05 20:08:09.351  8006  8689 D Robocol : no packet received: NullPointerException
01-05 20:08:09.351  8006  8689 D Robocol : no packet received: NullPointerException
01-05 20:08:09.351  8006  8689 D Robocol : no packet received: NullPointerException
01-05 20:08:09.352  8006  8689 D Robocol : no packet received: NullPointerException
01-05 20:08:09.352  8006  8689 D Robocol : no packet received: NullPointerException
01-05 20:08:09.352  8006  8689 D Robocol : no packet received: NullPointerException
01-05 20:08:09.352  8006  8689 D Robocol : no packet received: NullPointerException
01-05 20:08:09.353  8006  8689 D Robocol : no packet received: NullPointerException
01-05 20:08:09.353  8006  8689 D Robocol : no packet received: NullPointerException
01-05 20:08:09.353  8006  8689 D Robocol : no packet received: NullPointerException
01-05 20:08:09.353  8006  8689 D Robocol : no packet received: NullPointerException
01-05 20:08:09.354  8006  8689 D Robocol : no packet received: NullPointerException
01-05 20:08:09.354  8006  8689 D Robocol : no packet received: NullPointerException
01-05 20:08:09.354  8006  8689 D Robocol : no packet received: NullPointerException
01-05 20:08:09.354  8006  8689 D Robocol : no packet received: NullPointerException
01-05 20:08:09.354  8006  8689 D Robocol : no packet received: NullPointerException
01-05 20:08:09.355  8006  8689 D Robocol : no packet received: NullPointerException
01-05 20:08:09.355  8006  8689 D Robocol : no packet received: NullPointerException
01-05 20:08:09.355  8006  8689 D Robocol : no packet received: NullPointerException
01-05 20:08:09.355  8006  8689 D Robocol : no packet received: NullPointerException
01-05 20:08:09.356  8006  8689 D Robocol : no packet received: NullPointerException
01-05 20:08:09.356  8006  8689 D Robocol : no packet received: NullPointerException
01-05 20:08:09.356  8006  8689 D Robocol : no packet received: NullPointerException
01-05 20:08:09.356  8006  8689 D Robocol : no packet received: NullPointerException
01-05 20:08:09.356  8006  8689 D Robocol : no packet received: NullPointerException
01-05 20:08:09.357  8006  8689 D Robocol : no packet received: NullPointerException
01-05 20:08:09.357  8006  8689 D Robocol : no packet received: NullPointerException
01-05 20:08:09.357  8006  8689 D Robocol : no packet received: NullPointerException
01-05 20:08:09.357  8006  8689 D Robocol : no packet received: NullPointerException
01-05 20:08:09.358  8006  8689 D Robocol : no packet received: NullPointerException
01-05 20:08:09.358  8006  8689 D Robocol : no packet received: NullPointerException
01-05 20:08:09.359  8006  8689 D Robocol : no packet received: NullPointerException
01-05 20:08:09.359  8006  8689 D Robocol : no packet received: NullPointerException
01-05 20:08:09.359  8006  8689 D Robocol : no packet received: NullPointerException
01-05 20:08:09.360  8006  8689 D Robocol : no packet received: NullPointerException
01-05 20:08:09.360  8006  8689 D Robocol : no packet received: NullPointerException
01-05 20:08:09.361  8006  8689 D Robocol : no packet received: NullPointerException
01-05 20:08:09.361  8006  8689 D Robocol : no packet received: NullPointerException
01-05 20:08:09.362  8006  8689 D Robocol : no packet received: NullPointerException
01-05 20:08:09.362  8006  8689 D Robocol : no packet received: NullPointerException
01-05 20:08:09.362  8006  8689 D Robocol : no packet received: NullPointerException
01-05 20:08:09.362  8006  8689 D Robocol : no packet received: NullPointerException
01-05 20:08:09.363  8006  8689 D Robocol : no packet received: NullPointerException
01-05 20:08:09.363  8006  8689 D Robocol : no packet received: NullPointerException
01-05 20:08:09.363  8006  8689 D Robocol : no packet received: NullPointerException
01-05 20:08:09.364  8006  8689 D Robocol : no packet received: NullPointerException
01-05 20:08:09.364  8006  8689 D Robocol : no packet received: NullPointerException
01-05 20:08:09.365  8006  8689 D Robocol : no packet received: NullPointerException
01-05 20:08:09.365  8006  8689 D Robocol : no packet received: NullPointerException
01-05 20:08:09.365  8006  8689 D Robocol : no packet received: NullPointerException
01-05 20:08:09.366  8006  8689 D Robocol : no packet received: NullPointerException
01-05 20:08:09.366  8006  8689 D Robocol : no packet received: NullPointerException
01-05 20:08:09.366  8006  8689 D Robocol : no packet received: NullPointerException
01-05 20:08:09.366  8006  8689 D Robocol : no packet received: NullPointerException
01-05 20:08:09.366  8006  8689 D Robocol : no packet received: NullPointerException
01-05 20:08:09.367  8006  8689 D Robocol : no packet received: NullPointerException
01-05 20:08:09.367  8006  8689 D Robocol : no packet received: NullPointerException
01-05 20:08:09.367  8006  8689 D Robocol : no packet received: NullPointerException
01-05 20:08:09.368  8006  8689 D Robocol : no packet received: NullPointerException
01-05 20:08:09.368  8006  8689 D Robocol : no packet received: NullPointerException
01-05 20:08:09.368  8006  8689 D Robocol : no packet received: NullPointerException
01-05 20:08:09.368  8006  8689 D Robocol : no packet received: NullPointerException
01-05 20:08:09.368  8006  8689 D Robocol : no packet received: NullPointerException
01-05 20:08:09.369  8006  8689 D Robocol : no packet received: NullPointerException
01-05 20:08:09.369  8006  8689 D Robocol : no packet received: NullPointerException
01-05 20:08:09.369  8006  8689 D Robocol : no packet received: NullPointerException
01-05 20:08:09.369  8006  8689 D Robocol : no packet received: NullPointerException
01-05 20:08:09.370  8006  8689 D Robocol : no packet received: NullPointerException
01-05 20:08:09.370  8006  8689 D Robocol : no packet received: NullPointerException
01-05 20:08:09.370  8006  8689 D Robocol : no packet received: NullPointerException
01-05 20:08:09.370  8006  8689 D Robocol : no packet received: NullPointerException
01-05 20:08:09.371  8006  8689 D Robocol : no packet received: NullPointerException
01-05 20:08:09.371  8006  8689 D Robocol : no packet received: NullPointerException
01-05 20:08:09.371  8006  8689 D Robocol : no packet received: NullPointerException
01-05 20:08:09.371  8006  8689 D Robocol : no packet received: NullPointerException
01-05 20:08:09.371  8006  8689 D Robocol : no packet received: NullPointerException
01-05 20:08:09.372  8006  8689 D Robocol : no packet received: NullPointerException
01-05 20:08:09.372  8006  8689 D Robocol : no packet received: NullPointerException
01-05 20:08:09.372  8006  8689 D Robocol : no packet received: NullPointerException
01-05 20:08:09.372  8006  8689 D Robocol : no packet received: NullPointerException
01-05 20:08:09.372  8006  8689 D Robocol : no packet received: NullPointerException
01-05 20:08:09.373  8006  8689 D Robocol : no packet received: NullPointerException
01-05 20:08:09.373  8006  8689 D Robocol : no packet received: NullPointerException
01-05 20:08:09.373  8006  8689 D Robocol : no packet received: NullPointerException
01-05 20:08:09.373  8006  8689 D Robocol : no packet received: NullPointerException
01-05 20:08:09.373  8006  8689 D Robocol : no packet received: NullPointerException
01-05 20:08:09.373  8006  8689 D Robocol : no packet received: NullPointerException
01-05 20:08:09.374  8006  8689 D Robocol : no packet received: NullPointerException
01-05 20:08:09.374  8006  8689 D Robocol : no packet received: NullPointerException
01-05 20:08:09.374  8006  8689 D Robocol : no packet received: NullPointerException
01-05 20:08:09.374  8006  8689 D Robocol : no packet received: NullPointerException
01-05 20:08:09.375  8006  8689 D Robocol : no packet received: NullPointerException
01-05 20:08:09.375  8006  8689 D Robocol : no packet received: NullPointerException
01-05 20:08:09.375  8006  8689 D Robocol : no packet received: NullPointerException
01-05 20:08:09.375  8006  8689 D Robocol : no packet received: NullPointerException
01-05 20:08:09.375  8006  8689 D Robocol : no packet received: NullPointerException
01-05 20:08:09.375  8006  8689 D Robocol : no packet received: NullPointerException
01-05 20:08:09.376  8006  8689 D Robocol : no packet received: NullPointerException
01-05 20:08:09.376  8006  8689 D Robocol : no packet received: NullPointerException
01-05 20:08:09.377  8006  8689 D Robocol : no packet received: NullPointerException
01-05 20:08:09.378  8006  8689 D Robocol : no packet received: NullPointerException
01-05 20:08:09.378  8006  8689 D Robocol : no packet received: NullPointerException
01-05 20:08:09.378  8006  8689 D Robocol : no packet received: NullPointerException
01-05 20:08:09.379  8006  8689 D Robocol : no packet received: NullPointerException
01-05 20:08:09.379  8006  8689 D Robocol : no packet received: NullPointerException
01-05 20:08:09.379  8006  8689 D Robocol : no packet received: NullPointerException
01-05 20:08:09.380  8006  8689 D Robocol : no packet received: NullPointerException
01-05 20:08:09.380  8006  8689 D Robocol : no packet received: NullPointerException
01-05 20:08:09.381  8006  8689 D Robocol : no packet received: NullPointerException
01-05 20:08:09.381  8006  8689 D Robocol : no packet received: NullPointerException
01-05 20:08:09.381  8006  8689 D Robocol : no packet received: NullPointerException
01-05 20:08:09.381  8006  8689 D Robocol : no packet received: NullPointerException
01-05 20:08:09.381  8006  8689 D Robocol : no packet received: NullPointerException
01-05 20:08:09.382  8006  8689 D Robocol : no packet received: NullPointerException
01-05 20:08:09.382  8006  8689 D Robocol : no packet received: NullPointerException
01-05 20:08:09.382  8006  8689 D Robocol : no packet received: NullPointerException
01-05 20:08:09.382  8006  8689 D Robocol : no packet received: NullPointerException
01-05 20:08:09.383  8006  8689 D Robocol : no packet received: NullPointerException
01-05 20:08:09.383  8006  8689 D Robocol : no packet received: NullPointerException
01-05 20:08:09.383  8006  8689 D Robocol : no packet received: NullPointerException
01-05 20:08:09.383  8006  8689 D Robocol : no packet received: NullPointerException
01-05 20:08:09.383  8006  8689 D Robocol : no packet received: NullPointerException
01-05 20:08:09.384  8006  8689 D Robocol : no packet received: NullPointerException
01-05 20:08:09.384  8006  8689 D Robocol : no packet received: NullPointerException
01-05 20:08:09.384  8006  8689 D Robocol : no packet received: NullPointerException
01-05 20:08:09.385  8006  8689 D Robocol : no packet received: NullPointerException
01-05 20:08:09.385  8006  8689 D Robocol : no packet received: NullPointerException
01-05 20:08:09.385  8006  8689 D Robocol : no packet received: NullPointerException
01-05 20:08:09.385  8006  8689 D Robocol : no packet received: NullPointerException
01-05 20:08:09.386  8006  8689 D Robocol : no packet received: NullPointerException
01-05 20:08:09.386  8006  8689 D Robocol : no packet received: NullPointerException
01-05 20:08:09.386  8006  8689 D Robocol : no packet received: NullPointerException
01-05 20:08:09.386  8006  8689 D Robocol : no packet received: NullPointerException
01-05 20:08:09.387  8006  8689 D Robocol : no packet received: NullPointerException
01-05 20:08:09.387  8006  8689 D Robocol : no packet received: NullPointerException
01-05 20:08:09.387  8006  8689 D Robocol : no packet received: NullPointerException
01-05 20:08:09.387  8006  8689 D Robocol : no packet received: NullPointerException
01-05 20:08:09.388  8006  8689 D Robocol : no packet received: NullPointerException
01-05 20:08:09.388  8006  8689 D Robocol : no packet received: NullPointerException
01-05 20:08:09.388  8006  8689 D Robocol : no packet received: NullPointerException
01-05 20:08:09.389  8006  8689 D Robocol : no packet received: NullPointerException
01-05 20:08:09.389  8006  8689 D Robocol : no packet received: NullPointerException
01-05 20:08:09.389  8006  8689 D Robocol : no packet received: NullPointerException
01-05 20:08:09.390  8006  8689 D Robocol : no packet received: NullPointerException
01-05 20:08:09.390  8006  8689 D Robocol : no packet received: NullPointerException
01-05 20:08:09.390  8006  8689 D Robocol : no packet received: NullPointerException
01-05 20:08:09.390  8006  8689 D Robocol : no packet received: NullPointerException
01-05 20:08:09.391  8006  8689 D Robocol : no packet received: NullPointerException
01-05 20:08:09.392  8006  8689 D Robocol : no packet received: NullPointerException
01-05 20:08:09.392  8006  8689 D Robocol : no packet received: NullPointerException
01-05 20:08:09.397  8006  8689 D Robocol : no packet received: NullPointerException
01-05 20:08:09.398  8006  8689 D Robocol : no packet received: NullPointerException
01-05 20:08:09.402  8006  8006 V RCActivity: onStop()
01-05 20:08:09.402  8006  8006 V RobotCore: executive service robot setup is terminated
01-05 20:08:09.402  8006  8006 V Robocol : EventLoopManager.shutdown()
01-05 20:08:09.402  8006  8006 V RobotCore: waiting for service EventLoop
01-05 20:08:09.402  8006  8717 I FIRST   : ======= TEARDOWN =======
01-05 20:08:09.403  8006  8717 D RobotCore: disarming modern motor controller Modern Robotics USB DC Motor Controller [AL00VBJK]...
01-05 20:08:09.405  8006  8689 D Robocol : no packet received: NullPointerException
01-05 20:08:09.417  8006  8689 D Robocol : no packet received: NullPointerException
01-05 20:08:09.417  8006  8689 D Robocol : no packet received: NullPointerException
01-05 20:08:09.418  8006  8689 D Robocol : no packet received: NullPointerException
01-05 20:08:09.418  8006  8689 D Robocol : no packet received: NullPointerException
01-05 20:08:09.419  8006  8689 D Robocol : no packet received: NullPointerException
01-05 20:08:09.419  8006  8689 D Robocol : no packet received: NullPointerException
01-05 20:08:09.419  8006  8689 D Robocol : no packet received: NullPointerException
01-05 20:08:09.420  8006  8689 D Robocol : no packet received: NullPointerException
01-05 20:08:09.420  8006  8689 D Robocol : no packet received: NullPointerException
01-05 20:08:09.420  8006  8689 D Robocol : no packet received: NullPointerException
01-05 20:08:09.421  8006  8689 D Robocol : no packet received: NullPointerException
01-05 20:08:09.421  8006  8689 D Robocol : no packet received: NullPointerException
01-05 20:08:09.421  8006  8689 D Robocol : no packet received: NullPointerException
01-05 20:08:09.422  8006  8689 D Robocol : no packet received: NullPointerException
01-05 20:08:09.422  8006  8689 D Robocol : no packet received: NullPointerException
01-05 20:08:09.422  8006  8689 D Robocol : no packet received: NullPointerException
01-05 20:08:09.422  8006  8689 D Robocol : no packet received: NullPointerException
01-05 20:08:09.422  8006  8689 D Robocol : no packet received: NullPointerException
01-05 20:08:09.422  8006  8689 D Robocol : no packet received: NullPointerException
01-05 20:08:09.423  8006  8689 D Robocol : no packet received: NullPointerException
01-05 20:08:09.423  8006  8689 D Robocol : no packet received: NullPointerException
01-05 20:08:09.423  8006  8689 D Robocol : no packet received: NullPointerException
01-05 20:08:09.423  8006  8689 D Robocol : no packet received: NullPointerException
01-05 20:08:09.424  8006  8689 D Robocol : no packet received: NullPointerException
01-05 20:08:09.424  8006  8689 D Robocol : no packet received: NullPointerException
01-05 20:08:09.424  8006  8689 D Robocol : no packet received: NullPointerException
01-05 20:08:09.424  8006  8689 D Robocol : no packet received: NullPointerException
01-05 20:08:09.424  8006  8689 D Robocol : no packet received: NullPointerException
01-05 20:08:09.425  8006  8689 D Robocol : no packet received: NullPointerException
01-05 20:08:09.425  8006  8689 D Robocol : no packet received: NullPointerException
01-05 20:08:09.431  8006  8689 D Robocol : no packet received: NullPointerException
01-05 20:08:09.432  8006  8689 D Robocol : no packet received: NullPointerException
01-05 20:08:09.433  8006  8689 D Robocol : no packet received: NullPointerException
01-05 20:08:09.433  8006  8705 D ProcessRequestThread::: Device has been closed.
01-05 20:08:09.433  8006  8705 W System.err: java.lang.InterruptedException
01-05 20:08:09.433  8006  8705 W System.err: 	at java.util.concurrent.locks.AbstractQueuedSynchronizer.doAcquireSharedInterruptibly(AbstractQueuedSynchronizer.java:972)
01-05 20:08:09.433  8006  8705 W System.err: 	at java.util.concurrent.locks.AbstractQueuedSynchronizer.acquireSharedInterruptibly(AbstractQueuedSynchronizer.java:1278)
01-05 20:08:09.433  8006  8705 W System.err: 	at java.util.concurrent.Semaphore.acquire(Semaphore.java:284)
01-05 20:08:09.433  8006  8705 W System.err: 	at com.ftdi.j2xx.ProcessInCtrl.acquireReadableBuffer(FT_Device.java:2294)
01-05 20:08:09.433  8006  8705 W System.err: 	at com.ftdi.j2xx.ProcessRequestWorker.run(FT_Device.java:2764)
01-05 20:08:09.433  8006  8705 W System.err: 	at java.lang.Thread.run(Thread.java:818)
01-05 20:08:09.433  8006  8689 D Robocol : no packet received: NullPointerException
01-05 20:08:09.433  8006  8706 D UsbDeviceConnectionJNI: close
01-05 20:08:09.434  8006  8706 V RobotCore: thread: ...terminating 'r/w loop: Modern Robotics USB DC Motor Controller [AL00VBJK]'
01-05 20:08:09.434  8006  8689 D Robocol : no packet received: NullPointerException
01-05 20:08:09.434  8006  8704 D BulkIn::: Stop BulkIn thread
01-05 20:08:09.434  8006  8704 W System.err: java.lang.NullPointerException: Attempt to invoke virtual method 'int com.ftdi.j2xx.D2xxManager$DriverParameters.getBufferNumber()' on a null object reference
01-05 20:08:09.434  8006  8689 D Robocol : no packet received: NullPointerException
01-05 20:08:09.434  8006  8704 W System.err: 	at com.ftdi.j2xx.ProcessInCtrl.releaseWritableBuffers(FT_Device.java:2672)
01-05 20:08:09.434  8006  8704 W System.err: 	at com.ftdi.j2xx.BulkInWorker.run(FT_Device.java:2879)
01-05 20:08:09.434  8006  8704 W System.err: 	at java.lang.Thread.run(Thread.java:818)
01-05 20:08:09.434  8006  8689 D Robocol : no packet received: NullPointerException
01-05 20:08:09.435  8006  8689 D Robocol : no packet received: NullPointerException
01-05 20:08:09.435  8006  8717 V RobotCore: executive service ReadWriteRunnable for Modern Robotics USB Device is terminated
01-05 20:08:09.435  8006  8717 D RobotCore: ...disarming modern motor controller Modern Robotics USB DC Motor Controller [AL00VBJK] complete
01-05 20:08:09.435  8006  8717 D RobotCore: disarming modern motor controller Modern Robotics USB DC Motor Controller [AL00VS98]...
01-05 20:08:09.436  8006  8689 D Robocol : no packet received: NullPointerException
01-05 20:08:09.437  8006  8689 D Robocol : no packet received: NullPointerException
01-05 20:08:09.438  8006  8689 D Robocol : no packet received: NullPointerException
01-05 20:08:09.439  8006  8689 D Robocol : no packet received: NullPointerException
01-05 20:08:09.440  8006  8689 D Robocol : no packet received: NullPointerException
01-05 20:08:09.440  8006  8689 D Robocol : no packet received: NullPointerException
01-05 20:08:09.440  8006  8689 D Robocol : no packet received: NullPointerException
01-05 20:08:09.441  8006  8689 D Robocol : no packet received: NullPointerException
01-05 20:08:09.441  8006  8689 D Robocol : no packet received: NullPointerException
01-05 20:08:09.441  8006  8689 D Robocol : no packet received: NullPointerException
01-05 20:08:09.442  8006  8689 D Robocol : no packet received: NullPointerException
01-05 20:08:09.445  8006  8689 D Robocol : no packet received: NullPointerException
01-05 20:08:09.446  8006  8689 D Robocol : no packet received: NullPointerException
01-05 20:08:09.446  8006  8689 D Robocol : no packet received: NullPointerException
01-05 20:08:09.446  8006  8689 D Robocol : no packet received: NullPointerException
01-05 20:08:09.448  8006  8689 D Robocol : no packet received: NullPointerException
01-05 20:08:09.449  8006  8689 D Robocol : no packet received: NullPointerException
01-05 20:08:09.449  8006  8689 D Robocol : no packet received: NullPointerException
01-05 20:08:09.449  8006  8689 D Robocol : no packet received: NullPointerException
01-05 20:08:09.449  8006  8689 D Robocol : no packet received: NullPointerException
01-05 20:08:09.450  8006  8689 D Robocol : no packet received: NullPointerException
01-05 20:08:09.450  8006  8689 D Robocol : no packet received: NullPointerException
01-05 20:08:09.450  8006  8689 D Robocol : no packet received: NullPointerException
01-05 20:08:09.450  8006  8689 D Robocol : no packet received: NullPointerException
01-05 20:08:09.451  8006  8689 D Robocol : no packet received: NullPointerException
01-05 20:08:09.451  8006  8689 D Robocol : no packet received: NullPointerException
01-05 20:08:09.451  8006  8689 D Robocol : no packet received: NullPointerException
01-05 20:08:09.451  8006  8689 D Robocol : no packet received: NullPointerException
01-05 20:08:09.451  8006  8689 D Robocol : no packet received: NullPointerException
01-05 20:08:09.452  8006  8689 D Robocol : no packet received: NullPointerException
01-05 20:08:09.452  8006  8689 D Robocol : no packet received: NullPointerException
01-05 20:08:09.452  8006  8689 D Robocol : no packet received: NullPointerException
01-05 20:08:09.452  8006  8689 D Robocol : no packet received: NullPointerException
01-05 20:08:09.452  8006  8689 D Robocol : no packet received: NullPointerException
01-05 20:08:09.452  8006  8689 D Robocol : no packet received: NullPointerException
01-05 20:08:09.452  8006  8689 D Robocol : no packet received: NullPointerException
01-05 20:08:09.453  8006  8689 D Robocol : no packet received: NullPointerException
01-05 20:08:09.453  8006  8689 D Robocol : no packet received: NullPointerException
01-05 20:08:09.453  8006  8689 D Robocol : no packet received: NullPointerException
01-05 20:08:09.453  8006  8689 D Robocol : no packet received: NullPointerException
01-05 20:08:09.453  8006  8689 D Robocol : no packet received: NullPointerException
01-05 20:08:09.453  8006  8689 D Robocol : no packet received: NullPointerException
01-05 20:08:09.453  8006  8689 D Robocol : no packet received: NullPointerException
01-05 20:08:09.453  8006  8689 D Robocol : no packet received: NullPointerException
01-05 20:08:09.454  8006  8689 D Robocol : no packet received: NullPointerException
01-05 20:08:09.454  8006  8689 D Robocol : no packet received: NullPointerException
01-05 20:08:09.454  8006  8689 D Robocol : no packet received: NullPointerException
01-05 20:08:09.454  8006  8689 D Robocol : no packet received: NullPointerException
01-05 20:08:09.454  8006  8689 D Robocol : no packet received: NullPointerException
01-05 20:08:09.454  8006  8689 D Robocol : no packet received: NullPointerException
01-05 20:08:09.457  8006  8689 D Robocol : no packet received: NullPointerException
01-05 20:08:09.459  8006  8689 D Robocol : no packet received: NullPointerException
01-05 20:08:09.460  8006  8689 D Robocol : no packet received: NullPointerException
01-05 20:08:09.460  8006  8689 D Robocol : no packet received: NullPointerException
01-05 20:08:09.462  8006  8689 D Robocol : no packet received: NullPointerException
01-05 20:08:09.462  8006  8711 D ProcessRequestThread::: Device has been closed.
01-05 20:08:09.462  8006  8711 W System.err: java.lang.InterruptedException
01-05 20:08:09.462  8006  8689 D Robocol : no packet received: NullPointerException
