01-02 14:17:11.765   315   692 D ACDB-LOADER: ACDB -> AUDIO_SET_AFE_CAL
01-02 14:17:11.765   315   692 D ACDB-LOADER: ACDB -> send_hw_delay : acdb_id = 15 path = 0
01-02 14:17:11.765   315   692 D ACDB-LOADER: ACDB -> ACDB_AVSYNC_INFO: ACDB_CMD_GET_DEVICE_PROPERTY
01-02 14:17:11.765   315   692 I audio_hw_utils: audio_extn_utils_send_app_type_cfg app_type 69936, acdb_dev_id 15, sample_rate 48000
01-02 14:17:11.766   315   692 D audio_hw_primary: select_devices: done
01-02 14:17:11.853 13307 13475 I chatty  : uid=10125(ps) expire 1 line
01-02 14:17:12.296 13307 13484 I chatty  : uid=10125(ps) expire 3 lines
01-02 14:17:12.765 13307 13493 I chatty  : uid=10125(ps) expire 1 line
01-02 14:17:13.199 13307 13504 I chatty  : uid=10125(ps) expire 1 line
01-02 14:17:13.692 13307 13513 I chatty  : uid=10125(ps) expire 1 line
01-02 14:17:14.171 13307 13522 I chatty  : uid=10125(ps) expire 1 line
01-02 14:17:14.261 13307 13523 I chatty  : uid=10125(ps) expire 4 lines
01-02 14:17:14.272   315 13527 D ExtendedUtils: extended extractor not needed, return default
01-02 14:17:14.273   315 13524 D NuPlayerDriver: notifyListener_l(0xb8e90110), (1, 0, 0)
01-02 14:17:14.280   315  3047 D NuPlayerDriver: reset(0xb8e90110)
01-02 14:17:14.280   315  3047 D NuPlayerDriver: notifyListener_l(0xb8e90110), (8, 0, 0)
01-02 14:17:14.281   315 13524 W AMessage: failed to post message as target looper for handler 0 is gone.
01-02 14:17:14.281   315 13524 D NuPlayerDriver: notifyResetComplete(0xb8e90110)
01-02 14:17:14.295 13307 13531 I chatty  : uid=10125(ps) expire 9 lines
01-02 14:17:14.352   315   692 D audio_hw_primary: out_set_parameters: enter: usecase(1: low-latency-playback) kvpairs: routing=2
01-02 14:17:14.353   315   692 V msm8916_platform: platform_get_output_snd_device: enter: output devices(0x2)
01-02 14:17:14.353   315   692 V msm8916_platform: platform_get_output_snd_device: exit: snd_device(speaker)
01-02 14:17:14.353   315   692 D audio_hw_extn: audio_extn_set_anc_parameters: anc_enabled:0
01-02 14:17:14.353   315   692 E soundtrigger: audio_extn_sound_trigger_set_parameters: str_params NULL
01-02 14:17:14.389   315   692 D AudioFlinger: mixer(0xb4319008) throttle end: throttle time(4)
01-02 14:17:16.135   293   293 I SFPerfTracer:      triggers: (rate: 9:458) (compose: 0:8) (post: 0:4) (render: 1:20) (0:2486 frames) (1:22289)
01-02 14:17:16.135   293   293 D SFPerfTracer:        layers: (1:13) (FocusedStackFrame (0xb8572638): 0:97)* (StatusBar (0xb85c89f0): 0:828)* (com.android.systemui.ImageWallpaper (0xb85fd310): 0:91)* (NavigationBar (0xb85f2408): 0:602)* (DimLayer (0xb861a010): 0:171)* (DimLayer (0xb8604770): 0:16)* (Toast (0xb85ff7f0): 0:64)- (com.google.android.googlequicksearchbox/com.google.android.launcher.GEL (0xb861f580): 0:4)- (com.android.systemui/com.android.systemui.usb.UsbPermissionActivity (0xb861bf48): 0:30)- (Starting com.qualcomm.ftcrobotcontroller (0xb85ff7f0): 0:40)- (com.qualcomm.ftcrobotcontroller/org.firstinspires.ftc.robotcontroller.internal.FtcRobotControllerActivity (0xb861f580): 1:15) 
01-02 14:17:16.550   293   635 I SFPerfTracer:      triggers: (rate: 0:2) (0 sw vsyncs) (0 skipped) (0:2954 vsyncs) (1:22832)
01-02 14:17:18.363   315   692 D audio_hw_primary: out_standby: enter: stream (0xb8d6ac48) usecase(1: low-latency-playback)
01-02 14:17:18.472   315   692 D hardware_info: hw_info_append_hw_type : device_name = speaker
01-02 14:17:26.405 13307 13313 I chatty  : uid=10125(ps) expire 9 lines
01-02 14:17:29.335 12662 12662 I GrammarCompilationSvcCt: #startService for null, APP_NAMES.
01-02 14:17:29.363 12662 13742 I ContextCompilationHandl: Compiling grammar for: en-US, type=APP_NAMES
01-02 14:17:29.368   293   293 I SFPerfTracer:      triggers: (rate: 9:458) (compose: 0:8) (post: 0:4) (render: 1:20) (0:2486 frames) (1:22389)
01-02 14:17:29.368   293   293 D SFPerfTracer:        layers: (1:9) (FocusedStackFrame (0xb8572638): 0:97)* (StatusBar (0xb85c89f0): 0:828)* (com.android.systemui.ImageWallpaper (0xb85fd310): 0:91)* (NavigationBar (0xb85f2408): 0:602)* (DimLayer (0xb861a010): 0:171)* (DimLayer (0xb8604770): 0:16)* (com.qualcomm.ftcrobotcontroller/org.firstinspires.ftc.robotcontroller.internal.FtcRobotControllerActivity (0xb861f580): 1:65) 
01-02 14:17:29.466  1693  3359 I ActivityManager: Start proc 13749:android.process.acore/u0a22 for content provider com.android.providers.contacts/.ContactsProvider2
01-02 14:17:29.508 13749 13749 W System  : ClassLoader referenced unknown path: /system/priv-app/ContactsProvider/lib/arm
01-02 14:17:29.556  4359  5500 I Icing   : Query from com.google.android.googlequicksearchbox package restrict com.google.android.googlequicksearchbox start 0 num 1000
01-02 14:17:29.558  4359  4801 I Icing   : Usage reports 0 indexed 0 rejected 0 imm upload true
01-02 14:17:29.569  4359  4801 I Icing   : Usage reports 0 indexed 0 rejected 0 imm upload true
01-02 14:17:29.585 13749 13749 W System  : ClassLoader referenced unknown path: /system/app/UserDictionaryProvider/lib/arm
01-02 14:17:29.622 13749 13762 I ContactLocale: AddressBook Labels [en-US]: [, A, B, C, D, E, F, G, H, I, J, K, L, M, N, O, P, Q, R, S, T, U, V, W, X, Y, Z, , , , , , , , , , , , , , , , , , , , , , , , , , , , , , , , , , , , , , , , , , , , , , , , , , , , , , , , , , , , , , , , , , , , , , , , , , , , , , , , , , , , , , , , , , , , , , , , , , , , , , , , , , , , , , , , , , , , , , , , , , , , , , , , , , , , , , , , , , , , , , , , , , , , , , , , , , , , , , , , , , , , , , , , , , , , , , , , , , , , , , , , , , , #, ]
01-02 14:17:29.639 12662 13742 I ContextCompilationHandl: Recognition context unchanged for APP_NAMES en-US
01-02 14:17:29.714  4359 13748 W IcingInternalCorpora: getNumBytesRead when not calculated.
01-02 14:17:29.884   293   635 I SFPerfTracer:      triggers: (rate: 0:2) (0 sw vsyncs) (0 skipped) (0:2954 vsyncs) (1:22933)
01-02 14:17:42.386   293   293 I SFPerfTracer:      triggers: (rate: 9:458) (compose: 0:8) (post: 0:4) (render: 1:20) (0:2486 frames) (1:22489)
01-02 14:17:42.387   293   293 D SFPerfTracer:        layers: (1:9) (FocusedStackFrame (0xb8572638): 0:97)* (StatusBar (0xb85c89f0): 0:828)* (com.android.systemui.ImageWallpaper (0xb85fd310): 0:91)* (NavigationBar (0xb85f2408): 0:602)* (DimLayer (0xb861a010): 0:171)* (DimLayer (0xb8604770): 0:16)* (com.qualcomm.ftcrobotcontroller/org.firstinspires.ftc.robotcontroller.internal.FtcRobotControllerActivity (0xb861f580): 1:115) 
01-02 14:17:43.151   293   635 I SFPerfTracer:      triggers: (rate: 0:2) (0 sw vsyncs) (0 skipped) (0:2954 vsyncs) (1:23034)
01-02 14:17:55.585   293   293 I SFPerfTracer:      triggers: (rate: 9:458) (compose: 0:8) (post: 0:4) (render: 1:20) (0:2486 frames) (1:22589)
01-02 14:17:55.585   293   293 D SFPerfTracer:        layers: (1:9) (FocusedStackFrame (0xb8572638): 0:97)* (StatusBar (0xb85c89f0): 0:828)* (com.android.systemui.ImageWallpaper (0xb85fd310): 0:91)* (NavigationBar (0xb85f2408): 0:602)* (DimLayer (0xb861a010): 0:171)* (DimLayer (0xb8604770): 0:16)* (com.qualcomm.ftcrobotcontroller/org.firstinspires.ftc.robotcontroller.internal.FtcRobotControllerActivity (0xb861f580): 1:165) 
01-02 14:17:56.434   293   635 I SFPerfTracer:      triggers: (rate: 0:2) (0 sw vsyncs) (0 skipped) (0:2954 vsyncs) (1:23135)
01-02 14:18:00.001  1693  2599 V AlarmManager: sending alarm {dd9562f type 3 *alarm*:android.intent.action.TIME_TICK}
01-02 14:18:00.003  2762  2762 D KeyguardUpdateMonitor: received broadcast android.intent.action.TIME_TICK
01-02 14:18:00.003  2762  2762 D KeyguardUpdateMonitor: handleTimeUpdate
01-02 14:18:00.006  1693  1693 I ActivityManager: Killing 11199:com.google.process.gapps/u0a36 (adj 15): empty #7
01-02 14:18:00.057  1693  5435 D ActivityManager: cleanUpApplicationRecord -- 11199
01-02 14:18:00.123  1693  1693 V AlarmManager: done {dd9562f, *alarm*:android.intent.action.TIME_TICK} [122ms]
01-02 14:18:04.550  2762  2762 D KeyguardUpdateMonitor: received broadcast android.intent.action.BATTERY_CHANGED
01-02 14:18:04.553  2762  2762 D KeyguardUpdateMonitor: handleBatteryUpdate
01-02 14:18:04.666  2762  2762 D KeyguardUpdateMonitor: received broadcast android.intent.action.BATTERY_CHANGED
01-02 14:18:04.666  2762  2762 D KeyguardUpdateMonitor: handleBatteryUpdate
01-02 14:18:07.835   293   293 I SFPerfTracer:      triggers: (rate: 9:460) (compose: 0:8) (post: 0:4) (render: 1:20) (0:2491 frames) (1:22689)
01-02 14:18:07.836   293   293 D SFPerfTracer:        layers: (1:9) (FocusedStackFrame (0xb8572638): 0:97)* (StatusBar (0xb85c89f0): 0:833)* (com.android.systemui.ImageWallpaper (0xb85fd310): 0:91)* (NavigationBar (0xb85f2408): 0:602)* (DimLayer (0xb861a010): 0:171)* (DimLayer (0xb8604770): 0:16)* (com.qualcomm.ftcrobotcontroller/org.firstinspires.ftc.robotcontroller.internal.FtcRobotControllerActivity (0xb861f580): 1:212) 
01-02 14:18:08.851   293   635 I SFPerfTracer:      triggers: (rate: 0:2) (0 sw vsyncs) (0 skipped) (0:2955 vsyncs) (1:23236)
01-02 14:18:20.803   293   293 I SFPerfTracer:      triggers: (rate: 9:460) (compose: 0:8) (post: 0:4) (render: 1:20) (0:2491 frames) (1:22789)
01-02 14:18:20.803   293   293 D SFPerfTracer:        layers: (1:9) (FocusedStackFrame (0xb8572638): 0:97)* (StatusBar (0xb85c89f0): 0:833)* (com.android.systemui.ImageWallpaper (0xb85fd310): 0:91)* (NavigationBar (0xb85f2408): 0:602)* (DimLayer (0xb861a010): 0:171)* (DimLayer (0xb8604770): 0:16)* (com.qualcomm.ftcrobotcontroller/org.firstinspires.ftc.robotcontroller.internal.FtcRobotControllerActivity (0xb861f580): 1:262) 
01-02 14:18:21.835   293   635 I SFPerfTracer:      triggers: (rate: 0:2) (0 sw vsyncs) (0 skipped) (0:2955 vsyncs) (1:23337)
01-02 14:18:29.770 13307 13317 I chatty  : uid=10125(ps) expire 1 line
01-02 14:18:33.819   293   293 I SFPerfTracer:      triggers: (rate: 9:460) (compose: 0:8) (post: 0:4) (render: 1:20) (0:2491 frames) (1:22889)
01-02 14:18:33.819   293   293 D SFPerfTracer:        layers: (1:9) (FocusedStackFrame (0xb8572638): 0:97)* (StatusBar (0xb85c89f0): 0:833)* (com.android.systemui.ImageWallpaper (0xb85fd310): 0:91)* (NavigationBar (0xb85f2408): 0:602)* (DimLayer (0xb861a010): 0:171)* (DimLayer (0xb8604770): 0:16)* (com.qualcomm.ftcrobotcontroller/org.firstinspires.ftc.robotcontroller.internal.FtcRobotControllerActivity (0xb861f580): 1:312) 
01-02 14:18:35.019   293   635 I SFPerfTracer:      triggers: (rate: 0:2) (0 sw vsyncs) (0 skipped) (0:2955 vsyncs) (1:23438)
01-02 14:18:46.753   293   293 I SFPerfTracer:      triggers: (rate: 9:460) (compose: 0:8) (post: 0:4) (render: 1:20) (0:2491 frames) (1:22989)
01-02 14:18:46.753   293   293 D SFPerfTracer:        layers: (1:9) (FocusedStackFrame (0xb8572638): 0:97)* (StatusBar (0xb85c89f0): 0:833)* (com.android.systemui.ImageWallpaper (0xb85fd310): 0:91)* (NavigationBar (0xb85f2408): 0:602)* (DimLayer (0xb861a010): 0:171)* (DimLayer (0xb8604770): 0:16)* (com.qualcomm.ftcrobotcontroller/org.firstinspires.ftc.robotcontroller.internal.FtcRobotControllerActivity (0xb861f580): 1:362) 
01-02 14:18:48.019   293   635 I SFPerfTracer:      triggers: (rate: 0:2) (0 sw vsyncs) (0 skipped) (0:2955 vsyncs) (1:23539)
01-02 14:18:59.771   293   293 I SFPerfTracer:      triggers: (rate: 9:460) (compose: 0:8) (post: 0:4) (render: 1:20) (0:2491 frames) (1:23089)
01-02 14:18:59.772   293   293 D SFPerfTracer:        layers: (1:9) (FocusedStackFrame (0xb8572638): 0:97)* (StatusBar (0xb85c89f0): 0:833)* (com.android.systemui.ImageWallpaper (0xb85fd310): 0:91)* (NavigationBar (0xb85f2408): 0:602)* (DimLayer (0xb861a010): 0:171)* (DimLayer (0xb8604770): 0:16)* (com.qualcomm.ftcrobotcontroller/org.firstinspires.ftc.robotcontroller.internal.FtcRobotControllerActivity (0xb861f580): 1:412) 
01-02 14:19:00.000  1693  2599 V AlarmManager: sending alarm {dd9562f type 3 *alarm*:android.intent.action.TIME_TICK}
01-02 14:19:00.003  2762  2762 D KeyguardUpdateMonitor: received broadcast android.intent.action.TIME_TICK
01-02 14:19:00.004  2762  2762 D KeyguardUpdateMonitor: handleTimeUpdate
01-02 14:19:00.056  1693  1693 V AlarmManager: done {dd9562f, *alarm*:android.intent.action.TIME_TICK} [55ms]
01-02 14:19:00.736   293   635 I SFPerfTracer:      triggers: (rate: 0:2) (0 sw vsyncs) (0 skipped) (0:2956 vsyncs) (1:23640)
01-02 14:19:04.733  2762  2762 D KeyguardUpdateMonitor: received broadcast android.intent.action.BATTERY_CHANGED
01-02 14:19:04.733  2762  2762 D KeyguardUpdateMonitor: handleBatteryUpdate
01-02 14:19:04.823  2762  2762 D KeyguardUpdateMonitor: received broadcast android.intent.action.BATTERY_CHANGED
01-02 14:19:04.825  2762  2762 D KeyguardUpdateMonitor: handleBatteryUpdate
01-02 14:19:12.156   293   293 I SFPerfTracer:      triggers: (rate: 9:460) (compose: 0:8) (post: 0:4) (render: 1:20) (0:2495 frames) (1:23189)
01-02 14:19:12.157   293   293 D SFPerfTracer:        layers: (1:9) (FocusedStackFrame (0xb8572638): 0:97)* (StatusBar (0xb85c89f0): 0:838)* (com.android.systemui.ImageWallpaper (0xb85fd310): 0:91)* (NavigationBar (0xb85f2408): 0:602)* (DimLayer (0xb861a010): 0:171)* (DimLayer (0xb8604770): 0:16)* (com.qualcomm.ftcrobotcontroller/org.firstinspires.ftc.robotcontroller.internal.FtcRobotControllerActivity (0xb861f580): 1:459) 
01-02 14:19:13.839   293   635 I SFPerfTracer:      triggers: (rate: 0:2) (0 sw vsyncs) (0 skipped) (0:2956 vsyncs) (1:23741)
01-02 14:19:25.361   293   293 I SFPerfTracer:      triggers: (rate: 9:460) (compose: 0:8) (post: 0:4) (render: 1:20) (0:2495 frames) (1:23289)
01-02 14:19:25.361   293   293 D SFPerfTracer:        layers: (1:9) (FocusedStackFrame (0xb8572638): 0:97)* (StatusBar (0xb85c89f0): 0:838)* (com.android.systemui.ImageWallpaper (0xb85fd310): 0:91)* (NavigationBar (0xb85f2408): 0:602)* (DimLayer (0xb861a010): 0:171)* (DimLayer (0xb8604770): 0:16)* (com.qualcomm.ftcrobotcontroller/org.firstinspires.ftc.robotcontroller.internal.FtcRobotControllerActivity (0xb861f580): 1:509) 
01-02 14:19:27.077   293   635 I SFPerfTracer:      triggers: (rate: 0:2) (0 sw vsyncs) (0 skipped) (0:2956 vsyncs) (1:23842)
01-02 14:19:38.465   293   293 I SFPerfTracer:      triggers: (rate: 9:460) (compose: 0:8) (post: 0:4) (render: 1:20) (0:2495 frames) (1:23389)
01-02 14:19:38.465   293   293 D SFPerfTracer:        layers: (1:9) (FocusedStackFrame (0xb8572638): 0:97)* (StatusBar (0xb85c89f0): 0:838)* (com.android.systemui.ImageWallpaper (0xb85fd310): 0:91)* (NavigationBar (0xb85f2408): 0:602)* (DimLayer (0xb861a010): 0:171)* (DimLayer (0xb8604770): 0:16)* (com.qualcomm.ftcrobotcontroller/org.firstinspires.ftc.robotcontroller.internal.FtcRobotControllerActivity (0xb861f580): 1:559) 
01-02 14:19:40.298   293   635 I SFPerfTracer:      triggers: (rate: 0:2) (0 sw vsyncs) (0 skipped) (0:2956 vsyncs) (1:23943)
01-02 14:19:51.570   293   293 I SFPerfTracer:      triggers: (rate: 9:460) (compose: 0:8) (post: 0:4) (render: 1:20) (0:2495 frames) (1:23489)
01-02 14:19:51.570   293   293 D SFPerfTracer:        layers: (1:9) (FocusedStackFrame (0xb8572638): 0:97)* (StatusBar (0xb85c89f0): 0:838)* (com.android.systemui.ImageWallpaper (0xb85fd310): 0:91)* (NavigationBar (0xb85f2408): 0:602)* (DimLayer (0xb861a010): 0:171)* (DimLayer (0xb8604770): 0:16)* (com.qualcomm.ftcrobotcontroller/org.firstinspires.ftc.robotcontroller.internal.FtcRobotControllerActivity (0xb861f580): 1:609) 
01-02 14:19:53.602   293   635 I SFPerfTracer:      triggers: (rate: 0:2) (0 sw vsyncs) (0 skipped) (0:2956 vsyncs) (1:24044)
01-02 14:20:00.000  1693  2599 V AlarmManager: sending alarm {dd9562f type 3 *alarm*:android.intent.action.TIME_TICK}
01-02 14:20:00.003  2762  2762 D KeyguardUpdateMonitor: received broadcast android.intent.action.TIME_TICK
01-02 14:20:00.003  2762  2762 D KeyguardUpdateMonitor: handleTimeUpdate
01-02 14:20:00.059  1693  1693 V AlarmManager: done {dd9562f, *alarm*:android.intent.action.TIME_TICK} [59ms]
01-02 14:20:03.843 15897 15897 I chatty  : uid=2000(shell) expire 361 lines
01-02 14:20:04.794   293   293 I SFPerfTracer:      triggers: (rate: 9:460) (compose: 0:8) (post: 0:4) (render: 1:20) (0:2497 frames) (1:23589)
01-02 14:20:04.795   293   293 D SFPerfTracer:        layers: (1:9) (FocusedStackFrame (0xb8572638): 0:97)* (StatusBar (0xb85c89f0): 0:841)* (com.android.systemui.ImageWallpaper (0xb85fd310): 0:91)* (NavigationBar (0xb85f2408): 0:602)* (DimLayer (0xb861a010): 0:171)* (DimLayer (0xb8604770): 0:16)* (com.qualcomm.ftcrobotcontroller/org.firstinspires.ftc.robotcontroller.internal.FtcRobotControllerActivity (0xb861f580): 0:657) 
01-02 14:20:04.927  2762  2762 D KeyguardUpdateMonitor: received broadcast android.intent.action.BATTERY_CHANGED
01-02 14:20:04.930  2762  2762 D KeyguardUpdateMonitor: handleBatteryUpdate
01-02 14:20:04.982  2762  2762 D KeyguardUpdateMonitor: received broadcast android.intent.action.BATTERY_CHANGED
01-02 14:20:04.983  2762  2762 D KeyguardUpdateMonitor: handleBatteryUpdate
01-02 14:20:06.637   293   635 I SFPerfTracer:      triggers: (rate: 0:2) (0 sw vsyncs) (0 skipped) (0:2957 vsyncs) (1:24145)
01-02 14:20:13.620  2762  2762 D KeyguardUpdateMonitor: received broadcast android.intent.action.BATTERY_CHANGED
01-02 14:20:13.632  2762  2762 D KeyguardUpdateMonitor: handleBatteryUpdate
01-02 14:20:13.810 16044 16044 I chatty  : uid=2000(shell) expire 272 lines
01-02 14:20:17.570   293   293 I SFPerfTracer:      triggers: (rate: 9:460) (compose: 0:8) (post: 0:4) (render: 1:20) (0:2500 frames) (1:23689)
01-02 14:20:17.570   293   293 D SFPerfTracer:        layers: (1:9) (FocusedStackFrame (0xb8572638): 0:97)* (StatusBar (0xb85c89f0): 0:844)* (com.android.systemui.ImageWallpaper (0xb85fd310): 0:91)* (NavigationBar (0xb85f2408): 0:602)* (DimLayer (0xb861a010): 0:171)* (DimLayer (0xb8604770): 0:16)* (com.qualcomm.ftcrobotcontroller/org.firstinspires.ftc.robotcontroller.internal.FtcRobotControllerActivity (0xb861f580): 1:706) 
01-02 14:20:19.786   293   635 I SFPerfTracer:      triggers: (rate: 0:2) (0 sw vsyncs) (0 skipped) (0:2957 vsyncs) (1:24246)
01-02 14:20:26.105 16231 16231 I chatty  : uid=2000(shell) expire 322 lines
01-02 14:20:26.294  1693  1740 I ActivityManager: Start proc 16255:com.android.defcontainer/u0a28 for service com.android.defcontainer/.DefaultContainerService
01-02 14:20:26.369 12432 12432 I Finsky  : [1] com.google.android.vending.verifier.PackageVerificationReceiver.onReceive(1106): Skipping verification because network inactive
01-02 14:20:26.387 16255 16266 D DefContainer: Copying /data/local/tmp/com.qualcomm.ftcrobotcontroller to base.apk
01-02 14:20:26.417  1693  3046 I ActivityManager: Start proc 16269:com.google.process.gapps/u0a36 for content provider com.google.android.gsf/.gservices.GservicesProvider
01-02 14:20:26.472 16269 16269 W System  : ClassLoader referenced unknown path: /system/priv-app/GoogleServicesFramework/lib/arm
01-02 14:20:26.482 16269 16269 I GservicesProvider: Gservices pushing to system: true; secure/global: true
01-02 14:20:26.562 16269 16269 I GoogleHttpClient: GMS http client unavailable, use old client
01-02 14:20:28.161  1693  1740 I PackageManager.DexOptimizer: Running dexopt (dex2oat) on: /data/app/vmdl1013843164.tmp/base.apk pkg=com.qualcomm.ftcrobotcontroller isa=arm vmSafeMode=false debuggable=true oatDir = /data/app/vmdl1013843164.tmp/oat bootComplete=true
01-02 14:20:28.216 16309 16309 I dex2oat : /system/bin/dex2oat --debuggable
01-02 14:20:30.555   293   293 I SFPerfTracer:      triggers: (rate: 9:460) (compose: 0:8) (post: 0:4) (render: 1:20) (0:2500 frames) (1:23789)
01-02 14:20:30.555   293   293 D SFPerfTracer:        layers: (1:9) (FocusedStackFrame (0xb8572638): 0:97)* (StatusBar (0xb85c89f0): 0:844)* (com.android.systemui.ImageWallpaper (0xb85fd310): 0:91)* (NavigationBar (0xb85f2408): 0:602)* (DimLayer (0xb861a010): 0:171)* (DimLayer (0xb8604770): 0:16)* (com.qualcomm.ftcrobotcontroller/org.firstinspires.ftc.robotcontroller.internal.FtcRobotControllerActivity (0xb861f580): 1:756) 
01-02 14:20:32.248 16309 16309 I dex2oat : dex2oat took 4.024s (threads: 4) arena alloc=618KB java alloc=1868KB native alloc=11MB free=2MB
01-02 14:20:32.272  1693  1728 I ActivityManager: Force stopping com.qualcomm.ftcrobotcontroller appid=10125 user=-1: uninstall pkg
01-02 14:20:32.272  1693  1728 I ActivityManager: Killing 13307:com.qualcomm.ftcrobotcontroller/u0a125 (adj 0): stop com.qualcomm.ftcrobotcontroller
01-02 14:20:32.273  1693  1728 I libprocessgroup: Killing pid 13335 in uid 10125 as part of process group 13307
01-02 14:20:32.273  1693  1728 I libprocessgroup: Killing pid 13337 in uid 10125 as part of process group 13307
01-02 14:20:32.301  1693  2754 D WifiService: releaseWifiLockLocked: WifiLock{ type=3 binder=android.os.BinderProxy@89b09c4}
01-02 14:20:32.301  1693  2754 I WindowState: WIN DEATH: Window{cfcd5c u0 com.qualcomm.ftcrobotcontroller/org.firstinspires.ftc.robotcontroller.internal.FtcRobotControllerActivity}
01-02 14:20:32.302  1693  3357 D GraphicsStats: Buffer count: 3
01-02 14:20:32.302  1693  3357 D ConnectivityService: ConnectivityService NetworkRequestInfo binderDied(NetworkRequest [ id=34, legacyType=-1, [ Capabilities: INTERNET&NOT_RESTRICTED&TRUSTED] ], android.os.BinderProxy@ab4b38f)
01-02 14:20:32.302  1693  2761 D ConnectivityService: ConnectivityService NetworkRequestInfo binderDied(NetworkRequest [ id=35, legacyType=-1, [ Capabilities: INTERNET&NOT_RESTRICTED&TRUSTED] ], android.os.BinderProxy@aedc2ee)
01-02 14:20:32.302  1693  2703 D ConnectivityService: releasing NetworkRequest NetworkRequest [ id=34, legacyType=-1, [ Capabilities: INTERNET&NOT_RESTRICTED&TRUSTED] ]
01-02 14:20:32.302  1693  2702 D WifiService: Client connection lost with reason: 4
01-02 14:20:32.303  1693  2703 E ConnectivityService: RemoteException caught trying to send a callback msg for NetworkRequest [ id=34, legacyType=-1, [ Capabilities: INTERNET&NOT_RESTRICTED&TRUSTED] ]
01-02 14:20:32.303  1693  2703 D ConnectivityService: releasing NetworkRequest NetworkRequest [ id=35, legacyType=-1, [ Capabilities: INTERNET&NOT_RESTRICTED&TRUSTED] ]
01-02 14:20:32.304  1693  2703 E ConnectivityService: RemoteException caught trying to send a callback msg for NetworkRequest [ id=35, legacyType=-1, [ Capabilities: INTERNET&NOT_RESTRICTED&TRUSTED] ]
01-02 14:20:32.310  1693  1728 D ActivityManager: cleanUpApplicationRecord -- 13307
01-02 14:20:32.310  1693  1728 W ActivityManager: Force removing ActivityRecord{9c83ace u0 com.qualcomm.ftcrobotcontroller/org.firstinspires.ftc.robotcontroller.internal.FtcRobotControllerActivity t206}: app died, no saved state
01-02 14:20:32.422  1693  1740 I PackageManager: Package com.qualcomm.ftcrobotcontroller codePath changed from /data/app/com.qualcomm.ftcrobotcontroller-1 to /data/app/com.qualcomm.ftcrobotcontroller-2; Retaining data and using new
01-02 14:20:32.423  3325  6105 D ProcSpeedReader: Failed to read freq stats from null
01-02 14:20:32.424  1693  1740 W PackageManager: Code path for com.qualcomm.ftcrobotcontroller changing from /data/app/com.qualcomm.ftcrobotcontroller-1 to /data/app/com.qualcomm.ftcrobotcontroller-2
01-02 14:20:32.424  1693  1740 W PackageManager: Resource path for com.qualcomm.ftcrobotcontroller changing from /data/app/com.qualcomm.ftcrobotcontroller-1 to /data/app/com.qualcomm.ftcrobotcontroller-2
01-02 14:20:32.428  1693  1710 W ActivityManager: Spurious death for ProcessRecord{89510ad 0:com.qualcomm.ftcrobotcontroller/u0a125}, curProc for 13307: null
01-02 14:20:32.438   293   293 W SurfaceFlinger: couldn't log to binary event log: overflow.
01-02 14:20:32.716  1693  1728 I ActivityManager: Force stopping com.qualcomm.ftcrobotcontroller appid=10125 user=-1: replace pkg
01-02 14:20:32.717  1693  1740 W Settings: Setting install_non_market_apps has moved from android.provider.Settings.Global to android.provider.Settings.Secure, returning read-only value.
01-02 14:20:32.717  1693  1740 I art     : Starting a blocking GC Explicit
01-02 14:20:32.726  1693  1709 I ActivityManager: Killing 12683:com.google.android.apps.photos/u0a111 (adj 15): empty #7
01-02 14:20:32.756  1693  1710 D ConnectivityService: ConnectivityService NetworkRequestInfo binderDied(NetworkRequest [ id=33, legacyType=-1, [ Capabilities: INTERNET&NOT_RESTRICTED&TRUSTED] ], android.os.BinderProxy@522ddd9)
01-02 14:20:32.756  1693  2703 D ConnectivityService: releasing NetworkRequest NetworkRequest [ id=33, legacyType=-1, [ Capabilities: INTERNET&NOT_RESTRICTED&TRUSTED] ]
01-02 14:20:32.757  1693  2703 E ConnectivityService: RemoteException caught trying to send a callback msg for NetworkRequest [ id=33, legacyType=-1, [ Capabilities: INTERNET&NOT_RESTRICTED&TRUSTED] ]
01-02 14:20:32.760  1693  3359 D ActivityManager: cleanUpApplicationRecord -- 12683
01-02 14:20:32.841  1693  1740 I art     : Explicit concurrent mark sweep GC freed 118039(6MB) AllocSpace objects, 30(672KB) LOS objects, 33% free, 20MB/30MB, paused 2.244ms total 123.996ms
01-02 14:20:32.871  1693  1740 W PackageManager: Couldn't remove dex file for package:  at location /data/app/com.qualcomm.ftcrobotcontroller-1/base.apk, retcode=-1
01-02 14:20:32.872  1693  1740 I ActivityManager: Force stopping com.qualcomm.ftcrobotcontroller appid=10125 user=0: pkg removed
01-02 14:20:32.902  1693  1693 D JobSchedulerService: Receieved: android.intent.action.PACKAGE_REMOVED
01-02 14:20:32.929  1693  2601 I InputReader: Reconfiguring input devices.  changes=0x00000010
01-02 14:20:32.931  4359  4366 W SQLiteConnectionPool: A SQLiteConnection object for database '/data/user/0/com.google.android.gms/databases/metrics.db' was leaked!  Please fix your application to end transactions in progress properly and to close the database when it is no longer needed.
01-02 14:20:32.932  4359  4366 W SQLiteConnectionPool: A SQLiteConnection object for database '/data/user/0/com.google.android.gms/databases/help_responses.db' was leaked!  Please fix your application to end transactions in progress properly and to close the database when it is no longer needed.
01-02 14:20:32.932  4359  4366 W SQLiteConnectionPool: A SQLiteConnection object for database '/data/user/0/com.google.android.gms/databases/auto_complete_suggestions.db' was leaked!  Please fix your application to end transactions in progress properly and to close the database when it is no longer needed.
01-02 14:20:32.944  1693  2601 I InputReader: Reconfiguring input devices.  changes=0x00000010
01-02 14:20:32.952  1693  3357 I ActivityManager: Start proc 16383:com.motorola.motodisplay/u0a52 for broadcast com.motorola.motodisplay/.events.EventReceiver
01-02 14:20:32.982  1693  1710 W ActivityManager: Permission Denial: Accessing service ComponentInfo{com.google.android.music/com.google.android.music.dial.DialMediaRouteProviderService} from pid=4359, uid=10036 that is not exported from uid 10108
01-02 14:20:32.984  1693  2601 I InputReader: Reconfiguring input devices.  changes=0x00000010
01-02 14:20:32.986  3352  3352 D CarrierServiceBindHelper: Receive action: android.intent.action.PACKAGE_REMOVED
01-02 14:20:32.995  1693  2754 W ActivityManager: Permission Denial: Accessing service ComponentInfo{com.google.android.music/com.google.android.music.dial.DialMediaRouteProviderService} from pid=4359, uid=10036 that is not exported from uid 10108
01-02 14:20:32.998  1693  1710 W ActivityManager: Permission Denial: Accessing service ComponentInfo{com.google.android.music/com.google.android.music.dial.DialMediaRouteProviderService} from pid=4359, uid=10036 that is not exported from uid 10108
01-02 14:20:33.014 16383 16383 W System  : ClassLoader referenced unknown path: /system/priv-app/MotoDisplay/lib/arm
01-02 14:20:33.052 16383 16383 D MD.MDApplication: Proxy Initialization check Successful
01-02 14:20:33.088  1693  5435 I ActivityManager: Start proc 16398:com.verizon.vzwavs/u0a70 for broadcast com.verizon.vzwavs/.WakeupReceiver
01-02 14:20:33.126  1693  2754 I ActivityManager: Killing 12608:com.vzw.hss.myverizon/u0a11 (adj 15): empty #7
01-02 14:20:33.131  3352  3352 D CarrierServiceBindHelper: Receive action: android.intent.action.PACKAGE_ADDED
01-02 14:20:33.132  3352  3352 D CarrierServiceBindHelper: Receive action: android.intent.action.PACKAGE_REPLACED
01-02 14:20:33.135 16398 16398 W System  : ClassLoader referenced unknown path: /system/priv-app/VzwAVS/lib/arm
01-02 14:20:33.135  3352  3352 D CarrierServiceBindHelper: mHandler: 3
01-02 14:20:33.135  3352  3352 D CarrierServiceBindHelper: mHandler: 3
01-02 14:20:33.135  3352  3352 D CarrierServiceBindHelper: mHandler: 3
01-02 14:20:33.135  3352  3352 D CarrierConfigLoader: mHandler: 9 phoneId: 0
01-02 14:20:33.159  1693  6330 D ActivityManager: cleanUpApplicationRecord -- 12608
01-02 14:20:33.173 16398 16413 V VZWAVSService: android.intent.action.PACKAGE_REMOVED
01-02 14:20:33.173 16398 16413 V VZWAVSService: Extra replacing: true
01-02 14:20:33.174 16398 16413 V VZWAVSService: Extra data removed: false
01-02 14:20:33.174 16398 16413 V VZWAVSService: com.qualcomm.ftcrobotcontroller
01-02 14:20:33.185  1693  3046 I ActivityManager: Start proc 16415:com.android.keychain/1000 for broadcast com.android.keychain/.KeyChainBroadcastReceiver
01-02 14:20:33.187  1693  5435 I ActivityManager: Killing 12735:com.gotv.nflgamecenter.us.lite/u0a5 (adj 15): empty #7
01-02 14:20:33.188   293   635 I SFPerfTracer:      triggers: (rate: 0:2) (0 sw vsyncs) (0 skipped) (18:2975 vsyncs) (20:24365)
01-02 14:20:33.255  1693  2754 D ActivityManager: cleanUpApplicationRecord -- 12735
01-02 14:20:33.264 16415 16415 W System  : ClassLoader referenced unknown path: /system/app/KeyChain/lib/arm
01-02 14:20:33.268 16415 16415 W ContextImpl: Calling a method in the system process without a qualified user: android.app.ContextImpl.startService:1221 android.content.ContextWrapper.startService:581 android.content.ContextWrapper.startService:581 com.android.keychain.KeyChainBroadcastReceiver.onReceive:12 android.app.ActivityThread.handleReceiver:2746 
01-02 14:20:33.291  1693  3373 I ActivityManager: Killing 12662:com.google.android.googlequicksearchbox:search/u0a68 (adj 15): empty #7
01-02 14:20:33.307  3367  3561 W OpenGLRenderer: Incorrectly called buildLayer on View: ShortcutAndWidgetContainer, destroying layer...
01-02 14:20:33.319  1693  2702 D WifiService: Client connection lost with reason: 4
01-02 14:20:33.326  1693  5435 D ActivityManager: cleanUpApplicationRecord -- 12662
01-02 14:20:33.331  4359  4801 E Drive.UninstallOperation: Package still installed com.qualcomm.ftcrobotcontroller
01-02 14:20:33.339  3410  5475 E NetworkScheduler.SR: Invalid parameter app
01-02 14:20:33.339  3410  5475 E NetworkScheduler.SR: Invalid package name : Perhaps you didn't include a PendingIntent in the extras?
01-02 14:20:33.349  4359  4359 E ChimeraRcvrProxy: Can't find Chimera receiver impl class com.google.android.gms.games.GamesBroadcastReceiverStub
01-02 14:20:33.349  4359  4359 E ChimeraRcvrProxy: com.google.android.gms.games.chimera.GamesSystemBroadcastReceiverProxy dropping broadcast android.intent.action.PACKAGE_REMOVED
01-02 14:20:33.365  1693  3359 I ActivityManager: Start proc 16441:com.vzw.hss.myverizon/u0a11 for broadcast com.vzw.hss.myverizon/.rdd.analytics.receiver.RDDAnalyticsPackageActionReceiver
01-02 14:20:33.398 16441 16441 W ResourceType: ResTable_typeSpec entry count inconsistent: given 1, previously 1934
01-02 14:20:33.435 16441 16441 I MultiDex: VM with version 2.1.0 has multidex support
01-02 14:20:33.435 16441 16441 I MultiDex: install
01-02 14:20:33.435 16441 16441 I MultiDex: VM has multidex support, MultiDex support library is disabled.
01-02 14:20:33.494 16441 16441 I MultiDex: install
01-02 14:20:33.494 16441 16441 I MultiDex: VM has multidex support, MultiDex support library is disabled.
01-02 14:20:33.501 16441 16441 D jyn     : instance of EmptyLogHandler created.
01-02 14:20:33.597  1693  3357 I ActivityManager: Start proc 16454:com.google.android.apps.docs/u0a89 for broadcast com.google.android.apps.docs/.receivers.AppPackageAddRemoveReceiver
01-02 14:20:33.598  1693  3357 I ActivityManager: Killing 12432:com.android.vending/u0a56 (adj 15): empty #7
01-02 14:20:33.631  1693  3359 D ActivityManager: cleanUpApplicationRecord -- 12432
01-02 14:20:33.852 16454 16471 I GAv4    : Google Analytics 8.4.87 is starting up. To enable debug logging on a device run:
01-02 14:20:33.852 16454 16471 I GAv4    :   adb shell setprop log.tag.GAv4 DEBUG
01-02 14:20:33.852 16454 16471 I GAv4    :   adb logcat -s GAv4
01-02 14:20:33.867 16454 16471 W GAv4    : AnalyticsReceiver is not registered or is disabled. Register the receiver for reliable dispatching on non-Google Play devices. See http://goo.gl/8Rd3yj for instructions.
01-02 14:20:33.872 16454 16471 W GAv4    : CampaignTrackingReceiver is not registered, not exported or is disabled. Installation campaign tracking is not possible. See http://goo.gl/8Rd3yj for instructions.
01-02 14:20:33.886 16454 16474 W GAv4    : AnalyticsService not registered in the app manifest. Hits might not be delivered reliably. See http://goo.gl/8Rd3yj for instructions.
01-02 14:20:34.038 16412 16412 I chatty  : uid=2000(shell) expire 360 lines
01-02 14:20:34.071  1693  5435 I ActivityManager: Start proc 16483:com.android.vending/u0a56 for broadcast com.android.vending/com.google.android.finsky.receivers.PackageMonitorReceiver$RegisteredReceiver
01-02 14:20:34.072  1693  5435 I ActivityManager: Killing 16255:com.android.defcontainer/u0a28 (adj 15): empty #7
01-02 14:20:34.121  1693  3359 D ActivityManager: cleanUpApplicationRecord -- 16255
01-02 14:20:34.142 16483 16483 W System  : ClassLoader referenced unknown path: /data/app/com.android.vending-2/lib/arm
01-02 14:20:34.213  1693  1710 I ActivityManager: START u0 {act=android.intent.action.MAIN cat=[android.intent.category.LAUNCHER] flg=0x10000000 cmp=com.qualcomm.ftcrobotcontroller/org.firstinspires.ftc.robotcontroller.internal.FtcRobotControllerActivity} from uid 2000 on display 0
01-02 14:20:34.233  3325  6105 D ProcSpeedReader: Failed to read freq stats from null
01-02 14:20:34.250  1693  3359 I ActivityManager: Start proc 16508:com.qualcomm.ftcrobotcontroller/u0a125 for activity com.qualcomm.ftcrobotcontroller/org.firstinspires.ftc.robotcontroller.internal.FtcRobotControllerActivity
01-02 14:20:34.251 16508 16508 I chatty  : uid=10125(ps) expire 51 lines
01-02 14:20:34.267 16483 16507 I PlayCommon: [1133] g.e: Preparing logs for uploading
01-02 14:20:34.282  3325  6105 D ProcSpeedReader: Failed to read freq stats from null
01-02 14:20:34.283 16508 16514 I chatty  : uid=10125(ps) expire 4 lines
01-02 14:20:34.342 16508 16523 I chatty  : uid=10125(ps) expire 2 lines
01-02 14:20:34.368 16483 16507 I PlayCommon: [1133] com.google.android.play.a.g.a(1040): Connecting to server: https://play.googleapis.com/play/log?format=raw&proto_v2=true
01-02 14:20:34.396 16530 16530 I chatty  : uid=10125(ps) expire 20 lines
01-02 14:20:34.416 16483 16507 E PlayCommon: [1133] com.google.android.play.a.g.a(1051): Failed to connect to server: java.net.UnknownHostException: Unable to resolve host "play.googleapis.com": No address associated with hostname
01-02 14:20:34.484 16483 16483 I Finsky  : [1] com.google.android.finsky.dailyhygiene.DailyHygiene.a(294): No need to run daily hygiene.
01-02 14:20:34.502 16483 16483 W Settings: Setting download_manager_max_bytes_over_mobile has moved from android.provider.Settings.Secure to android.provider.Settings.Global.
01-02 14:20:34.503 16483 16483 W Settings: Setting download_manager_recommended_max_bytes_over_mobile has moved from android.provider.Settings.Secure to android.provider.Settings.Global.
01-02 14:20:34.548 16483 16483 I Finsky  : [1] com.google.android.finsky.v.a.a(187): Enabling bucket experiment: factor=2.000, zeroDelta=0ms, forceNetwork=false
01-02 14:20:34.581  1693  2761 I ActivityManager: Start proc 16550:android.process.media/u0a31 for content provider com.android.providers.downloads/.DownloadProvider
01-02 14:20:34.634 16550 16550 W System  : ClassLoader referenced unknown path: /system/priv-app/DownloadProvider/lib/arm
01-02 14:20:34.651  1693  3360 I ActivityManager: Start proc 16573:com.google.android.googlequicksearchbox:search/u0a68 for broadcast com.google.android.googlequicksearchbox/com.google.android.apps.gsa.googlequicksearchbox.GelStubAppWatcher
01-02 14:20:34.662 16550 16550 W System  : ClassLoader referenced unknown path: /system/priv-app/MediaProvider/lib/arm
01-02 14:20:34.669  1693  3360 D ConnectivityService: listenForNetwork for Listen from uid/pid:10125/16508 for NetworkRequest [ id=36, legacyType=-1, [ Capabilities: INTERNET&NOT_RESTRICTED&TRUSTED] ]
01-02 14:20:34.692 16483 16483 I Finsky  : [1] com.google.android.finsky.s.i.run(207): Loaded library for account: [r-d_F_Nmd-2n6XlvdNczoYTvhUI]
01-02 14:20:34.692 16483 16483 I Finsky  : [1] com.google.android.finsky.s.i.run(213): Finished loading 1 libraries.
01-02 14:20:34.720  3410  3410 I WearableService: Wear is not allowed to run on this device. Not starting Wear service.
01-02 14:20:34.740 16573 16573 I SearchInitializer: Initialized process com.google.android.googlequicksearchbox:search
01-02 14:20:34.741 16483 16483 E Finsky  : [1] com.google.android.finsky.wear.bl.a(847): onConnectionFailed: ConnectionResult{statusCode=API_UNAVAILABLE, resolution=null, message=null}
01-02 14:20:34.742 16483 16483 I Finsky  : [1] com.google.android.finsky.wear.aj.run(2402): Dropping command=send_installed_apps due to Gms not connected
01-02 14:20:34.800 16483 16483 I Finsky  : [1] com.google.android.finsky.d.a.a.a(240): result=false type=4
01-02 14:20:34.819 16483 16483 I Finsky  : [1] com.google.android.finsky.services.az.a(928): Restore complete with 0 success and 0 failed.
01-02 14:20:34.974  1693  2761 I ActivityManager: Killing 13749:android.process.acore/u0a22 (adj 15): empty #7
01-02 14:20:35.001  1693  6330 D ActivityManager: cleanUpApplicationRecord -- 13749
01-02 14:20:35.014  1693  3658 I ActivityManager: Start proc 16596:android.process.acore/u0a22 for broadcast com.android.providers.contacts/.PackageIntentReceiver
01-02 14:20:35.040 16596 16596 W System  : ClassLoader referenced unknown path: /system/priv-app/ContactsProvider/lib/arm
01-02 14:20:35.071 16596 16596 W System  : ClassLoader referenced unknown path: /system/app/UserDictionaryProvider/lib/arm
01-02 14:20:35.087  1693  3359 I ActivityManager: Start proc 16611:com.google.android.partnersetup/u0a40 for broadcast com.google.android.partnersetup/.RlzPingBroadcastReceiver
01-02 14:20:35.088  1693  3359 I ActivityManager: Killing 16383:com.motorola.motodisplay/u0a52 (adj 15): empty #7
01-02 14:20:35.109 16596 16609 I ContactLocale: AddressBook Labels [en-US]: [, A, B, C, D, E, F, G, H, I, J, K, L, M, N, O, P, Q, R, S, T, U, V, W, X, Y, Z, , , , , , , , , , , , , , , , , , , , , , , , , , , , , , , , , , , , , , , , , , , , , , , , , , , , , , , , , , , , , , , , , , , , , , , , , , , , , , , , , , , , , , , , , , , , , , , , , , , , , , , , , , , , , , , , , , , , , , , , , , , , , , , , , , , , , , , , , , , , , , , , , , , , , , , , , , , , , , , , , , , , , , , , , , , , , , , , , , , , , , , , , , , #, ]
01-02 14:20:35.144  1693  2754 D ActivityManager: cleanUpApplicationRecord -- 16383
01-02 14:20:35.155 16611 16611 W System  : ClassLoader referenced unknown path: /system/priv-app/GooglePartnerSetup/lib/arm
01-02 14:20:35.180  1693  1710 I ActivityManager: Start proc 16626:com.motorola.invisiblenet/u0a43 for broadcast com.motorola.invisiblenet/.PackageAddedReceiver
01-02 14:20:35.185  1693  1709 I ActivityManager: Killing 16398:com.verizon.vzwavs/u0a70 (adj 15): empty #7
01-02 14:20:35.231  1693  3046 D ActivityManager: cleanUpApplicationRecord -- 16398
01-02 14:20:35.244 16626 16626 W System  : ClassLoader referenced unknown path: /system/priv-app/InvisibleNet/lib/arm
01-02 14:20:35.260  1693  3357 I ActivityManager: Start proc 16639:com.motorola.motodisplay/u0a52 for broadcast com.motorola.motodisplay/.events.EventReceiver
01-02 14:20:35.265  1693  2761 I ActivityManager: Killing 16415:com.android.keychain/1000 (adj 15): empty #7
01-02 14:20:35.299  1693  3357 D ActivityManager: cleanUpApplicationRecord -- 16415
01-02 14:20:35.310 16639 16639 W System  : ClassLoader referenced unknown path: /system/priv-app/MotoDisplay/lib/arm
01-02 14:20:35.326 16639 16639 D MD.MDApplication: Proxy Initialization check Successful
01-02 14:20:35.355  1693  3658 I ActivityManager: Start proc 16659:com.verizon.vzwavs/u0a70 for broadcast com.verizon.vzwavs/.WakeupReceiver
01-02 14:20:35.365  1693  3046 I ActivityManager: Killing 16441:com.vzw.hss.myverizon/u0a11 (adj 15): empty #7
01-02 14:20:35.400  1693  6330 D ActivityManager: cleanUpApplicationRecord -- 16441
01-02 14:20:35.410 16659 16659 W System  : ClassLoader referenced unknown path: /system/priv-app/VzwAVS/lib/arm
01-02 14:20:35.423 16659 16677 V VZWAVSService: android.intent.action.PACKAGE_ADDED
01-02 14:20:35.423 16659 16677 V VZWAVSService: com.qualcomm.ftcrobotcontroller
01-02 14:20:35.431 16659 16677 V VZWAVSService: 0
01-02 14:20:35.431 16659 16677 V VZWAVSService: s: 
01-02 14:20:35.435  1693  1709 I ActivityManager: Killing 16454:com.google.android.apps.docs/u0a89 (adj 15): empty #7
01-02 14:20:35.486  1693  2754 D ActivityManager: cleanUpApplicationRecord -- 16454
01-02 14:20:35.518  4359  4359 E ChimeraRcvrProxy: Can't find Chimera receiver impl class com.google.android.gms.games.GamesBroadcastReceiverStub
01-02 14:20:35.518  4359  4359 E ChimeraRcvrProxy: com.google.android.gms.games.chimera.GamesSystemBroadcastReceiverProxy dropping broadcast android.intent.action.PACKAGE_ADDED
01-02 14:20:35.532  1693  2754 I ActivityManager: Start proc 16680:com.vzw.hss.myverizon/u0a11 for broadcast com.vzw.hss.myverizon/.rdd.analytics.receiver.RDDAnalyticsPackageActionReceiver
01-02 14:20:35.586 16680 16680 W ResourceType: ResTable_typeSpec entry count inconsistent: given 1, previously 1934
01-02 14:20:35.598  4359 16692 W IcingInternalCorpora: getNumBytesRead when not calculated.
01-02 14:20:35.618  4359  4686 I Icing   : Usage reports 0 indexed 0 rejected 0 imm upload false
01-02 14:20:35.638  4359  4686 I Icing   : Usage reports 0 indexed 0 rejected 0 imm upload false
01-02 14:20:35.642 16680 16680 I MultiDex: VM with version 2.1.0 has multidex support
01-02 14:20:35.642 16680 16680 I MultiDex: install
01-02 14:20:35.642 16680 16680 I MultiDex: VM has multidex support, MultiDex support library is disabled.
01-02 14:20:35.678  1693  1703 I art     : Background partial concurrent mark sweep GC freed 33534(2MB) AllocSpace objects, 1(20KB) LOS objects, 33% free, 20MB/30MB, paused 1.896ms total 103.172ms
01-02 14:20:35.716 16680 16680 I MultiDex: install
01-02 14:20:35.716 16680 16680 I MultiDex: VM has multidex support, MultiDex support library is disabled.
01-02 14:20:35.723 16680 16680 D jyn     : instance of EmptyLogHandler created.
01-02 14:20:35.820  1693  2754 I ActivityManager: Start proc 16695:com.google.android.apps.docs/u0a89 for broadcast com.google.android.apps.docs/.receivers.AppPackageAddRemoveReceiver
01-02 14:20:35.974  1693  2702 D WifiService: New client listening to asynchronous messages
01-02 14:20:35.975  1693  3658 D WifiService: acquireWifiLockLocked: WifiLock{ type=3 binder=android.os.BinderProxy@1899253}
01-02 14:20:36.000 16508 16718 I chatty  : uid=10125(ps) expire 2 lines
01-02 14:20:36.040  1693  3373 D ConnectivityService: listenForNetwork for Listen from uid/pid:10125/16508 for NetworkRequest [ id=37, legacyType=-1, [ Capabilities: INTERNET&NOT_RESTRICTED&TRUSTED] ]
01-02 14:20:36.049  1693  2648 D WifiP2pService: GroupCreatedState{ when=0 what=139277 arg1=-2 arg2=1 target=com.android.internal.util.StateMachine$SmHandler }
01-02 14:20:36.049  1693  2648 D WifiP2pService: P2pEnabledState{ when=0 what=139277 arg1=-2 arg2=1 target=com.android.internal.util.StateMachine$SmHandler }
01-02 14:20:36.049  1693  2648 D WifiP2pService: DefaultState{ when=0 what=139277 arg1=-2 arg2=1 target=com.android.internal.util.StateMachine$SmHandler }
01-02 14:20:36.068 16695 16724 I GAv4    : Google Analytics 8.4.87 is starting up. To enable debug logging on a device run:
01-02 14:20:36.068 16695 16724 I GAv4    :   adb shell setprop log.tag.GAv4 DEBUG
01-02 14:20:36.068 16695 16724 I GAv4    :   adb logcat -s GAv4
01-02 14:20:36.085 16695 16724 W GAv4    : AnalyticsReceiver is not registered or is disabled. Register the receiver for reliable dispatching on non-Google Play devices. See http://goo.gl/8Rd3yj for instructions.
01-02 14:20:36.090 16695 16724 W GAv4    : CampaignTrackingReceiver is not registered, not exported or is disabled. Installation campaign tracking is not possible. See http://goo.gl/8Rd3yj for instructions.
01-02 14:20:36.102 16695 16727 W GAv4    : AnalyticsService not registered in the app manifest. Hits might not be delivered reliably. See http://goo.gl/8Rd3yj for instructions.
01-02 14:20:36.114  1693  2648 D WifiP2pService: GroupCreatedState{ when=0 what=139285 arg2=2 target=com.android.internal.util.StateMachine$SmHandler }
01-02 14:20:36.114  1693  2648 D WifiP2pService: P2pEnabledState{ when=0 what=139285 arg2=2 target=com.android.internal.util.StateMachine$SmHandler }
01-02 14:20:36.114  1693  2648 D WifiP2pService: DefaultState{ when=0 what=139285 arg2=2 target=com.android.internal.util.StateMachine$SmHandler }
01-02 14:20:36.114  1693  2648 D WifiP2pService: GroupCreatedState{ when=0 what=139268 target=com.android.internal.util.StateMachine$SmHandler }
01-02 14:20:36.114  1693  2648 D WifiP2pService: P2pEnabledState{ when=-1ms what=139268 target=com.android.internal.util.StateMachine$SmHandler }
01-02 14:20:36.128 16508 16730 I chatty  : uid=10125(ps) expire 160 lines
01-02 14:20:36.242  1693  1734 I LaunchCheckinHandler: Displayed com.qualcomm.ftcrobotcontroller/org.firstinspires.ftc.robotcontroller.internal.FtcRobotControllerActivity,cp,ca,2005
01-02 14:20:36.242  1693  1734 I ActivityManager: Displayed com.qualcomm.ftcrobotcontroller/org.firstinspires.ftc.robotcontroller.internal.FtcRobotControllerActivity: +2s5ms
01-02 14:20:36.242  1693  3373 W InputMethodManagerService: Got RemoteException sending setActive(false) notification to pid 13307 uid 10125
01-02 14:20:36.246  1693  2648 D WifiP2pService: GroupCreatedState{ when=0 what=139287 arg2=3 target=com.android.internal.util.StateMachine$SmHandler }
01-02 14:20:36.246  1693  2648 D WifiP2pService: P2pEnabledState{ when=0 what=139287 arg2=3 target=com.android.internal.util.StateMachine$SmHandler }
01-02 14:20:36.246  1693  2648 D WifiP2pService: DefaultState{ when=0 what=139287 arg2=3 target=com.android.internal.util.StateMachine$SmHandler }
01-02 14:20:36.246  1693  2648 D WifiP2pService: GroupCreatedState{ when=0 what=139268 target=com.android.internal.util.StateMachine$SmHandler }
01-02 14:20:36.246  1693  2648 D WifiP2pService: P2pEnabledState{ when=0 what=139268 target=com.android.internal.util.StateMachine$SmHandler }
01-02 14:20:36.326  1693  1710 I ActivityManager: Killing 16573:com.google.android.googlequicksearchbox:search/u0a68 (adj 15): empty #7
01-02 14:20:36.375  1693  3359 D ActivityManager: cleanUpApplicationRecord -- 16573
01-02 14:20:36.376 16483 16483 I Finsky  : [1] com.google.android.finsky.wear.WearSupportService.a(307): Wear auto install disabled for package com.qualcomm.ftcrobotcontroller
01-02 14:20:36.383 16483 16483 I Finsky  : [1] com.google.android.finsky.utils.PermissionPolicies$PermissionPolicyService.onStartCommand(115): post-install permissions check for com.qualcomm.ftcrobotcontroller
01-02 14:20:36.403  1693  3658 I ActivityManager: Start proc 16743:com.google.android.googlequicksearchbox:search/u0a68 for broadcast com.google.android.googlequicksearchbox/com.google.android.apps.gsa.googlequicksearchbox.GelStubAppWatcher
01-02 14:20:36.420  1693  1710 I ActivityManager: Killing 16611:com.google.android.partnersetup/u0a40 (adj 15): empty #7
01-02 14:20:36.476  1693  3373 D ActivityManager: cleanUpApplicationRecord -- 16611
01-02 14:20:36.516 16743 16743 I SearchInitializer: Initialized process com.google.android.googlequicksearchbox:search
01-02 14:20:36.643  4359  4895 I Icing   : Indexing 83FE30BA66F4EF02F69CD2E5FCBE289E29CED5E9 from com.google.android.gms
01-02 14:20:36.722  4359  4895 I Icing   : Indexing done 83FE30BA66F4EF02F69CD2E5FCBE289E29CED5E9
01-02 14:20:36.747 16659 16763 V VZWAVSService: android.intent.action.PACKAGE_REPLACED
01-02 14:20:36.748 16659 16763 V VZWAVSService: com.qualcomm.ftcrobotcontroller
01-02 14:20:36.749 16659 16763 V VZWAVSService: 0
01-02 14:20:36.749 16659 16763 V VZWAVSService: s: 
01-02 14:20:36.767  3410  5475 E NetworkScheduler.SR: Invalid parameter app
01-02 14:20:36.767  3410  5475 E NetworkScheduler.SR: Invalid package name : Perhaps you didn't include a PendingIntent in the extras?
01-02 14:20:36.779  1693  3359 I ActivityManager: Start proc 16765:com.google.android.apps.photos/u0a111 for broadcast com.google.android.apps.photos/.backgroundsignin.BackgroundSignInBroadcastReceiver
01-02 14:20:36.851  4359  4801 I Icing   : Usage reports 0 indexed 0 rejected 0 imm upload false
01-02 14:20:36.882  4359  4801 I Icing   : Usage reports 0 indexed 0 rejected 0 imm upload false
01-02 14:20:36.884 16743 16761 I UpdateIcingCorporaServi: Updating corpora: APPS=com.qualcomm.ftcrobotcontroller, CONTACTS=MAYBE
01-02 14:20:36.888  3210  3210 I GsaVoiceInteractionSrv: Not calling getSupportedRecognitionModes. Availability: -2
01-02 14:20:36.894  1693  2702 D WifiService: New client listening to asynchronous messages
01-02 14:20:36.915 16743 16778 V ConnectivityManager: isActiveNetworkMetered() returns:false
01-02 14:20:36.916 16743 16778 W ModelDownloadController: Cannot find any speech config location.
01-02 14:20:36.916 16743 16778 W ModelDownloadController: Cannot find any speech config location.
01-02 14:20:37.092  1693  3357 I ActivityManager: Start proc 16794:com.google.android.partnersetup/u0a40 for content provider com.google.android.partnersetup/.RlzAppProvider
