01-02 14:22:40.748   315   692 D ACDB-LOADER: ACDB -> ACDB_AVSYNC_INFO: ACDB_CMD_GET_DEVICE_PROPERTY
01-02 14:22:40.749   315   692 I audio_hw_utils: audio_extn_utils_send_app_type_cfg app_type 69936, acdb_dev_id 15, sample_rate 48000
01-02 14:22:40.749   315   692 D audio_hw_primary: select_devices: done
01-02 14:22:40.824 19080 19247 I chatty  : uid=10125(ps) expire 1 line
01-02 14:22:41.260 19080 19254 I chatty  : uid=10125(ps) expire 1 line
01-02 14:22:41.734 19080 19265 I chatty  : uid=10125(ps) expire 1 line
01-02 14:22:42.175 19080 19276 I chatty  : uid=10125(ps) expire 1 line
01-02 14:22:42.676 19080 19287 I chatty  : uid=10125(ps) expire 1 line
01-02 14:22:43.195 19080 19294 I chatty  : uid=10125(ps) expire 10 lines
01-02 14:22:43.276 19080 19147 I chatty  : uid=10125(ps) expire 5 lines
01-02 14:22:43.280 19080 19299 I chatty  : uid=10125(ps) expire 10 lines
01-02 14:22:43.289   315 19301 D ExtendedUtils: extended extractor not needed, return default
01-02 14:22:43.289   315 19300 D NuPlayerDriver: notifyListener_l(0xb8e95538), (1, 0, 0)
01-02 14:22:43.289 19080 19235 I chatty  : uid=10125(ps) expire 2 lines
01-02 14:22:43.291 19080 19080 I chatty  : uid=10125(ps) expire 12 lines
01-02 14:22:43.293   315  2606 D NuPlayerDriver: reset(0xb8e95538)
01-02 14:22:43.293   315  2606 D NuPlayerDriver: notifyListener_l(0xb8e95538), (8, 0, 0)
01-02 14:22:43.293   315 19300 W AMessage: failed to post message as target looper for handler 0 is gone.
01-02 14:22:43.293   315 19300 D NuPlayerDriver: notifyResetComplete(0xb8e95538)
01-02 14:22:43.303 19080 19233 I chatty  : uid=10125(ps) expire 7 lines
01-02 14:22:43.306 19080 19303 I chatty  : uid=10125(ps) expire 9 lines
01-02 14:22:43.405   315   692 D audio_hw_primary: out_set_parameters: enter: usecase(1: low-latency-playback) kvpairs: routing=2
01-02 14:22:43.405   315   692 V msm8916_platform: platform_get_output_snd_device: enter: output devices(0x2)
01-02 14:22:43.405   315   692 V msm8916_platform: platform_get_output_snd_device: exit: snd_device(speaker)
01-02 14:22:43.405   315   692 D audio_hw_extn: audio_extn_set_anc_parameters: anc_enabled:0
01-02 14:22:43.405   315   692 E soundtrigger: audio_extn_sound_trigger_set_parameters: str_params NULL
01-02 14:22:43.820 19080 19231 I chatty  : uid=10125(ps) expire 2 lines
01-02 14:22:43.902 19080 19224 I chatty  : uid=10125(ps) expire 4 lines
01-02 14:22:43.989 18221 18221 I GrammarCompilationSvcCt: #startService for null, APP_NAMES.
01-02 14:22:44.020 18221 19316 I ContextCompilationHandl: Compiling grammar for: en-US, type=APP_NAMES
01-02 14:22:44.101  1693  3359 I ActivityManager: Start proc 19319:android.process.acore/u0a22 for content provider com.android.providers.contacts/.ContactsProvider2
01-02 14:22:44.137  4359  5293 I Icing   : Usage reports 0 indexed 0 rejected 0 imm upload true
01-02 14:22:44.142 19319 19319 W System  : ClassLoader referenced unknown path: /system/priv-app/ContactsProvider/lib/arm
01-02 14:22:44.153  4359  5293 I Icing   : Usage reports 0 indexed 0 rejected 0 imm upload true
01-02 14:22:44.197 19319 19319 W System  : ClassLoader referenced unknown path: /system/app/UserDictionaryProvider/lib/arm
01-02 14:22:44.205  4359  6123 I Icing   : Query from com.google.android.googlequicksearchbox package restrict com.google.android.googlequicksearchbox start 0 num 1000
01-02 14:22:44.243 19319 19332 I ContactLocale: AddressBook Labels [en-US]: [, A, B, C, D, E, F, G, H, I, J, K, L, M, N, O, P, Q, R, S, T, U, V, W, X, Y, Z, , , , , , , , , , , , , , , , , , , , , , , , , , , , , , , , , , , , , , , , , , , , , , , , , , , , , , , , , , , , , , , , , , , , , , , , , , , , , , , , , , , , , , , , , , , , , , , , , , , , , , , , , , , , , , , , , , , , , , , , , , , , , , , , , , , , , , , , , , , , , , , , , , , , , , , , , , , , , , , , , , , , , , , , , , , , , , , , , , , , , , , , , , , #, ]
01-02 14:22:44.287 18221 19316 I ContextCompilationHandl: Recognition context unchanged for APP_NAMES en-US
01-02 14:22:44.329  4359 19318 W IcingInternalCorpora: getNumBytesRead when not calculated.
01-02 14:22:45.890   293   635 I SFPerfTracer:      triggers: (rate: 0:2) (0 sw vsyncs) (0 skipped) (0:3212 vsyncs) (1:25406)
01-02 14:22:47.414   315   692 D audio_hw_primary: out_standby: enter: stream (0xb8d6ac48) usecase(1: low-latency-playback)
01-02 14:22:47.523   315   692 D hardware_info: hw_info_append_hw_type : device_name = speaker
01-02 14:22:49.775   293   293 I SFPerfTracer:      triggers: (rate: 9:465) (compose: 0:8) (post: 0:5) (render: 1:20) (0:2733 frames) (1:24895)
01-02 14:22:49.775   293   293 D SFPerfTracer:        layers: (1:12) (FocusedStackFrame (0xb8572638): 0:112)* (StatusBar (0xb85c89f0): 0:961)* (com.android.systemui.ImageWallpaper (0xb85fd310): 0:105)* (NavigationBar (0xb85f2408): 0:736)* (DimLayer (0xb861a010): 0:243)* (DimLayer (0xb8604770): 0:22)* (com.google.android.googlequicksearchbox/com.google.android.launcher.GEL (0xb861f580): 0:5)- (com.android.systemui/com.android.systemui.usb.UsbPermissionActivity (0xb85ff7f0): 0:31)- (Starting com.qualcomm.ftcrobotcontroller (0xb861c640): 0:40)- (com.qualcomm.ftcrobotcontroller/org.firstinspires.ftc.robotcontroller.internal.FtcRobotControllerActivity (0xb861f580): 1:33) 
01-02 14:22:53.388 19080 19086 I chatty  : uid=10125(ps) expire 11 lines
01-02 14:22:59.123   293   635 I SFPerfTracer:      triggers: (rate: 0:2) (0 sw vsyncs) (0 skipped) (0:3212 vsyncs) (1:25507)
01-02 14:23:00.001  1693  2599 V AlarmManager: sending alarm {dd9562f type 3 *alarm*:android.intent.action.TIME_TICK}
01-02 14:23:00.003  2762  2762 D KeyguardUpdateMonitor: received broadcast android.intent.action.TIME_TICK
01-02 14:23:00.004  2762  2762 D KeyguardUpdateMonitor: handleTimeUpdate
01-02 14:23:00.059  1693  1693 V AlarmManager: done {dd9562f, *alarm*:android.intent.action.TIME_TICK} [58ms]
01-02 14:23:02.413   293   293 I SFPerfTracer:      triggers: (rate: 9:465) (compose: 0:8) (post: 0:5) (render: 1:20) (0:2735 frames) (1:24995)
01-02 14:23:02.413   293   293 D SFPerfTracer:        layers: (1:9) (FocusedStackFrame (0xb8572638): 0:112)* (StatusBar (0xb85c89f0): 0:964)* (com.android.systemui.ImageWallpaper (0xb85fd310): 0:105)* (NavigationBar (0xb85f2408): 0:736)* (DimLayer (0xb861a010): 0:243)* (DimLayer (0xb8604770): 0:22)* (com.qualcomm.ftcrobotcontroller/org.firstinspires.ftc.robotcontroller.internal.FtcRobotControllerActivity (0xb861f580): 1:82) 
01-02 14:23:05.370  2762  2762 D KeyguardUpdateMonitor: received broadcast android.intent.action.BATTERY_CHANGED
01-02 14:23:05.371  2762  2762 D KeyguardUpdateMonitor: handleBatteryUpdate
01-02 14:23:11.991   293   635 I SFPerfTracer:      triggers: (rate: 0:2) (0 sw vsyncs) (0 skipped) (0:3213 vsyncs) (1:25608)
01-02 14:23:15.577   293   293 I SFPerfTracer:      triggers: (rate: 9:466) (compose: 0:8) (post: 0:5) (render: 1:20) (0:2736 frames) (1:25095)
01-02 14:23:15.577   293   293 D SFPerfTracer:        layers: (1:9) (FocusedStackFrame (0xb8572638): 0:112)* (StatusBar (0xb85c89f0): 0:965)* (com.android.systemui.ImageWallpaper (0xb85fd310): 0:105)* (NavigationBar (0xb85f2408): 0:736)* (DimLayer (0xb861a010): 0:243)* (DimLayer (0xb8604770): 0:22)* (com.qualcomm.ftcrobotcontroller/org.firstinspires.ftc.robotcontroller.internal.FtcRobotControllerActivity (0xb861f580): 0:131) 
01-02 14:23:25.241   293   635 I SFPerfTracer:      triggers: (rate: 0:2) (0 sw vsyncs) (0 skipped) (0:3213 vsyncs) (1:25709)
01-02 14:23:27.187  2762  2762 D KeyguardUpdateMonitor: received broadcast android.intent.action.BATTERY_CHANGED
01-02 14:23:27.189  2762  2762 D KeyguardUpdateMonitor: handleBatteryUpdate
01-02 14:23:27.238  1693  1728 I ActivityManager: Killing 16269:com.google.process.gapps/u0a36 (adj 15): empty #7
01-02 14:23:27.288  1693  1728 W libprocessgroup: failed to kill pid 16269: No such process
01-02 14:23:27.297  1693  3360 D ActivityManager: cleanUpApplicationRecord -- 16269
01-02 14:23:28.409   293   293 I SFPerfTracer:      triggers: (rate: 9:466) (compose: 0:8) (post: 0:5) (render: 1:20) (0:2736 frames) (1:25195)
01-02 14:23:28.410   293   293 D SFPerfTracer:        layers: (1:9) (FocusedStackFrame (0xb8572638): 0:112)* (StatusBar (0xb85c89f0): 0:966)* (com.android.systemui.ImageWallpaper (0xb85fd310): 0:105)* (NavigationBar (0xb85f2408): 0:736)* (DimLayer (0xb861a010): 0:243)* (DimLayer (0xb8604770): 0:22)* (com.qualcomm.ftcrobotcontroller/org.firstinspires.ftc.robotcontroller.internal.FtcRobotControllerActivity (0xb861f580): 1:181) 
01-02 14:23:38.275   293   635 I SFPerfTracer:      triggers: (rate: 0:2) (0 sw vsyncs) (0 skipped) (0:3213 vsyncs) (1:25810)
01-02 14:23:41.459   293   293 I SFPerfTracer:      triggers: (rate: 9:466) (compose: 0:8) (post: 0:5) (render: 1:20) (0:2736 frames) (1:25295)
01-02 14:23:41.460   293   293 D SFPerfTracer:        layers: (1:9) (FocusedStackFrame (0xb8572638): 0:112)* (StatusBar (0xb85c89f0): 0:966)* (com.android.systemui.ImageWallpaper (0xb85fd310): 0:105)* (NavigationBar (0xb85f2408): 0:736)* (DimLayer (0xb861a010): 0:243)* (DimLayer (0xb8604770): 0:22)* (com.qualcomm.ftcrobotcontroller/org.firstinspires.ftc.robotcontroller.internal.FtcRobotControllerActivity (0xb861f580): 1:231) 
01-02 14:23:51.276   293   635 I SFPerfTracer:      triggers: (rate: 0:2) (0 sw vsyncs) (0 skipped) (0:3213 vsyncs) (1:25911)
01-02 14:23:54.460   293   293 I SFPerfTracer:      triggers: (rate: 9:466) (compose: 0:8) (post: 0:5) (render: 1:20) (0:2736 frames) (1:25395)
01-02 14:23:54.461   293   293 D SFPerfTracer:        layers: (1:9) (FocusedStackFrame (0xb8572638): 0:112)* (StatusBar (0xb85c89f0): 0:966)* (com.android.systemui.ImageWallpaper (0xb85fd310): 0:105)* (NavigationBar (0xb85f2408): 0:736)* (DimLayer (0xb861a010): 0:243)* (DimLayer (0xb8604770): 0:22)* (com.qualcomm.ftcrobotcontroller/org.firstinspires.ftc.robotcontroller.internal.FtcRobotControllerActivity (0xb861f580): 1:281) 
01-02 14:24:00.000  1693  2599 V AlarmManager: sending alarm {dd9562f type 3 *alarm*:android.intent.action.TIME_TICK}
01-02 14:24:00.005  2762  2762 D KeyguardUpdateMonitor: received broadcast android.intent.action.TIME_TICK
01-02 14:24:00.006  2762  2762 D KeyguardUpdateMonitor: handleTimeUpdate
01-02 14:24:00.066  1693  1693 V AlarmManager: done {dd9562f, *alarm*:android.intent.action.TIME_TICK} [66ms]
01-02 14:24:04.042   293   635 I SFPerfTracer:      triggers: (rate: 0:2) (0 sw vsyncs) (0 skipped) (0:3215 vsyncs) (1:26012)
01-02 14:24:06.944   293   293 I SFPerfTracer:      triggers: (rate: 9:467) (compose: 0:8) (post: 0:5) (render: 1:20) (0:2740 frames) (1:25495)
01-02 14:24:06.944   293   293 D SFPerfTracer:        layers: (1:9) (FocusedStackFrame (0xb8572638): 0:112)* (StatusBar (0xb85c89f0): 0:969)* (com.android.systemui.ImageWallpaper (0xb85fd310): 0:105)* (NavigationBar (0xb85f2408): 0:736)* (DimLayer (0xb861a010): 0:243)* (DimLayer (0xb8604770): 0:22)* (com.qualcomm.ftcrobotcontroller/org.firstinspires.ftc.robotcontroller.internal.FtcRobotControllerActivity (0xb861f580): 1:329) 
01-02 14:24:16.843   293   635 I SFPerfTracer:      triggers: (rate: 0:2) (0 sw vsyncs) (0 skipped) (0:3215 vsyncs) (1:26113)
01-02 14:24:19.977   293   293 I SFPerfTracer:      triggers: (rate: 9:467) (compose: 0:8) (post: 0:5) (render: 1:20) (0:2740 frames) (1:25595)
01-02 14:24:19.977   293   293 D SFPerfTracer:        layers: (1:9) (FocusedStackFrame (0xb8572638): 0:112)* (StatusBar (0xb85c89f0): 0:969)* (com.android.systemui.ImageWallpaper (0xb85fd310): 0:105)* (NavigationBar (0xb85f2408): 0:736)* (DimLayer (0xb861a010): 0:243)* (DimLayer (0xb8604770): 0:22)* (com.qualcomm.ftcrobotcontroller/org.firstinspires.ftc.robotcontroller.internal.FtcRobotControllerActivity (0xb861f580): 1:379) 
01-02 14:24:25.393 19080 19254 I chatty  : uid=10125(ps) expire 12 lines
01-02 14:24:27.186  2762  2762 D KeyguardUpdateMonitor: received broadcast android.intent.action.BATTERY_CHANGED
01-02 14:24:27.186  2762  2762 D KeyguardUpdateMonitor: handleBatteryUpdate
01-02 14:24:27.375  2762  2762 D KeyguardUpdateMonitor: received broadcast android.intent.action.BATTERY_CHANGED
01-02 14:24:27.376  2762  2762 D KeyguardUpdateMonitor: handleBatteryUpdate
01-02 14:24:29.592   293   635 I SFPerfTracer:      triggers: (rate: 0:2) (0 sw vsyncs) (0 skipped) (0:3215 vsyncs) (1:26214)
01-02 14:24:32.376   293   293 I SFPerfTracer:      triggers: (rate: 9:467) (compose: 0:8) (post: 0:5) (render: 1:20) (0:2742 frames) (1:25695)
01-02 14:24:32.376   293   293 D SFPerfTracer:        layers: (1:9) (FocusedStackFrame (0xb8572638): 0:112)* (StatusBar (0xb85c89f0): 0:971)* (com.android.systemui.ImageWallpaper (0xb85fd310): 0:105)* (NavigationBar (0xb85f2408): 0:736)* (DimLayer (0xb861a010): 0:243)* (DimLayer (0xb8604770): 0:22)* (com.qualcomm.ftcrobotcontroller/org.firstinspires.ftc.robotcontroller.internal.FtcRobotControllerActivity (0xb861f580): 1:427) 
01-02 14:24:42.626   293   635 I SFPerfTracer:      triggers: (rate: 0:2) (0 sw vsyncs) (0 skipped) (0:3215 vsyncs) (1:26315)
01-02 14:24:45.227   293   293 I SFPerfTracer:      triggers: (rate: 9:467) (compose: 0:8) (post: 0:5) (render: 1:20) (0:2742 frames) (1:25795)
01-02 14:24:45.227   293   293 D SFPerfTracer:        layers: (1:9) (FocusedStackFrame (0xb8572638): 0:112)* (StatusBar (0xb85c89f0): 0:971)* (com.android.systemui.ImageWallpaper (0xb85fd310): 0:105)* (NavigationBar (0xb85f2408): 0:736)* (DimLayer (0xb861a010): 0:243)* (DimLayer (0xb8604770): 0:22)* (com.qualcomm.ftcrobotcontroller/org.firstinspires.ftc.robotcontroller.internal.FtcRobotControllerActivity (0xb861f580): 1:477) 
01-02 14:24:55.926   293   635 I SFPerfTracer:      triggers: (rate: 0:2) (0 sw vsyncs) (0 skipped) (0:3215 vsyncs) (1:26416)
01-02 14:24:58.377   293   293 I SFPerfTracer:      triggers: (rate: 9:467) (compose: 0:8) (post: 0:5) (render: 1:20) (0:2742 frames) (1:25895)
01-02 14:24:58.378   293   293 D SFPerfTracer:        layers: (1:9) (FocusedStackFrame (0xb8572638): 0:112)* (StatusBar (0xb85c89f0): 0:971)* (com.android.systemui.ImageWallpaper (0xb85fd310): 0:105)* (NavigationBar (0xb85f2408): 0:736)* (DimLayer (0xb861a010): 0:243)* (DimLayer (0xb8604770): 0:22)* (com.qualcomm.ftcrobotcontroller/org.firstinspires.ftc.robotcontroller.internal.FtcRobotControllerActivity (0xb861f580): 1:527) 
01-02 14:24:59.999  1693  2599 V AlarmManager: sending alarm {dd9562f type 3 *alarm*:android.intent.action.TIME_TICK}
01-02 14:25:00.001  2762  2762 D KeyguardUpdateMonitor: received broadcast android.intent.action.TIME_TICK
01-02 14:25:00.001  2762  2762 D KeyguardUpdateMonitor: handleTimeUpdate
01-02 14:25:00.064  1693  1693 V AlarmManager: done {dd9562f, *alarm*:android.intent.action.TIME_TICK} [64ms]
01-02 14:25:08.825   293   635 I SFPerfTracer:      triggers: (rate: 0:2) (0 sw vsyncs) (0 skipped) (0:3216 vsyncs) (1:26517)
01-02 14:25:11.096   293   293 I SFPerfTracer:      triggers: (rate: 9:467) (compose: 0:8) (post: 0:5) (render: 1:20) (0:2744 frames) (1:25995)
01-02 14:25:11.096   293   293 D SFPerfTracer:        layers: (1:9) (FocusedStackFrame (0xb8572638): 0:112)* (StatusBar (0xb85c89f0): 0:974)* (com.android.systemui.ImageWallpaper (0xb85fd310): 0:105)* (NavigationBar (0xb85f2408): 0:736)* (DimLayer (0xb861a010): 0:243)* (DimLayer (0xb8604770): 0:22)* (com.qualcomm.ftcrobotcontroller/org.firstinspires.ftc.robotcontroller.internal.FtcRobotControllerActivity (0xb861f580): 1:576) 
01-02 14:25:21.747   293   635 I SFPerfTracer:      triggers: (rate: 0:2) (0 sw vsyncs) (0 skipped) (0:3216 vsyncs) (1:26618)
01-02 14:25:23.968   293   293 I SFPerfTracer:      triggers: (rate: 9:467) (compose: 0:8) (post: 0:5) (render: 1:20) (0:2744 frames) (1:26095)
01-02 14:25:23.968   293   293 D SFPerfTracer:        layers: (1:9) (FocusedStackFrame (0xb8572638): 0:112)* (StatusBar (0xb85c89f0): 0:974)* (com.android.systemui.ImageWallpaper (0xb85fd310): 0:105)* (NavigationBar (0xb85f2408): 0:736)* (DimLayer (0xb861a010): 0:243)* (DimLayer (0xb8604770): 0:22)* (com.qualcomm.ftcrobotcontroller/org.firstinspires.ftc.robotcontroller.internal.FtcRobotControllerActivity (0xb861f580): 1:626) 
01-02 14:25:27.436  2762  2762 D KeyguardUpdateMonitor: received broadcast android.intent.action.BATTERY_CHANGED
01-02 14:25:27.436  2762  2762 D KeyguardUpdateMonitor: handleBatteryUpdate
01-02 14:25:34.819   293   635 I SFPerfTracer:      triggers: (rate: 0:2) (0 sw vsyncs) (0 skipped) (0:3216 vsyncs) (1:26719)
01-02 14:25:37.007   293   293 I SFPerfTracer:      triggers: (rate: 9:467) (compose: 0:8) (post: 0:5) (render: 1:20) (0:2744 frames) (1:26195)
01-02 14:25:37.007   293   293 D SFPerfTracer:        layers: (1:9) (FocusedStackFrame (0xb8572638): 0:112)* (StatusBar (0xb85c89f0): 0:975)* (com.android.systemui.ImageWallpaper (0xb85fd310): 0:105)* (NavigationBar (0xb85f2408): 0:736)* (DimLayer (0xb861a010): 0:243)* (DimLayer (0xb8604770): 0:22)* (com.qualcomm.ftcrobotcontroller/org.firstinspires.ftc.robotcontroller.internal.FtcRobotControllerActivity (0xb861f580): 1:676) 
01-02 14:25:48.158   293   635 I SFPerfTracer:      triggers: (rate: 0:2) (0 sw vsyncs) (0 skipped) (0:3216 vsyncs) (1:26820)
01-02 14:25:50.013   293   293 I SFPerfTracer:      triggers: (rate: 9:467) (compose: 0:8) (post: 0:5) (render: 1:20) (0:2744 frames) (1:26295)
01-02 14:25:50.013   293   293 D SFPerfTracer:        layers: (1:9) (FocusedStackFrame (0xb8572638): 0:112)* (StatusBar (0xb85c89f0): 0:975)* (com.android.systemui.ImageWallpaper (0xb85fd310): 0:105)* (NavigationBar (0xb85f2408): 0:736)* (DimLayer (0xb861a010): 0:243)* (DimLayer (0xb8604770): 0:22)* (com.qualcomm.ftcrobotcontroller/org.firstinspires.ftc.robotcontroller.internal.FtcRobotControllerActivity (0xb861f580): 1:726) 
01-02 14:26:00.000  1693  2599 V AlarmManager: sending alarm {dd9562f type 3 *alarm*:android.intent.action.TIME_TICK}
01-02 14:26:00.003  2762  2762 D KeyguardUpdateMonitor: received broadcast android.intent.action.TIME_TICK
01-02 14:26:00.003  2762  2762 D KeyguardUpdateMonitor: handleTimeUpdate
01-02 14:26:00.066  1693  1693 V AlarmManager: done {dd9562f, *alarm*:android.intent.action.TIME_TICK} [65ms]
01-02 14:26:00.860   293   635 I SFPerfTracer:      triggers: (rate: 0:2) (0 sw vsyncs) (0 skipped) (0:3217 vsyncs) (1:26921)
01-02 14:26:01.950 19080 19276 I chatty  : uid=10125(ps) expire 11 lines
01-02 14:26:02.712   293   293 I SFPerfTracer:      triggers: (rate: 9:467) (compose: 0:8) (post: 0:5) (render: 1:20) (0:2746 frames) (1:26395)
01-02 14:26:02.715   293   293 D SFPerfTracer:        layers: (1:9) (FocusedStackFrame (0xb8572638): 0:112)* (StatusBar (0xb85c89f0): 0:978)* (com.android.systemui.ImageWallpaper (0xb85fd310): 0:105)* (NavigationBar (0xb85f2408): 0:736)* (DimLayer (0xb861a010): 0:243)* (DimLayer (0xb8604770): 0:22)* (com.qualcomm.ftcrobotcontroller/org.firstinspires.ftc.robotcontroller.internal.FtcRobotControllerActivity (0xb861f580): 1:775) 
01-02 14:26:13.894   293   635 I SFPerfTracer:      triggers: (rate: 0:2) (0 sw vsyncs) (0 skipped) (0:3217 vsyncs) (1:27022)
01-02 14:26:15.661   293   293 I SFPerfTracer:      triggers: (rate: 9:467) (compose: 0:8) (post: 0:5) (render: 1:20) (0:2746 frames) (1:26495)
01-02 14:26:15.662   293   293 D SFPerfTracer:        layers: (1:9) (FocusedStackFrame (0xb8572638): 0:112)* (StatusBar (0xb85c89f0): 0:978)* (com.android.systemui.ImageWallpaper (0xb85fd310): 0:105)* (NavigationBar (0xb85f2408): 0:736)* (DimLayer (0xb861a010): 0:243)* (DimLayer (0xb8604770): 0:22)* (com.qualcomm.ftcrobotcontroller/org.firstinspires.ftc.robotcontroller.internal.FtcRobotControllerActivity (0xb861f580): 1:825) 
01-02 14:26:27.095   293   635 I SFPerfTracer:      triggers: (rate: 0:2) (0 sw vsyncs) (0 skipped) (0:3217 vsyncs) (1:27123)
01-02 14:26:27.603  2762  2762 D KeyguardUpdateMonitor: received broadcast android.intent.action.BATTERY_CHANGED
01-02 14:26:27.605  2762  2762 D KeyguardUpdateMonitor: handleBatteryUpdate
01-02 14:26:27.705  2762  2762 D KeyguardUpdateMonitor: received broadcast android.intent.action.BATTERY_CHANGED
01-02 14:26:27.708  2762  2762 D KeyguardUpdateMonitor: handleBatteryUpdate
01-02 14:26:28.280   293   293 I SFPerfTracer:      triggers: (rate: 9:468) (compose: 0:8) (post: 0:5) (render: 1:20) (0:2749 frames) (1:26595)
01-02 14:26:28.280   293   293 D SFPerfTracer:        layers: (1:9) (FocusedStackFrame (0xb8572638): 0:112)* (StatusBar (0xb85c89f0): 0:980)* (com.android.systemui.ImageWallpaper (0xb85fd310): 0:105)* (NavigationBar (0xb85f2408): 0:736)* (DimLayer (0xb861a010): 0:243)* (DimLayer (0xb8604770): 0:22)* (com.qualcomm.ftcrobotcontroller/org.firstinspires.ftc.robotcontroller.internal.FtcRobotControllerActivity (0xb861f580): 0:873) 
01-02 14:26:39.896   293   635 I SFPerfTracer:      triggers: (rate: 0:2) (0 sw vsyncs) (0 skipped) (0:3217 vsyncs) (1:27224)
01-02 14:26:41.331   293   293 I SFPerfTracer:      triggers: (rate: 9:468) (compose: 0:8) (post: 0:5) (render: 1:20) (0:2749 frames) (1:26695)
01-02 14:26:41.331   293   293 D SFPerfTracer:        layers: (1:9) (FocusedStackFrame (0xb8572638): 0:112)* (StatusBar (0xb85c89f0): 0:980)* (com.android.systemui.ImageWallpaper (0xb85fd310): 0:105)* (NavigationBar (0xb85f2408): 0:736)* (DimLayer (0xb861a010): 0:243)* (DimLayer (0xb8604770): 0:22)* (com.qualcomm.ftcrobotcontroller/org.firstinspires.ftc.robotcontroller.internal.FtcRobotControllerActivity (0xb861f580): 0:923) 
01-02 14:26:42.447 18007 18055 I PlayCommon: [1221] com.google.android.play.a.g.e(900): Preparing logs for uploading
01-02 14:26:42.513 18007 18055 I PlayCommon: [1221] com.google.android.play.a.g.a(1040): Connecting to server: https://play.googleapis.com/play/log?format=raw&proto_v2=true
01-02 14:26:42.521 18007 18055 E PlayCommon: [1221] com.google.android.play.a.g.a(1051): Failed to connect to server: java.net.UnknownHostException: Unable to resolve host "play.googleapis.com": No address associated with hostname
01-02 14:26:53.031   293   635 I SFPerfTracer:      triggers: (rate: 0:2) (0 sw vsyncs) (0 skipped) (0:3217 vsyncs) (1:27325)
01-02 14:26:54.317   293   293 I SFPerfTracer:      triggers: (rate: 9:468) (compose: 0:8) (post: 0:5) (render: 1:20) (0:2749 frames) (1:26795)
01-02 14:26:54.317   293   293 D SFPerfTracer:        layers: (1:9) (FocusedStackFrame (0xb8572638): 0:112)* (StatusBar (0xb85c89f0): 0:980)* (com.android.systemui.ImageWallpaper (0xb85fd310): 0:105)* (NavigationBar (0xb85f2408): 0:736)* (DimLayer (0xb861a010): 0:243)* (DimLayer (0xb8604770): 0:22)* (com.qualcomm.ftcrobotcontroller/org.firstinspires.ftc.robotcontroller.internal.FtcRobotControllerActivity (0xb861f580): 0:973) 
01-02 14:27:00.000  1693  2599 V AlarmManager: sending alarm {dd9562f type 3 *alarm*:android.intent.action.TIME_TICK}
01-02 14:27:00.005  2762  2762 D KeyguardUpdateMonitor: received broadcast android.intent.action.TIME_TICK
01-02 14:27:00.006  2762  2762 D KeyguardUpdateMonitor: handleTimeUpdate
01-02 14:27:00.051  1693  1693 V AlarmManager: done {dd9562f, *alarm*:android.intent.action.TIME_TICK} [52ms]
01-02 14:27:05.828   293   635 I SFPerfTracer:      triggers: (rate: 0:2) (0 sw vsyncs) (0 skipped) (0:3218 vsyncs) (1:27426)
01-02 14:27:07.030   293   293 I SFPerfTracer:      triggers: (rate: 9:468) (compose: 0:8) (post: 0:5) (render: 1:20) (0:2751 frames) (1:26895)
01-02 14:27:07.030   293   293 D SFPerfTracer:        layers: (1:9) (FocusedStackFrame (0xb8572638): 0:112)* (StatusBar (0xb85c89f0): 0:983)* (com.android.systemui.ImageWallpaper (0xb85fd310): 0:105)* (NavigationBar (0xb85f2408): 0:736)* (DimLayer (0xb861a010): 0:243)* (DimLayer (0xb8604770): 0:22)* (com.qualcomm.ftcrobotcontroller/org.firstinspires.ftc.robotcontroller.internal.FtcRobotControllerActivity (0xb861f580): 0:1022) 
01-02 14:27:15.334  1693  1727 I UsageStatsService: User[0] Flushing usage stats to disk
01-02 14:27:19.078   293   635 I SFPerfTracer:      triggers: (rate: 0:2) (0 sw vsyncs) (0 skipped) (0:3218 vsyncs) (1:27527)
01-02 14:27:20.164   293   293 I SFPerfTracer:      triggers: (rate: 9:468) (compose: 0:8) (post: 0:5) (render: 1:20) (0:2751 frames) (1:26995)
01-02 14:27:20.165   293   293 D SFPerfTracer:        layers: (1:9) (FocusedStackFrame (0xb8572638): 0:112)* (StatusBar (0xb85c89f0): 0:983)* (com.android.systemui.ImageWallpaper (0xb85fd310): 0:105)* (NavigationBar (0xb85f2408): 0:736)* (DimLayer (0xb861a010): 0:243)* (DimLayer (0xb8604770): 0:22)* (com.qualcomm.ftcrobotcontroller/org.firstinspires.ftc.robotcontroller.internal.FtcRobotControllerActivity (0xb861f580): 0:1072) 
01-02 14:27:27.316 19080 19086 I chatty  : uid=10125(ps) expire 3 lines
01-02 14:27:27.770  2762  2762 D KeyguardUpdateMonitor: received broadcast android.intent.action.BATTERY_CHANGED
01-02 14:27:27.770  2762  2762 D KeyguardUpdateMonitor: handleBatteryUpdate
01-02 14:27:27.861  2762  2762 D KeyguardUpdateMonitor: received broadcast android.intent.action.BATTERY_CHANGED
01-02 14:27:27.863  2762  2762 D KeyguardUpdateMonitor: handleBatteryUpdate
01-02 14:27:31.978   293   635 I SFPerfTracer:      triggers: (rate: 0:2) (0 sw vsyncs) (0 skipped) (0:3218 vsyncs) (1:27628)
01-02 14:27:32.917   293   293 I SFPerfTracer:      triggers: (rate: 9:468) (compose: 0:8) (post: 0:5) (render: 1:20) (0:2752 frames) (1:27095)
01-02 14:27:32.917   293   293 D SFPerfTracer:        layers: (1:9) (FocusedStackFrame (0xb8572638): 0:112)* (StatusBar (0xb85c89f0): 0:985)* (com.android.systemui.ImageWallpaper (0xb85fd310): 0:105)* (NavigationBar (0xb85f2408): 0:736)* (DimLayer (0xb861a010): 0:243)* (DimLayer (0xb8604770): 0:22)* (com.qualcomm.ftcrobotcontroller/org.firstinspires.ftc.robotcontroller.internal.FtcRobotControllerActivity (0xb861f580): 0:1121) 
01-02 14:27:45.245   293   635 I SFPerfTracer:      triggers: (rate: 0:2) (0 sw vsyncs) (0 skipped) (0:3218 vsyncs) (1:27729)
01-02 14:27:46.001   293   293 I SFPerfTracer:      triggers: (rate: 9:468) (compose: 0:8) (post: 0:5) (render: 1:20) (0:2752 frames) (1:27195)
01-02 14:27:46.001   293   293 D SFPerfTracer:        layers: (1:9) (FocusedStackFrame (0xb8572638): 0:112)* (StatusBar (0xb85c89f0): 0:985)* (com.android.systemui.ImageWallpaper (0xb85fd310): 0:105)* (NavigationBar (0xb85f2408): 0:736)* (DimLayer (0xb861a010): 0:243)* (DimLayer (0xb8604770): 0:22)* (com.qualcomm.ftcrobotcontroller/org.firstinspires.ftc.robotcontroller.internal.FtcRobotControllerActivity (0xb861f580): 0:1171) 
01-02 14:27:58.444   293   635 I SFPerfTracer:      triggers: (rate: 0:2) (0 sw vsyncs) (0 skipped) (0:3218 vsyncs) (1:27830)
01-02 14:27:59.115   293   293 I SFPerfTracer:      triggers: (rate: 9:468) (compose: 0:8) (post: 0:5) (render: 1:20) (0:2752 frames) (1:27295)
01-02 14:27:59.115   293   293 D SFPerfTracer:        layers: (1:9) (FocusedStackFrame (0xb8572638): 0:112)* (StatusBar (0xb85c89f0): 0:985)* (com.android.systemui.ImageWallpaper (0xb85fd310): 0:105)* (NavigationBar (0xb85f2408): 0:736)* (DimLayer (0xb861a010): 0:243)* (DimLayer (0xb8604770): 0:22)* (com.qualcomm.ftcrobotcontroller/org.firstinspires.ftc.robotcontroller.internal.FtcRobotControllerActivity (0xb861f580): 0:1221) 
01-02 14:28:00.000  1693  2599 V AlarmManager: sending alarm {dd9562f type 3 *alarm*:android.intent.action.TIME_TICK}
01-02 14:28:00.002  2762  2762 D KeyguardUpdateMonitor: received broadcast android.intent.action.TIME_TICK
01-02 14:28:00.003  2762  2762 D KeyguardUpdateMonitor: handleTimeUpdate
01-02 14:28:00.040  1693  1728 I ProcessStatsService: Prepared write state in 13ms
01-02 14:28:00.055  1693  1693 V AlarmManager: done {dd9562f, *alarm*:android.intent.action.TIME_TICK} [55ms]
01-02 14:28:11.231   293   635 I SFPerfTracer:      triggers: (rate: 0:2) (0 sw vsyncs) (0 skipped) (0:3219 vsyncs) (1:27931)
01-02 14:28:11.749   293   293 I SFPerfTracer:      triggers: (rate: 9:469) (compose: 0:8) (post: 0:5) (render: 1:20) (0:2755 frames) (1:27395)
01-02 14:28:11.749   293   293 D SFPerfTracer:        layers: (1:9) (FocusedStackFrame (0xb8572638): 0:112)* (StatusBar (0xb85c89f0): 0:988)* (com.android.systemui.ImageWallpaper (0xb85fd310): 0:105)* (NavigationBar (0xb85f2408): 0:736)* (DimLayer (0xb861a010): 0:243)* (DimLayer (0xb8604770): 0:22)* (com.qualcomm.ftcrobotcontroller/org.firstinspires.ftc.robotcontroller.internal.FtcRobotControllerActivity (0xb861f580): 1:1270) 
01-02 14:28:17.266  1693  2599 V AlarmManager: sending alarm {7984ee6 type 2 *walarm*:com.google.android.gms.gcm.ACTION_CHECK_QUEUE}
01-02 14:28:17.273  1693  1693 V AlarmManager: done {7984ee6, *walarm*:com.google.android.gms.gcm.ACTION_CHECK_QUEUE} [7ms]
01-02 14:28:24.565   293   635 I SFPerfTracer:      triggers: (rate: 0:2) (0 sw vsyncs) (0 skipped) (0:3219 vsyncs) (1:28032)
01-02 14:28:24.900   293   293 I SFPerfTracer:      triggers: (rate: 9:469) (compose: 0:8) (post: 0:5) (render: 1:20) (0:2755 frames) (1:27495)
01-02 14:28:24.900   293   293 D SFPerfTracer:        layers: (1:9) (FocusedStackFrame (0xb8572638): 0:112)* (StatusBar (0xb85c89f0): 0:988)* (com.android.systemui.ImageWallpaper (0xb85fd310): 0:105)* (NavigationBar (0xb85f2408): 0:736)* (DimLayer (0xb861a010): 0:243)* (DimLayer (0xb8604770): 0:22)* (com.qualcomm.ftcrobotcontroller/org.firstinspires.ftc.robotcontroller.internal.FtcRobotControllerActivity (0xb861f580): 1:1320) 
01-02 14:28:27.917  2762  2762 D KeyguardUpdateMonitor: received broadcast android.intent.action.BATTERY_CHANGED
01-02 14:28:27.918  2762  2762 D KeyguardUpdateMonitor: handleBatteryUpdate
01-02 14:28:28.027  2762  2762 D KeyguardUpdateMonitor: received broadcast android.intent.action.BATTERY_CHANGED
01-02 14:28:28.029  2762  2762 D KeyguardUpdateMonitor: handleBatteryUpdate
01-02 14:28:32.281 19080 19287 I chatty  : uid=10125(ps) expire 12 lines
01-02 14:28:37.493   293   635 I SFPerfTracer:      triggers: (rate: 0:2) (0 sw vsyncs) (0 skipped) (0:3219 vsyncs) (1:28133)
01-02 14:28:37.746   293   293 I SFPerfTracer:      triggers: (rate: 9:470) (compose: 0:8) (post: 0:5) (render: 1:20) (0:2757 frames) (1:27595)
01-02 14:28:37.746   293   293 D SFPerfTracer:        layers: (1:9) (FocusedStackFrame (0xb8572638): 0:112)* (StatusBar (0xb85c89f0): 0:990)* (com.android.systemui.ImageWallpaper (0xb85fd310): 0:105)* (NavigationBar (0xb85f2408): 0:736)* (DimLayer (0xb861a010): 0:243)* (DimLayer (0xb8604770): 0:22)* (com.qualcomm.ftcrobotcontroller/org.firstinspires.ftc.robotcontroller.internal.FtcRobotControllerActivity (0xb861f580): 0:1368) 
01-02 14:28:38.064   576   631 D TCMD    : NL - Read 68 bytes from update socket.
01-02 14:28:38.064   576   631 D TCMD    : NL - message type is RTM_NEWLINK
01-02 14:28:38.064   576   631 D TCMD    : Listening for incoming client connection request
01-02 14:28:38.066  3168  3168 I wpa_supplicant: p2p0: AP-STA-DISCONNECTED f4:5c:89:c6:83:df
01-02 14:28:38.067  3168  3168 W wpa_supplicant: Device is trying to offload WPS Probe Response while not supporting this
01-02 14:28:38.067  3168  3168 W wpa_supplicant: Device is trying to offload P2P Probe Response while not supporting this
01-02 14:28:38.068  1693  2648 D WifiP2pService: GroupCreatedState{ when=0 what=147497 obj=Device: 
01-02 14:28:38.068  1693  2648 D WifiP2pService:  deviceAddress: f4:5c:89:c6:83:df
01-02 14:28:38.068  1693  2648 D WifiP2pService:  primary type: null
01-02 14:28:38.068  1693  2648 D WifiP2pService:  secondary type: null
01-02 14:28:38.068  1693  2648 D WifiP2pService:  wps: 0
01-02 14:28:38.068  1693  2648 D WifiP2pService:  grpcapab: 0
01-02 14:28:38.068  1693  2648 D WifiP2pService:  devcapab: 0
01-02 14:28:38.068  1693  2648 D WifiP2pService:  status: 4
01-02 14:28:38.068  1693  2648 D WifiP2pService:  wfdInfo: null
01-02 14:28:38.068  1693  2648 D WifiP2pService:  level: 0 target=com.android.internal.util.StateMachine$SmHandler }
01-02 14:28:38.068  1693  2648 D WifiP2pService: Removed client f4:5c:89:c6:83:df
01-02 14:28:38.068  1693  2648 D WifiP2pService: sending p2p connection changed broadcast
01-02 14:28:38.071  1693  2648 D WifiP2pService: GroupCreatedState ap sta disconnected
01-02 14:28:38.074  1693  2648 D WifiP2pService: GroupCreatedState{ when=0 what=139283 arg2=4 target=com.android.internal.util.StateMachine$SmHandler }
01-02 14:28:38.074  1693  2648 D WifiP2pService: P2pEnabledState{ when=0 what=139283 arg2=4 target=com.android.internal.util.StateMachine$SmHandler }
01-02 14:28:38.075  1693  2648 D WifiP2pService: DefaultState{ when=-1ms what=139283 arg2=4 target=com.android.internal.util.StateMachine$SmHandler }
01-02 14:28:41.202  1693  2599 V AlarmManager: sending alarm {d3b3412 type 2 *walarm*:CONTEXT_MANAGER_ALARM_WAKEUP_61289}
01-02 14:28:41.209  1693  1693 V AlarmManager: done {d3b3412, *walarm*:CONTEXT_MANAGER_ALARM_WAKEUP_61289} [7ms]
01-02 14:28:47.277  1693  2599 V AlarmManager: sending alarm {7984ee6 type 2 *walarm*:com.google.android.gms.gcm.ACTION_CHECK_QUEUE}
01-02 14:28:47.285  1693  1693 V AlarmManager: done {7984ee6, *walarm*:com.google.android.gms.gcm.ACTION_CHECK_QUEUE} [9ms]
01-02 14:28:51.088   293   635 I SFPerfTracer:      triggers: (rate: 0:2) (0 sw vsyncs) (0 skipped) (0:3219 vsyncs) (1:28234)
01-02 14:28:51.273   293   293 I SFPerfTracer:      triggers: (rate: 9:470) (compose: 0:8) (post: 0:5) (render: 1:20) (0:2757 frames) (1:27695)
01-02 14:28:51.273   293   293 D SFPerfTracer:        layers: (1:9) (FocusedStackFrame (0xb8572638): 0:112)* (StatusBar (0xb85c89f0): 0:990)* (com.android.systemui.ImageWallpaper (0xb85fd310): 0:105)* (NavigationBar (0xb85f2408): 0:736)* (DimLayer (0xb861a010): 0:243)* (DimLayer (0xb8604770): 0:22)* (com.qualcomm.ftcrobotcontroller/org.firstinspires.ftc.robotcontroller.internal.FtcRobotControllerActivity (0xb861f580): 0:1418) 
01-02 14:29:00.000  1693  2599 V AlarmManager: sending alarm {dd9562f type 3 *alarm*:android.intent.action.TIME_TICK}
01-02 14:29:00.002  2762  2762 D KeyguardUpdateMonitor: received broadcast android.intent.action.TIME_TICK
01-02 14:29:00.002  2762  2762 D KeyguardUpdateMonitor: handleTimeUpdate
01-02 14:29:00.055  1693  1693 V AlarmManager: done {dd9562f, *alarm*:android.intent.action.TIME_TICK} [55ms]
01-02 14:29:04.165   293   635 I SFPerfTracer:      triggers: (rate: 0:2) (0 sw vsyncs) (0 skipped) (0:3221 vsyncs) (1:28335)
01-02 14:29:04.165   293   293 I SFPerfTracer:      triggers: (rate: 9:470) (compose: 0:8) (post: 0:5) (render: 1:20) (0:2760 frames) (1:27795)
01-02 14:29:04.165   293   293 D SFPerfTracer:        layers: (1:9) (FocusedStackFrame (0xb8572638): 0:112)* (StatusBar (0xb85c89f0): 0:993)* (com.android.systemui.ImageWallpaper (0xb85fd310): 0:105)* (NavigationBar (0xb85f2408): 0:736)* (DimLayer (0xb861a010): 0:243)* (DimLayer (0xb8604770): 0:22)* (com.qualcomm.ftcrobotcontroller/org.firstinspires.ftc.robotcontroller.internal.FtcRobotControllerActivity (0xb861f580): 1:1467) 
01-02 14:29:17.466   293   293 I SFPerfTracer:      triggers: (rate: 9:470) (compose: 0:8) (post: 0:5) (render: 1:20) (0:2760 frames) (1:27895)
01-02 14:29:17.466   293   293 D SFPerfTracer:        layers: (1:9) (FocusedStackFrame (0xb8572638): 0:112)* (StatusBar (0xb85c89f0): 0:993)* (com.android.systemui.ImageWallpaper (0xb85fd310): 0:105)* (NavigationBar (0xb85f2408): 0:736)* (DimLayer (0xb861a010): 0:243)* (DimLayer (0xb8604770): 0:22)* (com.qualcomm.ftcrobotcontroller/org.firstinspires.ftc.robotcontroller.internal.FtcRobotControllerActivity (0xb861f580): 1:1517) 
01-02 14:29:17.682   293   635 I SFPerfTracer:      triggers: (rate: 0:2) (0 sw vsyncs) (0 skipped) (0:3221 vsyncs) (1:28436)
01-02 14:29:28.120  2762  2762 D KeyguardUpdateMonitor: received broadcast android.intent.action.BATTERY_CHANGED
01-02 14:29:28.123  2762  2762 D KeyguardUpdateMonitor: handleBatteryUpdate
01-02 14:29:28.184  2762  2762 D KeyguardUpdateMonitor: received broadcast android.intent.action.BATTERY_CHANGED
01-02 14:29:28.184  2762  2762 D KeyguardUpdateMonitor: handleBatteryUpdate
01-02 14:29:30.882   293   293 I SFPerfTracer:      triggers: (rate: 9:470) (compose: 0:8) (post: 0:5) (render: 1:20) (0:2761 frames) (1:27995)
01-02 14:29:30.882   293   293 D SFPerfTracer:        layers: (1:9) (FocusedStackFrame (0xb8572638): 0:112)* (StatusBar (0xb85c89f0): 0:995)* (com.android.systemui.ImageWallpaper (0xb85fd310): 0:105)* (NavigationBar (0xb85f2408): 0:736)* (DimLayer (0xb861a010): 0:243)* (DimLayer (0xb8604770): 0:22)* (com.qualcomm.ftcrobotcontroller/org.firstinspires.ftc.robotcontroller.internal.FtcRobotControllerActivity (0xb861f580): 1:1566) 
01-02 14:29:31.181   293   635 I SFPerfTracer:      triggers: (rate: 0:2) (0 sw vsyncs) (0 skipped) (0:3221 vsyncs) (1:28537)
01-02 14:29:44.533   293   293 I SFPerfTracer:      triggers: (rate: 9:470) (compose: 0:8) (post: 0:5) (render: 1:20) (0:2761 frames) (1:28095)
01-02 14:29:44.533   293   293 D SFPerfTracer:        layers: (1:9) (FocusedStackFrame (0xb8572638): 0:112)* (StatusBar (0xb85c89f0): 0:995)* (com.android.systemui.ImageWallpaper (0xb85fd310): 0:105)* (NavigationBar (0xb85f2408): 0:736)* (DimLayer (0xb861a010): 0:243)* (DimLayer (0xb8604770): 0:22)* (com.qualcomm.ftcrobotcontroller/org.firstinspires.ftc.robotcontroller.internal.FtcRobotControllerActivity (0xb861f580): 1:1616) 
01-02 14:29:44.966   293   635 I SFPerfTracer:      triggers: (rate: 0:2) (0 sw vsyncs) (0 skipped) (0:3221 vsyncs) (1:28638)
01-02 14:29:57.851   293   293 I SFPerfTracer:      triggers: (rate: 9:470) (compose: 0:8) (post: 0:5) (render: 1:20) (0:2761 frames) (1:28195)
01-02 14:29:57.851   293   293 D SFPerfTracer:        layers: (1:9) (FocusedStackFrame (0xb8572638): 0:112)* (StatusBar (0xb85c89f0): 0:995)* (com.android.systemui.ImageWallpaper (0xb85fd310): 0:105)* (NavigationBar (0xb85f2408): 0:736)* (DimLayer (0xb861a010): 0:243)* (DimLayer (0xb8604770): 0:22)* (com.qualcomm.ftcrobotcontroller/org.firstinspires.ftc.robotcontroller.internal.FtcRobotControllerActivity (0xb861f580): 1:1666) 
01-02 14:29:58.467   293   635 I SFPerfTracer:      triggers: (rate: 0:2) (0 sw vsyncs) (0 skipped) (0:3221 vsyncs) (1:28739)
01-02 14:30:00.001  1693  2599 V AlarmManager: sending alarm {dd9562f type 3 *alarm*:android.intent.action.TIME_TICK}
01-02 14:30:00.004  2762  2762 D KeyguardUpdateMonitor: received broadcast android.intent.action.TIME_TICK
01-02 14:30:00.004  2762  2762 D KeyguardUpdateMonitor: handleTimeUpdate
01-02 14:30:00.056  1693  1693 V AlarmManager: done {dd9562f, *alarm*:android.intent.action.TIME_TICK} [55ms]
01-02 14:30:10.999   293   293 I SFPerfTracer:      triggers: (rate: 9:470) (compose: 0:8) (post: 0:5) (render: 1:20) (0:2763 frames) (1:28295)
01-02 14:30:10.999   293   293 D SFPerfTracer:        layers: (1:9) (FocusedStackFrame (0xb8572638): 0:112)* (StatusBar (0xb85c89f0): 0:998)* (com.android.systemui.ImageWallpaper (0xb85fd310): 0:105)* (NavigationBar (0xb85f2408): 0:736)* (DimLayer (0xb861a010): 0:243)* (DimLayer (0xb8604770): 0:22)* (com.qualcomm.ftcrobotcontroller/org.firstinspires.ftc.robotcontroller.internal.FtcRobotControllerActivity (0xb861f580): 1:1715) 
01-02 14:30:11.765   293   635 I SFPerfTracer:      triggers: (rate: 0:2) (0 sw vsyncs) (0 skipped) (0:3222 vsyncs) (1:28840)
01-02 14:30:13.618  2762  2762 D KeyguardUpdateMonitor: received broadcast android.intent.action.BATTERY_CHANGED
01-02 14:30:13.620  2762  2762 D KeyguardUpdateMonitor: handleBatteryUpdate
01-02 14:30:24.181   293   293 I SFPerfTracer:      triggers: (rate: 9:470) (compose: 0:8) (post: 0:5) (render: 1:20) (0:2763 frames) (1:28395)
01-02 14:30:24.182   293   293 D SFPerfTracer:        layers: (1:9) (FocusedStackFrame (0xb8572638): 0:112)* (StatusBar (0xb85c89f0): 0:999)* (com.android.systemui.ImageWallpaper (0xb85fd310): 0:105)* (NavigationBar (0xb85f2408): 0:736)* (DimLayer (0xb861a010): 0:243)* (DimLayer (0xb8604770): 0:22)* (com.qualcomm.ftcrobotcontroller/org.firstinspires.ftc.robotcontroller.internal.FtcRobotControllerActivity (0xb861f580): 0:1764) 
01-02 14:30:24.930   293   635 I SFPerfTracer:      triggers: (rate: 0:2) (0 sw vsyncs) (0 skipped) (0:3222 vsyncs) (1:28941)
01-02 14:30:28.345  2762  2762 D KeyguardUpdateMonitor: received broadcast android.intent.action.BATTERY_CHANGED
01-02 14:30:28.346  2762  2762 D KeyguardUpdateMonitor: handleBatteryUpdate
01-02 14:30:37.219   293   293 I SFPerfTracer:      triggers: (rate: 9:473) (compose: 0:8) (post: 0:5) (render: 1:20) (0:2765 frames) (1:28495)
01-02 14:30:37.220   293   293 D SFPerfTracer:        layers: (1:9) (FocusedStackFrame (0xb8572638): 0:112)* (StatusBar (0xb85c89f0): 0:1000)* (com.android.systemui.ImageWallpaper (0xb85fd310): 0:105)* (NavigationBar (0xb85f2408): 0:736)* (DimLayer (0xb861a010): 0:243)* (DimLayer (0xb8604770): 0:22)* (com.qualcomm.ftcrobotcontroller/org.firstinspires.ftc.robotcontroller.internal.FtcRobotControllerActivity (0xb861f580): 0:1813) 
01-02 14:30:38.053   293   635 I SFPerfTracer:      triggers: (rate: 0:2) (0 sw vsyncs) (0 skipped) (0:3222 vsyncs) (1:29042)
01-02 14:30:50.465   293   293 I SFPerfTracer:      triggers: (rate: 9:473) (compose: 0:8) (post: 0:5) (render: 1:20) (0:2765 frames) (1:28595)
01-02 14:30:50.465   293   293 D SFPerfTracer:        layers: (1:9) (FocusedStackFrame (0xb8572638): 0:112)* (StatusBar (0xb85c89f0): 0:1000)* (com.android.systemui.ImageWallpaper (0xb85fd310): 0:105)* (NavigationBar (0xb85f2408): 0:736)* (DimLayer (0xb861a010): 0:243)* (DimLayer (0xb8604770): 0:22)* (com.qualcomm.ftcrobotcontroller/org.firstinspires.ftc.robotcontroller.internal.FtcRobotControllerActivity (0xb861f580): 0:1863) 
01-02 14:30:51.515   293   635 I SFPerfTracer:      triggers: (rate: 0:2) (0 sw vsyncs) (0 skipped) (0:3222 vsyncs) (1:29143)
01-02 14:30:53.642 19080 19247 I chatty  : uid=10125(ps) expire 11 lines
01-02 14:31:00.000  1693  2599 V AlarmManager: sending alarm {dd9562f type 3 *alarm*:android.intent.action.TIME_TICK}
01-02 14:31:00.001  2762  2762 D KeyguardUpdateMonitor: received broadcast android.intent.action.TIME_TICK
01-02 14:31:00.002  2762  2762 D KeyguardUpdateMonitor: handleTimeUpdate
01-02 14:31:00.055  1693  1693 V AlarmManager: done {dd9562f, *alarm*:android.intent.action.TIME_TICK} [55ms]
01-02 14:31:00.235  3410  6414 E ctxmgr  : [BaseServerTask]Failed network request due to no network connectivity.
01-02 14:31:00.235  3410  6414 E ctxmgr  : [SyncServerInterestRecordsOperation]Failure response from WriteInterestRecord. StatusCode = 1
01-02 14:31:03.395   293   293 I SFPerfTracer:      triggers: (rate: 9:473) (compose: 0:8) (post: 0:5) (render: 1:20) (0:2767 frames) (1:28695)
01-02 14:31:03.397   293   293 D SFPerfTracer:        layers: (1:9) (FocusedStackFrame (0xb8572638): 0:112)* (StatusBar (0xb85c89f0): 0:1003)* (com.android.systemui.ImageWallpaper (0xb85fd310): 0:105)* (NavigationBar (0xb85f2408): 0:736)* (DimLayer (0xb861a010): 0:243)* (DimLayer (0xb8604770): 0:22)* (com.qualcomm.ftcrobotcontroller/org.firstinspires.ftc.robotcontroller.internal.FtcRobotControllerActivity (0xb861f580): 1:1912) 
01-02 14:31:04.716   293   635 I SFPerfTracer:      triggers: (rate: 0:2) (0 sw vsyncs) (0 skipped) (0:3223 vsyncs) (1:29244)
01-02 14:31:16.873   293   293 I SFPerfTracer:      triggers: (rate: 9:473) (compose: 0:8) (post: 0:5) (render: 1:20) (0:2767 frames) (1:28795)
01-02 14:31:16.873   293   293 D SFPerfTracer:        layers: (1:9) (FocusedStackFrame (0xb8572638): 0:112)* (StatusBar (0xb85c89f0): 0:1003)* (com.android.systemui.ImageWallpaper (0xb85fd310): 0:105)* (NavigationBar (0xb85f2408): 0:736)* (DimLayer (0xb861a010): 0:243)* (DimLayer (0xb8604770): 0:22)* (com.qualcomm.ftcrobotcontroller/org.firstinspires.ftc.robotcontroller.internal.FtcRobotControllerActivity (0xb861f580): 1:1962) 
01-02 14:31:18.194   293   635 I SFPerfTracer:      triggers: (rate: 0:2) (0 sw vsyncs) (0 skipped) (0:3223 vsyncs) (1:29345)
01-02 14:31:28.410  2762  2762 D KeyguardUpdateMonitor: received broadcast android.intent.action.BATTERY_CHANGED
01-02 14:31:28.410  2762  2762 D KeyguardUpdateMonitor: handleBatteryUpdate
01-02 14:31:28.517  2762  2762 D KeyguardUpdateMonitor: received broadcast android.intent.action.BATTERY_CHANGED
01-02 14:31:28.519  2762  2762 D KeyguardUpdateMonitor: handleBatteryUpdate
01-02 14:31:29.933   293   293 I SFPerfTracer:      triggers: (rate: 9:473) (compose: 0:8) (post: 0:5) (render: 1:20) (0:2768 frames) (1:28895)
01-02 14:31:29.933   293   293 D SFPerfTracer:        layers: (1:9) (FocusedStackFrame (0xb8572638): 0:112)* (StatusBar (0xb85c89f0): 0:1005)* (com.android.systemui.ImageWallpaper (0xb85fd310): 0:105)* (NavigationBar (0xb85f2408): 0:736)* (DimLayer (0xb861a010): 0:243)* (DimLayer (0xb8604770): 0:22)* (com.qualcomm.ftcrobotcontroller/org.firstinspires.ftc.robotcontroller.internal.FtcRobotControllerActivity (0xb861f580): 1:2011) 
01-02 14:31:31.413   293   635 I SFPerfTracer:      triggers: (rate: 0:2) (0 sw vsyncs) (0 skipped) (0:3223 vsyncs) (1:29446)
01-02 14:31:40.299 19080 19080 I chatty  : uid=10125(ps) expire 10 lines
01-02 14:31:42.573 18007 18055 I PlayCommon: [1221] com.google.android.play.a.g.e(900): Preparing logs for uploading
01-02 14:31:42.633 18007 18055 I PlayCommon: [1221] com.google.android.play.a.g.a(1040): Connecting to server: https://play.googleapis.com/play/log?format=raw&proto_v2=true
01-02 14:31:42.636 18007 18055 E PlayCommon: [1221] com.google.android.play.a.g.a(1051): Failed to connect to server: java.net.UnknownHostException: Unable to resolve host "play.googleapis.com": No address associated with hostname
01-02 14:31:42.916   293   293 I SFPerfTracer:      triggers: (rate: 9:473) (compose: 0:8) (post: 0:5) (render: 1:20) (0:2768 frames) (1:28995)
01-02 14:31:42.916   293   293 D SFPerfTracer:        layers: (1:9) (FocusedStackFrame (0xb8572638): 0:112)* (StatusBar (0xb85c89f0): 0:1005)* (com.android.systemui.ImageWallpaper (0xb85fd310): 0:105)* (NavigationBar (0xb85f2408): 0:736)* (DimLayer (0xb861a010): 0:243)* (DimLayer (0xb8604770): 0:22)* (com.qualcomm.ftcrobotcontroller/org.firstinspires.ftc.robotcontroller.internal.FtcRobotControllerActivity (0xb861f580): 1:2061) 
01-02 14:31:44.430   293   635 I SFPerfTracer:      triggers: (rate: 0:2) (0 sw vsyncs) (0 skipped) (0:3223 vsyncs) (1:29547)
01-02 14:31:56.201   293   293 I SFPerfTracer:      triggers: (rate: 9:473) (compose: 0:8) (post: 0:5) (render: 1:20) (0:2768 frames) (1:29095)
01-02 14:31:56.201   293   293 D SFPerfTracer:        layers: (1:9) (FocusedStackFrame (0xb8572638): 0:112)* (StatusBar (0xb85c89f0): 0:1005)* (com.android.systemui.ImageWallpaper (0xb85fd310): 0:105)* (NavigationBar (0xb85f2408): 0:736)* (DimLayer (0xb861a010): 0:243)* (DimLayer (0xb8604770): 0:22)* (com.qualcomm.ftcrobotcontroller/org.firstinspires.ftc.robotcontroller.internal.FtcRobotControllerActivity (0xb861f580): 1:2111) 
01-02 14:31:57.930   293   635 I SFPerfTracer:      triggers: (rate: 0:2) (0 sw vsyncs) (0 skipped) (0:3223 vsyncs) (1:29648)
01-02 14:32:00.001  1693  2599 V AlarmManager: sending alarm {dd9562f type 3 *alarm*:android.intent.action.TIME_TICK}
01-02 14:32:00.004  2762  2762 D KeyguardUpdateMonitor: received broadcast android.intent.action.TIME_TICK
01-02 14:32:00.004  2762  2762 D KeyguardUpdateMonitor: handleTimeUpdate
01-02 14:32:00.067  1693  1693 V AlarmManager: done {dd9562f, *alarm*:android.intent.action.TIME_TICK} [67ms]
01-02 14:32:09.235   293   293 I SFPerfTracer:      triggers: (rate: 9:473) (compose: 0:8) (post: 0:5) (render: 1:20) (0:2770 frames) (1:29195)
01-02 14:32:09.235   293   293 D SFPerfTracer:        layers: (1:9) (FocusedStackFrame (0xb8572638): 0:112)* (StatusBar (0xb85c89f0): 0:1008)* (com.android.systemui.ImageWallpaper (0xb85fd310): 0:105)* (NavigationBar (0xb85f2408): 0:736)* (DimLayer (0xb861a010): 0:243)* (DimLayer (0xb8604770): 0:22)* (com.qualcomm.ftcrobotcontroller/org.firstinspires.ftc.robotcontroller.internal.FtcRobotControllerActivity (0xb861f580): 1:2160) 
01-02 14:32:11.034   293   635 I SFPerfTracer:      triggers: (rate: 0:2) (0 sw vsyncs) (0 skipped) (0:3224 vsyncs) (1:29749)
01-02 14:32:22.301   293   293 I SFPerfTracer:      triggers: (rate: 9:473) (compose: 0:8) (post: 0:5) (render: 1:20) (0:2770 frames) (1:29295)
01-02 14:32:22.301   293   293 D SFPerfTracer:        layers: (1:9) (FocusedStackFrame (0xb8572638): 0:112)* (StatusBar (0xb85c89f0): 0:1008)* (com.android.systemui.ImageWallpaper (0xb85fd310): 0:105)* (NavigationBar (0xb85f2408): 0:736)* (DimLayer (0xb861a010): 0:243)* (DimLayer (0xb8604770): 0:22)* (com.qualcomm.ftcrobotcontroller/org.firstinspires.ftc.robotcontroller.internal.FtcRobotControllerActivity (0xb861f580): 1:2210) 
01-02 14:32:24.400   293   635 I SFPerfTracer:      triggers: (rate: 0:2) (0 sw vsyncs) (0 skipped) (0:3224 vsyncs) (1:29850)
01-02 14:32:28.541  2762  2762 D KeyguardUpdateMonitor: received broadcast android.intent.action.BATTERY_CHANGED
01-02 14:32:28.543  2762  2762 D KeyguardUpdateMonitor: handleBatteryUpdate
01-02 14:32:33.065  6658  6658 I dnsmasq : DHCPREQUEST(p2p0) 192.168.49.99 cc:61:e5:c1:27:ee 
01-02 14:32:33.065  6658  6658 I dnsmasq : DHCPACK(p2p0) 192.168.49.99 cc:61:e5:c1:27:ee android-b4003076afdab981
01-02 14:32:35.408   293   293 I SFPerfTracer:      triggers: (rate: 9:474) (compose: 0:8) (post: 0:5) (render: 1:20) (0:2771 frames) (1:29395)
01-02 14:32:35.408   293   293 D SFPerfTracer:        layers: (1:9) (FocusedStackFrame (0xb8572638): 0:112)* (StatusBar (0xb85c89f0): 0:1009)* (com.android.systemui.ImageWallpaper (0xb85fd310): 0:105)* (NavigationBar (0xb85f2408): 0:736)* (DimLayer (0xb861a010): 0:243)* (DimLayer (0xb8604770): 0:22)* (com.qualcomm.ftcrobotcontroller/org.firstinspires.ftc.robotcontroller.internal.FtcRobotControllerActivity (0xb861f580): 1:2259) 
01-02 14:32:37.523   293   635 I SFPerfTracer:      triggers: (rate: 0:2) (0 sw vsyncs) (0 skipped) (0:3224 vsyncs) (1:29951)
01-02 14:32:48.263   293   293 I SFPerfTracer:      triggers: (rate: 9:474) (compose: 0:8) (post: 0:5) (render: 1:20) (0:2771 frames) (1:29495)
