01-02 14:44:35.092   293   293 D SFPerfTracer:        layers: (1:9) (FocusedStackFrame (0xb8572638): 0:112)* (StatusBar (0xb85c89f0): 0:1059)* (com.android.systemui.ImageWallpaper (0xb85fd310): 0:105)* (NavigationBar (0xb85f2408): 0:736)* (DimLayer (0xb861a010): 0:243)* (DimLayer (0xb8604770): 0:22)* (com.qualcomm.ftcrobotcontroller/org.firstinspires.ftc.robotcontroller.internal.FtcRobotControllerActivity (0xb861f580): 0:4983) 
01-02 14:44:44.335   293   635 I SFPerfTracer:      triggers: (rate: 0:2) (0 sw vsyncs) (0 skipped) (0:3237 vsyncs) (1:35506)
01-02 14:44:48.184   293   293 I SFPerfTracer:      triggers: (rate: 9:487) (compose: 0:8) (post: 0:5) (render: 1:20) (0:2816 frames) (1:34995)
01-02 14:44:48.184   293   293 D SFPerfTracer:        layers: (1:9) (FocusedStackFrame (0xb8572638): 0:112)* (StatusBar (0xb85c89f0): 0:1059)* (com.android.systemui.ImageWallpaper (0xb85fd310): 0:105)* (NavigationBar (0xb85f2408): 0:736)* (DimLayer (0xb861a010): 0:243)* (DimLayer (0xb8604770): 0:22)* (com.qualcomm.ftcrobotcontroller/org.firstinspires.ftc.robotcontroller.internal.FtcRobotControllerActivity (0xb861f580): 0:5033) 
01-02 14:44:54.387  2762  2762 D KeyguardUpdateMonitor: received broadcast android.intent.action.BATTERY_CHANGED
01-02 14:44:54.387  2762  2762 D KeyguardUpdateMonitor: handleBatteryUpdate
01-02 14:44:57.610   293   635 I SFPerfTracer:      triggers: (rate: 0:2) (0 sw vsyncs) (0 skipped) (0:3237 vsyncs) (1:35607)
01-02 14:45:00.000  1693  2599 V AlarmManager: sending alarm {dd9562f type 3 *alarm*:android.intent.action.TIME_TICK}
01-02 14:45:00.003  2762  2762 D KeyguardUpdateMonitor: received broadcast android.intent.action.TIME_TICK
01-02 14:45:00.003  2762  2762 D KeyguardUpdateMonitor: handleTimeUpdate
01-02 14:45:00.058  1693  1693 V AlarmManager: done {dd9562f, *alarm*:android.intent.action.TIME_TICK} [58ms]
01-02 14:45:00.884   293   293 I SFPerfTracer:      triggers: (rate: 9:487) (compose: 0:8) (post: 0:5) (render: 1:20) (0:2818 frames) (1:35095)
01-02 14:45:00.885   293   293 D SFPerfTracer:        layers: (1:9) (FocusedStackFrame (0xb8572638): 0:112)* (StatusBar (0xb85c89f0): 0:1063)* (com.android.systemui.ImageWallpaper (0xb85fd310): 0:105)* (NavigationBar (0xb85f2408): 0:736)* (DimLayer (0xb861a010): 0:243)* (DimLayer (0xb8604770): 0:22)* (com.qualcomm.ftcrobotcontroller/org.firstinspires.ftc.robotcontroller.internal.FtcRobotControllerActivity (0xb861f580): 1:5082) 
01-02 14:45:10.345   293   635 I SFPerfTracer:      triggers: (rate: 0:2) (0 sw vsyncs) (0 skipped) (0:3238 vsyncs) (1:35708)
01-02 14:45:14.000   293   293 I SFPerfTracer:      triggers: (rate: 9:487) (compose: 0:8) (post: 0:5) (render: 1:20) (0:2818 frames) (1:35195)
01-02 14:45:14.000   293   293 D SFPerfTracer:        layers: (1:9) (FocusedStackFrame (0xb8572638): 0:112)* (StatusBar (0xb85c89f0): 0:1063)* (com.android.systemui.ImageWallpaper (0xb85fd310): 0:105)* (NavigationBar (0xb85f2408): 0:736)* (DimLayer (0xb861a010): 0:243)* (DimLayer (0xb8604770): 0:22)* (com.qualcomm.ftcrobotcontroller/org.firstinspires.ftc.robotcontroller.internal.FtcRobotControllerActivity (0xb861f580): 1:5132) 
01-02 14:45:16.248 19080 19254 I chatty  : uid=10125(ps) expire 8 lines
01-02 14:45:23.877   293   635 I SFPerfTracer:      triggers: (rate: 0:2) (0 sw vsyncs) (0 skipped) (0:3238 vsyncs) (1:35809)
01-02 14:45:27.382   293   293 I SFPerfTracer:      triggers: (rate: 9:487) (compose: 0:8) (post: 0:5) (render: 1:20) (0:2818 frames) (1:35295)
01-02 14:45:27.383   293   293 D SFPerfTracer:        layers: (1:9) (FocusedStackFrame (0xb8572638): 0:112)* (StatusBar (0xb85c89f0): 0:1063)* (com.android.systemui.ImageWallpaper (0xb85fd310): 0:105)* (NavigationBar (0xb85f2408): 0:736)* (DimLayer (0xb861a010): 0:243)* (DimLayer (0xb8604770): 0:22)* (com.qualcomm.ftcrobotcontroller/org.firstinspires.ftc.robotcontroller.internal.FtcRobotControllerActivity (0xb861f580): 1:5182) 
01-02 14:45:30.986 19080 19265 I chatty  : uid=10125(ps) expire 15 lines
01-02 14:45:31.042 19080 19294 I chatty  : uid=10125(ps) expire 6 lines
01-02 14:45:37.476   293   635 I SFPerfTracer:      triggers: (rate: 0:2) (0 sw vsyncs) (0 skipped) (0:3238 vsyncs) (1:35910)
01-02 14:45:40.697   293   293 I SFPerfTracer:      triggers: (rate: 9:487) (compose: 0:8) (post: 0:5) (render: 1:20) (0:2818 frames) (1:35395)
01-02 14:45:40.697   293   293 D SFPerfTracer:        layers: (1:9) (FocusedStackFrame (0xb8572638): 0:112)* (StatusBar (0xb85c89f0): 0:1063)* (com.android.systemui.ImageWallpaper (0xb85fd310): 0:105)* (NavigationBar (0xb85f2408): 0:736)* (DimLayer (0xb861a010): 0:243)* (DimLayer (0xb8604770): 0:22)* (com.qualcomm.ftcrobotcontroller/org.firstinspires.ftc.robotcontroller.internal.FtcRobotControllerActivity (0xb861f580): 1:5232) 
01-02 14:45:50.691   293   635 I SFPerfTracer:      triggers: (rate: 0:2) (0 sw vsyncs) (0 skipped) (0:3238 vsyncs) (1:36011)
01-02 14:45:54.013   293   293 I SFPerfTracer:      triggers: (rate: 9:487) (compose: 0:8) (post: 0:5) (render: 1:20) (0:2818 frames) (1:35495)
01-02 14:45:54.013   293   293 D SFPerfTracer:        layers: (1:9) (FocusedStackFrame (0xb8572638): 0:112)* (StatusBar (0xb85c89f0): 0:1063)* (com.android.systemui.ImageWallpaper (0xb85fd310): 0:105)* (NavigationBar (0xb85f2408): 0:736)* (DimLayer (0xb861a010): 0:243)* (DimLayer (0xb8604770): 0:22)* (com.qualcomm.ftcrobotcontroller/org.firstinspires.ftc.robotcontroller.internal.FtcRobotControllerActivity (0xb861f580): 1:5282) 
01-02 14:45:54.535  2762  2762 D KeyguardUpdateMonitor: received broadcast android.intent.action.BATTERY_CHANGED
01-02 14:45:54.535  2762  2762 D KeyguardUpdateMonitor: handleBatteryUpdate
01-02 14:45:54.634  2762  2762 D KeyguardUpdateMonitor: received broadcast android.intent.action.BATTERY_CHANGED
01-02 14:45:54.637  2762  2762 D KeyguardUpdateMonitor: handleBatteryUpdate
01-02 14:46:00.001  1693  2599 V AlarmManager: sending alarm {dd9562f type 3 *alarm*:android.intent.action.TIME_TICK}
01-02 14:46:00.004  2762  2762 D KeyguardUpdateMonitor: received broadcast android.intent.action.TIME_TICK
01-02 14:46:00.004  2762  2762 D KeyguardUpdateMonitor: handleTimeUpdate
01-02 14:46:00.072  1693  1693 V AlarmManager: done {dd9562f, *alarm*:android.intent.action.TIME_TICK} [71ms]
01-02 14:46:03.767   293   635 I SFPerfTracer:      triggers: (rate: 0:2) (0 sw vsyncs) (0 skipped) (0:3239 vsyncs) (1:36112)
01-02 14:46:06.834   293   293 I SFPerfTracer:      triggers: (rate: 9:488) (compose: 0:8) (post: 0:5) (render: 1:20) (0:2821 frames) (1:35595)
01-02 14:46:06.834   293   293 D SFPerfTracer:        layers: (1:9) (FocusedStackFrame (0xb8572638): 0:112)* (StatusBar (0xb85c89f0): 0:1068)* (com.android.systemui.ImageWallpaper (0xb85fd310): 0:105)* (NavigationBar (0xb85f2408): 0:736)* (DimLayer (0xb861a010): 0:243)* (DimLayer (0xb8604770): 0:22)* (com.qualcomm.ftcrobotcontroller/org.firstinspires.ftc.robotcontroller.internal.FtcRobotControllerActivity (0xb861f580): 1:5330) 
01-02 14:46:17.283   293   635 I SFPerfTracer:      triggers: (rate: 0:2) (0 sw vsyncs) (0 skipped) (0:3239 vsyncs) (1:36213)
01-02 14:46:20.350   293   293 I SFPerfTracer:      triggers: (rate: 9:488) (compose: 0:8) (post: 0:5) (render: 1:20) (0:2821 frames) (1:35695)
01-02 14:46:20.350   293   293 D SFPerfTracer:        layers: (1:9) (FocusedStackFrame (0xb8572638): 0:112)* (StatusBar (0xb85c89f0): 0:1068)* (com.android.systemui.ImageWallpaper (0xb85fd310): 0:105)* (NavigationBar (0xb85f2408): 0:736)* (DimLayer (0xb861a010): 0:243)* (DimLayer (0xb8604770): 0:22)* (com.qualcomm.ftcrobotcontroller/org.firstinspires.ftc.robotcontroller.internal.FtcRobotControllerActivity (0xb861f580): 1:5380) 
01-02 14:46:30.832   293   635 I SFPerfTracer:      triggers: (rate: 0:2) (0 sw vsyncs) (0 skipped) (0:3239 vsyncs) (1:36314)
01-02 14:46:33.583   293   293 I SFPerfTracer:      triggers: (rate: 9:488) (compose: 0:8) (post: 0:5) (render: 1:20) (0:2821 frames) (1:35795)
01-02 14:46:33.583   293   293 D SFPerfTracer:        layers: (1:9) (FocusedStackFrame (0xb8572638): 0:112)* (StatusBar (0xb85c89f0): 0:1068)* (com.android.systemui.ImageWallpaper (0xb85fd310): 0:105)* (NavigationBar (0xb85f2408): 0:736)* (DimLayer (0xb861a010): 0:243)* (DimLayer (0xb8604770): 0:22)* (com.qualcomm.ftcrobotcontroller/org.firstinspires.ftc.robotcontroller.internal.FtcRobotControllerActivity (0xb861f580): 1:5430) 
01-02 14:46:40.312 19080 19080 I chatty  : uid=10125(ps) expire 2 lines
01-02 14:46:42.974 18007 18055 I PlayCommon: [1221] com.google.android.play.a.g.e(900): Preparing logs for uploading
01-02 14:46:43.031 18007 18055 I PlayCommon: [1221] com.google.android.play.a.g.a(1040): Connecting to server: https://play.googleapis.com/play/log?format=raw&proto_v2=true
01-02 14:46:43.035 18007 18055 E PlayCommon: [1221] com.google.android.play.a.g.a(1051): Failed to connect to server: java.net.UnknownHostException: Unable to resolve host "play.googleapis.com": No address associated with hostname
01-02 14:46:44.015   293   635 I SFPerfTracer:      triggers: (rate: 0:2) (0 sw vsyncs) (0 skipped) (0:3239 vsyncs) (1:36415)
01-02 14:46:46.699   293   293 I SFPerfTracer:      triggers: (rate: 9:488) (compose: 0:8) (post: 0:5) (render: 1:20) (0:2821 frames) (1:35895)
01-02 14:46:46.699   293   293 D SFPerfTracer:        layers: (1:9) (FocusedStackFrame (0xb8572638): 0:112)* (StatusBar (0xb85c89f0): 0:1068)* (com.android.systemui.ImageWallpaper (0xb85fd310): 0:105)* (NavigationBar (0xb85f2408): 0:736)* (DimLayer (0xb861a010): 0:243)* (DimLayer (0xb8604770): 0:22)* (com.qualcomm.ftcrobotcontroller/org.firstinspires.ftc.robotcontroller.internal.FtcRobotControllerActivity (0xb861f580): 1:5480) 
01-02 14:46:54.703  2762  2762 D KeyguardUpdateMonitor: received broadcast android.intent.action.BATTERY_CHANGED
01-02 14:46:54.706  2762  2762 D KeyguardUpdateMonitor: handleBatteryUpdate
01-02 14:46:54.791  2762  2762 D KeyguardUpdateMonitor: received broadcast android.intent.action.BATTERY_CHANGED
01-02 14:46:54.795  2762  2762 D KeyguardUpdateMonitor: handleBatteryUpdate
01-02 14:46:56.752   293   635 I SFPerfTracer:      triggers: (rate: 0:2) (0 sw vsyncs) (0 skipped) (0:3239 vsyncs) (1:36516)
01-02 14:46:59.287   293   293 I SFPerfTracer:      triggers: (rate: 9:489) (compose: 0:8) (post: 0:5) (render: 1:20) (0:2824 frames) (1:35995)
01-02 14:46:59.287   293   293 D SFPerfTracer:        layers: (1:9) (FocusedStackFrame (0xb8572638): 0:112)* (StatusBar (0xb85c89f0): 0:1070)* (com.android.systemui.ImageWallpaper (0xb85fd310): 0:105)* (NavigationBar (0xb85f2408): 0:736)* (DimLayer (0xb861a010): 0:243)* (DimLayer (0xb8604770): 0:22)* (com.qualcomm.ftcrobotcontroller/org.firstinspires.ftc.robotcontroller.internal.FtcRobotControllerActivity (0xb861f580): 0:5528) 
01-02 14:47:00.000  1693  2599 V AlarmManager: sending alarm {dd9562f type 3 *alarm*:android.intent.action.TIME_TICK}
01-02 14:47:00.002  2762  2762 D KeyguardUpdateMonitor: received broadcast android.intent.action.TIME_TICK
01-02 14:47:00.003  2762  2762 D KeyguardUpdateMonitor: handleTimeUpdate
01-02 14:47:00.056  1693  1693 V AlarmManager: done {dd9562f, *alarm*:android.intent.action.TIME_TICK} [56ms]
01-02 14:47:09.654   293   635 I SFPerfTracer:      triggers: (rate: 0:2) (0 sw vsyncs) (0 skipped) (0:3240 vsyncs) (1:36617)
01-02 14:47:11.989   293   293 I SFPerfTracer:      triggers: (rate: 9:489) (compose: 0:8) (post: 0:5) (render: 1:20) (0:2826 frames) (1:36095)
01-02 14:47:11.989   293   293 D SFPerfTracer:        layers: (1:9) (FocusedStackFrame (0xb8572638): 0:112)* (StatusBar (0xb85c89f0): 0:1073)* (com.android.systemui.ImageWallpaper (0xb85fd310): 0:105)* (NavigationBar (0xb85f2408): 0:736)* (DimLayer (0xb861a010): 0:243)* (DimLayer (0xb8604770): 0:22)* (com.qualcomm.ftcrobotcontroller/org.firstinspires.ftc.robotcontroller.internal.FtcRobotControllerActivity (0xb861f580): 0:5577) 
01-02 14:47:14.337 19080 19287 I chatty  : uid=10125(ps) expire 2 lines
01-02 14:47:17.068  2762  2762 D KeyguardUpdateMonitor: received broadcast android.intent.action.BATTERY_CHANGED
01-02 14:47:17.069  2762  2762 D KeyguardUpdateMonitor: handleBatteryUpdate
01-02 14:47:22.563   293   635 I SFPerfTracer:      triggers: (rate: 0:2) (0 sw vsyncs) (0 skipped) (0:3240 vsyncs) (1:36718)
01-02 14:47:24.890   293   293 I SFPerfTracer:      triggers: (rate: 9:489) (compose: 0:8) (post: 0:5) (render: 1:20) (0:2827 frames) (1:36195)
01-02 14:47:24.890   293   293 D SFPerfTracer:        layers: (1:9) (FocusedStackFrame (0xb8572638): 0:112)* (StatusBar (0xb85c89f0): 0:1074)* (com.android.systemui.ImageWallpaper (0xb85fd310): 0:105)* (NavigationBar (0xb85f2408): 0:736)* (DimLayer (0xb861a010): 0:243)* (DimLayer (0xb8604770): 0:22)* (com.qualcomm.ftcrobotcontroller/org.firstinspires.ftc.robotcontroller.internal.FtcRobotControllerActivity (0xb861f580): 0:5626) 
01-02 14:47:36.043   293   635 I SFPerfTracer:      triggers: (rate: 0:2) (0 sw vsyncs) (0 skipped) (0:3240 vsyncs) (1:36819)
01-02 14:47:38.190   293   293 I SFPerfTracer:      triggers: (rate: 9:489) (compose: 0:8) (post: 0:5) (render: 1:20) (0:2827 frames) (1:36295)
01-02 14:47:38.190   293   293 D SFPerfTracer:        layers: (1:9) (FocusedStackFrame (0xb8572638): 0:112)* (StatusBar (0xb85c89f0): 0:1074)* (com.android.systemui.ImageWallpaper (0xb85fd310): 0:105)* (NavigationBar (0xb85f2408): 0:736)* (DimLayer (0xb861a010): 0:243)* (DimLayer (0xb8604770): 0:22)* (com.qualcomm.ftcrobotcontroller/org.firstinspires.ftc.robotcontroller.internal.FtcRobotControllerActivity (0xb861f580): 0:5676) 
01-02 14:47:49.190   293   635 I SFPerfTracer:      triggers: (rate: 0:2) (0 sw vsyncs) (0 skipped) (0:3240 vsyncs) (1:36920)
01-02 14:47:51.268   293   293 I SFPerfTracer:      triggers: (rate: 9:489) (compose: 0:8) (post: 0:5) (render: 1:20) (0:2827 frames) (1:36395)
01-02 14:47:51.268   293   293 D SFPerfTracer:        layers: (1:9) (FocusedStackFrame (0xb8572638): 0:112)* (StatusBar (0xb85c89f0): 0:1074)* (com.android.systemui.ImageWallpaper (0xb85fd310): 0:105)* (NavigationBar (0xb85f2408): 0:736)* (DimLayer (0xb861a010): 0:243)* (DimLayer (0xb8604770): 0:22)* (com.qualcomm.ftcrobotcontroller/org.firstinspires.ftc.robotcontroller.internal.FtcRobotControllerActivity (0xb861f580): 0:5726) 
01-02 14:47:56.843 19080 19247 I chatty  : uid=10125(ps) expire 3 lines
01-02 14:47:59.999  1693  2599 V AlarmManager: sending alarm {dd9562f type 3 *alarm*:android.intent.action.TIME_TICK}
01-02 14:48:00.002  2762  2762 D KeyguardUpdateMonitor: received broadcast android.intent.action.TIME_TICK
01-02 14:48:00.002  2762  2762 D KeyguardUpdateMonitor: handleTimeUpdate
01-02 14:48:00.051  1693  1693 V AlarmManager: done {dd9562f, *alarm*:android.intent.action.TIME_TICK} [51ms]
01-02 14:48:02.270   293   635 I SFPerfTracer:      triggers: (rate: 0:2) (0 sw vsyncs) (0 skipped) (0:3241 vsyncs) (1:37021)
01-02 14:48:04.205   293   293 I SFPerfTracer:      triggers: (rate: 9:490) (compose: 0:8) (post: 0:5) (render: 1:20) (0:2830 frames) (1:36495)
01-02 14:48:04.205   293   293 D SFPerfTracer:        layers: (1:9) (FocusedStackFrame (0xb8572638): 0:112)* (StatusBar (0xb85c89f0): 0:1077)* (com.android.systemui.ImageWallpaper (0xb85fd310): 0:105)* (NavigationBar (0xb85f2408): 0:736)* (DimLayer (0xb861a010): 0:243)* (DimLayer (0xb8604770): 0:22)* (com.qualcomm.ftcrobotcontroller/org.firstinspires.ftc.robotcontroller.internal.FtcRobotControllerActivity (0xb861f580): 1:5775) 
01-02 14:48:16.154   293   635 I SFPerfTracer:      triggers: (rate: 0:2) (0 sw vsyncs) (0 skipped) (0:3241 vsyncs) (1:37122)
01-02 14:48:17.070  2762  2762 D KeyguardUpdateMonitor: received broadcast android.intent.action.BATTERY_CHANGED
01-02 14:48:17.070  2762  2762 D KeyguardUpdateMonitor: handleBatteryUpdate
01-02 14:48:17.673   293   293 I SFPerfTracer:      triggers: (rate: 9:491) (compose: 0:8) (post: 0:5) (render: 1:20) (0:2831 frames) (1:36595)
01-02 14:48:17.673   293   293 D SFPerfTracer:        layers: (1:9) (FocusedStackFrame (0xb8572638): 0:112)* (StatusBar (0xb85c89f0): 0:1078)* (com.android.systemui.ImageWallpaper (0xb85fd310): 0:105)* (NavigationBar (0xb85f2408): 0:736)* (DimLayer (0xb861a010): 0:243)* (DimLayer (0xb8604770): 0:22)* (com.qualcomm.ftcrobotcontroller/org.firstinspires.ftc.robotcontroller.internal.FtcRobotControllerActivity (0xb861f580): 0:5824) 
01-02 14:48:28.106 19080 19294 I chatty  : uid=10125(ps) expire 1 line
01-02 14:48:29.287   293   635 I SFPerfTracer:      triggers: (rate: 0:2) (0 sw vsyncs) (0 skipped) (0:3241 vsyncs) (1:37223)
01-02 14:48:30.924   293   293 I SFPerfTracer:      triggers: (rate: 9:491) (compose: 0:8) (post: 0:5) (render: 1:20) (0:2831 frames) (1:36695)
01-02 14:48:30.924   293   293 D SFPerfTracer:        layers: (1:9) (FocusedStackFrame (0xb8572638): 0:112)* (StatusBar (0xb85c89f0): 0:1078)* (com.android.systemui.ImageWallpaper (0xb85fd310): 0:105)* (NavigationBar (0xb85f2408): 0:736)* (DimLayer (0xb861a010): 0:243)* (DimLayer (0xb8604770): 0:22)* (com.qualcomm.ftcrobotcontroller/org.firstinspires.ftc.robotcontroller.internal.FtcRobotControllerActivity (0xb861f580): 0:5874) 
01-02 14:48:33.789 19080 19247 I chatty  : uid=10125(ps) expire 1 line
01-02 14:48:42.820   293   635 I SFPerfTracer:      triggers: (rate: 0:2) (0 sw vsyncs) (0 skipped) (0:3241 vsyncs) (1:37324)
01-02 14:48:44.372   293   293 I SFPerfTracer:      triggers: (rate: 9:491) (compose: 0:8) (post: 0:5) (render: 1:20) (0:2831 frames) (1:36795)
01-02 14:48:44.372   293   293 D SFPerfTracer:        layers: (1:9) (FocusedStackFrame (0xb8572638): 0:112)* (StatusBar (0xb85c89f0): 0:1078)* (com.android.systemui.ImageWallpaper (0xb85fd310): 0:105)* (NavigationBar (0xb85f2408): 0:736)* (DimLayer (0xb861a010): 0:243)* (DimLayer (0xb8604770): 0:22)* (com.qualcomm.ftcrobotcontroller/org.firstinspires.ftc.robotcontroller.internal.FtcRobotControllerActivity (0xb861f580): 0:5924) 
01-02 14:48:52.095 19080 19254 I chatty  : uid=10125(ps) expire 2 lines
01-02 14:48:56.454   293   635 I SFPerfTracer:      triggers: (rate: 0:2) (0 sw vsyncs) (0 skipped) (0:3241 vsyncs) (1:37425)
01-02 14:48:57.520 19080 19276 I chatty  : uid=10125(ps) expire 2 lines
01-02 14:48:57.924   293   293 I SFPerfTracer:      triggers: (rate: 9:491) (compose: 0:8) (post: 0:5) (render: 1:20) (0:2831 frames) (1:36895)
01-02 14:48:57.924   293   293 D SFPerfTracer:        layers: (1:9) (FocusedStackFrame (0xb8572638): 0:112)* (StatusBar (0xb85c89f0): 0:1078)* (com.android.systemui.ImageWallpaper (0xb85fd310): 0:105)* (NavigationBar (0xb85f2408): 0:736)* (DimLayer (0xb861a010): 0:243)* (DimLayer (0xb8604770): 0:22)* (com.qualcomm.ftcrobotcontroller/org.firstinspires.ftc.robotcontroller.internal.FtcRobotControllerActivity (0xb861f580): 0:5974) 
01-02 14:49:00.000  1693  2599 V AlarmManager: sending alarm {dd9562f type 3 *alarm*:android.intent.action.TIME_TICK}
01-02 14:49:00.002  2762  2762 D KeyguardUpdateMonitor: received broadcast android.intent.action.TIME_TICK
01-02 14:49:00.002  2762  2762 D KeyguardUpdateMonitor: handleTimeUpdate
01-02 14:49:00.058  1693  1693 V AlarmManager: done {dd9562f, *alarm*:android.intent.action.TIME_TICK} [58ms]
01-02 14:49:04.670 19080 19294 I chatty  : uid=10125(ps) expire 2 lines
01-02 14:49:09.954   293   635 I SFPerfTracer:      triggers: (rate: 0:2) (0 sw vsyncs) (0 skipped) (0:3242 vsyncs) (1:37526)
01-02 14:49:11.038   293   293 I SFPerfTracer:      triggers: (rate: 9:491) (compose: 0:8) (post: 0:5) (render: 1:20) (0:2833 frames) (1:36995)
01-02 14:49:11.038   293   293 D SFPerfTracer:        layers: (1:9) (FocusedStackFrame (0xb8572638): 0:112)* (StatusBar (0xb85c89f0): 0:1081)* (com.android.systemui.ImageWallpaper (0xb85fd310): 0:105)* (NavigationBar (0xb85f2408): 0:736)* (DimLayer (0xb861a010): 0:243)* (DimLayer (0xb8604770): 0:22)* (com.qualcomm.ftcrobotcontroller/org.firstinspires.ftc.robotcontroller.internal.FtcRobotControllerActivity (0xb861f580): 1:6023) 
01-02 14:49:16.172 19080 19254 I chatty  : uid=10125(ps) expire 3 lines
01-02 14:49:17.205  2762  2762 D KeyguardUpdateMonitor: received broadcast android.intent.action.BATTERY_CHANGED
01-02 14:49:17.206  2762  2762 D KeyguardUpdateMonitor: handleBatteryUpdate
01-02 14:49:23.305   293   635 I SFPerfTracer:      triggers: (rate: 0:2) (0 sw vsyncs) (0 skipped) (0:3242 vsyncs) (1:37627)
01-02 14:49:24.408   293   293 I SFPerfTracer:      triggers: (rate: 9:491) (compose: 0:8) (post: 0:5) (render: 1:20) (0:2833 frames) (1:37095)
01-02 14:49:24.408   293   293 D SFPerfTracer:        layers: (1:9) (FocusedStackFrame (0xb8572638): 0:112)* (StatusBar (0xb85c89f0): 0:1082)* (com.android.systemui.ImageWallpaper (0xb85fd310): 0:105)* (NavigationBar (0xb85f2408): 0:736)* (DimLayer (0xb861a010): 0:243)* (DimLayer (0xb8604770): 0:22)* (com.qualcomm.ftcrobotcontroller/org.firstinspires.ftc.robotcontroller.internal.FtcRobotControllerActivity (0xb861f580): 0:6072) 
01-02 14:49:35.708 19080 19265 I chatty  : uid=10125(ps) expire 2 lines
01-02 14:49:36.738   293   635 I SFPerfTracer:      triggers: (rate: 0:2) (0 sw vsyncs) (0 skipped) (0:3242 vsyncs) (1:37728)
01-02 14:49:37.791   293   293 I SFPerfTracer:      triggers: (rate: 9:491) (compose: 0:8) (post: 0:5) (render: 1:20) (0:2833 frames) (1:37195)
01-02 14:49:37.792   293   293 D SFPerfTracer:        layers: (1:9) (FocusedStackFrame (0xb8572638): 0:112)* (StatusBar (0xb85c89f0): 0:1082)* (com.android.systemui.ImageWallpaper (0xb85fd310): 0:105)* (NavigationBar (0xb85f2408): 0:736)* (DimLayer (0xb861a010): 0:243)* (DimLayer (0xb8604770): 0:22)* (com.qualcomm.ftcrobotcontroller/org.firstinspires.ftc.robotcontroller.internal.FtcRobotControllerActivity (0xb861f580): 0:6122) 
01-02 14:49:40.313 19080 19080 I chatty  : uid=10125(ps) expire 2 lines
01-02 14:49:50.472   293   635 I SFPerfTracer:      triggers: (rate: 0:2) (0 sw vsyncs) (0 skipped) (0:3242 vsyncs) (1:37829)
01-02 14:49:51.275   293   293 I SFPerfTracer:      triggers: (rate: 9:491) (compose: 0:8) (post: 0:5) (render: 1:20) (0:2833 frames) (1:37295)
01-02 14:49:51.275   293   293 D SFPerfTracer:        layers: (1:9) (FocusedStackFrame (0xb8572638): 0:112)* (StatusBar (0xb85c89f0): 0:1082)* (com.android.systemui.ImageWallpaper (0xb85fd310): 0:105)* (NavigationBar (0xb85f2408): 0:736)* (DimLayer (0xb861a010): 0:243)* (DimLayer (0xb8604770): 0:22)* (com.qualcomm.ftcrobotcontroller/org.firstinspires.ftc.robotcontroller.internal.FtcRobotControllerActivity (0xb861f580): 0:6172) 
01-02 14:49:51.800 19080 19294 I chatty  : uid=10125(ps) expire 3 lines
01-02 14:49:53.911 19080 19299 I chatty  : uid=10125(ps) expire 1 line
01-02 14:49:59.253 19080 19294 I chatty  : uid=10125(ps) expire 1 line
01-02 14:50:00.001  1693  2599 V AlarmManager: sending alarm {dd9562f type 3 *alarm*:android.intent.action.TIME_TICK}
01-02 14:50:00.004  2762  2762 D KeyguardUpdateMonitor: received broadcast android.intent.action.TIME_TICK
01-02 14:50:00.005  2762  2762 D KeyguardUpdateMonitor: handleTimeUpdate
01-02 14:50:00.060  1693  1693 V AlarmManager: done {dd9562f, *alarm*:android.intent.action.TIME_TICK} [59ms]
01-02 14:50:03.305   293   635 I SFPerfTracer:      triggers: (rate: 0:2) (0 sw vsyncs) (0 skipped) (0:3244 vsyncs) (1:37930)
01-02 14:50:03.906   293   293 I SFPerfTracer:      triggers: (rate: 9:491) (compose: 0:8) (post: 0:5) (render: 1:20) (0:2836 frames) (1:37395)
01-02 14:50:03.906   293   293 D SFPerfTracer:        layers: (1:9) (FocusedStackFrame (0xb8572638): 0:112)* (StatusBar (0xb85c89f0): 0:1085)* (com.android.systemui.ImageWallpaper (0xb85fd310): 0:105)* (NavigationBar (0xb85f2408): 0:736)* (DimLayer (0xb861a010): 0:243)* (DimLayer (0xb8604770): 0:22)* (com.qualcomm.ftcrobotcontroller/org.firstinspires.ftc.robotcontroller.internal.FtcRobotControllerActivity (0xb861f580): 1:6221) 
01-02 14:50:12.802 19080 19254 I chatty  : uid=10125(ps) expire 3 lines
01-02 14:50:13.618  2762  2762 D KeyguardUpdateMonitor: received broadcast android.intent.action.BATTERY_CHANGED
01-02 14:50:13.620  2762  2762 D KeyguardUpdateMonitor: handleBatteryUpdate
01-02 14:50:14.234 19080 19265 I chatty  : uid=10125(ps) expire 3 lines
01-02 14:50:14.322 19080 19294 I chatty  : uid=10125(ps) expire 8 lines
01-02 14:50:16.238   293   635 I SFPerfTracer:      triggers: (rate: 0:2) (0 sw vsyncs) (0 skipped) (0:3244 vsyncs) (1:38031)
01-02 14:50:16.739   293   293 I SFPerfTracer:      triggers: (rate: 9:492) (compose: 0:8) (post: 0:5) (render: 1:20) (0:2837 frames) (1:37495)
01-02 14:50:16.739   293   293 D SFPerfTracer:        layers: (1:9) (FocusedStackFrame (0xb8572638): 0:112)* (StatusBar (0xb85c89f0): 0:1086)* (com.android.systemui.ImageWallpaper (0xb85fd310): 0:105)* (NavigationBar (0xb85f2408): 0:736)* (DimLayer (0xb861a010): 0:243)* (DimLayer (0xb8604770): 0:22)* (com.qualcomm.ftcrobotcontroller/org.firstinspires.ftc.robotcontroller.internal.FtcRobotControllerActivity (0xb861f580): 1:6270) 
01-02 14:50:17.459  2762  2762 D KeyguardUpdateMonitor: received broadcast android.intent.action.BATTERY_CHANGED
01-02 14:50:17.460  2762  2762 D KeyguardUpdateMonitor: handleBatteryUpdate
01-02 14:50:29.404   293   635 I SFPerfTracer:      triggers: (rate: 0:2) (0 sw vsyncs) (0 skipped) (0:3244 vsyncs) (1:38132)
01-02 14:50:29.821   293   293 I SFPerfTracer:      triggers: (rate: 9:492) (compose: 0:8) (post: 0:5) (render: 1:20) (0:2838 frames) (1:37595)
01-02 14:50:29.822   293   293 D SFPerfTracer:        layers: (1:9) (FocusedStackFrame (0xb8572638): 0:112)* (StatusBar (0xb85c89f0): 0:1087)* (com.android.systemui.ImageWallpaper (0xb85fd310): 0:105)* (NavigationBar (0xb85f2408): 0:736)* (DimLayer (0xb861a010): 0:243)* (DimLayer (0xb8604770): 0:22)* (com.qualcomm.ftcrobotcontroller/org.firstinspires.ftc.robotcontroller.internal.FtcRobotControllerActivity (0xb861f580): 0:6319) 
01-02 14:50:32.075 19080 19254 I chatty  : uid=10125(ps) expire 3 lines
01-02 14:50:42.885   293   635 I SFPerfTracer:      triggers: (rate: 0:2) (0 sw vsyncs) (0 skipped) (0:3244 vsyncs) (1:38233)
01-02 14:50:43.139   293   293 I SFPerfTracer:      triggers: (rate: 9:492) (compose: 0:8) (post: 0:5) (render: 1:20) (0:2838 frames) (1:37695)
01-02 14:50:43.139   293   293 D SFPerfTracer:        layers: (1:9) (FocusedStackFrame (0xb8572638): 0:112)* (StatusBar (0xb85c89f0): 0:1087)* (com.android.systemui.ImageWallpaper (0xb85fd310): 0:105)* (NavigationBar (0xb85f2408): 0:736)* (DimLayer (0xb861a010): 0:243)* (DimLayer (0xb8604770): 0:22)* (com.qualcomm.ftcrobotcontroller/org.firstinspires.ftc.robotcontroller.internal.FtcRobotControllerActivity (0xb861f580): 0:6369) 
01-02 14:50:47.281 19080 19247 I chatty  : uid=10125(ps) expire 3 lines
01-02 14:50:56.067   293   635 I SFPerfTracer:      triggers: (rate: 0:2) (0 sw vsyncs) (0 skipped) (0:3244 vsyncs) (1:38334)
01-02 14:50:56.235   293   293 I SFPerfTracer:      triggers: (rate: 9:492) (compose: 0:8) (post: 0:5) (render: 1:20) (0:2838 frames) (1:37795)
01-02 14:50:56.235   293   293 D SFPerfTracer:        layers: (1:9) (FocusedStackFrame (0xb8572638): 0:112)* (StatusBar (0xb85c89f0): 0:1087)* (com.android.systemui.ImageWallpaper (0xb85fd310): 0:105)* (NavigationBar (0xb85f2408): 0:736)* (DimLayer (0xb861a010): 0:243)* (DimLayer (0xb8604770): 0:22)* (com.qualcomm.ftcrobotcontroller/org.firstinspires.ftc.robotcontroller.internal.FtcRobotControllerActivity (0xb861f580): 0:6419) 
01-02 14:50:59.999  1693  2599 V AlarmManager: sending alarm {dd9562f type 3 *alarm*:android.intent.action.TIME_TICK}
01-02 14:51:00.002  2762  2762 D KeyguardUpdateMonitor: received broadcast android.intent.action.TIME_TICK
01-02 14:51:00.002  2762  2762 D KeyguardUpdateMonitor: handleTimeUpdate
01-02 14:51:00.053  1693  1693 V AlarmManager: done {dd9562f, *alarm*:android.intent.action.TIME_TICK} [54ms]
01-02 14:51:08.773   293   635 I SFPerfTracer:      triggers: (rate: 0:2) (0 sw vsyncs) (0 skipped) (0:3246 vsyncs) (1:38435)
01-02 14:51:08.773   293   293 I SFPerfTracer:      triggers: (rate: 9:492) (compose: 0:8) (post: 0:5) (render: 1:20) (0:2841 frames) (1:37895)
01-02 14:51:08.774   293   293 D SFPerfTracer:        layers: (1:9) (FocusedStackFrame (0xb8572638): 0:112)* (StatusBar (0xb85c89f0): 0:1090)* (com.android.systemui.ImageWallpaper (0xb85fd310): 0:105)* (NavigationBar (0xb85f2408): 0:736)* (DimLayer (0xb861a010): 0:243)* (DimLayer (0xb8604770): 0:22)* (com.qualcomm.ftcrobotcontroller/org.firstinspires.ftc.robotcontroller.internal.FtcRobotControllerActivity (0xb861f580): 1:6468) 
01-02 14:51:12.894 19080 19287 I chatty  : uid=10125(ps) expire 3 lines
01-02 14:51:17.512  2762  2762 D KeyguardUpdateMonitor: received broadcast android.intent.action.BATTERY_CHANGED
01-02 14:51:17.514  2762  2762 D KeyguardUpdateMonitor: handleBatteryUpdate
01-02 14:51:21.357   293   293 I SFPerfTracer:      triggers: (rate: 9:492) (compose: 0:8) (post: 0:5) (render: 1:20) (0:2842 frames) (1:37995)
01-02 14:51:21.357   293   293 D SFPerfTracer:        layers: (1:9) (FocusedStackFrame (0xb8572638): 0:112)* (StatusBar (0xb85c89f0): 0:1091)* (com.android.systemui.ImageWallpaper (0xb85fd310): 0:105)* (NavigationBar (0xb85f2408): 0:736)* (DimLayer (0xb861a010): 0:243)* (DimLayer (0xb8604770): 0:22)* (com.qualcomm.ftcrobotcontroller/org.firstinspires.ftc.robotcontroller.internal.FtcRobotControllerActivity (0xb861f580): 1:6517) 
01-02 14:51:21.523   293   635 I SFPerfTracer:      triggers: (rate: 0:2) (0 sw vsyncs) (0 skipped) (0:3246 vsyncs) (1:38536)
01-02 14:51:34.341   293   293 I SFPerfTracer:      triggers: (rate: 9:492) (compose: 0:8) (post: 0:5) (render: 1:20) (0:2842 frames) (1:38095)
01-02 14:51:34.341   293   293 D SFPerfTracer:        layers: (1:9) (FocusedStackFrame (0xb8572638): 0:112)* (StatusBar (0xb85c89f0): 0:1091)* (com.android.systemui.ImageWallpaper (0xb85fd310): 0:105)* (NavigationBar (0xb85f2408): 0:736)* (DimLayer (0xb861a010): 0:243)* (DimLayer (0xb8604770): 0:22)* (com.qualcomm.ftcrobotcontroller/org.firstinspires.ftc.robotcontroller.internal.FtcRobotControllerActivity (0xb861f580): 1:6567) 
01-02 14:51:34.589   293   635 I SFPerfTracer:      triggers: (rate: 0:2) (0 sw vsyncs) (0 skipped) (0:3246 vsyncs) (1:38637)
01-02 14:51:43.140 18007 18055 I PlayCommon: [1221] com.google.android.play.a.g.e(900): Preparing logs for uploading
01-02 14:51:43.202 18007 18055 I PlayCommon: [1221] com.google.android.play.a.g.a(1040): Connecting to server: https://play.googleapis.com/play/log?format=raw&proto_v2=true
01-02 14:51:43.205 18007 18055 E PlayCommon: [1221] com.google.android.play.a.g.a(1051): Failed to connect to server: java.net.UnknownHostException: Unable to resolve host "play.googleapis.com": No address associated with hostname
01-02 14:51:47.357   293   293 I SFPerfTracer:      triggers: (rate: 9:492) (compose: 0:8) (post: 0:5) (render: 1:20) (0:2842 frames) (1:38195)
01-02 14:51:47.357   293   293 D SFPerfTracer:        layers: (1:9) (FocusedStackFrame (0xb8572638): 0:112)* (StatusBar (0xb85c89f0): 0:1091)* (com.android.systemui.ImageWallpaper (0xb85fd310): 0:105)* (NavigationBar (0xb85f2408): 0:736)* (DimLayer (0xb861a010): 0:243)* (DimLayer (0xb8604770): 0:22)* (com.qualcomm.ftcrobotcontroller/org.firstinspires.ftc.robotcontroller.internal.FtcRobotControllerActivity (0xb861f580): 1:6617) 
01-02 14:51:47.727 19080 19265 I chatty  : uid=10125(ps) expire 3 lines
01-02 14:51:47.789   293   635 I SFPerfTracer:      triggers: (rate: 0:2) (0 sw vsyncs) (0 skipped) (0:3246 vsyncs) (1:38738)
01-02 14:51:57.328 19080 19276 I chatty  : uid=10125(ps) expire 3 lines
01-02 14:51:59.330 19080 19287 I chatty  : uid=10125(ps) expire 3 lines
01-02 14:52:00.000  1693  2599 V AlarmManager: sending alarm {dd9562f type 3 *alarm*:android.intent.action.TIME_TICK}
01-02 14:52:00.002  2762  2762 D KeyguardUpdateMonitor: received broadcast android.intent.action.TIME_TICK
01-02 14:52:00.002  2762  2762 D KeyguardUpdateMonitor: handleTimeUpdate
01-02 14:52:00.003  1693  1693 I ActivityManager: Killing 18305:com.gotv.nflgamecenter.us.lite/u0a5 (adj 13): empty for 1815s
01-02 14:52:00.084  1693  1693 I ActivityManager: Killing 18207:com.vzw.hss.myverizon/u0a11 (adj 15): empty for 1815s
01-02 14:52:00.146  1693  1709 D ActivityManager: cleanUpApplicationRecord -- 18207
01-02 14:52:00.148  1693  1710 D ActivityManager: cleanUpApplicationRecord -- 18305
01-02 14:52:00.209  1693  1693 V AlarmManager: done {dd9562f, *alarm*:android.intent.action.TIME_TICK} [209ms]
01-02 14:52:00.292   293   293 I SFPerfTracer:      triggers: (rate: 9:492) (compose: 0:8) (post: 0:5) (render: 1:20) (2:2844 frames) (3:38297)
01-02 14:52:00.292   293   293 D SFPerfTracer:        layers: (1:9) (FocusedStackFrame (0xb8572638): 0:112)* (StatusBar (0xb85c89f0): 3:1094)* (com.android.systemui.ImageWallpaper (0xb85fd310): 0:105)* (NavigationBar (0xb85f2408): 0:736)* (DimLayer (0xb861a010): 0:243)* (DimLayer (0xb8604770): 0:22)* (com.qualcomm.ftcrobotcontroller/org.firstinspires.ftc.robotcontroller.internal.FtcRobotControllerActivity (0xb861f580): 0:6666) 
01-02 14:52:00.541   293   635 I SFPerfTracer:      triggers: (rate: 0:2) (0 sw vsyncs) (0 skipped) (0:3247 vsyncs) (2:38839)
01-02 14:52:13.425   293   293 I SFPerfTracer:      triggers: (rate: 9:492) (compose: 0:8) (post: 0:5) (render: 1:20) (0:2844 frames) (1:38397)
01-02 14:52:13.425   293   293 D SFPerfTracer:        layers: (1:9) (FocusedStackFrame (0xb8572638): 0:112)* (StatusBar (0xb85c89f0): 0:1094)* (com.android.systemui.ImageWallpaper (0xb85fd310): 0:105)* (NavigationBar (0xb85f2408): 0:736)* (DimLayer (0xb861a010): 0:243)* (DimLayer (0xb8604770): 0:22)* (com.qualcomm.ftcrobotcontroller/org.firstinspires.ftc.robotcontroller.internal.FtcRobotControllerActivity (0xb861f580): 1:6717) 
01-02 14:52:13.691   293   635 I SFPerfTracer:      triggers: (rate: 0:2) (0 sw vsyncs) (0 skipped) (0:3247 vsyncs) (1:38940)
01-02 14:52:17.688  2762  2762 D KeyguardUpdateMonitor: received broadcast android.intent.action.BATTERY_CHANGED
01-02 14:52:17.692  2762  2762 D KeyguardUpdateMonitor: handleBatteryUpdate
01-02 14:52:18.817 19080 19276 I chatty  : uid=10125(ps) expire 5 lines
01-02 14:52:26.611   293   293 I SFPerfTracer:      triggers: (rate: 9:492) (compose: 0:8) (post: 0:5) (render: 1:20) (0:2844 frames) (1:38497)
01-02 14:52:26.611   293   293 D SFPerfTracer:        layers: (1:9) (FocusedStackFrame (0xb8572638): 0:112)* (StatusBar (0xb85c89f0): 0:1095)* (com.android.systemui.ImageWallpaper (0xb85fd310): 0:105)* (NavigationBar (0xb85f2408): 0:736)* (DimLayer (0xb861a010): 0:243)* (DimLayer (0xb8604770): 0:22)* (com.qualcomm.ftcrobotcontroller/org.firstinspires.ftc.robotcontroller.internal.FtcRobotControllerActivity (0xb861f580): 0:6766) 
01-02 14:52:27.007   293   635 I SFPerfTracer:      triggers: (rate: 0:2) (0 sw vsyncs) (0 skipped) (0:3247 vsyncs) (1:39041)
01-02 14:52:30.127 19080 19287 I chatty  : uid=10125(ps) expire 3 lines
01-02 14:52:39.793   293   293 I SFPerfTracer:      triggers: (rate: 9:492) (compose: 0:8) (post: 0:5) (render: 1:20) (0:2844 frames) (1:38597)
01-02 14:52:39.793   293   293 D SFPerfTracer:        layers: (1:9) (FocusedStackFrame (0xb8572638): 0:112)* (StatusBar (0xb85c89f0): 0:1095)* (com.android.systemui.ImageWallpaper (0xb85fd310): 0:105)* (NavigationBar (0xb85f2408): 0:736)* (DimLayer (0xb861a010): 0:243)* (DimLayer (0xb8604770): 0:22)* (com.qualcomm.ftcrobotcontroller/org.firstinspires.ftc.robotcontroller.internal.FtcRobotControllerActivity (0xb861f580): 0:6816) 
01-02 14:52:40.064 19080 19294 I chatty  : uid=10125(ps) expire 2 lines
01-02 14:52:40.291   293   635 I SFPerfTracer:      triggers: (rate: 0:2) (0 sw vsyncs) (0 skipped) (0:3247 vsyncs) (1:39142)
01-02 14:52:40.314 19080 19080 I chatty  : uid=10125(ps) expire 2 lines
01-02 14:52:46.057 19080 19294 I chatty  : uid=10125(ps) expire 2 lines
01-02 14:52:52.844   293   293 I SFPerfTracer:      triggers: (rate: 9:492) (compose: 0:8) (post: 0:5) (render: 1:20) (0:2844 frames) (1:38697)
01-02 14:52:52.844   293   293 D SFPerfTracer:        layers: (1:9) (FocusedStackFrame (0xb8572638): 0:112)* (StatusBar (0xb85c89f0): 0:1095)* (com.android.systemui.ImageWallpaper (0xb85fd310): 0:105)* (NavigationBar (0xb85f2408): 0:736)* (DimLayer (0xb861a010): 0:243)* (DimLayer (0xb8604770): 0:22)* (com.qualcomm.ftcrobotcontroller/org.firstinspires.ftc.robotcontroller.internal.FtcRobotControllerActivity (0xb861f580): 0:6866) 
01-02 14:52:53.541   293   635 I SFPerfTracer:      triggers: (rate: 0:2) (0 sw vsyncs) (0 skipped) (0:3247 vsyncs) (1:39243)
01-02 14:52:55.668 19080 19299 I chatty  : uid=10125(ps) expire 1 line
01-02 14:52:58.129 19080 19276 I chatty  : uid=10125(ps) expire 3 lines
01-02 14:53:00.001  1693  2599 V AlarmManager: sending alarm {dd9562f type 3 *alarm*:android.intent.action.TIME_TICK}
01-02 14:53:00.004  2762  2762 D KeyguardUpdateMonitor: received broadcast android.intent.action.TIME_TICK
01-02 14:53:00.005  2762  2762 D KeyguardUpdateMonitor: handleTimeUpdate
01-02 14:53:00.062  1693  1693 V AlarmManager: done {dd9562f, *alarm*:android.intent.action.TIME_TICK} [61ms]
01-02 14:53:01.894 19080 19254 I chatty  : uid=10125(ps) expire 2 lines
01-02 14:53:05.663   293   293 I SFPerfTracer:      triggers: (rate: 9:493) (compose: 0:8) (post: 0:5) (render: 1:20) (0:2847 frames) (1:38797)
01-02 14:53:05.663   293   293 D SFPerfTracer:        layers: (1:9) (FocusedStackFrame (0xb8572638): 0:112)* (StatusBar (0xb85c89f0): 0:1098)* (com.android.systemui.ImageWallpaper (0xb85fd310): 0:105)* (NavigationBar (0xb85f2408): 0:736)* (DimLayer (0xb861a010): 0:243)* (DimLayer (0xb8604770): 0:22)* (com.qualcomm.ftcrobotcontroller/org.firstinspires.ftc.robotcontroller.internal.FtcRobotControllerActivity (0xb861f580): 1:6915) 
01-02 14:53:06.544   293   635 I SFPerfTracer:      triggers: (rate: 0:2) (0 sw vsyncs) (0 skipped) (0:3248 vsyncs) (1:39344)
01-02 14:53:17.851  2762  2762 D KeyguardUpdateMonitor: received broadcast android.intent.action.BATTERY_CHANGED
01-02 14:53:17.853  2762  2762 D KeyguardUpdateMonitor: handleBatteryUpdate
01-02 14:53:19.083   293   293 I SFPerfTracer:      triggers: (rate: 9:493) (compose: 0:8) (post: 0:5) (render: 1:20) (0:2847 frames) (1:38897)
01-02 14:53:19.083   293   293 D SFPerfTracer:        layers: (1:9) (FocusedStackFrame (0xb8572638): 0:112)* (StatusBar (0xb85c89f0): 0:1099)* (com.android.systemui.ImageWallpaper (0xb85fd310): 0:105)* (NavigationBar (0xb85f2408): 0:736)* (DimLayer (0xb861a010): 0:243)* (DimLayer (0xb8604770): 0:22)* (com.qualcomm.ftcrobotcontroller/org.firstinspires.ftc.robotcontroller.internal.FtcRobotControllerActivity (0xb861f580): 0:6964) 
01-02 14:53:19.996   293   635 I SFPerfTracer:      triggers: (rate: 0:2) (0 sw vsyncs) (0 skipped) (0:3248 vsyncs) (1:39445)
01-02 14:53:20.408 19080 19276 I chatty  : uid=10125(ps) expire 6 lines
01-02 14:53:26.224 19080 19254 I chatty  : uid=10125(ps) expire 9 lines
01-02 14:53:27.949 19080 19294 I chatty  : uid=10125(ps) expire 5 lines
01-02 14:53:27.961 19080 19247 I chatty  : uid=10125(ps) expire 8 lines
01-02 14:53:32.802   293   293 I SFPerfTracer:      triggers: (rate: 9:493) (compose: 0:8) (post: 0:5) (render: 1:20) (0:2847 frames) (1:38997)
01-02 14:53:32.802   293   293 D SFPerfTracer:        layers: (1:9) (FocusedStackFrame (0xb8572638): 0:112)* (StatusBar (0xb85c89f0): 0:1099)* (com.android.systemui.ImageWallpaper (0xb85fd310): 0:105)* (NavigationBar (0xb85f2408): 0:736)* (DimLayer (0xb861a010): 0:243)* (DimLayer (0xb8604770): 0:22)* (com.qualcomm.ftcrobotcontroller/org.firstinspires.ftc.robotcontroller.internal.FtcRobotControllerActivity (0xb861f580): 0:7014) 
01-02 14:53:33.814   293   635 I SFPerfTracer:      triggers: (rate: 0:2) (0 sw vsyncs) (0 skipped) (0:3248 vsyncs) (1:39546)
01-02 14:53:34.149 19080 19287 I chatty  : uid=10125(ps) expire 6 lines
01-02 14:53:45.871   293   293 I SFPerfTracer:      triggers: (rate: 9:493) (compose: 0:8) (post: 0:5) (render: 1:20) (0:2847 frames) (1:39097)
01-02 14:53:45.871   293   293 D SFPerfTracer:        layers: (1:9) (FocusedStackFrame (0xb8572638): 0:112)* (StatusBar (0xb85c89f0): 0:1099)* (com.android.systemui.ImageWallpaper (0xb85fd310): 0:105)* (NavigationBar (0xb85f2408): 0:736)* (DimLayer (0xb861a010): 0:243)* (DimLayer (0xb8604770): 0:22)* (com.qualcomm.ftcrobotcontroller/org.firstinspires.ftc.robotcontroller.internal.FtcRobotControllerActivity (0xb861f580): 0:7064) 
01-02 14:53:46.967   293   635 I SFPerfTracer:      triggers: (rate: 0:2) (0 sw vsyncs) (0 skipped) (0:3248 vsyncs) (1:39647)
01-02 14:53:59.140   293   293 I SFPerfTracer:      triggers: (rate: 9:493) (compose: 0:8) (post: 0:5) (render: 1:20) (0:2847 frames) (1:39197)
01-02 14:53:59.140   293   293 D SFPerfTracer:        layers: (1:9) (FocusedStackFrame (0xb8572638): 0:112)* (StatusBar (0xb85c89f0): 0:1099)* (com.android.systemui.ImageWallpaper (0xb85fd310): 0:105)* (NavigationBar (0xb85f2408): 0:736)* (DimLayer (0xb861a010): 0:243)* (DimLayer (0xb8604770): 0:22)* (com.qualcomm.ftcrobotcontroller/org.firstinspires.ftc.robotcontroller.internal.FtcRobotControllerActivity (0xb861f580): 0:7114) 
01-02 14:54:00.000  1693  2599 V AlarmManager: sending alarm {dd9562f type 3 *alarm*:android.intent.action.TIME_TICK}
01-02 14:54:00.003  2762  2762 D KeyguardUpdateMonitor: received broadcast android.intent.action.TIME_TICK
01-02 14:54:00.003  2762  2762 D KeyguardUpdateMonitor: handleTimeUpdate
01-02 14:54:00.060  1693  1693 V AlarmManager: done {dd9562f, *alarm*:android.intent.action.TIME_TICK} [60ms]
01-02 14:54:00.177   293   635 I SFPerfTracer:      triggers: (rate: 0:2) (0 sw vsyncs) (0 skipped) (1:3249 vsyncs) (3:39749)
01-02 14:54:11.646   293   293 I SFPerfTracer:      triggers: (rate: 9:494) (compose: 0:8) (post: 0:5) (render: 1:20) (0:2850 frames) (1:39297)
01-02 14:54:11.646   293   293 D SFPerfTracer:        layers: (1:9) (FocusedStackFrame (0xb8572638): 0:112)* (StatusBar (0xb85c89f0): 0:1102)* (com.android.systemui.ImageWallpaper (0xb85fd310): 0:105)* (NavigationBar (0xb85f2408): 0:736)* (DimLayer (0xb861a010): 0:243)* (DimLayer (0xb8604770): 0:22)* (com.qualcomm.ftcrobotcontroller/org.firstinspires.ftc.robotcontroller.internal.FtcRobotControllerActivity (0xb861f580): 0:7162) 
01-02 14:54:13.160   293   635 I SFPerfTracer:      triggers: (rate: 0:2) (0 sw vsyncs) (0 skipped) (0:3249 vsyncs) (1:39850)
01-02 14:54:18.002  2762  2762 D KeyguardUpdateMonitor: received broadcast android.intent.action.BATTERY_CHANGED
01-02 14:54:18.004  2762  2762 D KeyguardUpdateMonitor: handleBatteryUpdate
01-02 14:54:18.109  2762  2762 D KeyguardUpdateMonitor: received broadcast android.intent.action.BATTERY_CHANGED
01-02 14:54:18.109  2762  2762 D KeyguardUpdateMonitor: handleBatteryUpdate
01-02 14:54:24.624   293   293 I SFPerfTracer:      triggers: (rate: 9:495) (compose: 0:8) (post: 0:5) (render: 1:20) (0:2851 frames) (1:39397)
01-02 14:54:24.624   293   293 D SFPerfTracer:        layers: (1:9) (FocusedStackFrame (0xb8572638): 0:112)* (StatusBar (0xb85c89f0): 0:1104)* (com.android.systemui.ImageWallpaper (0xb85fd310): 0:105)* (NavigationBar (0xb85f2408): 0:736)* (DimLayer (0xb861a010): 0:243)* (DimLayer (0xb8604770): 0:22)* (com.qualcomm.ftcrobotcontroller/org.firstinspires.ftc.robotcontroller.internal.FtcRobotControllerActivity (0xb861f580): 0:7211) 
01-02 14:54:26.340   293   635 I SFPerfTracer:      triggers: (rate: 0:2) (0 sw vsyncs) (0 skipped) (0:3249 vsyncs) (1:39951)
01-02 14:54:38.165   293   293 I SFPerfTracer:      triggers: (rate: 9:495) (compose: 0:8) (post: 0:5) (render: 1:20) (0:2851 frames) (1:39497)
01-02 14:54:38.165   293   293 D SFPerfTracer:        layers: (1:9) (FocusedStackFrame (0xb8572638): 0:112)* (StatusBar (0xb85c89f0): 0:1104)* (com.android.systemui.ImageWallpaper (0xb85fd310): 0:105)* (NavigationBar (0xb85f2408): 0:736)* (DimLayer (0xb861a010): 0:243)* (DimLayer (0xb8604770): 0:22)* (com.qualcomm.ftcrobotcontroller/org.firstinspires.ftc.robotcontroller.internal.FtcRobotControllerActivity (0xb861f580): 0:7261) 
01-02 14:54:40.031   293   635 I SFPerfTracer:      triggers: (rate: 0:2) (0 sw vsyncs) (0 skipped) (0:3249 vsyncs) (1:40052)
01-02 14:54:51.335   293   293 I SFPerfTracer:      triggers: (rate: 9:495) (compose: 0:8) (post: 0:5) (render: 1:20) (0:2851 frames) (1:39597)
01-02 14:54:51.335   293   293 D SFPerfTracer:        layers: (1:9) (FocusedStackFrame (0xb8572638): 0:112)* (StatusBar (0xb85c89f0): 0:1104)* (com.android.systemui.ImageWallpaper (0xb85fd310): 0:105)* (NavigationBar (0xb85f2408): 0:736)* (DimLayer (0xb861a010): 0:243)* (DimLayer (0xb8604770): 0:22)* (com.qualcomm.ftcrobotcontroller/org.firstinspires.ftc.robotcontroller.internal.FtcRobotControllerActivity (0xb861f580): 0:7311) 
01-02 14:54:53.270   293   635 I SFPerfTracer:      triggers: (rate: 0:2) (0 sw vsyncs) (0 skipped) (0:3249 vsyncs) (1:40153)
01-02 14:54:59.999  1693  2599 V AlarmManager: sending alarm {dd9562f type 3 *alarm*:android.intent.action.TIME_TICK}
01-02 14:55:00.002  2762  2762 D KeyguardUpdateMonitor: received broadcast android.intent.action.TIME_TICK
01-02 14:55:00.003  2762  2762 D KeyguardUpdateMonitor: handleTimeUpdate
01-02 14:55:00.052  1693  1693 V AlarmManager: done {dd9562f, *alarm*:android.intent.action.TIME_TICK} [52ms]
01-02 14:55:03.820   293   293 I SFPerfTracer:      triggers: (rate: 9:495) (compose: 0:8) (post: 0:5) (render: 1:20) (0:2853 frames) (1:39697)
01-02 14:55:03.820   293   293 D SFPerfTracer:        layers: (1:9) (FocusedStackFrame (0xb8572638): 0:112)* (StatusBar (0xb85c89f0): 0:1107)* (com.android.systemui.ImageWallpaper (0xb85fd310): 0:105)* (NavigationBar (0xb85f2408): 0:736)* (DimLayer (0xb861a010): 0:243)* (DimLayer (0xb8604770): 0:22)* (com.qualcomm.ftcrobotcontroller/org.firstinspires.ftc.robotcontroller.internal.FtcRobotControllerActivity (0xb861f580): 1:7360) 
01-02 14:55:05.930   293   635 I SFPerfTracer:      triggers: (rate: 0:2) (0 sw vsyncs) (0 skipped) (0:3250 vsyncs) (1:40254)
01-02 14:55:17.186   293   293 I SFPerfTracer:      triggers: (rate: 9:495) (compose: 0:8) (post: 0:5) (render: 1:20) (0:2853 frames) (1:39797)
01-02 14:55:17.186   293   293 D SFPerfTracer:        layers: (1:9) (FocusedStackFrame (0xb8572638): 0:112)* (StatusBar (0xb85c89f0): 0:1107)* (com.android.systemui.ImageWallpaper (0xb85fd310): 0:105)* (NavigationBar (0xb85f2408): 0:736)* (DimLayer (0xb861a010): 0:243)* (DimLayer (0xb8604770): 0:22)* (com.qualcomm.ftcrobotcontroller/org.firstinspires.ftc.robotcontroller.internal.FtcRobotControllerActivity (0xb861f580): 1:7410) 
01-02 14:55:18.176  2762  2762 D KeyguardUpdateMonitor: received broadcast android.intent.action.BATTERY_CHANGED
01-02 14:55:18.176  2762  2762 D KeyguardUpdateMonitor: handleBatteryUpdate
01-02 14:55:19.412   293   635 I SFPerfTracer:      triggers: (rate: 0:2) (0 sw vsyncs) (0 skipped) (0:3250 vsyncs) (1:40355)
01-02 14:55:30.469   293   293 I SFPerfTracer:      triggers: (rate: 9:496) (compose: 0:8) (post: 0:5) (render: 1:20) (0:2854 frames) (1:39897)
01-02 14:55:30.469   293   293 D SFPerfTracer:        layers: (1:9) (FocusedStackFrame (0xb8572638): 0:112)* (StatusBar (0xb85c89f0): 0:1108)* (com.android.systemui.ImageWallpaper (0xb85fd310): 0:105)* (NavigationBar (0xb85f2408): 0:736)* (DimLayer (0xb861a010): 0:243)* (DimLayer (0xb8604770): 0:22)* (com.qualcomm.ftcrobotcontroller/org.firstinspires.ftc.robotcontroller.internal.FtcRobotControllerActivity (0xb861f580): 0:7459) 
01-02 14:55:32.901   293   635 I SFPerfTracer:      triggers: (rate: 0:2) (0 sw vsyncs) (0 skipped) (0:3250 vsyncs) (1:40456)
01-02 14:55:40.315 19080 19080 I chatty  : uid=10125(ps) expire 8 lines
01-02 14:55:43.790   293   293 I SFPerfTracer:      triggers: (rate: 9:496) (compose: 0:8) (post: 0:5) (render: 1:20) (0:2854 frames) (1:39997)
01-02 14:55:43.791   293   293 D SFPerfTracer:        layers: (1:9) (FocusedStackFrame (0xb8572638): 0:112)* (StatusBar (0xb85c89f0): 0:1108)* (com.android.systemui.ImageWallpaper (0xb85fd310): 0:105)* (NavigationBar (0xb85f2408): 0:736)* (DimLayer (0xb861a010): 0:243)* (DimLayer (0xb8604770): 0:22)* (com.qualcomm.ftcrobotcontroller/org.firstinspires.ftc.robotcontroller.internal.FtcRobotControllerActivity (0xb861f580): 0:7509) 
01-02 14:55:46.290   293   635 I SFPerfTracer:      triggers: (rate: 0:2) (0 sw vsyncs) (0 skipped) (0:3250 vsyncs) (1:40557)
01-02 14:55:55.818 19080 19299 I chatty  : uid=10125(ps) expire 1 line
01-02 14:55:57.146   293   293 I SFPerfTracer:      triggers: (rate: 9:496) (compose: 0:8) (post: 0:5) (render: 1:20) (0:2854 frames) (1:40097)
01-02 14:55:57.146   293   293 D SFPerfTracer:        layers: (1:9) (FocusedStackFrame (0xb8572638): 0:112)* (StatusBar (0xb85c89f0): 0:1108)* (com.android.systemui.ImageWallpaper (0xb85fd310): 0:105)* (NavigationBar (0xb85f2408): 0:736)* (DimLayer (0xb861a010): 0:243)* (DimLayer (0xb8604770): 0:22)* (com.qualcomm.ftcrobotcontroller/org.firstinspires.ftc.robotcontroller.internal.FtcRobotControllerActivity (0xb861f580): 0:7559) 
01-02 14:55:59.828   293   635 I SFPerfTracer:      triggers: (rate: 0:2) (0 sw vsyncs) (0 skipped) (0:3250 vsyncs) (1:40658)
01-02 14:56:00.001  1693  2599 V AlarmManager: sending alarm {dd9562f type 3 *alarm*:android.intent.action.TIME_TICK}
01-02 14:56:00.004  2762  2762 D KeyguardUpdateMonitor: received broadcast android.intent.action.TIME_TICK
01-02 14:56:00.004  2762  2762 D KeyguardUpdateMonitor: handleTimeUpdate
01-02 14:56:00.067  1693  1693 V AlarmManager: done {dd9562f, *alarm*:android.intent.action.TIME_TICK} [66ms]
01-02 14:56:10.312   293   293 I SFPerfTracer:      triggers: (rate: 9:496) (compose: 0:8) (post: 0:5) (render: 1:20) (0:2856 frames) (1:40197)
01-02 14:56:10.312   293   293 D SFPerfTracer:        layers: (1:9) (FocusedStackFrame (0xb8572638): 0:112)* (StatusBar (0xb85c89f0): 0:1111)* (com.android.systemui.ImageWallpaper (0xb85fd310): 0:105)* (NavigationBar (0xb85f2408): 0:736)* (DimLayer (0xb861a010): 0:243)* (DimLayer (0xb8604770): 0:22)* (com.qualcomm.ftcrobotcontroller/org.firstinspires.ftc.robotcontroller.internal.FtcRobotControllerActivity (0xb861f580): 0:7608) 
01-02 14:56:12.959   293   635 I SFPerfTracer:      triggers: (rate: 0:2) (0 sw vsyncs) (0 skipped) (0:3251 vsyncs) (1:40759)
