--------- beginning of system
01-02 13:28:00.651   233   256 I Ext4Crypt: ext4 crypto complete called on /data
01-02 13:28:00.652   233   256 I Ext4Crypt: No master key, so not ext4enc
01-02 13:28:00.652  1693  2604 I chatty  : uid=1000(system) CryptdConnector expire 1 line
01-02 13:28:00.654  1693  1693 I chatty  : uid=1000 system_server expire 1 line
01-02 13:28:00.654  1693  2602 I chatty  : uid=1000(system) MountService expire 6 lines
01-02 13:28:00.655  1693  2603 I chatty  : uid=1000(system) VoldConnector expire 2 lines
01-02 13:28:00.657  1693  2602 I chatty  : uid=1000(system) MountService expire 161 lines
01-02 13:28:00.657  1693  1693 I chatty  : uid=1000 system_server expire 33 lines
01-02 13:28:00.665  1693  1727 I chatty  : uid=1000(system) android.bg expire 1 line
01-02 13:28:00.703  1693  2600 I chatty  : uid=1000(system) InputDispatcher expire 1 line
01-02 13:28:00.922  1693  2648 I chatty  : uid=1000(system) WifiP2pService expire 21 lines
01-02 13:28:01.212  1693  1693 I chatty  : uid=1000 system_server expire 121 lines
01-02 13:28:01.422  1693  2702 I chatty  : uid=1000(system) WifiService expire 4 lines
01-02 13:28:01.433  1693  2703 I chatty  : uid=1000(system) ConnectivitySer expire 3 lines
01-02 13:28:01.591  1693  1737 I chatty  : uid=1000(system) PowerManagerSer expire 1 line
01-02 13:28:01.596  1693  2602 I chatty  : uid=1000(system) MountService expire 6 lines
01-02 13:28:01.597  1693  1728 I chatty  : uid=1000(system) ActivityManager expire 4 lines
01-02 13:28:01.597  1693  2603 I chatty  : uid=1000(system) VoldConnector expire 12 lines
01-02 13:28:01.601  1693  1731 I chatty  : uid=1000(system) android.fg expire 1 line
01-02 13:28:02.224  1693  2754 I chatty  : uid=1000(system) Binder_3 expire 2 lines
01-02 13:28:02.552  1693  1709 I chatty  : uid=1000(system) Binder_1 expire 3 lines
01-02 13:28:02.592  1693  1729 I chatty  : uid=1000(system) android.ui expire 1 line
01-02 13:28:02.655   293   293 I chatty  : uid=1000(system) /system/bin/surfaceflinger expire 6 lines
01-02 13:28:02.899  1693  2693 I chatty  : uid=1000(system) WifiStateMachin expire 1 line
01-02 13:28:03.159  1693  2599 I chatty  : uid=1000(system) AlarmManager expire 2 lines
01-02 13:28:03.229  3194  3194 I chatty  : uid=1000(system) com.motorola.modemservice expire 2 lines
01-02 13:28:03.485   233   255 D vold    : Linking /storage/emulated/0 to /mnt/user/0/primary
01-02 13:28:03.639  1693  1727 I chatty  : uid=1000(system) android.bg expire 1 line
01-02 13:28:03.850  1693  2719 I chatty  : uid=1000(system) backup expire 1 line
01-02 13:28:03.853  1693  3046 I chatty  : uid=1000(system) Binder_5 expire 14 lines
01-02 13:28:03.870  1693  1693 I chatty  : uid=1000 system_server expire 9 lines
01-02 13:28:03.910  1693  3357 I chatty  : uid=1000(system) Binder_6 expire 8 lines
01-02 13:28:03.945  1693  1728 I chatty  : uid=1000(system) ActivityManager expire 4 lines
01-02 13:28:03.987   293   293 I chatty  : uid=1000(system) /system/bin/surfaceflinger expire 12 lines
01-02 13:28:04.062  1693  2693 I chatty  : uid=1000(system) WifiStateMachin expire 1 line
01-02 13:28:04.063  1693  2703 I chatty  : uid=1000(system) ConnectivitySer expire 29 lines
01-02 13:28:04.151  1693  2648 I chatty  : uid=1000(system) WifiP2pService expire 4 lines
01-02 13:28:04.939  1693  2702 I chatty  : uid=1000(system) WifiService expire 14 lines
01-02 13:28:05.064  3194  3194 I chatty  : uid=1000(system) com.motorola.modemservice expire 1 line
01-02 13:28:05.120  1693  1709 I chatty  : uid=1000(system) Binder_1 expire 13 lines
01-02 13:28:05.160  1693  2761 I chatty  : uid=1000(system) Binder_4 expire 9 lines
01-02 13:28:05.312  3210  3210 W KeyphraseEnrollmentInfo: Enrollment application doesn't support keyphrases
01-02 13:28:05.628  1693  1734 I chatty  : uid=1000(system) android.display expire 1 line
01-02 13:28:05.636  1693  3373 I chatty  : uid=1000(system) Binder_9 expire 16 lines
01-02 13:28:06.108  1693  3359 I chatty  : uid=1000(system) Binder_7 expire 12 lines
01-02 13:28:06.121  1693  3360 I chatty  : uid=1000(system) Binder_8 expire 13 lines
01-02 13:28:06.122   233   256 D VoldCryptCmdListener: cryptfs getpw
01-02 13:28:06.122   233   256 I Ext4Crypt: ext4 crypto complete called on /data
01-02 13:28:06.122   233   256 I Ext4Crypt: No master key, so not ext4enc
01-02 13:28:06.122   233   256 I Ext4Crypt: ext4 crypto complete called on /data
01-02 13:28:06.122   233   256 I Ext4Crypt: No master key, so not ext4enc
01-02 13:28:06.122  1693  2604 I chatty  : uid=1000(system) CryptdConnector expire 2 lines
01-02 13:28:06.123   233   256 D VoldCryptCmdListener: cryptfs clearpw
01-02 13:28:06.123   233   256 I Ext4Crypt: ext4 crypto complete called on /data
01-02 13:28:06.123   233   256 I Ext4Crypt: No master key, so not ext4enc
01-02 13:28:06.147  2762  2762 D StatusBarKeyguardViewManager: showKeyguard, but hide Bouncer
01-02 13:28:06.234  2762  2762 V KeyguardStatusView: refresh statusview showing:true
01-02 13:28:06.289  2762  2762 V KeyguardDisplayManager: show
01-02 13:28:07.029  1693  2754 I chatty  : uid=1000(system) Binder_3 expire 10 lines
01-02 13:28:08.709   293   635 I chatty  : uid=1000(system) EventThread expire 1 line
01-02 13:28:09.218  1693  1710 I chatty  : uid=1000(system) Binder_2 expire 8 lines
01-02 13:28:09.379  1693  3658 I chatty  : uid=1000(system) Binder_A expire 16 lines
01-02 13:28:14.988  4359  4389 E ActivityThread: Failed to find provider info for com.google.android.wearable.settings
01-02 13:28:15.225  1693  1710 I chatty  : uid=1000(system) Binder_2 expire 10 lines
01-02 13:28:15.288  1693  2761 I chatty  : uid=1000(system) Binder_4 expire 19 lines
01-02 13:28:15.483  1693  2702 I chatty  : uid=1000(system) WifiService expire 9 lines
01-02 13:28:15.488  1693  3357 I chatty  : uid=1000(system) Binder_6 expire 13 lines
01-02 13:28:15.518  1693  1709 I chatty  : uid=1000(system) Binder_1 expire 10 lines
01-02 13:28:15.573  1693  3359 I chatty  : uid=1000(system) Binder_7 expire 17 lines
01-02 13:28:16.219  1693  3046 I chatty  : uid=1000(system) Binder_5 expire 13 lines
01-02 13:28:16.222  1693  2754 I chatty  : uid=1000(system) Binder_3 expire 9 lines
01-02 13:28:16.392  1693  3373 I chatty  : uid=1000(system) Binder_9 expire 11 lines
01-02 13:28:16.851   293   293 I chatty  : uid=1000(system) /system/bin/surfaceflinger expire 8 lines
01-02 13:28:17.791  1693  1734 I chatty  : uid=1000(system) android.display expire 2 lines
01-02 13:28:17.856   293   635 I chatty  : uid=1000(system) EventThread expire 1 line
01-02 13:28:18.321  4359  4389 E ActivityThread: Failed to find provider info for com.google.android.wearable.settings
01-02 13:28:18.578  1693  1728 I chatty  : uid=1000(system) ActivityManager expire 6 lines
01-02 13:28:18.848  1693  3360 I chatty  : uid=1000(system) Binder_8 expire 13 lines
01-02 13:28:19.321  1693  4816 I chatty  : uid=1000(system) AsyncTask #3 expire 1 line
01-02 13:28:19.352  1693  4824 I chatty  : uid=1000 system_server expire 4 lines
01-02 13:28:19.505  1693  2693 I chatty  : uid=1000(system) WifiStateMachin expire 1 line
01-02 13:28:19.551  1693  2703 I chatty  : uid=1000(system) ConnectivitySer expire 5 lines
01-02 13:28:20.878  4359  4359 W ActivityThread: ClassLoader.getResources: The class loader returned by Thread.getContextClassLoader() may fail for processes that host multiple applications. You should explicitly specify a context class loader. For example: Thread.setContextClassLoader(getClass().getClassLoader());
01-02 13:28:21.136  1693  3658 I chatty  : uid=1000(system) Binder_A expire 13 lines
01-02 13:28:22.850  5139  5139 I chatty  : uid=1000(system) com.qualcomm.telephony expire 1 line
01-02 13:28:22.883  1693  1693 I chatty  : uid=1000 system_server expire 3 lines
01-02 13:28:22.929  3325  3325 I chatty  : uid=1000(system) com.motorola.process.system expire 4 lines
01-02 13:28:23.128  1693  2599 I chatty  : uid=1000(system) AlarmManager expire 3 lines
01-02 13:28:23.575  1693  1727 I chatty  : uid=1000(system) android.bg expire 1 line
01-02 13:28:23.925  4359  5325 E ActivityThread: Failed to find provider info for com.android.contacts.metadata
01-02 13:28:24.226  5296  5351 D ActivityThread: Loading provider com.google.android.gmail.provider;com.android.mail.notifier;com.google.android.gm.email.provider;com.google.android.gm.email.notifier: com.android.email.provider.EmailProvider
01-02 13:28:27.771  1693  5435 I chatty  : uid=1000(system) Binder_B expire 1 line
01-02 13:28:27.792  1693  1737 I chatty  : uid=1000(system) PowerManagerSer expire 3 lines
01-02 13:28:28.577  1693  1731 I chatty  : uid=1000(system) android.fg expire 3 lines
01-02 13:28:28.634  1693  2703 I chatty  : uid=1000(system) ConnectivitySer expire 14 lines
01-02 13:28:28.865  1693  1693 I chatty  : uid=1000 system_server expire 5 lines
01-02 13:28:28.900  1693  2761 I chatty  : uid=1000(system) Binder_4 expire 5 lines
01-02 13:28:28.943  1693  2754 I chatty  : uid=1000(system) Binder_3 expire 10 lines
01-02 13:28:28.961  1693  3046 I chatty  : uid=1000(system) Binder_5 expire 6 lines
01-02 13:28:29.240  1693  3359 I chatty  : uid=1000(system) Binder_7 expire 13 lines
01-02 13:28:29.296  1693  2702 I chatty  : uid=1000(system) WifiService expire 11 lines
01-02 13:28:29.316  1693  1728 I chatty  : uid=1000(system) ActivityManager expire 11 lines
01-02 13:28:29.360  1693  3357 I chatty  : uid=1000(system) Binder_6 expire 7 lines
01-02 13:28:29.393  1693  3360 I chatty  : uid=1000(system) Binder_8 expire 9 lines
01-02 13:28:29.444  2762  2762 D StatusBarKeyguardViewManager: showKeyguard, but hide Bouncer
01-02 13:28:29.901  1693  3373 I chatty  : uid=1000(system) Binder_9 expire 7 lines
01-02 13:28:29.999  1693  3658 I chatty  : uid=1000(system) Binder_A expire 7 lines
01-02 13:28:30.237  1693  1710 I chatty  : uid=1000(system) Binder_2 expire 10 lines
01-02 13:28:30.741  1693  5435 I chatty  : uid=1000(system) Binder_B expire 6 lines
01-02 13:28:31.634  1693  1709 I chatty  : uid=1000(system) Binder_1 expire 6 lines
01-02 13:28:34.579  3325  3325 I chatty  : uid=1000(system) com.motorola.process.system expire 1 line
01-02 13:28:34.779  3325  6105 I chatty  : uid=1000(system) MotoCareIntBgTh expire 14 lines
01-02 13:28:35.607  1693  2601 I chatty  : uid=1000(system) InputReader expire 1 line
01-02 13:28:35.625  1693  1734 I chatty  : uid=1000(system) android.display expire 5 lines
01-02 13:28:37.080  1693  2599 I chatty  : uid=1000(system) AlarmManager expire 2 lines
01-02 13:28:37.229  6303  6303 I chatty  : uid=1000(system) expire 2 lines
01-02 13:28:37.434  2762  2762 V KeyguardDisplayManager: hide
01-02 13:28:38.227   293   635 I chatty  : uid=1000(system) EventThread expire 4 lines
01-02 13:28:38.256  6289  6289 W ActivityThread: ClassLoader.loadClass: The class loader returned by Thread.getContextClassLoader() may fail for processes that host multiple applications. You should explicitly specify a context class loader. For example: Thread.setContextClassLoader(getClass().getClassLoader());
01-02 13:28:40.192  1693  6330 I chatty  : uid=1000(system) Binder_C expire 1 line
01-02 13:28:40.382   293   293 I chatty  : uid=1000(system) /system/bin/surfaceflinger expire 14 lines
01-02 13:28:50.492  1693  2648 I chatty  : uid=1000(system) WifiP2pService expire 71 lines
01-02 13:28:57.980  1693  3046 I chatty  : uid=1000(system) Binder_5 expire 3 lines
01-02 13:28:57.982  1693  1710 I chatty  : uid=1000(system) Binder_2 expire 7 lines
01-02 13:28:57.984  1693  3373 I chatty  : uid=1000(system) Binder_9 expire 6 lines
01-02 13:29:00.248  1693  2754 I chatty  : uid=1000(system) Binder_3 expire 6 lines
01-02 13:29:00.288  1693  3360 I chatty  : uid=1000(system) Binder_8 expire 8 lines
01-02 13:29:00.330  1693  5435 I chatty  : uid=1000(system) Binder_B expire 7 lines
01-02 13:29:00.353  1693  2599 I chatty  : uid=1000(system) AlarmManager expire 12 lines
01-02 13:29:00.445   293   635 I chatty  : uid=1000(system) EventThread expire 4 lines
01-02 13:29:00.480  1693  1693 I chatty  : uid=1000 system_server expire 9 lines
01-02 13:29:05.294  1693  1728 I chatty  : uid=1000(system) ActivityManager expire 5 lines
01-02 13:29:05.424  1693  2761 I chatty  : uid=1000(system) Binder_4 expire 5 lines
01-02 13:29:05.425  1693  3359 I chatty  : uid=1000(system) Binder_7 expire 2 lines
01-02 13:29:06.648   293   293 I chatty  : uid=1000(system) /system/bin/surfaceflinger expire 8 lines
01-02 13:29:07.460  1693  3658 I chatty  : uid=1000(system) Binder_A expire 6 lines
01-02 13:29:10.144  1693  1709 I chatty  : uid=1000(system) Binder_1 expire 3 lines
01-02 13:29:10.497  1693  3357 I chatty  : uid=1000(system) Binder_6 expire 7 lines
01-02 13:29:11.139  1693  1740 I chatty  : uid=1000(system) PackageManager expire 1 line
01-02 13:29:19.606  1693  2703 I chatty  : uid=1000(system) ConnectivitySer expire 10 lines
01-02 13:29:19.698  1693  1734 I chatty  : uid=1000(system) android.display expire 2 lines
01-02 13:29:19.749  3325  3325 I chatty  : uid=1000(system) com.motorola.process.system expire 1 line
01-02 13:29:19.981  1693  6330 I chatty  : uid=1000(system) Binder_C expire 5 lines
01-02 13:29:20.586  1693  2702 I chatty  : uid=1000(system) WifiService expire 8 lines
01-02 13:29:41.552  1693  1729 I chatty  : uid=1000(system) android.ui expire 2 lines
01-02 13:29:41.563  3325  6105 I chatty  : uid=1000(system) MotoCareIntBgTh expire 20 lines
01-02 13:29:46.897  1693  1734 I chatty  : uid=1000(system) android.display expire 7 lines
01-02 13:29:47.330   293   293 I chatty  : uid=1000(system) /system/bin/surfaceflinger expire 14 lines
01-02 13:29:51.137  1693  2599 I chatty  : uid=1000(system) AlarmManager expire 5 lines
01-02 13:29:51.153  1693  1728 I chatty  : uid=1000(system) ActivityManager expire 4 lines
01-02 13:29:51.387  1693  1693 I chatty  : uid=1000 system_server expire 6 lines
01-02 13:29:51.394  1693  1710 I chatty  : uid=1000(system) Binder_2 expire 4 lines
01-02 13:29:51.428  1693  2761 I chatty  : uid=1000(system) Binder_4 expire 5 lines
01-02 13:30:03.597  1693  3357 I chatty  : uid=1000(system) Binder_6 expire 6 lines
01-02 13:30:03.635  1693  2702 I chatty  : uid=1000(system) WifiService expire 6 lines
01-02 13:30:03.764  1693  3360 I chatty  : uid=1000(system) Binder_8 expire 5 lines
01-02 13:30:03.766  1693  3658 I chatty  : uid=1000(system) Binder_A expire 5 lines
01-02 13:30:03.768  1693  3046 I chatty  : uid=1000(system) Binder_5 expire 3 lines
01-02 13:30:04.035  1693  5435 I chatty  : uid=1000(system) Binder_B expire 6 lines
01-02 13:30:04.155  1693  3359 I chatty  : uid=1000(system) Binder_7 expire 5 lines
01-02 13:30:05.446   293   635 I chatty  : uid=1000(system) EventThread expire 4 lines
01-02 13:30:05.606  1693  3373 I chatty  : uid=1000(system) Binder_9 expire 5 lines
01-02 13:30:06.502  1693  1731 I chatty  : uid=1000(system) android.fg expire 3 lines
01-02 13:30:06.662  1693  2648 I chatty  : uid=1000(system) WifiP2pService expire 40 lines
01-02 13:30:11.469  1693  1709 I chatty  : uid=1000(system) Binder_1 expire 2 lines
01-02 13:30:15.329  1693  6330 I chatty  : uid=1000(system) Binder_C expire 8 lines
01-02 13:30:19.775  1693  2703 I chatty  : uid=1000(system) ConnectivitySer expire 1 line
01-02 13:30:42.946  1693  4692 I chatty  : uid=1000(system) UsbDebuggingMan expire 1 line
01-02 13:30:43.117  1693  2754 I chatty  : uid=1000(system) Binder_3 expire 2 lines
01-02 13:30:55.567  1693  2600 I chatty  : uid=1000(system) InputDispatcher expire 2 lines
01-02 13:31:23.081  1693  2723 I chatty  : uid=1000(system) UsbService host expire 18 lines
01-02 13:31:26.005  1693  3360 I chatty  : uid=1000(system) Binder_8 expire 6 lines
01-02 13:31:26.032  1693  3357 I chatty  : uid=1000(system) Binder_6 expire 6 lines
01-02 13:31:26.364   293   635 I chatty  : uid=1000(system) EventThread expire 9 lines
01-02 13:31:35.952  1693  2599 I chatty  : uid=1000(system) AlarmManager expire 7 lines
01-02 13:31:35.966  1693  1693 I chatty  : uid=1000 system_server expire 9 lines
01-02 13:31:37.222  1693  1740 I chatty  : uid=1000(system) PackageManager expire 6 lines
01-02 13:31:37.327  7685  7695 D DefContainer: Copying /data/local/tmp/com.qualcomm.ftcrobotcontroller to base.apk
01-02 13:31:43.682   293   293 I chatty  : uid=1000(system) /system/bin/surfaceflinger expire 16 lines
01-02 13:31:43.805  1693  1728 I chatty  : uid=1000(system) ActivityManager expire 12 lines
01-02 13:31:43.847  1693  2761 I chatty  : uid=1000(system) Binder_4 expire 9 lines
01-02 13:31:43.848  1693  5435 I chatty  : uid=1000(system) Binder_B expire 10 lines
01-02 13:31:43.848  1693  3046 I chatty  : uid=1000(system) Binder_5 expire 6 lines
01-02 13:31:43.848  1693  2702 I chatty  : uid=1000(system) WifiService expire 2 lines
01-02 13:31:43.849  1693  2703 I chatty  : uid=1000(system) ConnectivitySer expire 6 lines
01-02 13:31:43.856  1693  1709 I chatty  : uid=1000(system) Binder_1 expire 8 lines
01-02 13:31:43.963  3325  6105 I chatty  : uid=1000(system) MotoCareIntBgTh expire 9 lines
01-02 13:31:43.981  1693  2754 I chatty  : uid=1000(system) Binder_3 expire 6 lines
01-02 13:31:44.524  1693  3373 I chatty  : uid=1000(system) Binder_9 expire 5 lines
01-02 13:31:44.793  1693  3359 I chatty  : uid=1000(system) Binder_7 expire 4 lines
01-02 13:31:44.842  1693  6330 I chatty  : uid=1000(system) Binder_C expire 7 lines
01-02 13:31:44.895  7869  7869 I chatty  : uid=1000(system) expire 1 line
01-02 13:31:44.933  1693  1710 I chatty  : uid=1000(system) Binder_2 expire 1 line
01-02 13:31:46.716  1693  3658 I chatty  : uid=1000(system) Binder_A expire 4 lines
01-02 13:31:47.643  1693  2648 I chatty  : uid=1000(system) WifiP2pService expire 20 lines
01-02 13:31:47.828  1693  1734 I chatty  : uid=1000(system) android.display expire 1 line
01-02 13:31:49.516  8167  8260 E ActivityThread: Failed to find provider info for com.facebook.katana.provider.AttributionIdProvider
01-02 13:34:26.954  1693  2723 I chatty  : uid=1000(system) UsbService host expire 18 lines
01-02 13:35:15.240   293   293 I chatty  : uid=1000(system) /system/bin/surfaceflinger expire 98 lines
01-02 13:35:22.727  1693  2648 I chatty  : uid=1000(system) WifiP2pService expire 17 lines
01-02 13:35:26.291   231  7252 W SocketClient: write error (Broken pipe)
01-02 13:35:38.786   293   635 I chatty  : uid=1000(system) EventThread expire 48 lines
01-02 13:36:00.000  1693  2599 I chatty  : uid=1000(system) AlarmManager expire 12 lines
01-02 13:36:00.056  1693  1693 I chatty  : uid=1000 system_server expire 14 lines
01-02 13:39:20.971  1693  1728 I chatty  : uid=1000(system) ActivityManager expire 1 line
01-02 13:39:21.138  1693  2702 I chatty  : uid=1000(system) WifiService expire 2 lines
01-02 13:39:21.814  1693  3359 I chatty  : uid=1000(system) Binder_7 expire 2 lines
01-02 13:39:26.770  1693  1710 I chatty  : uid=1000(system) Binder_2 expire 2 lines
01-02 13:39:27.142  1693  3373 I chatty  : uid=1000(system) Binder_9 expire 1 line
01-02 13:40:00.179  1693  1709 I chatty  : uid=1000(system) Binder_1 expire 1 line
01-02 13:40:00.180  1693  3357 I chatty  : uid=1000(system) Binder_6 expire 1 line
01-02 13:46:08.765   293   293 I chatty  : uid=1000(system) /system/bin/surfaceflinger expire 112 lines
01-02 13:46:13.331   293   635 I chatty  : uid=1000(system) EventThread expire 55 lines
01-02 13:47:00.000  1693  2599 I chatty  : uid=1000(system) AlarmManager expire 12 lines
01-02 13:47:00.058  1693  1693 I chatty  : uid=1000 system_server expire 11 lines
01-02 13:48:01.023  1693  1727 I chatty  : uid=1000(system) android.bg expire 1 line
01-02 13:55:40.178  1693  1728 I chatty  : uid=1000(system) ActivityManager expire 13 lines
01-02 13:58:00.081  1693  1693 I chatty  : uid=1000 system_server expire 13 lines
01-02 13:58:00.118  1693  1727 I chatty  : uid=1000(system) android.bg expire 1 line
01-02 13:58:04.644   293   635 I chatty  : uid=1000(system) EventThread expire 43 lines
01-02 13:58:06.178   293   293 I chatty  : uid=1000(system) /system/bin/surfaceflinger expire 86 lines
01-02 13:58:59.999  1693  2599 I chatty  : uid=1000(system) AlarmManager expire 10 lines
01-02 14:02:06.101  1693  3357 I chatty  : uid=1000(system) Binder_6 expire 1 line
01-02 14:02:06.107  1693  6330 I chatty  : uid=1000(system) Binder_C expire 1 line
01-02 14:07:15.224  1693  1740 I chatty  : uid=1000(system) PackageManager expire 6 lines
01-02 14:07:15.488  1693  3046 I chatty  : uid=1000(system) Binder_5 expire 2 lines
01-02 14:07:15.944  1693  2754 I chatty  : uid=1000(system) Binder_3 expire 1 line
01-02 14:07:16.052  2351  2361 D DefContainer: Copying /data/local/tmp/com.qualcomm.ftcrobotcontroller to base.apk
01-02 14:07:16.280  1693  2761 I chatty  : uid=1000(system) Binder_4 expire 1 line
01-02 14:07:16.361  1693  2702 I chatty  : uid=1000(system) WifiService expire 2 lines
01-02 14:07:16.363  1693  5435 I chatty  : uid=1000(system) Binder_B expire 1 line
01-02 14:07:17.353   293   293 I chatty  : uid=1000(system) /system/bin/surfaceflinger expire 2 lines
01-02 14:07:21.163   293   635 I chatty  : uid=1000(system) EventThread expire 1 line
01-02 14:07:23.390  1693  1710 I chatty  : uid=1000(system) Binder_2 expire 1 line
01-02 14:07:23.391  1693  3373 I chatty  : uid=1000(system) Binder_9 expire 1 line
01-02 14:07:23.392  1693  2703 I chatty  : uid=1000(system) ConnectivitySer expire 4 lines
01-02 14:07:23.392  1693  3360 I chatty  : uid=1000(system) Binder_8 expire 1 line
01-02 14:07:23.499  3325  6105 I chatty  : uid=1000(system) MotoCareIntBgTh expire 1 line
01-02 14:07:23.801  1693  3359 I chatty  : uid=1000(system) Binder_7 expire 1 line
01-02 14:07:23.835  1693  3658 I chatty  : uid=1000(system) Binder_A expire 1 line
01-02 14:07:23.990  1693  1693 I chatty  : uid=1000 system_server expire 14 lines
01-02 14:07:24.025  1693  5435 I chatty  : uid=1000(system) Binder_B expire 9 lines
01-02 14:07:24.026  1693  2761 I chatty  : uid=1000(system) Binder_4 expire 4 lines
01-02 14:07:24.071  1693  3373 I chatty  : uid=1000(system) Binder_9 expire 17 lines
01-02 14:07:24.073  1693  1710 I chatty  : uid=1000(system) Binder_2 expire 10 lines
01-02 14:07:24.201  1693  2754 I chatty  : uid=1000(system) Binder_3 expire 8 lines
01-02 14:07:24.274  1693  3360 I chatty  : uid=1000(system) Binder_8 expire 7 lines
01-02 14:07:24.277  1693  3658 I chatty  : uid=1000(system) Binder_A expire 5 lines
01-02 14:07:24.315  1693  2702 I chatty  : uid=1000(system) WifiService expire 6 lines
01-02 14:07:24.322  1693  6330 I chatty  : uid=1000(system) Binder_C expire 11 lines
01-02 14:07:24.336  2610  2610 I chatty  : uid=1000(system) expire 1 line
01-02 14:07:24.747  1693  3046 I chatty  : uid=1000(system) Binder_5 expire 4 lines
01-02 14:07:25.313  3325  6105 I chatty  : uid=1000(system) MotoCareIntBgTh expire 5 lines
01-02 14:07:25.759   293   293 I chatty  : uid=1000(system) /system/bin/surfaceflinger expire 22 lines
01-02 14:07:25.769  1693  3359 I chatty  : uid=1000(system) Binder_7 expire 5 lines
01-02 14:07:26.116  1693  1709 I chatty  : uid=1000(system) Binder_1 expire 6 lines
01-02 14:07:27.137  1693  2648 I chatty  : uid=1000(system) WifiP2pService expire 26 lines
01-02 14:07:27.319  1693  1734 I chatty  : uid=1000(system) android.display expire 4 lines
01-02 14:07:27.546  1693  3357 I chatty  : uid=1000(system) Binder_6 expire 2 lines
01-02 14:07:27.806   293   635 I chatty  : uid=1000(system) EventThread expire 10 lines
01-02 14:07:29.470  3070  3161 E ActivityThread: Failed to find provider info for com.facebook.katana.provider.AttributionIdProvider
01-02 14:07:42.519  1693  2599 I chatty  : uid=1000(system) AlarmManager expire 13 lines
01-02 14:07:53.414  1693  2703 I chatty  : uid=1000(system) ConnectivitySer expire 4 lines
01-02 14:08:21.477  1693  1728 I chatty  : uid=1000(system) ActivityManager expire 9 lines
01-02 14:09:44.275   293   635 I chatty  : uid=1000(system) EventThread expire 18 lines
01-02 14:09:50.742   293   293 I chatty  : uid=1000(system) /system/bin/surfaceflinger expire 34 lines
01-02 14:10:00.000  1693  2599 I chatty  : uid=1000(system) AlarmManager expire 6 lines
01-02 14:10:00.063  1693  1693 I chatty  : uid=1000 system_server expire 12 lines
01-02 14:13:25.068  1693  1740 I chatty  : uid=1000(system) PackageManager expire 6 lines
01-02 14:13:25.151  8599  8609 D DefContainer: Copying /data/local/tmp/com.qualcomm.ftcrobotcontroller to base.apk
01-02 14:13:28.496   293   293 I chatty  : uid=1000(system) /system/bin/surfaceflinger expire 9 lines
01-02 14:13:31.093  1693  5435 I chatty  : uid=1000(system) Binder_B expire 10 lines
01-02 14:13:31.094  1693  3658 I chatty  : uid=1000(system) Binder_A expire 9 lines
01-02 14:13:31.094  1693  2754 I chatty  : uid=1000(system) Binder_3 expire 5 lines
01-02 14:13:31.095  1693  2702 I chatty  : uid=1000(system) WifiService expire 4 lines
01-02 14:13:31.095  1693  2703 I chatty  : uid=1000(system) ConnectivitySer expire 6 lines
01-02 14:13:31.095  1693  3357 I chatty  : uid=1000(system) Binder_6 expire 6 lines
01-02 14:13:31.207  3325  6105 I chatty  : uid=1000(system) MotoCareIntBgTh expire 3 lines
01-02 14:13:31.211  1693  6330 I chatty  : uid=1000(system) Binder_C expire 5 lines
01-02 14:13:31.727  1693  3360 I chatty  : uid=1000(system) Binder_8 expire 5 lines
01-02 14:13:31.842  1693  1709 I chatty  : uid=1000(system) Binder_1 expire 3 lines
01-02 14:13:31.907  1693  3046 I chatty  : uid=1000(system) Binder_5 expire 5 lines
01-02 14:13:31.952  1693  1710 I chatty  : uid=1000(system) Binder_2 expire 7 lines
01-02 14:13:32.015  8746  8746 I chatty  : uid=1000(system) expire 1 line
01-02 14:13:33.061  1693  3373 I chatty  : uid=1000(system) Binder_9 expire 5 lines
01-02 14:13:33.452  1693  3359 I chatty  : uid=1000(system) Binder_7 expire 4 lines
01-02 14:13:33.563   293   635 I chatty  : uid=1000(system) EventThread expire 4 lines
01-02 14:13:34.099  1693  2761 I chatty  : uid=1000(system) Binder_4 expire 6 lines
01-02 14:13:34.875  1693  2648 I chatty  : uid=1000(system) WifiP2pService expire 13 lines
01-02 14:13:35.068  1693  1734 I chatty  : uid=1000(system) android.display expire 5 lines
01-02 14:13:37.152  9167  9256 E ActivityThread: Failed to find provider info for com.facebook.katana.provider.AttributionIdProvider
01-02 14:14:20.666   293   293 I chatty  : uid=1000(system) /system/bin/surfaceflinger expire 13 lines
01-02 14:14:29.998   293   635 I chatty  : uid=1000(system) EventThread expire 9 lines
01-02 14:14:35.762  1693  3046 I chatty  : uid=1000(system) Binder_5 expire 12 lines
01-02 14:14:42.439  1693  3658 I chatty  : uid=1000(system) Binder_A expire 14 lines
01-02 14:14:42.439  1693  1709 I chatty  : uid=1000(system) Binder_1 expire 6 lines
01-02 14:14:42.439  1693  3357 I chatty  : uid=1000(system) Binder_6 expire 8 lines
01-02 14:14:42.440  1693  2703 I chatty  : uid=1000(system) ConnectivitySer expire 10 lines
01-02 14:14:42.442  1693  2702 I chatty  : uid=1000(system) WifiService expire 6 lines
01-02 14:14:42.443  1693  3373 I chatty  : uid=1000(system) Binder_9 expire 8 lines
01-02 14:14:42.481  3325  6105 I chatty  : uid=1000(system) MotoCareIntBgTh expire 6 lines
01-02 14:14:42.512  1693  2754 I chatty  : uid=1000(system) Binder_3 expire 6 lines
01-02 14:14:43.411  1693  1693 I chatty  : uid=1000 system_server expire 7 lines
01-02 14:14:47.407  1693  2599 I chatty  : uid=1000(system) AlarmManager expire 5 lines
01-02 14:14:48.933  1693  5435 I chatty  : uid=1000(system) Binder_B expire 6 lines
01-02 14:14:48.985  1693  6330 I chatty  : uid=1000(system) Binder_C expire 10 lines
01-02 14:14:48.992  1693  2648 I chatty  : uid=1000(system) WifiP2pService expire 13 lines
01-02 14:15:45.738  1693  1740 I chatty  : uid=1000(system) PackageManager expire 7 lines
01-02 14:15:45.846 11185 11195 D DefContainer: Copying /data/local/tmp/com.qualcomm.ftcrobotcontroller to base.apk
01-02 14:15:50.249   293   293 I chatty  : uid=1000(system) /system/bin/surfaceflinger expire 6 lines
01-02 14:15:51.756  1693  1728 I chatty  : uid=1000(system) ActivityManager expire 7 lines
01-02 14:15:51.906  1693  1710 I chatty  : uid=1000(system) Binder_2 expire 7 lines
01-02 14:15:52.197  1693  3658 I chatty  : uid=1000(system) Binder_A expire 5 lines
01-02 14:15:52.240  1693  2761 I chatty  : uid=1000(system) Binder_4 expire 5 lines
01-02 14:15:52.638  1693  3360 I chatty  : uid=1000(system) Binder_8 expire 4 lines
01-02 14:15:52.760 11348 11348 I chatty  : uid=1000(system) expire 1 line
01-02 14:15:54.778  1693  3359 I chatty  : uid=1000(system) Binder_7 expire 1 line
01-02 14:15:55.573  1693  2648 I chatty  : uid=1000(system) WifiP2pService expire 13 lines
01-02 14:15:57.894 11736 11823 E ActivityThread: Failed to find provider info for com.facebook.katana.provider.AttributionIdProvider
01-02 14:16:19.133  1693  1709 I ActivityManager: Killing 11582:com.verizon.vzwavs/u0a70 (adj 15): empty #8
01-02 14:16:19.177  1693  1709 I ActivityManager: Killing 11525:android.process.acore/u0a22 (adj 15): empty #9
01-02 14:16:19.215  1693  1709 I ActivityManager: Killing 11613:com.google.android.apps.docs/u0a89 (adj 15): empty #10
01-02 14:16:19.274  1693  1709 I ActivityManager: Killing 11479:android.process.media/u0a31 (adj 15): empty #11
01-02 14:16:19.324  1693  5435 D ActivityManager: cleanUpApplicationRecord -- 11525
01-02 14:16:19.325  1693  2754 D ActivityManager: cleanUpApplicationRecord -- 11613
01-02 14:16:19.326  1693  3360 D ActivityManager: cleanUpApplicationRecord -- 11479
01-02 14:16:19.327  1693  3046 D ActivityManager: cleanUpApplicationRecord -- 11582
01-02 14:16:19.328  1693  3359 D ActivityManager: cleanUpApplicationRecord -- 11709
01-02 14:16:19.383 12205 12216 D DefContainer: Copying /data/local/tmp/com.qualcomm.ftcrobotcontroller to base.apk
01-02 14:16:20.999  1693  1709 I WindowState: WIN DEATH: Window{ea33591 u0 com.qualcomm.ftcrobotcontroller/org.firstinspires.ftc.robotcontroller.internal.FtcRobotControllerActivity}
01-02 14:16:20.999  1693  3360 I libprocessgroup: Killing pid 11470 in uid 10125 as part of process group 11438
01-02 14:16:20.999  1693  6330 D WifiService: releaseWifiLockLocked: WifiLock{ type=3 binder=android.os.BinderProxy@6ac5459}
01-02 14:16:20.999  1693  3360 I libprocessgroup: Killing pid 11474 in uid 10125 as part of process group 11438
01-02 14:16:20.999  1693  2754 D ConnectivityService: ConnectivityService NetworkRequestInfo binderDied(NetworkRequest [ id=29, legacyType=-1, [ Capabilities: INTERNET&NOT_RESTRICTED&TRUSTED] ], android.os.BinderProxy@611b3bd)
01-02 14:16:20.999  1693  2761 D ConnectivityService: ConnectivityService NetworkRequestInfo binderDied(NetworkRequest [ id=28, legacyType=-1, [ Capabilities: INTERNET&NOT_RESTRICTED&TRUSTED] ], android.os.BinderProxy@b7b4db2)
01-02 14:16:21.000  1693  2703 D ConnectivityService: releasing NetworkRequest NetworkRequest [ id=29, legacyType=-1, [ Capabilities: INTERNET&NOT_RESTRICTED&TRUSTED] ]
01-02 14:16:21.000  1693  2702 D WifiService: Client connection lost with reason: 4
01-02 14:16:21.002  1693  2703 E ConnectivityService: RemoteException caught trying to send a callback msg for NetworkRequest [ id=29, legacyType=-1, [ Capabilities: INTERNET&NOT_RESTRICTED&TRUSTED] ]
01-02 14:16:21.002  1693  2703 D ConnectivityService: releasing NetworkRequest NetworkRequest [ id=28, legacyType=-1, [ Capabilities: INTERNET&NOT_RESTRICTED&TRUSTED] ]
01-02 14:16:21.003  1693  2703 E ConnectivityService: RemoteException caught trying to send a callback msg for NetworkRequest [ id=28, legacyType=-1, [ Capabilities: INTERNET&NOT_RESTRICTED&TRUSTED] ]
01-02 14:16:21.003  1693  2754 I WindowState: WIN DEATH: Window{ec82b8b u0 Toast}
01-02 14:16:21.004  1693  3360 I libprocessgroup: Killing pid 11474 in uid 10125 as part of process group 11438
01-02 14:16:21.010  1693  3360 I libprocessgroup: Killing pid 11474 in uid 10125 as part of process group 11438
01-02 14:16:21.015  1693  3360 I libprocessgroup: Killing pid 11474 in uid 10125 as part of process group 11438
01-02 14:16:21.020  1693  3360 I libprocessgroup: Killing pid 11474 in uid 10125 as part of process group 11438
01-02 14:16:21.026  1693  3360 I ActivityManager: Process com.qualcomm.ftcrobotcontroller (pid 11438) has died
01-02 14:16:21.026  1693  3360 D ActivityManager: cleanUpApplicationRecord -- 11438
01-02 14:16:21.027  1693  3360 W ActivityManager: Force removing ActivityRecord{2290cae u0 com.qualcomm.ftcrobotcontroller/org.firstinspires.ftc.robotcontroller.internal.FtcRobotControllerActivity t204}: app died, no saved state
01-02 14:16:21.029  3325  6105 D ProcSpeedReader: Failed to read freq stats from null
01-02 14:16:21.035  1693  1734 W WindowAnimator: Failed to dispatch window animation state change.
01-02 14:16:21.035  1693  1734 W WindowAnimator: android.os.DeadObjectException
01-02 14:16:21.035  1693  1734 W WindowAnimator: 	at android.os.BinderProxy.transactNative(Native Method)
01-02 14:16:21.035  1693  1734 W WindowAnimator: 	at android.os.BinderProxy.transact(Binder.java:503)
01-02 14:16:21.035  1693  1734 W WindowAnimator: 	at android.view.IWindow$Stub$Proxy.onAnimationStarted(IWindow.java:520)
01-02 14:16:21.035  1693  1734 W WindowAnimator: 	at com.android.server.wm.WindowAnimator.updateWindowsLocked(WindowAnimator.java:282)
01-02 14:16:21.035  1693  1734 W WindowAnimator: 	at com.android.server.wm.WindowAnimator.animateLocked(WindowAnimator.java:678)
01-02 14:16:21.035  1693  1734 W WindowAnimator: 	at com.android.server.wm.WindowAnimator.-wrap0(WindowAnimator.java)
01-02 14:16:21.035  1693  1734 W WindowAnimator: 	at com.android.server.wm.WindowAnimator$1.doFrame(WindowAnimator.java:123)
01-02 14:16:21.035  1693  1734 W WindowAnimator: 	at android.view.Choreographer$CallbackRecord.run(Choreographer.java:856)
01-02 14:16:21.035  1693  1734 W WindowAnimator: 	at android.view.Choreographer.doCallbacks(Choreographer.java:670)
01-02 14:16:21.035  1693  1734 W WindowAnimator: 	at android.view.Choreographer.doFrame(Choreographer.java:603)
01-02 14:16:21.035  1693  1734 W WindowAnimator: 	at android.view.Choreographer$FrameDisplayEventReceiver.run(Choreographer.java:844)
01-02 14:16:21.035  1693  1734 W WindowAnimator: 	at android.os.Handler.handleCallback(Handler.java:746)
01-02 14:16:21.035  1693  1734 W WindowAnimator: 	at android.os.Handler.dispatchMessage(Handler.java:95)
01-02 14:16:21.035  1693  1734 W WindowAnimator: 	at android.os.Looper.loop(Looper.java:148)
01-02 14:16:21.035  1693  1734 W WindowAnimator: 	at android.os.HandlerThread.run(HandlerThread.java:61)
01-02 14:16:21.035  1693  1734 W WindowAnimator: 	at com.android.server.ServiceThread.run(ServiceThread.java:46)
01-02 14:16:21.046  1693  5435 W InputMethodManagerService: Got RemoteException sending setActive(false) notification to pid 11438 uid 10125
01-02 14:16:21.534  1693  1734 W WindowAnimator: Failed to dispatch window animation state change.
01-02 14:16:21.534  1693  1734 W WindowAnimator: android.os.DeadObjectException
01-02 14:16:21.534  1693  1734 W WindowAnimator: 	at android.os.BinderProxy.transactNative(Native Method)
01-02 14:16:21.534  1693  1734 W WindowAnimator: 	at android.os.BinderProxy.transact(Binder.java:503)
01-02 14:16:21.534  1693  1734 W WindowAnimator: 	at android.view.IWindow$Stub$Proxy.onAnimationStopped(IWindow.java:534)
01-02 14:16:21.534  1693  1734 W WindowAnimator: 	at com.android.server.wm.WindowAnimator.updateWindowsLocked(WindowAnimator.java:286)
01-02 14:16:21.534  1693  1734 W WindowAnimator: 	at com.android.server.wm.WindowAnimator.animateLocked(WindowAnimator.java:678)
01-02 14:16:21.534  1693  1734 W WindowAnimator: 	at com.android.server.wm.WindowAnimator.-wrap0(WindowAnimator.java)
01-02 14:16:21.534  1693  1734 W WindowAnimator: 	at com.android.server.wm.WindowAnimator$1.doFrame(WindowAnimator.java:123)
01-02 14:16:21.534  1693  1734 W WindowAnimator: 	at android.view.Choreographer$CallbackRecord.run(Choreographer.java:856)
01-02 14:16:21.534  1693  1734 W WindowAnimator: 	at android.view.Choreographer.doCallbacks(Choreographer.java:670)
01-02 14:16:21.534  1693  1734 W WindowAnimator: 	at android.view.Choreographer.doFrame(Choreographer.java:603)
01-02 14:16:21.534  1693  1734 W WindowAnimator: 	at android.view.Choreographer$FrameDisplayEventReceiver.run(Choreographer.java:844)
01-02 14:16:21.534  1693  1734 W WindowAnimator: 	at android.os.Handler.handleCallback(Handler.java:746)
01-02 14:16:21.534  1693  1734 W WindowAnimator: 	at android.os.Handler.dispatchMessage(Handler.java:95)
01-02 14:16:21.534  1693  1734 W WindowAnimator: 	at android.os.Looper.loop(Looper.java:148)
01-02 14:16:21.534  1693  1734 W WindowAnimator: 	at android.os.HandlerThread.run(HandlerThread.java:61)
01-02 14:16:21.534  1693  1734 W WindowAnimator: 	at com.android.server.ServiceThread.run(ServiceThread.java:46)
01-02 14:16:21.973  1693  1693 W NotificationService: Object died trying to hide notification android.app.ITransientNotification$Stub$Proxy@54e03d6 in package com.qualcomm.ftcrobotcontroller
01-02 14:16:23.033   293   635 I SFPerfTracer:      triggers: (rate: 0:2) (0 sw vsyncs) (0 skipped) (15:2784 vsyncs) (17:22428)
01-02 14:16:23.035   293   293 I SFPerfTracer:      triggers: (rate: 9:451) (compose: 0:8) (post: 0:4) (render: 1:20) (16:2329 frames) (17:21888)
01-02 14:16:23.036   293   293 D SFPerfTracer:        layers: (6:12) (FocusedStackFrame (0xb8572638): 0:87)* (StatusBar (0xb85c89f0): 0:765) (com.android.systemui.ImageWallpaper (0xb85fd310): 0:85) (NavigationBar (0xb85f2408): 0:529) (DimLayer (0xb861a010): 0:133) (DimLayer (0xb8604770): 0:12)* (com.qualcomm.ftcrobotcontroller/org.firstinspires.ftc.robotcontroller.internal.FtcRobotControllerActivity (0xb861f580): 0:69)- (Toast (0xb861c360): 0:63)- (com.google.android.googlequicksearchbox/com.google.android.launcher.GEL (0xb85ff7f0): 0:5) (com.android.systemui/com.android.systemui.usb.UsbPermissionActivity (0xb861f580): 17:20) 
01-02 14:16:24.634  1693  1728 I ActivityManager: Force stopping com.qualcomm.ftcrobotcontroller appid=10125 user=-1: uninstall pkg
01-02 14:16:24.783  1693  1740 I PackageManager: Package com.qualcomm.ftcrobotcontroller codePath changed from /data/app/com.qualcomm.ftcrobotcontroller-2 to /data/app/com.qualcomm.ftcrobotcontroller-1; Retaining data and using new
01-02 14:16:24.786  1693  1728 I ActivityManager: Force stopping com.qualcomm.ftcrobotcontroller appid=10125 user=-1: replace pkg
01-02 14:16:24.787  1693  1740 W PackageManager: Code path for com.qualcomm.ftcrobotcontroller changing from /data/app/com.qualcomm.ftcrobotcontroller-2 to /data/app/com.qualcomm.ftcrobotcontroller-1
01-02 14:16:24.787  1693  1740 W PackageManager: Resource path for com.qualcomm.ftcrobotcontroller changing from /data/app/com.qualcomm.ftcrobotcontroller-2 to /data/app/com.qualcomm.ftcrobotcontroller-1
01-02 14:16:25.350  1693  1740 W PackageManager: Couldn't remove dex file for package:  at location /data/app/com.qualcomm.ftcrobotcontroller-2/base.apk, retcode=-1
01-02 14:16:25.350  1693  1740 I ActivityManager: Force stopping com.qualcomm.ftcrobotcontroller appid=10125 user=0: pkg removed
01-02 14:16:25.373  1693  1693 D JobSchedulerService: Receieved: android.intent.action.PACKAGE_REMOVED
01-02 14:16:25.392  1693  1728 I ActivityManager: Start proc 12275:android.process.acore/u0a22 for broadcast com.android.providers.contacts/.PackageIntentReceiver
01-02 14:16:25.414  1693  3046 W ActivityManager: Permission Denial: Accessing service ComponentInfo{com.google.android.music/com.google.android.music.dial.DialMediaRouteProviderService} from pid=4359, uid=10036 that is not exported from uid 10108
01-02 14:16:25.427  1693  3046 W ActivityManager: Permission Denial: Accessing service ComponentInfo{com.google.android.music/com.google.android.music.dial.DialMediaRouteProviderService} from pid=4359, uid=10036 that is not exported from uid 10108
01-02 14:16:25.435  1693  2754 W ActivityManager: Permission Denial: Accessing service ComponentInfo{com.google.android.music/com.google.android.music.dial.DialMediaRouteProviderService} from pid=4359, uid=10036 that is not exported from uid 10108
01-02 14:16:25.576  1693  3357 I ActivityManager: Start proc 12296:com.motorola.motodisplay/u0a52 for broadcast com.motorola.motodisplay/.events.EventReceiver
01-02 14:16:25.576  1693  3357 I ActivityManager: Killing 11686:com.google.android.apps.photos/u0a111 (adj 15): empty #7
01-02 14:16:25.622  1693  3658 D ConnectivityService: ConnectivityService NetworkRequestInfo binderDied(NetworkRequest [ id=30, legacyType=-1, [ Capabilities: INTERNET&NOT_RESTRICTED&TRUSTED] ], android.os.BinderProxy@a4eaeef)
01-02 14:16:25.623  1693  2703 D ConnectivityService: releasing NetworkRequest NetworkRequest [ id=30, legacyType=-1, [ Capabilities: INTERNET&NOT_RESTRICTED&TRUSTED] ]
01-02 14:16:25.623  1693  2703 E ConnectivityService: RemoteException caught trying to send a callback msg for NetworkRequest [ id=30, legacyType=-1, [ Capabilities: INTERNET&NOT_RESTRICTED&TRUSTED] ]
01-02 14:16:25.629  1693  2761 D ActivityManager: cleanUpApplicationRecord -- 11686
01-02 14:16:25.687  1693  3357 I ActivityManager: Start proc 12310:com.verizon.vzwavs/u0a70 for broadcast com.verizon.vzwavs/.WakeupReceiver
01-02 14:16:25.690  1693  2754 I ActivityManager: Killing 11599:com.vzw.hss.myverizon/u0a11 (adj 15): empty #7
01-02 14:16:25.727  1693  3357 D ActivityManager: cleanUpApplicationRecord -- 11599
01-02 14:16:25.763  1693  2761 I ActivityManager: Start proc 12324:com.android.keychain/1000 for broadcast com.android.keychain/.KeyChainBroadcastReceiver
01-02 14:16:25.766  1693  2761 I ActivityManager: Killing 11736:com.gotv.nflgamecenter.us.lite/u0a5 (adj 15): empty #7
01-02 14:16:25.837  1693  1709 D ActivityManager: cleanUpApplicationRecord -- 11736
01-02 14:16:25.853 12324 12324 W ContextImpl: Calling a method in the system process without a qualified user: android.app.ContextImpl.startService:1221 android.content.ContextWrapper.startService:581 android.content.ContextWrapper.startService:581 com.android.keychain.KeyChainBroadcastReceiver.onReceive:12 android.app.ActivityThread.handleReceiver:2746 
01-02 14:16:25.869  1693  2754 I ActivityManager: Killing 11652:com.google.android.googlequicksearchbox:search/u0a68 (adj 15): empty #7
01-02 14:16:25.910  1693  2702 D WifiService: Client connection lost with reason: 4
01-02 14:16:25.914  1693  3357 D ActivityManager: cleanUpApplicationRecord -- 11652
01-02 14:16:25.959  1693  5435 I ActivityManager: Start proc 12348:com.vzw.hss.myverizon/u0a11 for broadcast com.vzw.hss.myverizon/.rdd.analytics.receiver.RDDAnalyticsPackageActionReceiver
01-02 14:16:25.975  1693  2599 V AlarmManager: sending alarm {5261083 type 1 *alarm*:android.intent.action.MAIN}
01-02 14:16:25.976  1693  2599 I ActivityManager: START u0 {act=android.intent.action.MAIN cat=[android.intent.category.LAUNCHER] flg=0x10000004 cmp=com.qualcomm.ftcrobotcontroller/org.firstinspires.ftc.robotcontroller.internal.FtcRobotControllerActivity (has extras)} from uid 10125 on display 0
01-02 14:16:25.996  3325  6105 D ProcSpeedReader: Failed to read freq stats from null
01-02 14:16:26.001  1693  1693 V AlarmManager: done {5261083, *alarm*:android.intent.action.MAIN} [26ms]
01-02 14:16:26.022  1693  3373 I ActivityManager: Start proc 12361:com.qualcomm.ftcrobotcontroller/u0a125 for activity com.qualcomm.ftcrobotcontroller/org.firstinspires.ftc.robotcontroller.internal.FtcRobotControllerActivity
01-02 14:16:26.043  3325  6105 D ProcSpeedReader: Failed to read freq stats from null
01-02 14:16:26.429  1693  3046 I ActivityManager: Start proc 12394:com.google.android.apps.docs/u0a89 for broadcast com.google.android.apps.docs/.receivers.AppPackageAddRemoveReceiver
01-02 14:16:26.430  1693  3046 I ActivityManager: Killing 11414:com.android.vending/u0a56 (adj 15): empty #7
01-02 14:16:26.493  1693  3357 D ConnectivityService: listenForNetwork for Listen from uid/pid:10125/12361 for NetworkRequest [ id=31, legacyType=-1, [ Capabilities: INTERNET&NOT_RESTRICTED&TRUSTED] ]
01-02 14:16:26.494  1693  3373 D ActivityManager: cleanUpApplicationRecord -- 11414
01-02 14:16:26.760  1693  3360 I ActivityManager: START u0 {act=android.intent.action.MAIN cat=[android.intent.category.LAUNCHER] flg=0x10000000 cmp=com.qualcomm.ftcrobotcontroller/org.firstinspires.ftc.robotcontroller.internal.FtcRobotControllerActivity} from uid 2000 on display 0
01-02 14:16:26.979  1693  3360 I ActivityManager: Start proc 12432:com.android.vending/u0a56 for broadcast com.android.vending/com.google.android.finsky.receivers.PackageMonitorReceiver$RegisteredReceiver
01-02 14:16:26.980  1693  3360 I ActivityManager: Killing 12205:com.android.defcontainer/u0a28 (adj 15): empty #7
01-02 14:16:27.013  1693  3046 D ActivityManager: cleanUpApplicationRecord -- 12205
01-02 14:16:27.281  1693  1710 I ActivityManager: Start proc 12480:android.process.media/u0a31 for content provider com.android.providers.downloads/.DownloadProvider
01-02 14:16:27.316  1693  6330 I ActivityManager: Start proc 12493:com.google.android.googlequicksearchbox:search/u0a68 for broadcast com.google.android.googlequicksearchbox/com.google.android.apps.gsa.googlequicksearchbox.GelStubAppWatcher
01-02 14:16:27.610  1693  3373 I ActivityManager: Killing 12275:android.process.acore/u0a22 (adj 15): empty #7
01-02 14:16:27.638  1693  3357 D ActivityManager: cleanUpApplicationRecord -- 12275
01-02 14:16:27.649  1693  2754 I ActivityManager: Start proc 12518:android.process.acore/u0a22 for broadcast com.android.providers.contacts/.PackageIntentReceiver
01-02 14:16:27.742  1693  1710 I ActivityManager: Start proc 12537:com.google.android.partnersetup/u0a40 for broadcast com.google.android.partnersetup/.RlzPingBroadcastReceiver
01-02 14:16:27.743  1693  1710 I ActivityManager: Killing 12296:com.motorola.motodisplay/u0a52 (adj 15): empty #7
01-02 14:16:27.799  1693  3360 D ActivityManager: cleanUpApplicationRecord -- 12296
01-02 14:16:27.827  1693  2702 D WifiService: New client listening to asynchronous messages
01-02 14:16:27.828  1693  2754 D WifiService: acquireWifiLockLocked: WifiLock{ type=3 binder=android.os.BinderProxy@b81f154}
01-02 14:16:27.838  1693  1709 I ActivityManager: Start proc 12555:com.motorola.invisiblenet/u0a43 for broadcast com.motorola.invisiblenet/.PackageAddedReceiver
01-02 14:16:27.846  1693  2761 I ActivityManager: Killing 12310:com.verizon.vzwavs/u0a70 (adj 15): empty #7
01-02 14:16:27.889  1693  2754 D ActivityManager: cleanUpApplicationRecord -- 12310
01-02 14:16:27.921  1693  3357 I ActivityManager: Start proc 12569:com.motorola.motodisplay/u0a52 for broadcast com.motorola.motodisplay/.events.EventReceiver
01-02 14:16:27.927  1693  1709 I ActivityManager: Killing 12324:com.android.keychain/1000 (adj 15): empty #7
01-02 14:16:27.987  1693  3360 D ActivityManager: cleanUpApplicationRecord -- 12324
01-02 14:16:27.990  1693  3046 D ConnectivityService: listenForNetwork for Listen from uid/pid:10125/12361 for NetworkRequest [ id=32, legacyType=-1, [ Capabilities: INTERNET&NOT_RESTRICTED&TRUSTED] ]
01-02 14:16:27.999  1693  2648 D WifiP2pService: GroupCreatedState{ when=0 what=139277 arg1=-2 arg2=1 target=com.android.internal.util.StateMachine$SmHandler }
01-02 14:16:27.999  1693  2648 D WifiP2pService: P2pEnabledState{ when=0 what=139277 arg1=-2 arg2=1 target=com.android.internal.util.StateMachine$SmHandler }
01-02 14:16:27.999  1693  2648 D WifiP2pService: DefaultState{ when=0 what=139277 arg1=-2 arg2=1 target=com.android.internal.util.StateMachine$SmHandler }
01-02 14:16:28.056  1693  2648 D WifiP2pService: GroupCreatedState{ when=0 what=139285 arg2=2 target=com.android.internal.util.StateMachine$SmHandler }
01-02 14:16:28.056  1693  2648 D WifiP2pService: P2pEnabledState{ when=0 what=139285 arg2=2 target=com.android.internal.util.StateMachine$SmHandler }
01-02 14:16:28.056  1693  2648 D WifiP2pService: DefaultState{ when=0 what=139285 arg2=2 target=com.android.internal.util.StateMachine$SmHandler }
01-02 14:16:28.057  1693  2648 D WifiP2pService: GroupCreatedState{ when=-1ms what=139268 target=com.android.internal.util.StateMachine$SmHandler }
01-02 14:16:28.057  1693  2648 D WifiP2pService: P2pEnabledState{ when=-1ms what=139268 target=com.android.internal.util.StateMachine$SmHandler }
01-02 14:16:28.069  1693  1709 I ActivityManager: Start proc 12584:com.verizon.vzwavs/u0a70 for broadcast com.verizon.vzwavs/.WakeupReceiver
01-02 14:16:28.072  1693  2754 I ActivityManager: Killing 12348:com.vzw.hss.myverizon/u0a11 (adj 15): empty #7
01-02 14:16:28.105  1693  1710 D ActivityManager: cleanUpApplicationRecord -- 12348
01-02 14:16:28.147  1693  3658 I ActivityManager: Killing 12394:com.google.android.apps.docs/u0a89 (adj 15): empty #7
01-02 14:16:28.175  1693  2648 D WifiP2pService: GroupCreatedState{ when=0 what=139287 arg2=3 target=com.android.internal.util.StateMachine$SmHandler }
01-02 14:16:28.175  1693  2648 D WifiP2pService: P2pEnabledState{ when=0 what=139287 arg2=3 target=com.android.internal.util.StateMachine$SmHandler }
01-02 14:16:28.175  1693  2648 D WifiP2pService: DefaultState{ when=0 what=139287 arg2=3 target=com.android.internal.util.StateMachine$SmHandler }
01-02 14:16:28.175  1693  2648 D WifiP2pService: GroupCreatedState{ when=0 what=139268 target=com.android.internal.util.StateMachine$SmHandler }
01-02 14:16:28.175  1693  2648 D WifiP2pService: P2pEnabledState{ when=0 what=139268 target=com.android.internal.util.StateMachine$SmHandler }
01-02 14:16:28.191  1693  2761 D ActivityManager: cleanUpApplicationRecord -- 12394
01-02 14:16:28.203  1693  1734 I LaunchCheckinHandler: Displayed com.qualcomm.ftcrobotcontroller/org.firstinspires.ftc.robotcontroller.internal.FtcRobotControllerActivity,cp,ca,2201
01-02 14:16:28.241  2762  2762 E ActivityThread: Performing stop of activity that is not resumed: {com.android.systemui/com.android.systemui.usb.UsbPermissionActivity}
