02-05 12:29:18.077 17567 17680 V RobotCore: thread: ...terminating 'r/w loop: Modern Robotics USB Core Device Interface Module [AL00VBY8]'
02-05 12:29:18.078 17567 17682 V RobotCore: thread: 'r/w loop: Modern Robotics USB Servo Controller [AL00XLTB]' starting...
02-05 12:29:18.079 17567 17680 E AndroidRuntime: FATAL EXCEPTION: r/w loop: Modern Robotics USB Core Device Interface Module [AL00VBY8]
02-05 12:29:18.079 17567 17680 E AndroidRuntime: Process: com.qualcomm.ftcrobotcontroller, PID: 17567
02-05 12:29:18.079 17567 17680 E AndroidRuntime: java.lang.ArrayIndexOutOfBoundsException: length=0; index=2
02-05 12:29:18.079 17567 17680 E AndroidRuntime: 	at com.kauailabs.navx.AHRSProtocol.decodeBinaryUint32(AHRSProtocol.java:685)
02-05 12:29:18.079 17567 17680 E AndroidRuntime: 	at com.kauailabs.navx.ftc.AHRS$navXIOThread.decodeNavxProcessedData(AHRS.java:1306)
02-05 12:29:18.079 17567 17680 E AndroidRuntime: 	at com.kauailabs.navx.ftc.AHRS$navXIOThread.ioComplete(AHRS.java:1052)
02-05 12:29:18.079 17567 17680 E AndroidRuntime: 	at com.kauailabs.navx.ftc.AHRS$DimI2cDeviceReader.portDone(AHRS.java:1688)
02-05 12:29:18.079 17567 17680 E AndroidRuntime: 	at com.kauailabs.navx.ftc.AHRS$DimI2cDeviceReader.access$600(AHRS.java:1513)
02-05 12:29:18.079 17567 17680 E AndroidRuntime: 	at com.kauailabs.navx.ftc.AHRS$DimI2cDeviceReader$1.portIsReady(AHRS.java:1546)
02-05 12:29:18.079 17567 17680 E AndroidRuntime: 	at com.qualcomm.robotcore.hardware.I2cDeviceImpl.portIsReady(I2cDeviceImpl.java:249)
02-05 12:29:18.079 17567 17680 E AndroidRuntime: 	at com.qualcomm.hardware.modernrobotics.ModernRoboticsUsbDeviceInterfaceModule.readComplete(ModernRoboticsUsbDeviceInterfaceModule.java:932)
02-05 12:29:18.079 17567 17680 E AndroidRuntime: 	at com.qualcomm.hardware.modernrobotics.comm.ReadWriteRunnableStandard$1.run(ReadWriteRunnableStandard.java:369)
02-05 12:29:18.079 17567 17680 E AndroidRuntime: 	at com.qualcomm.robotcore.util.ThreadPool.logThreadLifeCycle(ThreadPool.java:513)
02-05 12:29:18.079 17567 17680 E AndroidRuntime: 	at com.qualcomm.hardware.modernrobotics.comm.ReadWriteRunnableStandard.run(ReadWriteRunnableStandard.java:304)
02-05 12:29:18.079 17567 17680 E AndroidRuntime: 	at java.util.concurrent.ThreadPoolExecutor.runWorker(ThreadPoolExecutor.java:1113)
02-05 12:29:18.079 17567 17680 E AndroidRuntime: 	at java.util.concurrent.ThreadPoolExecutor$Worker.run(ThreadPoolExecutor.java:588)
02-05 12:29:18.079 17567 17680 E AndroidRuntime: 	at java.lang.Thread.run(Thread.java:818)
02-05 12:29:18.080 17567 17645 D RobotCore: ...arming modern servo controller Modern Robotics USB Servo Controller [AL00XLTB] complete
02-05 12:29:18.080 17567 17645 I FIRST   : ======= MODULE DETACH RECOVERY: complete Modern Robotics USB Servo Controller [AL00XLTB]=======
02-05 12:29:18.080 17567 17645 V RobotCore: event loop: device has shutdown abnormally
02-05 12:29:18.080 17567 17645 V RobotCore: event loop: detaching device owner
02-05 12:29:18.080 17567 17645 I FIRST   : ======= MODULE DETACH RECOVERY: disarm Modern Robotics USB DC Motor Controller [AL00VBJK]=======
02-05 12:29:18.080 17567 17645 D RobotCore: disarming modern motor controller Modern Robotics USB DC Motor Controller [AL00VBJK]...
02-05 12:29:18.080 17567 17645 V RobotCore: waiting for service ReadWriteRunnable for Modern Robotics USB Device
02-05 12:29:18.081 17567 17645 V RobotCore: awaitTermination returned, isTerminated=true
02-05 12:29:18.081 17567 17645 V RobotCore: executive service ReadWriteRunnable for Modern Robotics USB Device is terminated
02-05 12:29:18.081 17567 17645 V RobotUsbDeviceFtdi: closing AL00VBJK
02-05 12:29:18.081 17567 17645 D RobotCore: ...disarming modern motor controller Modern Robotics USB DC Motor Controller [AL00VBJK] complete
02-05 12:29:18.081 17567 17645 I FIRST   : ======= MODULE DETACH RECOVERY: pretend Modern Robotics USB DC Motor Controller [AL00VBJK]=======
02-05 12:29:18.081 17567 17645 D RobotCore: arming modern motor controller Modern Robotics USB DC Motor Controller [AL00VBJK] (pretend)...
02-05 12:29:18.081 17567 17645 V RobotCore: Starting up pretend device AL00VBJK
02-05 12:29:18.084 17567 17686 V RobotCore: thread: 'r/w loop: Modern Robotics USB DC Motor Controller [AL00VBJK]' starting...
02-05 12:29:18.084 17567 17645 D RobotCore: ...arming modern motor controller Modern Robotics USB DC Motor Controller [AL00VBJK] complete
02-05 12:29:18.084 17567 17645 I FIRST   : ======= MODULE DETACH RECOVERY: complete Modern Robotics USB DC Motor Controller [AL00VBJK]=======
02-05 12:29:18.084 17567 17645 V RobotCore: event loop: device has shutdown abnormally
02-05 12:29:18.084 17567 17645 V RobotCore: event loop: detaching device owner
02-05 12:29:18.084 17567 17645 I FIRST   : ======= MODULE DETACH RECOVERY: disarm Modern Robotics USB DC Motor Controller [AL00VSAM]=======
02-05 12:29:18.084 17567 17645 D RobotCore: disarming modern motor controller Modern Robotics USB DC Motor Controller [AL00VSAM]...
02-05 12:29:18.085 17567 17645 V RobotCore: waiting for service ReadWriteRunnable for Modern Robotics USB Device
02-05 12:29:18.085 17567 17645 V RobotCore: awaitTermination returned, isTerminated=true
02-05 12:29:18.085 17567 17645 V RobotCore: executive service ReadWriteRunnable for Modern Robotics USB Device is terminated
02-05 12:29:18.085 17567 17645 V RobotUsbDeviceFtdi: closing AL00VSAM
02-05 12:29:18.086 17567 17645 D RobotCore: ...disarming modern motor controller Modern Robotics USB DC Motor Controller [AL00VSAM] complete
02-05 12:29:18.086 17567 17645 I FIRST   : ======= MODULE DETACH RECOVERY: pretend Modern Robotics USB DC Motor Controller [AL00VSAM]=======
02-05 12:29:18.086 17567 17645 D RobotCore: arming modern motor controller Modern Robotics USB DC Motor Controller [AL00VSAM] (pretend)...
02-05 12:29:18.086 17567 17645 V RobotCore: Starting up pretend device AL00VSAM
02-05 12:29:18.088 17567 17687 V RobotCore: thread: 'r/w loop: Modern Robotics USB DC Motor Controller [AL00VSAM]' starting...
02-05 12:29:18.088 17567 17645 D RobotCore: ...arming modern motor controller Modern Robotics USB DC Motor Controller [AL00VSAM] complete
02-05 12:29:18.088 17567 17645 I FIRST   : ======= MODULE DETACH RECOVERY: complete Modern Robotics USB DC Motor Controller [AL00VSAM]=======
02-05 12:29:18.088 17567 17645 V RobotCore: event loop: device has shutdown abnormally
02-05 12:29:18.088 17567 17645 V RobotCore: event loop: detaching device owner
02-05 12:29:18.088 17567 17645 I FIRST   : ======= MODULE DETACH RECOVERY: disarm Modern Robotics USB DC Motor Controller [AL00YCFW]=======
02-05 12:29:18.088 17567 17645 D RobotCore: disarming modern motor controller Modern Robotics USB DC Motor Controller [AL00YCFW]...
02-05 12:29:18.088 17567 17645 V RobotCore: waiting for service ReadWriteRunnable for Modern Robotics USB Device
02-05 12:29:18.089 17567 17645 V RobotCore: awaitTermination returned, isTerminated=true
02-05 12:29:18.090 17567 17645 V RobotCore: executive service ReadWriteRunnable for Modern Robotics USB Device is terminated
02-05 12:29:18.090 17567 17645 V RobotUsbDeviceFtdi: closing AL00YCFW
02-05 12:29:18.090 17567 17645 D RobotCore: ...disarming modern motor controller Modern Robotics USB DC Motor Controller [AL00YCFW] complete
02-05 12:29:18.090 17567 17645 I FIRST   : ======= MODULE DETACH RECOVERY: pretend Modern Robotics USB DC Motor Controller [AL00YCFW]=======
02-05 12:29:18.090 17567 17645 D RobotCore: arming modern motor controller Modern Robotics USB DC Motor Controller [AL00YCFW] (pretend)...
02-05 12:29:18.090 17567 17645 V RobotCore: Starting up pretend device AL00YCFW
02-05 12:29:18.095 17567 17688 V RobotCore: thread: 'r/w loop: Modern Robotics USB DC Motor Controller [AL00YCFW]' starting...
02-05 12:29:18.095 17567 17645 D RobotCore: ...arming modern motor controller Modern Robotics USB DC Motor Controller [AL00YCFW] complete
02-05 12:29:18.095 17567 17645 I FIRST   : ======= MODULE DETACH RECOVERY: complete Modern Robotics USB DC Motor Controller [AL00YCFW]=======
02-05 12:29:18.096 17567 17645 D RobotCore: system telemetry: key=$System$Warning$ msg="problem communicating with Modern Robotics USB Core Device Interface Module [AL00XKYB]; problem communicating with Modern Robotics USB Servo Controller [AL00XLTB]; problem communicating with Modern Robotics USB DC Motor Controller [AL00VBJK]; problem communicating with Modern Robotics USB DC Motor Controller [AL00YCFW]; problem communicating with Modern Robotics USB Core Device Interface Module [AL00VBY8]; problem communicating with Modern Robotics USB DC Motor Controller [AL00VSAM]"
02-05 12:29:18.098 17567 17621 D MediaPlayer: setSubtitleAnchor in MediaPlayer
02-05 12:29:18.107 17567 17567 D UsbDeviceConnectionJNI: close
02-05 12:29:18.108 17567 17639 D BulkIn::: Stop BulkIn thread
02-05 12:29:18.108 17567 17639 W System.err: java.lang.NullPointerException: Attempt to invoke virtual method 'int com.ftdi.j2xx.D2xxManager$DriverParameters.getBufferNumber()' on a null object reference
02-05 12:29:18.108 17567 17639 W System.err: 	at com.ftdi.j2xx.ProcessInCtrl.releaseWritableBuffers(FT_Device.java:2672)
02-05 12:29:18.108 17567 17639 W System.err: 	at com.ftdi.j2xx.BulkInWorker.run(FT_Device.java:2879)
02-05 12:29:18.108 17567 17639 W System.err: 	at java.lang.Thread.run(Thread.java:818)
02-05 12:29:18.109 17567 17641 W RobotCore: could not write to Modern Robotics USB DC Motor Controller [AL00VS98]: FTDI Null Pointer Exception
02-05 12:29:18.109 17567 17641 E RobotCore: java.lang.NullPointerException: Attempt to invoke interface method 'void java.util.concurrent.locks.Lock.unlock()' on a null object reference
02-05 12:29:18.109 17567 17641 E RobotCore:     at com.ftdi.j2xx.ProcessInCtrl.readBulkInData(FT_Device.java:2520)
02-05 12:29:18.109 17567 17641 E RobotCore:     at com.ftdi.j2xx.FT_Device.read(FT_Device.java:666)
02-05 12:29:18.109 17567 17641 E RobotCore:     at com.qualcomm.robotcore.hardware.usb.ftdi.RobotUsbDeviceFtdi.read(RobotUsbDeviceFtdi.java:211)
02-05 12:29:18.109 17567 17641 E RobotCore:     at com.qualcomm.hardware.modernrobotics.comm.ModernRoboticsReaderWriter.readIncomingBytes(ModernRoboticsReaderWriter.java:362)
02-05 12:29:18.109 17567 17641 E RobotCore:     at com.qualcomm.hardware.modernrobotics.comm.ModernRoboticsReaderWriter.readResponse(ModernRoboticsReaderWriter.java:313)
02-05 12:29:18.109 17567 17641 E RobotCore:     at com.qualcomm.hardware.modernrobotics.comm.ModernRoboticsReaderWriter.read(ModernRoboticsReaderWriter.java:179)
02-05 12:29:18.109 17567 17641 E RobotCore:     at com.qualcomm.hardware.modernrobotics.comm.ReadWriteRunnableStandard$1.run(ReadWriteRunnableStandard.java:344)
02-05 12:29:18.109 17567 17641 E RobotCore:     at com.qualcomm.robotcore.util.ThreadPool.logThreadLifeCycle(ThreadPool.java:513)
02-05 12:29:18.109 17567 17641 E RobotCore:     at com.qualcomm.hardware.modernrobotics.comm.ReadWriteRunnableStandard.run(ReadWriteRunnableStandard.java:304)
02-05 12:29:18.109 17567 17641 E RobotCore:     at java.util.concurrent.ThreadPoolExecutor.runWorker(ThreadPoolExecutor.java:1113)
02-05 12:29:18.109 17567 17641 E RobotCore:     at java.util.concurrent.ThreadPoolExecutor$Worker.run(ThreadPoolExecutor.java:588)
02-05 12:29:18.109 17567 17641 E RobotCore:     at java.lang.Thread.run(Thread.java:818)
02-05 12:29:18.109 17567 17641 V RobotUsbDeviceFtdi: closing AL00VS98
02-05 12:29:18.109 17567 17641 V RobotCore: thread: ...terminating 'r/w loop: Modern Robotics USB DC Motor Controller [AL00VS98]'
02-05 12:29:18.110 17567 17640 D ProcessRequestThread::: Device has been closed.
02-05 12:29:18.110 17567 17640 W System.err: java.lang.InterruptedException
02-05 12:29:18.110 17567 17640 W System.err: 	at java.util.concurrent.locks.AbstractQueuedSynchronizer.doAcquireSharedInterruptibly(AbstractQueuedSynchronizer.java:972)
02-05 12:29:18.110 17567 17640 W System.err: 	at java.util.concurrent.locks.AbstractQueuedSynchronizer.acquireSharedInterruptibly(AbstractQueuedSynchronizer.java:1278)
02-05 12:29:18.110 17567 17640 W System.err: 	at java.util.concurrent.Semaphore.acquire(Semaphore.java:284)
02-05 12:29:18.110 17567 17640 W System.err: 	at com.ftdi.j2xx.ProcessInCtrl.acquireReadableBuffer(FT_Device.java:2294)
02-05 12:29:18.110 17567 17640 W System.err: 	at com.ftdi.j2xx.ProcessRequestWorker.run(FT_Device.java:2764)
02-05 12:29:18.110 17567 17640 W System.err: 	at java.lang.Thread.run(Thread.java:818)
02-05 12:29:18.112 17567 17567 V RCActivity: onPause()
02-05 12:29:18.113 17567 17645 D RobotCore: system telemetry: key=$System$Warning$ msg="problem communicating with Modern Robotics USB Core Device Interface Module [AL00XKYB]; problem communicating with Modern Robotics USB Servo Controller [AL00XLTB]; problem communicating with Modern Robotics USB DC Motor Controller [AL00VS98]; problem communicating with Modern Robotics USB DC Motor Controller [AL00VBJK]; problem communicating with Modern Robotics USB DC Motor Controller [AL00YCFW]; problem communicating with Modern Robotics USB Core Device Interface Module [AL00VBY8]; problem communicating with Modern Robotics USB DC Motor Controller [AL00VSAM]"
02-05 12:29:18.113 17567 17645 V RobotCore: event loop: device has shutdown abnormally
02-05 12:29:18.113 17567 17645 V RobotCore: event loop: detaching device owner
02-05 12:29:18.113 17567 17645 I FIRST   : ======= MODULE DETACH RECOVERY: disarm Modern Robotics USB DC Motor Controller [AL00VS98]=======
02-05 12:29:18.113 17567 17645 D RobotCore: disarming modern motor controller Modern Robotics USB DC Motor Controller [AL00VS98]...
02-05 12:29:18.113 17567 17645 V RobotCore: waiting for service ReadWriteRunnable for Modern Robotics USB Device
02-05 12:29:18.114 17567 17645 V RobotCore: awaitTermination returned, isTerminated=true
02-05 12:29:18.114 17567 17645 V RobotCore: executive service ReadWriteRunnable for Modern Robotics USB Device is terminated
02-05 12:29:18.114 17567 17645 V RobotUsbDeviceFtdi: closing AL00VS98
02-05 12:29:18.114 17567 17645 D RobotCore: ...disarming modern motor controller Modern Robotics USB DC Motor Controller [AL00VS98] complete
02-05 12:29:18.114 17567 17645 I FIRST   : ======= MODULE DETACH RECOVERY: pretend Modern Robotics USB DC Motor Controller [AL00VS98]=======
02-05 12:29:18.114 17567 17645 D RobotCore: arming modern motor controller Modern Robotics USB DC Motor Controller [AL00VS98] (pretend)...
02-05 12:29:18.114 17567 17645 V RobotCore: Starting up pretend device AL00VS98
02-05 12:29:18.123 17567 17690 V RobotCore: thread: 'r/w loop: Modern Robotics USB DC Motor Controller [AL00VS98]' starting...
02-05 12:29:18.123 17567 17645 D RobotCore: ...arming modern motor controller Modern Robotics USB DC Motor Controller [AL00VS98] complete
02-05 12:29:18.123 17567 17645 I FIRST   : ======= MODULE DETACH RECOVERY: complete Modern Robotics USB DC Motor Controller [AL00VS98]=======
02-05 12:29:18.125 17567 17567 W MediaPlayer: mediaplayer went away with unhandled events
02-05 12:29:18.145 17567 17619 D ExtendedUtils: extended extractor not needed, return default
02-05 12:29:18.147 17567 17619 I MediaCodec: (0xb75822a8) init name(audio/raw) isType(1) encoder(0)
02-05 12:29:18.151 17567 17692 I OMXClient: Using client-side OMX mux.
02-05 12:29:18.198 17567 17692 E OMXMaster: A component of name 'OMX.qcom.audio.decoder.aac' already exists, ignoring this one.
02-05 12:29:18.198 17567 17567 V RCActivity: onStop()
02-05 12:29:18.198 17567 17567 V RobotCore: executive service robot setup is terminated
02-05 12:29:18.198 17567 17567 V Robocol : EventLoopManager.shutdown()
02-05 12:29:18.199 17567 17567 V RobotCore: waiting for service EventLoop
02-05 12:29:18.202 17567 17692 I MediaCodec: (0xb75822a8) Component Allocated (OMX.google.raw.decoder)
02-05 12:29:18.203 17567 17619 I MediaCodec: (0xb75822a8) configure surface(0x0) crypto(0x0) flags(0)
02-05 12:29:18.203 17567 17619 D MediaCodec: (0xb75822a8) configure format: AMessage(what = 0x00000000) = {
02-05 12:29:18.203 17567 17619 D MediaCodec:    string mime = "audio/raw"
02-05 12:29:18.203 17567 17619 D MediaCodec:    int64_t durationUs = 1043650
02-05 12:29:18.203 17567 17619 D MediaCodec:    int32_t channel-count = 2
02-05 12:29:18.203 17567 17619 D MediaCodec:    int32_t sample-rate = 44100
02-05 12:29:18.203 17567 17619 D MediaCodec:    int32_t channel-mask = 0
02-05 12:29:18.203 17567 17619 D MediaCodec:  }
02-05 12:29:18.206 17567 17619 I MediaCodec: (0xb75822a8) start
02-05 12:29:18.211 17567 17692 I MediaCodec: (0xb75822a8) input buffers allocated
02-05 12:29:18.211 17567 17692 I MediaCodec: (0xb75822a8) numBuffers (4)
02-05 12:29:18.211 17567 17692 I MediaCodec: (0xb75822a8) output buffers allocated
02-05 12:29:18.211 17567 17692 I MediaCodec: (0xb75822a8) numBuffers (4)
02-05 12:29:18.216 17567 17645 I FIRST   : ======= TEARDOWN =======
02-05 12:29:18.218 17567 17645 D RobotCore: disarming modern motor controller Modern Robotics USB DC Motor Controller [AL00VBJK]...
02-05 12:29:18.219 17567 17692 I MediaCodec: (0xb75822a8) codec output format changed
02-05 12:29:18.219 17567 17692 D MediaCodec: (0xb75822a8) output format: AMessage(what = 'codc', target = 10) = {
02-05 12:29:18.219 17567 17692 D MediaCodec:    string mime = "audio/raw"
02-05 12:29:18.219 17567 17692 D MediaCodec:    int32_t channel-count = 2
02-05 12:29:18.219 17567 17692 D MediaCodec:    int32_t sample-rate = 44100
02-05 12:29:18.219 17567 17692 D MediaCodec:    int32_t channel-mask = 0
02-05 12:29:18.219 17567 17692 D MediaCodec:    int32_t what = 1869968451
02-05 12:29:18.219 17567 17692 D MediaCodec:  }
02-05 12:29:18.222 17567 17645 V RobotCore: waiting for service ReadWriteRunnable for Modern Robotics USB Device
02-05 12:29:18.222 17567 17686 V RobotCore: thread: ...terminating 'r/w loop: Modern Robotics USB DC Motor Controller [AL00VBJK]'
02-05 12:29:18.223 17567 17645 V RobotCore: awaitTerminationOrExitApplication ReadWriteRunnable for Modern Robotics USB Device; interrupt thrown
02-05 12:29:18.233 17567 17619 I MediaCodec: (0xb75822a8) stop
02-05 12:29:18.236 17567 17619 I MediaCodec: (0xb75822a8) release
02-05 12:29:18.242 17567 17621 W AudioTrack: AUDIO_OUTPUT_FLAG_FAST denied by client; transfer 4, track 44100 Hz, output 48000 Hz
02-05 12:29:18.323 17567 17645 D RobotCore: ...disarming modern motor controller Modern Robotics USB DC Motor Controller [AL00VBJK] complete
02-05 12:29:18.323 17567 17645 D RobotCore: disarming modern motor controller Modern Robotics USB DC Motor Controller [AL00VS98]...
02-05 12:29:18.328 17567 17645 V RobotCore: waiting for service ReadWriteRunnable for Modern Robotics USB Device
02-05 12:29:18.328 17567 17690 V RobotCore: thread: ...terminating 'r/w loop: Modern Robotics USB DC Motor Controller [AL00VS98]'
02-05 12:29:18.328 17567 17645 V RobotCore: awaitTermination returned, isTerminated=true
02-05 12:29:18.328 17567 17645 V RobotCore: executive service ReadWriteRunnable for Modern Robotics USB Device is terminated
02-05 12:29:18.328 17567 17645 D RobotCore: ...disarming modern motor controller Modern Robotics USB DC Motor Controller [AL00VS98] complete
02-05 12:29:18.328 17567 17645 D RobotCore: disarming modern motor controller Modern Robotics USB DC Motor Controller [AL00YCFW]...
02-05 12:29:18.331 17567 17688 V RobotCore: thread: ...terminating 'r/w loop: Modern Robotics USB DC Motor Controller [AL00YCFW]'
02-05 12:29:18.331 17567 17645 V RobotCore: waiting for service ReadWriteRunnable for Modern Robotics USB Device
02-05 12:29:18.331 17567 17645 V RobotCore: awaitTermination returned, isTerminated=true
02-05 12:29:18.331 17567 17645 V RobotCore: executive service ReadWriteRunnable for Modern Robotics USB Device is terminated
02-05 12:29:18.331 17567 17645 D RobotCore: ...disarming modern motor controller Modern Robotics USB DC Motor Controller [AL00YCFW] complete
02-05 12:29:18.331 17567 17645 D RobotCore: disarming modern motor controller Modern Robotics USB DC Motor Controller [AL00VSAM]...
02-05 12:29:18.332 17567 17645 V RobotCore: waiting for service ReadWriteRunnable for Modern Robotics USB Device
02-05 12:29:18.332 17567 17687 V RobotCore: thread: ...terminating 'r/w loop: Modern Robotics USB DC Motor Controller [AL00VSAM]'
02-05 12:29:18.332 17567 17645 V RobotCore: awaitTermination returned, isTerminated=true
02-05 12:29:18.332 17567 17645 V RobotCore: executive service ReadWriteRunnable for Modern Robotics USB Device is terminated
02-05 12:29:18.332 17567 17645 D RobotCore: ...disarming modern motor controller Modern Robotics USB DC Motor Controller [AL00VSAM] complete
02-05 12:29:18.333 17567 17645 D RobotCore: disarming modern servo controller "Modern Robotics USB Servo Controller [AL00XLTB]"...
02-05 12:29:18.334 17567 17645 V RobotCore: waiting for service ReadWriteRunnable for Modern Robotics USB Device
02-05 12:29:18.334 17567 17682 V RobotCore: thread: ...terminating 'r/w loop: Modern Robotics USB Servo Controller [AL00XLTB]'
02-05 12:29:18.335 17567 17645 V RobotCore: awaitTermination returned, isTerminated=true
02-05 12:29:18.335 17567 17645 V RobotCore: executive service ReadWriteRunnable for Modern Robotics USB Device is terminated
02-05 12:29:18.335 17567 17645 D RobotCore: ...disarming modern servo controller Modern Robotics USB Servo Controller [AL00XLTB] complete
02-05 12:29:18.335 17567 17645 V RobotCore: waiting for service ReadWriteRunnable for Modern Robotics USB Device
02-05 12:29:18.336 17567 17645 V RobotCore: awaitTermination returned, isTerminated=true
02-05 12:29:18.336 17567 17645 V RobotCore: executive service ReadWriteRunnable for Modern Robotics USB Device is terminated
02-05 12:29:18.337 17567 17679 V RobotCore:i2cSynch(USB AL00XKYB; port 2): onPortIsReadyCallbacksEnd ...
02-05 12:29:18.338 17567 17679 V RobotCore:i2cSynch(USB AL00XKYB; port 2): unhooking ...
02-05 12:29:18.338 17567 17679 V RobotCore: executive service I2c Heartbeat is terminated
02-05 12:29:18.338 17567 17679 V RobotCore:i2cSynch(USB AL00XKYB; port 2): ...unhooking complete
02-05 12:29:18.338 17567 17679 V RobotCore:i2cSynch(USB AL00XKYB; port 2): ... onPortIsReadyCallbacksEnd complete
02-05 12:29:18.338 17567 17679 V RobotCore: thread: ...terminating 'r/w loop: Modern Robotics USB Core Device Interface Module [AL00XKYB]'
02-05 12:29:18.338 17567 17645 V RobotCore: waiting for service ReadWriteRunnable for Modern Robotics USB Device
02-05 12:29:18.338 17567 17645 V RobotCore: awaitTermination returned, isTerminated=true
02-05 12:29:18.338 17567 17645 V RobotCore: executive service ReadWriteRunnable for Modern Robotics USB Device is terminated
02-05 12:29:18.338 17567 17645 I FIRST   : ======= TEARDOWN COMPLETE =======
02-05 12:29:18.338 17567 17645 V RobotCore: thread: ...terminating 'opmode loop()'
02-05 12:29:18.338 17567 17567 V RobotCore: awaitTermination returned, isTerminated=true
02-05 12:29:18.338 17567 17567 V RobotCore: executive service EventLoop is terminated
02-05 12:29:18.338 17567 17567 V RobotCore: EventLoopManager state is STOPPED
02-05 12:29:18.339 17567 17567 V RobotCore: Robot Status: stopped
02-05 12:29:18.340 17567 17567 V RCActivity: onDestroy()
02-05 12:29:18.388 17567 17611 D RobotCore: system telemetry: key=$System$None$ msg=""
02-05 12:29:18.844 17567 17567 V RobotCore: closing logcat file /storage/emulated/0/com.qualcomm.ftcrobotcontroller.logcat
02-05 12:29:18.897 17700 17700 W ps      : type=1400 audit(0.0:23716): avc: denied { getattr } for uid=10126 path="/proc/1" dev="proc" ino=83232 scontext=u:r:untrusted_app:s0:c512,c768 tcontext=u:r:init:s0 tclass=dir permissive=0
02-05 12:29:18.897 17700 17700 W ps      : type=1400 audit(0.0:23717): avc: denied { search } for uid=10126 name="1" dev="proc" ino=83232 scontext=u:r:untrusted_app:s0:c512,c768 tcontext=u:r:init:s0 tclass=dir permissive=0
02-05 12:29:18.897 17700 17700 W ps      : type=1400 audit(0.0:23718): avc: denied { search } for uid=10126 name="1" dev="proc" ino=83232 scontext=u:r:untrusted_app:s0:c512,c768 tcontext=u:r:init:s0 tclass=dir permissive=0
02-05 12:29:18.897 17700 17700 W ps      : type=1400 audit(0.0:23719): avc: denied { getattr } for uid=10126 path="/proc/2" dev="proc" ino=83233 scontext=u:r:untrusted_app:s0:c512,c768 tcontext=u:r:kernel:s0 tclass=dir permissive=0
02-05 12:29:18.897 17700 17700 W ps      : type=1400 audit(0.0:23720): avc: denied { search } for uid=10126 name="2" dev="proc" ino=83233 scontext=u:r:untrusted_app:s0:c512,c768 tcontext=u:r:kernel:s0 tclass=dir permissive=0
02-05 12:29:18.897 17700 17700 W ps      : type=1400 audit(0.0:23721): avc: denied { search } for uid=10126 name="2" dev="proc" ino=83233 scontext=u:r:untrusted_app:s0:c512,c768 tcontext=u:r:kernel:s0 tclass=dir permissive=0
02-05 12:29:18.897 17700 17700 W ps      : type=1400 audit(0.0:23722): avc: denied { getattr } for uid=10126 path="/proc/3" dev="proc" ino=83234 scontext=u:r:untrusted_app:s0:c512,c768 tcontext=u:r:kernel:s0 tclass=dir permissive=0
02-05 12:29:18.897 17700 17700 W ps      : type=1400 audit(0.0:23723): avc: denied { search } for uid=10126 name="3" dev="proc" ino=83234 scontext=u:r:untrusted_app:s0:c512,c768 tcontext=u:r:kernel:s0 tclass=dir permissive=0
02-05 12:29:18.897 17700 17700 W ps      : type=1400 audit(0.0:23724): avc: denied { search } for uid=10126 name="3" dev="proc" ino=83234 scontext=u:r:untrusted_app:s0:c512,c768 tcontext=u:r:kernel:s0 tclass=dir permissive=0
02-05 12:29:18.897 17700 17700 W ps      : type=1400 audit(0.0:23725): avc: denied { getattr } for uid=10126 path="/proc/5" dev="proc" ino=83235 scontext=u:r:untrusted_app:s0:c512,c768 tcontext=u:r:kernel:s0 tclass=dir permissive=0
02-05 12:29:18.897 17700 17700 W ps      : type=1400 audit(0.0:23726): avc: denied { search } for uid=10126 name="5" dev="proc" ino=83235 scontext=u:r:untrusted_app:s0:c512,c768 tcontext=u:r:kernel:s0 tclass=dir permissive=0
02-05 12:29:18.897 17700 17700 W ps      : type=1400 audit(0.0:23727): avc: denied { search } for uid=10126 name="5" dev="proc" ino=83235 scontext=u:r:untrusted_app:s0:c512,c768 tcontext=u:r:kernel:s0 tclass=dir permissive=0
02-05 12:29:18.897 17700 17700 W ps      : type=1400 audit(0.0:23728): avc: denied { getattr } for uid=10126 path="/proc/6" dev="proc" ino=83236 scontext=u:r:untrusted_app:s0:c512,c768 tcontext=u:r:kernel:s0 tclass=dir permissive=0
02-05 12:29:18.897 17700 17700 W ps      : type=1400 audit(0.0:23729): avc: denied { search } for uid=10126 name="6" dev="proc" ino=83236 scontext=u:r:untrusted_app:s0:c512,c768 tcontext=u:r:kernel:s0 tclass=dir permissive=0
02-05 12:29:18.897 17700 17700 W ps      : type=1400 audit(0.0:23730): avc: denied { search } for uid=10126 name="6" dev="proc" ino=83236 scontext=u:r:untrusted_app:s0:c512,c768 tcontext=u:r:kernel:s0 tclass=dir permissive=0
02-05 12:29:18.897 17700 17700 W ps      : type=1400 audit(0.0:23731): avc: denied { getattr } for uid=10126 path="/proc/7" dev="proc" ino=83237 scontext=u:r:untrusted_app:s0:c512,c768 tcontext=u:r:kernel:s0 tclass=dir permissive=0
02-05 12:29:18.897 17700 17700 W ps      : type=1400 audit(0.0:23732): avc: denied { search } for uid=10126 name="7" dev="proc" ino=83237 scontext=u:r:untrusted_app:s0:c512,c768 tcontext=u:r:kernel:s0 tclass=dir permissive=0
02-05 12:29:18.897 17700 17700 W ps      : type=1400 audit(0.0:23733): avc: denied { search } for uid=10126 name="7" dev="proc" ino=83237 scontext=u:r:untrusted_app:s0:c512,c768 tcontext=u:r:kernel:s0 tclass=dir permissive=0
02-05 12:29:18.897 17700 17700 W ps      : type=1400 audit(0.0:23734): avc: denied { getattr } for uid=10126 path="/proc/8" dev="proc" ino=83238 scontext=u:r:untrusted_app:s0:c512,c768 tcontext=u:r:kernel:s0 tclass=dir permissive=0
02-05 12:29:18.897 17700 17700 W ps      : type=1400 audit(0.0:23735): avc: denied { search } for uid=10126 name="8" dev="proc" ino=83238 scontext=u:r:untrusted_app:s0:c512,c768 tcontext=u:r:kernel:s0 tclass=dir permissive=0
02-05 12:29:18.929 17567 17567 V RobotCore: Killing PID 17585
02-05 12:29:19.041 17567 17567 I Choreographer: Skipped 49 frames!  The application may be doing too much work on its main thread.
02-05 12:29:19.042 17567 17567 V FTCService: onUnbind()
02-05 12:29:19.042 17567 17567 V WifiDirect: There are 0 Wifi Direct Assistant Clients (-)
02-05 12:29:19.042 17567 17567 V WifiDirect: Disabling Wifi Direct Assistant
02-05 12:29:19.044 17567 17567 V Robocol : EventLoopManager.close()
02-05 12:29:19.045 17567 17567 V RobotCore: waiting for service ReceiveLoopService
02-05 12:29:19.153 17567 17611 V RobotCore: thread: ...terminating 'RecvLoopRunnable.run()'
02-05 12:29:19.154 17567 17567 V RobotCore: awaitTermination returned, isTerminated=true
02-05 12:29:19.154 17567 17567 V RobotCore: executive service ReceiveLoopService is terminated
02-05 12:29:19.154 17567 17567 V PeerDiscovery: Stopping peer discovery
02-05 12:29:19.154 17567 17567 D Robocol : RobocolDatagramSocket is closed
02-05 12:29:19.155 17567 17567 V FTCService: onDestroy()
02-05 12:29:19.157 17567 17567 E ActivityThread: Activity org.firstinspires.ftc.robotcontroller.internal.FtcRobotControllerActivity has leaked IntentReceiver com.qualcomm.analytics.Analytics@f22de1e that was originally registered here. Are you missing a call to unregisterReceiver()?
02-05 12:29:19.157 17567 17567 E ActivityThread: android.app.IntentReceiverLeaked: Activity org.firstinspires.ftc.robotcontroller.internal.FtcRobotControllerActivity has leaked IntentReceiver com.qualcomm.analytics.Analytics@f22de1e that was originally registered here. Are you missing a call to unregisterReceiver()?
02-05 12:29:19.157 17567 17567 E ActivityThread: 	at android.app.LoadedApk$ReceiverDispatcher.<init>(LoadedApk.java:918)
02-05 12:29:19.157 17567 17567 E ActivityThread: 	at android.app.LoadedApk.getReceiverDispatcher(LoadedApk.java:719)
02-05 12:29:19.157 17567 17567 E ActivityThread: 	at android.app.ContextImpl.registerReceiverInternal(ContextImpl.java:1172)
02-05 12:29:19.157 17567 17567 E ActivityThread: 	at android.app.ContextImpl.registerReceiver(ContextImpl.java:1152)
02-05 12:29:19.157 17567 17567 E ActivityThread: 	at android.app.ContextImpl.registerReceiver(ContextImpl.java:1146)
02-05 12:29:19.157 17567 17567 E ActivityThread: 	at android.content.ContextWrapper.registerReceiver(ContextWrapper.java:554)
02-05 12:29:19.157 17567 17567 E ActivityThread: 	at com.qualcomm.analytics.Analytics.register(SourceFile:209)
02-05 12:29:19.157 17567 17567 E ActivityThread: 	at com.qualcomm.analytics.Analytics.<init>(SourceFile:235)
02-05 12:29:19.157 17567 17567 E ActivityThread: 	at com.qualcomm.hardware.modernrobotics.comm.ModernRoboticsUsbUtil.init(ModernRoboticsUsbUtil.java:119)
02-05 12:29:19.157 17567 17567 E ActivityThread: 	at com.qualcomm.ftccommon.FtcEventLoop.init(FtcEventLoop.java:189)
02-05 12:29:19.157 17567 17567 E ActivityThread: 	at com.qualcomm.robotcore.eventloop.EventLoopManager.startEventLoop(EventLoopManager.java:571)
02-05 12:29:19.157 17567 17567 E ActivityThread: 	at com.qualcomm.robotcore.eventloop.EventLoopManager.setEventLoop(EventLoopManager.java:545)
02-05 12:29:19.157 17567 17567 E ActivityThread: 	at com.qualcomm.robotcore.eventloop.EventLoopManager.start(EventLoopManager.java:489)
02-05 12:29:19.157 17567 17567 E ActivityThread: 	at com.qualcomm.robotcore.robot.Robot.start(Robot.java:59)
02-05 12:29:19.157 17567 17567 E ActivityThread: 	at com.qualcomm.ftccommon.FtcRobotControllerService$RobotSetupRunnable$1.run(FtcRobotControllerService.java:186)
02-05 12:29:19.157 17567 17567 E ActivityThread: 	at com.qualcomm.robotcore.util.ThreadPool.logThreadLifeCycle(ThreadPool.java:513)
02-05 12:29:19.157 17567 17567 E ActivityThread: 	at com.qualcomm.ftccommon.FtcRobotControllerService$RobotSetupRunnable.run(FtcRobotControllerService.java:128)
02-05 12:29:19.157 17567 17567 E ActivityThread: 	at java.util.concurrent.ThreadPoolExecutor.runWorker(ThreadPoolExecutor.java:1113)
02-05 12:29:19.157 17567 17567 E ActivityThread: 	at java.util.concurrent.ThreadPoolExecutor$Worker.run(ThreadPoolExecutor.java:588)
02-05 12:29:19.157 17567 17567 E ActivityThread: 	at java.lang.Thread.run(Thread.java:818)
02-05 12:29:19.287 17567 17621 W AudioTrack: AUDIO_OUTPUT_FLAG_FAST denied by client; transfer 4, track 44100 Hz, output 48000 Hz
02-05 12:29:33.317 17567 17680 I Process : Sending signal. PID: 17567 SIG: 9
02-05 12:31:17.624 18099 18099 I art     : Late-enabling -Xcheck:jni
02-05 12:31:17.673 18099 18099 V RCActivity: onCreate()
02-05 12:31:17.679 18099 18112 V RobotCore: saving logcat to /storage/emulated/0/com.qualcomm.ftcrobotcontroller.logcat
02-05 12:31:17.679 18099 18112 V RobotCore: logging command line: logcat -f /storage/emulated/0/com.qualcomm.ftcrobotcontroller.logcat -r4096 -n4 -v threadtime UsbRequestJNI:S UsbRequest:S *:V
02-05 12:31:17.710 18099 18099 I WebViewFactory: Loading com.google.android.webview version 55.0.2883.91 (code 288309100)
02-05 12:31:17.719 18114 18114 W ps      : type=1400 audit(0.0:25048): avc: denied { getattr } for uid=10126 path="/proc/1" dev="proc" ino=83232 scontext=u:r:untrusted_app:s0:c512,c768 tcontext=u:r:init:s0 tclass=dir permissive=0
02-05 12:31:17.719 18114 18114 W ps      : type=1400 audit(0.0:25049): avc: denied { search } for uid=10126 name="1" dev="proc" ino=83232 scontext=u:r:untrusted_app:s0:c512,c768 tcontext=u:r:init:s0 tclass=dir permissive=0
02-05 12:31:17.719 18114 18114 W ps      : type=1400 audit(0.0:25050): avc: denied { search } for uid=10126 name="1" dev="proc" ino=83232 scontext=u:r:untrusted_app:s0:c512,c768 tcontext=u:r:init:s0 tclass=dir permissive=0
02-05 12:31:17.719 18114 18114 W ps      : type=1400 audit(0.0:25051): avc: denied { getattr } for uid=10126 path="/proc/2" dev="proc" ino=83233 scontext=u:r:untrusted_app:s0:c512,c768 tcontext=u:r:kernel:s0 tclass=dir permissive=0
02-05 12:31:17.719 18114 18114 W ps      : type=1400 audit(0.0:25052): avc: denied { search } for uid=10126 name="2" dev="proc" ino=83233 scontext=u:r:untrusted_app:s0:c512,c768 tcontext=u:r:kernel:s0 tclass=dir permissive=0
02-05 12:31:17.719 18114 18114 W ps      : type=1400 audit(0.0:25053): avc: denied { search } for uid=10126 name="2" dev="proc" ino=83233 scontext=u:r:untrusted_app:s0:c512,c768 tcontext=u:r:kernel:s0 tclass=dir permissive=0
02-05 12:31:17.719 18114 18114 W ps      : type=1400 audit(0.0:25054): avc: denied { getattr } for uid=10126 path="/proc/3" dev="proc" ino=83234 scontext=u:r:untrusted_app:s0:c512,c768 tcontext=u:r:kernel:s0 tclass=dir permissive=0
02-05 12:31:17.719 18114 18114 W ps      : type=1400 audit(0.0:25055): avc: denied { search } for uid=10126 name="3" dev="proc" ino=83234 scontext=u:r:untrusted_app:s0:c512,c768 tcontext=u:r:kernel:s0 tclass=dir permissive=0
02-05 12:31:17.719 18114 18114 W ps      : type=1400 audit(0.0:25056): avc: denied { search } for uid=10126 name="3" dev="proc" ino=83234 scontext=u:r:untrusted_app:s0:c512,c768 tcontext=u:r:kernel:s0 tclass=dir permissive=0
02-05 12:31:17.719 18114 18114 W ps      : type=1400 audit(0.0:25057): avc: denied { getattr } for uid=10126 path="/proc/5" dev="proc" ino=83235 scontext=u:r:untrusted_app:s0:c512,c768 tcontext=u:r:kernel:s0 tclass=dir permissive=0
02-05 12:31:17.719 18114 18114 W ps      : type=1400 audit(0.0:25058): avc: denied { search } for uid=10126 name="5" dev="proc" ino=83235 scontext=u:r:untrusted_app:s0:c512,c768 tcontext=u:r:kernel:s0 tclass=dir permissive=0
02-05 12:31:17.719 18114 18114 W ps      : type=1400 audit(0.0:25059): avc: denied { search } for uid=10126 name="5" dev="proc" ino=83235 scontext=u:r:untrusted_app:s0:c512,c768 tcontext=u:r:kernel:s0 tclass=dir permissive=0
02-05 12:31:17.719 18114 18114 W ps      : type=1400 audit(0.0:25060): avc: denied { getattr } for uid=10126 path="/proc/6" dev="proc" ino=83236 scontext=u:r:untrusted_app:s0:c512,c768 tcontext=u:r:kernel:s0 tclass=dir permissive=0
02-05 12:31:17.719 18114 18114 W ps      : type=1400 audit(0.0:25061): avc: denied { search } for uid=10126 name="6" dev="proc" ino=83236 scontext=u:r:untrusted_app:s0:c512,c768 tcontext=u:r:kernel:s0 tclass=dir permissive=0
02-05 12:31:17.719 18114 18114 W ps      : type=1400 audit(0.0:25062): avc: denied { search } for uid=10126 name="6" dev="proc" ino=83236 scontext=u:r:untrusted_app:s0:c512,c768 tcontext=u:r:kernel:s0 tclass=dir permissive=0
02-05 12:31:17.719 18114 18114 W ps      : type=1400 audit(0.0:25063): avc: denied { getattr } for uid=10126 path="/proc/7" dev="proc" ino=83237 scontext=u:r:untrusted_app:s0:c512,c768 tcontext=u:r:kernel:s0 tclass=dir permissive=0
02-05 12:31:17.719 18114 18114 W ps      : type=1400 audit(0.0:25064): avc: denied { search } for uid=10126 name="7" dev="proc" ino=83237 scontext=u:r:untrusted_app:s0:c512,c768 tcontext=u:r:kernel:s0 tclass=dir permissive=0
02-05 12:31:17.719 18114 18114 W ps      : type=1400 audit(0.0:25065): avc: denied { search } for uid=10126 name="7" dev="proc" ino=83237 scontext=u:r:untrusted_app:s0:c512,c768 tcontext=u:r:kernel:s0 tclass=dir permissive=0
02-05 12:31:17.719 18114 18114 W ps      : type=1400 audit(0.0:25066): avc: denied { getattr } for uid=10126 path="/proc/8" dev="proc" ino=83238 scontext=u:r:untrusted_app:s0:c512,c768 tcontext=u:r:kernel:s0 tclass=dir permissive=0
02-05 12:31:17.719 18114 18114 W ps      : type=1400 audit(0.0:25067): avc: denied { search } for uid=10126 name="8" dev="proc" ino=83238 scontext=u:r:untrusted_app:s0:c512,c768 tcontext=u:r:kernel:s0 tclass=dir permissive=0
02-05 12:31:17.756 18099 18099 I art     : Rejecting re-init on previously-failed class java.lang.Class<com.android.webview.chromium.TokenBindingManagerAdapter>
02-05 12:31:17.757 18099 18099 I art     : Rejecting re-init on previously-failed class java.lang.Class<com.android.webview.chromium.TokenBindingManagerAdapter>
02-05 12:31:17.763 18099 18099 I art     : Rejecting re-init on previously-failed class java.lang.Class<com.android.webview.chromium.ServiceWorkerControllerAdapter>
02-05 12:31:17.763 18099 18099 I art     : Rejecting re-init on previously-failed class java.lang.Class<com.android.webview.chromium.ServiceWorkerControllerAdapter>
02-05 12:31:17.773 18099 18099 I cr_LibraryLoader: Time to load native libraries: 2 ms (timestamps 360-362)
02-05 12:31:17.773 18099 18099 I cr_LibraryLoader: Expected native library version number "55.0.2883.91", actual native library version number "55.0.2883.91"
02-05 12:31:17.786 18099 18099 I cr_LibraryLoader: Expected native library version number "55.0.2883.91", actual native library version number "55.0.2883.91"
02-05 12:31:17.786 18099 18099 I chromium: [INFO:library_loader_hooks.cc(163)] Chromium logging enabled: level = 0, default verbosity = 0
02-05 12:31:17.797 18099 18099 I cr_BrowserStartup: Initializing chromium process, singleProcess=true
02-05 12:31:17.820 18099 18099 I Adreno-EGL: <qeglDrvAPI_eglInitialize:379>: EGL 1.4 QUALCOMM build:  (Ifd751822f5)
02-05 12:31:17.820 18099 18099 I Adreno-EGL: OpenGL ES Shader Compiler Version: XE031.06.00.05
02-05 12:31:17.820 18099 18099 I Adreno-EGL: Build Date: 01/26/16 Tue
02-05 12:31:17.820 18099 18099 I Adreno-EGL: Local Branch: AU12_SBA
02-05 12:31:17.820 18099 18099 I Adreno-EGL: Remote Branch: 
02-05 12:31:17.820 18099 18099 I Adreno-EGL: Local Patches: 
02-05 12:31:17.820 18099 18099 I Adreno-EGL: Reconstruct Branch: 
02-05 12:31:19.040 18099 18099 V RobotCore: Network: inactive, disconnected
02-05 12:31:19.048 18099 18099 V RCActivity: onStart()
02-05 12:31:19.050 18099 18099 V RCActivity: onResume()
02-05 12:31:19.059 18099 18137 D OpenGLRenderer: Use EGL_SWAP_BEHAVIOR_PRESERVED: true
02-05 12:31:19.086 18099 18099 V RCActivity: onPause()
02-05 12:31:19.093 18099 18099 V RCActivity: onStop()
02-05 12:31:19.093 18099 18099 D AndroidRuntime: Shutting down VM
02-05 12:31:19.094 18099 18099 E AndroidRuntime: FATAL EXCEPTION: main
02-05 12:31:19.094 18099 18099 E AndroidRuntime: Process: com.qualcomm.ftcrobotcontroller, PID: 18099
02-05 12:31:19.094 18099 18099 E AndroidRuntime: java.lang.RuntimeException: Unable to stop activity {com.qualcomm.ftcrobotcontroller/org.firstinspires.ftc.robotcontroller.internal.FtcRobotControllerActivity}: java.lang.NullPointerException: Attempt to invoke virtual method 'void com.qualcomm.ftccommon.FtcRobotControllerService.shutdownRobot()' on a null object reference
02-05 12:31:19.094 18099 18099 E AndroidRuntime: 	at android.app.ActivityThread.handleSleeping(ActivityThread.java:3661)
02-05 12:31:19.094 18099 18099 E AndroidRuntime: 	at android.app.ActivityThread.-wrap19(ActivityThread.java)
02-05 12:31:19.094 18099 18099 E AndroidRuntime: 	at android.app.ActivityThread$H.handleMessage(ActivityThread.java:1532)
02-05 12:31:19.094 18099 18099 E AndroidRuntime: 	at android.os.Handler.dispatchMessage(Handler.java:102)
02-05 12:31:19.094 18099 18099 E AndroidRuntime: 	at android.os.Looper.loop(Looper.java:148)
02-05 12:31:19.094 18099 18099 E AndroidRuntime: 	at android.app.ActivityThread.main(ActivityThread.java:5459)
02-05 12:31:19.094 18099 18099 E AndroidRuntime: 	at java.lang.reflect.Method.invoke(Native Method)
02-05 12:31:19.094 18099 18099 E AndroidRuntime: 	at com.android.internal.os.ZygoteInit$MethodAndArgsCaller.run(ZygoteInit.java:728)
02-05 12:31:19.094 18099 18099 E AndroidRuntime: 	at com.android.internal.os.ZygoteInit.main(ZygoteInit.java:618)
02-05 12:31:19.094 18099 18099 E AndroidRuntime: Caused by: java.lang.NullPointerException: Attempt to invoke virtual method 'void com.qualcomm.ftccommon.FtcRobotControllerService.shutdownRobot()' on a null object reference
02-05 12:31:19.094 18099 18099 E AndroidRuntime: 	at org.firstinspires.ftc.robotcontroller.internal.FtcRobotControllerActivity.onStop(FtcRobotControllerActivity.java:315)
02-05 12:31:19.094 18099 18099 E AndroidRuntime: 	at android.app.Instrumentation.callActivityOnStop(Instrumentation.java:1301)
02-05 12:31:19.094 18099 18099 E AndroidRuntime: 	at android.app.Activity.performStop(Activity.java:6403)
02-05 12:31:19.094 18099 18099 E AndroidRuntime: 	at android.app.ActivityThread.handleSleeping(ActivityThread.java:3658)
02-05 12:31:19.094 18099 18099 E AndroidRuntime: 	... 8 more
02-05 12:31:19.097 18099 18099 I Process : Sending signal. PID: 18099 SIG: 9
--------- beginning of crash
02-05 09:40:51.491  6471  6567 E AndroidRuntime: FATAL EXCEPTION: r/w loop: Modern Robotics USB Core Device Interface Module [AL00VBY8]
02-05 09:40:51.491  6471  6567 E AndroidRuntime: Process: com.qualcomm.ftcrobotcontroller, PID: 6471
02-05 09:40:51.491  6471  6567 E AndroidRuntime: java.lang.ArrayIndexOutOfBoundsException: length=0; index=2
02-05 09:40:51.491  6471  6567 E AndroidRuntime: 	at com.kauailabs.navx.AHRSProtocol.decodeBinaryUint32(AHRSProtocol.java:685)
02-05 09:40:51.491  6471  6567 E AndroidRuntime: 	at com.kauailabs.navx.ftc.AHRS$navXIOThread.decodeNavxProcessedData(AHRS.java:1306)
02-05 09:40:51.491  6471  6567 E AndroidRuntime: 	at com.kauailabs.navx.ftc.AHRS$navXIOThread.ioComplete(AHRS.java:1052)
02-05 09:40:51.491  6471  6567 E AndroidRuntime: 	at com.kauailabs.navx.ftc.AHRS$DimI2cDeviceReader.portDone(AHRS.java:1688)
02-05 09:40:51.491  6471  6567 E AndroidRuntime: 	at com.kauailabs.navx.ftc.AHRS$DimI2cDeviceReader.access$600(AHRS.java:1513)
02-05 09:40:51.491  6471  6567 E AndroidRuntime: 	at com.kauailabs.navx.ftc.AHRS$DimI2cDeviceReader$1.portIsReady(AHRS.java:1546)
02-05 09:40:51.491  6471  6567 E AndroidRuntime: 	at com.qualcomm.robotcore.hardware.I2cDeviceImpl.portIsReady(I2cDeviceImpl.java:249)
02-05 09:40:51.491  6471  6567 E AndroidRuntime: 	at com.qualcomm.hardware.modernrobotics.ModernRoboticsUsbDeviceInterfaceModule.readComplete(ModernRoboticsUsbDeviceInterfaceModule.java:932)
02-05 09:40:51.491  6471  6567 E AndroidRuntime: 	at com.qualcomm.hardware.modernrobotics.comm.ReadWriteRunnableStandard$1.run(ReadWriteRunnableStandard.java:369)
02-05 09:40:51.491  6471  6567 E AndroidRuntime: 	at com.qualcomm.robotcore.util.ThreadPool.logThreadLifeCycle(ThreadPool.java:513)
02-05 09:40:51.491  6471  6567 E AndroidRuntime: 	at com.qualcomm.hardware.modernrobotics.comm.ReadWriteRunnableStandard.run(ReadWriteRunnableStandard.java:304)
02-05 09:40:51.491  6471  6567 E AndroidRuntime: 	at java.util.concurrent.ThreadPoolExecutor.runWorker(ThreadPoolExecutor.java:1113)
02-05 09:40:51.491  6471  6567 E AndroidRuntime: 	at java.util.concurrent.ThreadPoolExecutor$Worker.run(ThreadPoolExecutor.java:588)
02-05 09:40:51.491  6471  6567 E AndroidRuntime: 	at java.lang.Thread.run(Thread.java:818)
--------- beginning of system
02-05 09:40:58.677  6471  6471 E ActivityThread: Activity org.firstinspires.ftc.robotcontroller.internal.FtcRobotControllerActivity has leaked IntentReceiver com.qualcomm.analytics.Analytics@affdce9 that was originally registered here. Are you missing a call to unregisterReceiver()?
02-05 09:40:58.677  6471  6471 E ActivityThread: android.app.IntentReceiverLeaked: Activity org.firstinspires.ftc.robotcontroller.internal.FtcRobotControllerActivity has leaked IntentReceiver com.qualcomm.analytics.Analytics@affdce9 that was originally registered here. Are you missing a call to unregisterReceiver()?
02-05 09:40:58.677  6471  6471 E ActivityThread: 	at android.app.LoadedApk$ReceiverDispatcher.<init>(LoadedApk.java:918)
02-05 09:40:58.677  6471  6471 E ActivityThread: 	at android.app.LoadedApk.getReceiverDispatcher(LoadedApk.java:719)
02-05 09:40:58.677  6471  6471 E ActivityThread: 	at android.app.ContextImpl.registerReceiverInternal(ContextImpl.java:1172)
02-05 09:40:58.677  6471  6471 E ActivityThread: 	at android.app.ContextImpl.registerReceiver(ContextImpl.java:1152)
02-05 09:40:58.677  6471  6471 E ActivityThread: 	at android.app.ContextImpl.registerReceiver(ContextImpl.java:1146)
02-05 09:40:58.677  6471  6471 E ActivityThread: 	at android.content.ContextWrapper.registerReceiver(ContextWrapper.java:554)
02-05 09:40:58.677  6471  6471 E ActivityThread: 	at com.qualcomm.analytics.Analytics.register(SourceFile:209)
02-05 09:40:58.677  6471  6471 E ActivityThread: 	at com.qualcomm.analytics.Analytics.<init>(SourceFile:235)
02-05 09:40:58.677  6471  6471 E ActivityThread: 	at com.qualcomm.hardware.modernrobotics.comm.ModernRoboticsUsbUtil.init(ModernRoboticsUsbUtil.java:119)
02-05 09:40:58.677  6471  6471 E ActivityThread: 	at com.qualcomm.ftccommon.FtcEventLoop.init(FtcEventLoop.java:189)
02-05 09:40:58.677  6471  6471 E ActivityThread: 	at com.qualcomm.robotcore.eventloop.EventLoopManager.startEventLoop(EventLoopManager.java:571)
02-05 09:40:58.677  6471  6471 E ActivityThread: 	at com.qualcomm.robotcore.eventloop.EventLoopManager.setEventLoop(EventLoopManager.java:545)
02-05 09:40:58.677  6471  6471 E ActivityThread: 	at com.qualcomm.robotcore.eventloop.EventLoopManager.start(EventLoopManager.java:489)
02-05 09:40:58.677  6471  6471 E ActivityThread: 	at com.qualcomm.robotcore.robot.Robot.start(Robot.java:59)
02-05 09:40:58.677  6471  6471 E ActivityThread: 	at com.qualcomm.ftccommon.FtcRobotControllerService$RobotSetupRunnable$1.run(FtcRobotControllerService.java:186)
02-05 09:40:58.677  6471  6471 E ActivityThread: 	at com.qualcomm.robotcore.util.ThreadPool.logThreadLifeCycle(ThreadPool.java:513)
02-05 09:40:58.677  6471  6471 E ActivityThread: 	at com.qualcomm.ftccommon.FtcRobotControllerService$RobotSetupRunnable.run(FtcRobotControllerService.java:128)
02-05 09:40:58.677  6471  6471 E ActivityThread: 	at java.util.concurrent.ThreadPoolExecutor.runWorker(ThreadPoolExecutor.java:1113)
02-05 09:40:58.677  6471  6471 E ActivityThread: 	at java.util.concurrent.ThreadPoolExecutor$Worker.run(ThreadPoolExecutor.java:588)
02-05 09:40:58.677  6471  6471 E ActivityThread: 	at java.lang.Thread.run(Thread.java:818)
02-05 09:41:35.081  6627  6627 E AndroidRuntime: FATAL EXCEPTION: main
02-05 09:41:35.081  6627  6627 E AndroidRuntime: Process: com.qualcomm.ftcrobotcontroller, PID: 6627
02-05 09:41:35.081  6627  6627 E AndroidRuntime: java.lang.RuntimeException: Unable to stop activity {com.qualcomm.ftcrobotcontroller/org.firstinspires.ftc.robotcontroller.internal.FtcRobotControllerActivity}: java.lang.NullPointerException: Attempt to invoke virtual method 'void com.qualcomm.ftccommon.FtcRobotControllerService.shutdownRobot()' on a null object reference
02-05 09:41:35.081  6627  6627 E AndroidRuntime: 	at android.app.ActivityThread.handleSleeping(ActivityThread.java:3661)
02-05 09:41:35.081  6627  6627 E AndroidRuntime: 	at android.app.ActivityThread.-wrap19(ActivityThread.java)
02-05 09:41:35.081  6627  6627 E AndroidRuntime: 	at android.app.ActivityThread$H.handleMessage(ActivityThread.java:1532)
02-05 09:41:35.081  6627  6627 E AndroidRuntime: 	at android.os.Handler.dispatchMessage(Handler.java:102)
02-05 09:41:35.081  6627  6627 E AndroidRuntime: 	at android.os.Looper.loop(Looper.java:148)
02-05 09:41:35.081  6627  6627 E AndroidRuntime: 	at android.app.ActivityThread.main(ActivityThread.java:5459)
02-05 09:41:35.081  6627  6627 E AndroidRuntime: 	at java.lang.reflect.Method.invoke(Native Method)
02-05 09:41:35.081  6627  6627 E AndroidRuntime: 	at com.android.internal.os.ZygoteInit$MethodAndArgsCaller.run(ZygoteInit.java:728)
02-05 09:41:35.081  6627  6627 E AndroidRuntime: 	at com.android.internal.os.ZygoteInit.main(ZygoteInit.java:618)
02-05 09:41:35.081  6627  6627 E AndroidRuntime: Caused by: java.lang.NullPointerException: Attempt to invoke virtual method 'void com.qualcomm.ftccommon.FtcRobotControllerService.shutdownRobot()' on a null object reference
02-05 09:41:35.081  6627  6627 E AndroidRuntime: 	at org.firstinspires.ftc.robotcontroller.internal.FtcRobotControllerActivity.onStop(FtcRobotControllerActivity.java:315)
02-05 09:41:35.081  6627  6627 E AndroidRuntime: 	at android.app.Instrumentation.callActivityOnStop(Instrumentation.java:1301)
02-05 09:41:35.081  6627  6627 E AndroidRuntime: 	at android.app.Activity.performStop(Activity.java:6403)
02-05 09:41:35.081  6627  6627 E AndroidRuntime: 	at android.app.ActivityThread.handleSleeping(ActivityThread.java:3658)
02-05 09:41:35.081  6627  6627 E AndroidRuntime: 	... 8 more
