02-05 12:27:51.247 17567 17677 I FIRST   : ftc9773: reached here 3
02-05 12:27:51.247 17567 17677 I FIRST   : ftc9773: reached here 3
02-05 12:27:51.247 17567 17677 I FIRST   : ftc9773: reached here 3
02-05 12:27:51.247 17567 17677 I FIRST   : ftc9773: reached here 3
02-05 12:27:51.247 17567 17677 I FIRST   : ftc9773: reached here 3
02-05 12:27:51.247 17567 17677 I FIRST   : ftc9773: reached here 3
02-05 12:27:51.247 17567 17677 I FIRST   : ftc9773: reached here 3
02-05 12:27:51.247 17567 17677 I FIRST   : ftc9773: reached here 3
02-05 12:27:51.247 17567 17677 I FIRST   : ftc9773: reached here 3
02-05 12:27:51.247 17567 17677 I FIRST   : ftc9773: reached here 3
02-05 12:27:51.247 17567 17677 I FIRST   : ftc9773: reached here 3
02-05 12:27:51.247 17567 17677 I FIRST   : ftc9773: reached here 3
02-05 12:27:51.247 17567 17677 I FIRST   : ftc9773: reached here 3
02-05 12:27:51.247 17567 17677 I FIRST   : ftc9773: reached here 3
02-05 12:27:51.247 17567 17677 I FIRST   : ftc9773: reached here 3
02-05 12:27:51.247 17567 17677 I FIRST   : ftc9773: reached here 3
02-05 12:27:51.247 17567 17677 I FIRST   : ftc9773: reached here 3
02-05 12:27:51.247 17567 17677 I FIRST   : ftc9773: reached here 3
02-05 12:27:51.247 17567 17677 I FIRST   : ftc9773: reached here 3
02-05 12:27:51.247 17567 17677 I FIRST   : ftc9773: reached here 3
02-05 12:27:51.247 17567 17677 I FIRST   : ftc9773: reached here 3
02-05 12:27:51.247 17567 17677 I FIRST   : ftc9773: reached here 3
02-05 12:27:51.248 17567 17677 I FIRST   : ftc9773: reached here 3
02-05 12:27:51.248 17567 17677 I FIRST   : ftc9773: reached here 3
02-05 12:27:51.248 17567 17677 I FIRST   : ftc9773: reached here 3
02-05 12:27:51.248 17567 17677 I FIRST   : ftc9773: reached here 3
02-05 12:27:51.248 17567 17677 I FIRST   : ftc9773: reached here 3
02-05 12:27:51.248 17567 17677 I FIRST   : ftc9773: reached here 3
02-05 12:27:51.248 17567 17677 I FIRST   : ftc9773: reached here 3
02-05 12:27:51.248 17567 17677 I FIRST   : ftc9773: reached here 3
02-05 12:27:51.248 17567 17677 I FIRST   : ftc9773: reached here 3
02-05 12:27:51.248 17567 17677 I FIRST   : ftc9773: reached here 3
02-05 12:27:51.248 17567 17677 I FIRST   : ftc9773: reached here 3
02-05 12:27:51.248 17567 17677 I FIRST   : ftc9773: reached here 3
02-05 12:27:51.248 17567 17677 I FIRST   : ftc9773: reached here 3
02-05 12:27:51.248 17567 17677 I FIRST   : ftc9773: reached here 3
02-05 12:27:51.248 17567 17677 I FIRST   : ftc9773: reached here 3
02-05 12:27:51.248 17567 17677 I FIRST   : ftc9773: reached here 3
02-05 12:27:51.248 17567 17677 I FIRST   : ftc9773: reached here 3
02-05 12:27:51.248 17567 17677 I FIRST   : ftc9773: reached here 3
02-05 12:27:51.248 17567 17677 I FIRST   : ftc9773: reached here 3
02-05 12:27:51.248 17567 17677 I FIRST   : ftc9773: reached here 3
02-05 12:27:51.248 17567 17677 I FIRST   : ftc9773: reached here 3
02-05 12:27:51.248 17567 17677 I FIRST   : ftc9773: reached here 3
02-05 12:27:51.248 17567 17677 I FIRST   : ftc9773: reached here 3
02-05 12:27:51.248 17567 17677 I FIRST   : ftc9773: reached here 3
02-05 12:27:51.248 17567 17677 I FIRST   : ftc9773: reached here 3
02-05 12:27:51.248 17567 17677 I FIRST   : ftc9773: reached here 3
02-05 12:27:51.248 17567 17677 I FIRST   : ftc9773: reached here 3
02-05 12:27:51.249 17567 17677 I FIRST   : ftc9773: reached here 3
02-05 12:27:51.249 17567 17677 I FIRST   : ftc9773: reached here 3
02-05 12:27:51.249 17567 17677 I FIRST   : ftc9773: reached here 3
02-05 12:27:51.249 17567 17677 I FIRST   : ftc9773: reached here 3
02-05 12:27:51.249 17567 17677 I FIRST   : ftc9773: reached here 3
02-05 12:27:51.249 17567 17677 I FIRST   : ftc9773: reached here 3
02-05 12:27:51.249 17567 17677 I FIRST   : ftc9773: reached here 3
02-05 12:27:51.249 17567 17677 I FIRST   : ftc9773: reached here 3
02-05 12:27:51.249 17567 17677 I FIRST   : ftc9773: reached here 3
02-05 12:27:51.249 17567 17677 I FIRST   : ftc9773: reached here 3
02-05 12:27:51.249 17567 17677 I FIRST   : ftc9773: reached here 3
02-05 12:27:51.249 17567 17677 I FIRST   : ftc9773: reached here 3
02-05 12:27:51.249 17567 17677 I FIRST   : ftc9773: reached here 3
02-05 12:27:51.249 17567 17677 I FIRST   : ftc9773: reached here 3
02-05 12:27:51.249 17567 17677 I FIRST   : ftc9773: reached here 3
02-05 12:27:51.249 17567 17677 I FIRST   : ftc9773: reached here 3
02-05 12:27:51.249 17567 17677 I FIRST   : ftc9773: reached here 3
02-05 12:27:51.249 17567 17677 I FIRST   : ftc9773: reached here 3
02-05 12:27:51.249 17567 17677 I FIRST   : ftc9773: reached here 3
02-05 12:27:51.249 17567 17677 I FIRST   : ftc9773: reached here 3
02-05 12:27:51.249 17567 17677 I FIRST   : ftc9773: reached here 3
02-05 12:27:51.249 17567 17677 I FIRST   : ftc9773: reached here 3
02-05 12:27:51.249 17567 17677 I FIRST   : ftc9773: reached here 3
02-05 12:27:51.249 17567 17677 I FIRST   : ftc9773: reached here 3
02-05 12:27:51.249 17567 17677 I FIRST   : ftc9773: reached here 3
02-05 12:27:51.249 17567 17677 I FIRST   : ftc9773: reached here 3
02-05 12:27:51.249 17567 17677 I FIRST   : ftc9773: reached here 3
02-05 12:27:51.250 17567 17677 I FIRST   : ftc9773: reached here 3
02-05 12:27:51.250 17567 17677 I FIRST   : ftc9773: reached here 3
02-05 12:27:51.250 17567 17677 I FIRST   : ftc9773: reached here 3
02-05 12:27:51.250 17567 17677 I FIRST   : ftc9773: reached here 3
02-05 12:27:51.250 17567 17677 I FIRST   : ftc9773: reached here 3
02-05 12:27:51.250 17567 17677 I FIRST   : ftc9773: reached here 3
02-05 12:27:51.250 17567 17677 I FIRST   : ftc9773: reached here 3
02-05 12:27:51.250 17567 17677 I FIRST   : ftc9773: reached here 3
02-05 12:27:51.250 17567 17677 I FIRST   : ftc9773: reached here 3
02-05 12:27:51.250 17567 17677 I FIRST   : ftc9773: reached here 3
02-05 12:27:51.250 17567 17677 I FIRST   : ftc9773: reached here 3
02-05 12:27:51.250 17567 17677 I FIRST   : ftc9773: reached here 3
02-05 12:27:51.250 17567 17677 I FIRST   : ftc9773: reached here 3
02-05 12:27:51.250 17567 17677 I FIRST   : ftc9773: reached here 3
02-05 12:27:51.250 17567 17677 I FIRST   : ftc9773: reached here 3
02-05 12:27:51.250 17567 17677 I FIRST   : ftc9773: reached here 3
02-05 12:27:51.250 17567 17677 I FIRST   : ftc9773: reached here 3
02-05 12:27:51.250 17567 17677 I FIRST   : ftc9773: reached here 3
02-05 12:27:51.250 17567 17677 I FIRST   : ftc9773: reached here 3
02-05 12:27:51.250 17567 17677 I FIRST   : ftc9773: reached here 3
02-05 12:27:51.250 17567 17677 I FIRST   : ftc9773: reached here 3
02-05 12:27:51.250 17567 17677 I FIRST   : ftc9773: reached here 3
02-05 12:27:51.250 17567 17677 I FIRST   : ftc9773: reached here 3
02-05 12:27:51.250 17567 17677 I FIRST   : ftc9773: reached here 3
02-05 12:27:51.250 17567 17677 I FIRST   : ftc9773: reached here 3
02-05 12:27:51.251 17567 17677 I FIRST   : ftc9773: reached here 3
02-05 12:27:51.251 17567 17677 I FIRST   : ftc9773: reached here 3
02-05 12:27:51.251 17567 17677 I FIRST   : ftc9773: reached here 3
02-05 12:27:51.251 17567 17677 I FIRST   : ftc9773: reached here 3
02-05 12:27:51.251 17567 17677 I FIRST   : ftc9773: reached here 3
02-05 12:27:51.251 17567 17677 I FIRST   : ftc9773: reached here 3
02-05 12:27:51.251 17567 17677 I FIRST   : ftc9773: reached here 3
02-05 12:27:51.251 17567 17677 I FIRST   : ftc9773: reached here 3
02-05 12:27:51.251 17567 17677 I FIRST   : ftc9773: reached here 3
02-05 12:27:51.251 17567 17677 I FIRST   : ftc9773: reached here 3
02-05 12:27:51.251 17567 17677 I FIRST   : ftc9773: reached here 3
02-05 12:27:51.251 17567 17677 I FIRST   : ftc9773: reached here 3
02-05 12:27:51.251 17567 17677 I FIRST   : ftc9773: reached here 3
02-05 12:27:51.251 17567 17677 I FIRST   : ftc9773: reached here 3
02-05 12:27:51.251 17567 17677 I FIRST   : ftc9773: reached here 3
02-05 12:27:51.251 17567 17677 I FIRST   : ftc9773: reached here 3
02-05 12:27:51.251 17567 17677 I FIRST   : ftc9773: reached here 3
02-05 12:27:51.251 17567 17677 I FIRST   : ftc9773: reached here 3
02-05 12:27:51.251 17567 17677 I FIRST   : ftc9773: reached here 3
02-05 12:27:51.252 17567 17677 I FIRST   : ftc9773: reached here 3
02-05 12:27:51.252 17567 17677 I FIRST   : ftc9773: reached here 3
02-05 12:27:51.252 17567 17677 I FIRST   : ftc9773: reached here 3
02-05 12:27:51.252 17567 17677 I FIRST   : ftc9773: reached here 3
02-05 12:27:51.252 17567 17677 I FIRST   : ftc9773: reached here 3
02-05 12:27:51.252 17567 17677 I FIRST   : ftc9773: reached here 3
02-05 12:27:51.252 17567 17677 I FIRST   : ftc9773: reached here 3
02-05 12:27:51.252 17567 17677 I FIRST   : ftc9773: reached here 3
02-05 12:27:51.252 17567 17677 I FIRST   : ftc9773: reached here 3
02-05 12:27:51.252 17567 17677 I FIRST   : ftc9773: reached here 3
02-05 12:27:51.252 17567 17677 I FIRST   : ftc9773: reached here 3
02-05 12:27:51.252 17567 17677 I FIRST   : ftc9773: reached here 3
02-05 12:27:51.252 17567 17677 I FIRST   : ftc9773: reached here 3
02-05 12:27:51.252 17567 17677 I FIRST   : ftc9773: reached here 3
02-05 12:27:51.252 17567 17677 I FIRST   : ftc9773: reached here 3
02-05 12:27:51.252 17567 17677 I FIRST   : ftc9773: reached here 3
02-05 12:27:51.252 17567 17677 I FIRST   : ftc9773: reached here 3
02-05 12:27:51.252 17567 17677 I FIRST   : ftc9773: reached here 3
02-05 12:27:51.252 17567 17677 I FIRST   : ftc9773: reached here 3
02-05 12:27:51.252 17567 17677 I FIRST   : ftc9773: reached here 3
02-05 12:27:51.252 17567 17677 I FIRST   : ftc9773: reached here 3
02-05 12:27:51.252 17567 17677 I FIRST   : ftc9773: reached here 3
02-05 12:27:51.252 17567 17677 I FIRST   : ftc9773: reached here 3
02-05 12:27:51.252 17567 17677 I FIRST   : ftc9773: reached here 3
02-05 12:27:51.253 17567 17677 I FIRST   : ftc9773: reached here 3
02-05 12:27:51.253 17567 17677 I FIRST   : ftc9773: reached here 3
02-05 12:27:51.253 17567 17677 I FIRST   : ftc9773: reached here 3
02-05 12:27:51.253 17567 17677 I FIRST   : ftc9773: reached here 3
02-05 12:27:51.253 17567 17677 I FIRST   : ftc9773: reached here 3
02-05 12:27:51.253 17567 17677 I FIRST   : ftc9773: reached here 3
02-05 12:27:51.253 17567 17677 I FIRST   : ftc9773: reached here 3
02-05 12:27:51.253 17567 17677 I FIRST   : ftc9773: reached here 3
02-05 12:27:51.253 17567 17677 I FIRST   : ftc9773: reached here 3
02-05 12:27:51.253 17567 17677 I FIRST   : ftc9773: reached here 3
02-05 12:27:51.253 17567 17677 I FIRST   : ftc9773: reached here 3
02-05 12:27:51.253 17567 17677 I FIRST   : ftc9773: reached here 3
02-05 12:27:51.253 17567 17677 I FIRST   : ftc9773: reached here 3
02-05 12:27:51.253 17567 17677 I FIRST   : ftc9773: reached here 3
02-05 12:27:51.253 17567 17677 I FIRST   : ftc9773: reached here 3
02-05 12:27:51.253 17567 17677 I FIRST   : ftc9773: reached here 3
02-05 12:27:51.253 17567 17677 I FIRST   : ftc9773: reached here 3
02-05 12:27:51.253 17567 17677 I FIRST   : ftc9773: reached here 3
02-05 12:27:51.253 17567 17677 I FIRST   : ftc9773: reached here 3
02-05 12:27:51.253 17567 17677 I FIRST   : ftc9773: reached here 3
02-05 12:27:51.253 17567 17677 I FIRST   : ftc9773: reached here 3
02-05 12:27:51.254 17567 17677 I FIRST   : ftc9773: reached here 3
02-05 12:27:51.254 17567 17677 I FIRST   : ftc9773: reached here 3
02-05 12:27:51.254 17567 17677 I FIRST   : ftc9773: reached here 3
02-05 12:27:51.254 17567 17677 I FIRST   : ftc9773: reached here 3
02-05 12:27:51.254 17567 17677 I FIRST   : ftc9773: reached here 3
02-05 12:27:51.254 17567 17677 I FIRST   : ftc9773: reached here 3
02-05 12:27:51.254 17567 17677 I FIRST   : ftc9773: reached here 3
02-05 12:27:51.254 17567 17677 I FIRST   : ftc9773: reached here 3
02-05 12:27:51.254 17567 17677 I FIRST   : ftc9773: reached here 3
02-05 12:27:51.254 17567 17677 I FIRST   : ftc9773: reached here 3
02-05 12:27:51.254 17567 17677 I FIRST   : ftc9773: reached here 3
02-05 12:27:51.254 17567 17677 I FIRST   : ftc9773: reached here 3
02-05 12:27:51.254 17567 17677 I FIRST   : ftc9773: reached here 3
02-05 12:27:51.254 17567 17677 I FIRST   : ftc9773: reached here 3
02-05 12:27:51.254 17567 17677 I FIRST   : ftc9773: reached here 3
02-05 12:27:51.254 17567 17677 I FIRST   : ftc9773: reached here 3
02-05 12:27:51.254 17567 17677 I FIRST   : ftc9773: reached here 3
02-05 12:27:51.254 17567 17677 I FIRST   : ftc9773: reached here 3
02-05 12:27:51.254 17567 17677 I FIRST   : ftc9773: reached here 3
02-05 12:27:51.254 17567 17677 I FIRST   : ftc9773: reached here 3
02-05 12:27:51.254 17567 17677 I FIRST   : ftc9773: reached here 3
02-05 12:27:51.254 17567 17677 I FIRST   : ftc9773: reached here 3
02-05 12:27:51.254 17567 17677 I FIRST   : ftc9773: reached here 3
02-05 12:27:51.254 17567 17677 I FIRST   : ftc9773: reached here 3
02-05 12:27:51.255 17567 17677 I FIRST   : ftc9773: reached here 3
02-05 12:27:51.255 17567 17677 I FIRST   : ftc9773: reached here 3
02-05 12:27:51.255 17567 17677 I FIRST   : ftc9773: reached here 3
02-05 12:27:51.255 17567 17677 I FIRST   : ftc9773: reached here 3
02-05 12:27:51.255 17567 17677 I FIRST   : ftc9773: reached here 3
02-05 12:27:51.255 17567 17677 I FIRST   : ftc9773: reached here 3
02-05 12:27:51.255 17567 17677 I FIRST   : ftc9773: reached here 3
02-05 12:27:51.255 17567 17677 I FIRST   : ftc9773: reached here 3
02-05 12:27:51.255 17567 17677 I FIRST   : ftc9773: reached here 3
02-05 12:27:51.255 17567 17677 I FIRST   : ftc9773: reached here 3
02-05 12:27:51.255 17567 17677 I FIRST   : ftc9773: reached here 3
02-05 12:27:51.255 17567 17677 I FIRST   : ftc9773: reached here 3
02-05 12:27:51.255 17567 17677 I FIRST   : ftc9773: reached here 3
02-05 12:27:51.255 17567 17677 I FIRST   : ftc9773: reached here 3
02-05 12:27:51.255 17567 17677 I FIRST   : ftc9773: reached here 3
02-05 12:27:51.255 17567 17677 I FIRST   : ftc9773: reached here 3
02-05 12:27:51.255 17567 17677 I FIRST   : ftc9773: reached here 3
02-05 12:27:51.255 17567 17677 I FIRST   : ftc9773: reached here 3
02-05 12:27:51.255 17567 17677 I FIRST   : ftc9773: reached here 3
02-05 12:27:51.255 17567 17677 I FIRST   : ftc9773: reached here 3
02-05 12:27:51.255 17567 17677 I FIRST   : ftc9773: reached here 3
02-05 12:27:51.255 17567 17677 I FIRST   : ftc9773: reached here 3
02-05 12:27:51.255 17567 17677 I FIRST   : ftc9773: reached here 3
02-05 12:27:51.255 17567 17677 I FIRST   : ftc9773: reached here 3
02-05 12:27:51.255 17567 17677 I FIRST   : ftc9773: reached here 3
02-05 12:27:51.255 17567 17677 I FIRST   : ftc9773: reached here 3
02-05 12:27:51.256 17567 17677 I FIRST   : ftc9773: reached here 3
02-05 12:27:51.256 17567 17677 I FIRST   : ftc9773: reached here 3
02-05 12:27:51.256 17567 17677 I FIRST   : ftc9773: reached here 3
02-05 12:27:51.256 17567 17677 I FIRST   : ftc9773: reached here 3
02-05 12:27:51.256 17567 17677 I FIRST   : ftc9773: reached here 3
02-05 12:27:51.256 17567 17677 I FIRST   : ftc9773: reached here 3
02-05 12:27:51.256 17567 17677 I FIRST   : ftc9773: reached here 3
02-05 12:27:51.256 17567 17677 I FIRST   : ftc9773: reached here 3
02-05 12:27:51.256 17567 17677 I FIRST   : ftc9773: reached here 3
02-05 12:27:51.256 17567 17677 I FIRST   : ftc9773: reached here 3
02-05 12:27:51.256 17567 17677 I FIRST   : ftc9773: reached here 3
02-05 12:27:51.256 17567 17677 I FIRST   : ftc9773: reached here 3
02-05 12:27:51.256 17567 17677 I FIRST   : ftc9773: reached here 3
02-05 12:27:51.256 17567 17677 I FIRST   : ftc9773: reached here 3
02-05 12:27:51.256 17567 17677 I FIRST   : ftc9773: reached here 3
02-05 12:27:51.256 17567 17677 I FIRST   : ftc9773: reached here 3
02-05 12:27:51.256 17567 17677 I FIRST   : ftc9773: reached here 3
02-05 12:27:51.256 17567 17677 I FIRST   : ftc9773: reached here 3
02-05 12:27:51.256 17567 17677 I FIRST   : ftc9773: reached here 3
02-05 12:27:51.256 17567 17677 I FIRST   : ftc9773: reached here 3
02-05 12:27:51.256 17567 17677 I FIRST   : ftc9773: reached here 3
02-05 12:27:51.256 17567 17677 I FIRST   : ftc9773: reached here 3
02-05 12:27:51.256 17567 17677 I FIRST   : ftc9773: reached here 3
02-05 12:27:51.257 17567 17677 I FIRST   : ftc9773: reached here 3
02-05 12:27:51.257 17567 17677 I FIRST   : ftc9773: reached here 3
02-05 12:27:51.257 17567 17677 I FIRST   : ftc9773: reached here 3
02-05 12:27:51.257 17567 17677 I FIRST   : ftc9773: reached here 3
02-05 12:27:51.257 17567 17677 I FIRST   : ftc9773: reached here 3
02-05 12:27:51.257 17567 17677 I FIRST   : ftc9773: reached here 3
02-05 12:27:51.257 17567 17677 I FIRST   : ftc9773: reached here 3
02-05 12:27:51.257 17567 17677 I FIRST   : ftc9773: reached here 3
02-05 12:27:51.257 17567 17677 I FIRST   : ftc9773: reached here 3
02-05 12:27:51.257 17567 17677 I FIRST   : ftc9773: reached here 3
02-05 12:27:51.257 17567 17677 I FIRST   : ftc9773: reached here 3
02-05 12:27:51.257 17567 17677 I FIRST   : ftc9773: reached here 3
02-05 12:27:51.257 17567 17677 I FIRST   : ftc9773: reached here 3
02-05 12:27:51.257 17567 17677 I FIRST   : ftc9773: reached here 3
02-05 12:27:51.257 17567 17677 I FIRST   : ftc9773: reached here 3
02-05 12:27:51.257 17567 17677 I FIRST   : ftc9773: reached here 3
02-05 12:27:51.257 17567 17677 I FIRST   : ftc9773: reached here 3
02-05 12:27:51.257 17567 17677 I FIRST   : ftc9773: reached here 3
02-05 12:27:51.257 17567 17677 I FIRST   : ftc9773: reached here 3
02-05 12:27:51.257 17567 17677 I FIRST   : ftc9773: reached here 3
02-05 12:27:51.257 17567 17677 I FIRST   : ftc9773: reached here 3
02-05 12:27:51.257 17567 17677 I FIRST   : ftc9773: reached here 3
02-05 12:27:51.257 17567 17677 I FIRST   : ftc9773: reached here 3
02-05 12:27:51.257 17567 17677 I FIRST   : ftc9773: reached here 3
02-05 12:27:51.257 17567 17677 I FIRST   : ftc9773: reached here 3
02-05 12:27:51.258 17567 17677 I FIRST   : ftc9773: reached here 3
02-05 12:27:51.258 17567 17677 I FIRST   : ftc9773: reached here 3
02-05 12:27:51.258 17567 17677 I FIRST   : ftc9773: reached here 3
02-05 12:27:51.258 17567 17677 I FIRST   : ftc9773: reached here 3
02-05 12:27:51.258 17567 17677 I FIRST   : ftc9773: reached here 3
02-05 12:27:51.258 17567 17677 I FIRST   : ftc9773: reached here 3
02-05 12:27:51.258 17567 17677 I FIRST   : ftc9773: reached here 3
02-05 12:27:51.258 17567 17677 I FIRST   : ftc9773: reached here 3
02-05 12:27:51.258 17567 17677 I FIRST   : ftc9773: reached here 3
02-05 12:27:51.258 17567 17677 I FIRST   : ftc9773: reached here 3
02-05 12:27:51.258 17567 17677 I FIRST   : ftc9773: reached here 3
02-05 12:27:51.258 17567 17677 I FIRST   : ftc9773: reached here 3
02-05 12:27:51.258 17567 17677 I FIRST   : ftc9773: reached here 3
02-05 12:27:51.258 17567 17677 I FIRST   : ftc9773: reached here 3
02-05 12:27:51.258 17567 17677 I FIRST   : ftc9773: reached here 3
02-05 12:27:51.258 17567 17677 I FIRST   : ftc9773: reached here 3
02-05 12:27:51.258 17567 17677 I FIRST   : ftc9773: reached here 3
02-05 12:27:51.258 17567 17677 I FIRST   : ftc9773: reached here 3
02-05 12:27:51.258 17567 17677 I FIRST   : ftc9773: reached here 3
02-05 12:27:51.258 17567 17677 I FIRST   : ftc9773: reached here 3
02-05 12:27:51.258 17567 17677 I FIRST   : ftc9773: reached here 3
02-05 12:27:51.258 17567 17677 I FIRST   : ftc9773: reached here 3
02-05 12:27:51.258 17567 17677 I FIRST   : ftc9773: reached here 3
02-05 12:27:51.258 17567 17677 I FIRST   : ftc9773: reached here 3
02-05 12:27:51.259 17567 17677 I FIRST   : ftc9773: reached here 3
02-05 12:27:51.259 17567 17677 I FIRST   : ftc9773: reached here 3
02-05 12:27:51.259 17567 17677 I FIRST   : ftc9773: reached here 3
02-05 12:27:51.259 17567 17677 I FIRST   : ftc9773: reached here 3
02-05 12:27:51.259 17567 17677 I FIRST   : ftc9773: reached here 3
02-05 12:27:51.259 17567 17677 I FIRST   : ftc9773: reached here 3
02-05 12:27:51.259 17567 17677 I FIRST   : ftc9773: reached here 3
02-05 12:27:51.259 17567 17677 I FIRST   : ftc9773: reached here 3
02-05 12:27:51.259 17567 17677 I FIRST   : ftc9773: reached here 3
02-05 12:27:51.259 17567 17677 I FIRST   : ftc9773: reached here 3
02-05 12:27:51.259 17567 17677 I FIRST   : ftc9773: reached here 3
02-05 12:27:51.259 17567 17677 I FIRST   : ftc9773: reached here 3
02-05 12:27:51.259 17567 17677 I FIRST   : ftc9773: reached here 3
02-05 12:27:51.259 17567 17677 I FIRST   : ftc9773: reached here 3
02-05 12:27:51.259 17567 17677 I FIRST   : ftc9773: reached here 3
02-05 12:27:51.259 17567 17677 I FIRST   : ftc9773: reached here 3
02-05 12:27:51.259 17567 17677 I FIRST   : ftc9773: reached here 3
02-05 12:27:51.259 17567 17677 I FIRST   : ftc9773: reached here 3
02-05 12:27:51.259 17567 17677 I FIRST   : ftc9773: reached here 3
02-05 12:27:51.259 17567 17677 I FIRST   : ftc9773: reached here 3
02-05 12:27:51.259 17567 17677 I FIRST   : ftc9773: reached here 3
02-05 12:27:51.259 17567 17677 I FIRST   : ftc9773: reached here 3
02-05 12:27:51.259 17567 17677 I FIRST   : ftc9773: reached here 3
02-05 12:27:51.259 17567 17677 I FIRST   : ftc9773: reached here 3
02-05 12:27:51.259 17567 17677 I FIRST   : ftc9773: reached here 3
02-05 12:27:51.259 17567 17677 I FIRST   : ftc9773: reached here 3
02-05 12:27:51.259 17567 17677 I FIRST   : ftc9773: reached here 3
02-05 12:27:51.259 17567 17677 I FIRST   : ftc9773: reached here 3
02-05 12:27:51.260 17567 17677 I FIRST   : ftc9773: reached here 3
02-05 12:27:51.260 17567 17677 I FIRST   : ftc9773: reached here 3
02-05 12:27:51.260 17567 17677 I FIRST   : ftc9773: reached here 3
02-05 12:27:51.260 17567 17677 I FIRST   : ftc9773: reached here 3
02-05 12:27:51.260 17567 17677 I FIRST   : ftc9773: reached here 3
02-05 12:27:51.260 17567 17677 I FIRST   : ftc9773: reached here 3
02-05 12:27:51.260 17567 17677 I FIRST   : ftc9773: reached here 3
02-05 12:27:51.260 17567 17677 I FIRST   : ftc9773: reached here 3
02-05 12:27:51.260 17567 17677 I FIRST   : ftc9773: reached here 3
02-05 12:27:51.260 17567 17677 I FIRST   : ftc9773: reached here 3
02-05 12:27:51.260 17567 17677 I FIRST   : ftc9773: reached here 3
02-05 12:27:51.260 17567 17677 I FIRST   : ftc9773: reached here 3
02-05 12:27:51.260 17567 17677 I FIRST   : ftc9773: reached here 3
02-05 12:27:51.260 17567 17677 I FIRST   : ftc9773: reached here 3
02-05 12:27:51.260 17567 17677 I FIRST   : ftc9773: reached here 3
02-05 12:27:51.260 17567 17677 I FIRST   : ftc9773: reached here 3
02-05 12:27:51.260 17567 17677 I FIRST   : ftc9773: reached here 3
02-05 12:27:51.260 17567 17677 I FIRST   : ftc9773: reached here 3
02-05 12:27:51.260 17567 17677 I FIRST   : ftc9773: reached here 3
02-05 12:27:51.260 17567 17677 I FIRST   : ftc9773: reached here 3
02-05 12:27:51.261 17567 17677 I FIRST   : ftc9773: reached here 3
02-05 12:27:51.261 17567 17677 I FIRST   : ftc9773: reached here 3
02-05 12:27:51.261 17567 17677 I FIRST   : ftc9773: reached here 3
02-05 12:27:51.261 17567 17677 I FIRST   : ftc9773: reached here 3
02-05 12:27:51.261 17567 17677 I FIRST   : ftc9773: reached here 3
02-05 12:27:51.261 17567 17677 I FIRST   : ftc9773: reached here 3
02-05 12:27:51.261 17567 17677 I FIRST   : ftc9773: reached here 3
02-05 12:27:51.261 17567 17677 I FIRST   : ftc9773: reached here 3
02-05 12:27:51.261 17567 17677 I FIRST   : ftc9773: reached here 3
02-05 12:27:51.261 17567 17677 I FIRST   : ftc9773: reached here 3
02-05 12:27:51.261 17567 17677 I FIRST   : ftc9773: reached here 3
02-05 12:27:51.261 17567 17677 I FIRST   : ftc9773: reached here 3
02-05 12:27:51.261 17567 17677 I FIRST   : ftc9773: reached here 3
02-05 12:27:51.261 17567 17677 I FIRST   : ftc9773: reached here 3
02-05 12:27:51.261 17567 17677 I FIRST   : ftc9773: reached here 3
02-05 12:27:51.261 17567 17677 I FIRST   : ftc9773: reached here 3
02-05 12:27:51.261 17567 17677 I FIRST   : ftc9773: reached here 3
02-05 12:27:51.261 17567 17677 I FIRST   : ftc9773: reached here 3
02-05 12:27:51.261 17567 17677 I FIRST   : ftc9773: reached here 3
02-05 12:27:51.261 17567 17677 I FIRST   : ftc9773: reached here 3
02-05 12:27:51.261 17567 17677 I FIRST   : ftc9773: reached here 3
02-05 12:27:51.261 17567 17677 I FIRST   : ftc9773: reached here 3
02-05 12:27:51.261 17567 17677 I FIRST   : ftc9773: reached here 3
02-05 12:27:51.261 17567 17677 I FIRST   : ftc9773: reached here 3
02-05 12:27:51.261 17567 17677 I FIRST   : ftc9773: reached here 3
02-05 12:27:51.261 17567 17677 I FIRST   : ftc9773: reached here 3
02-05 12:27:51.261 17567 17677 I FIRST   : ftc9773: reached here 3
02-05 12:27:51.262 17567 17677 I FIRST   : ftc9773: reached here 3
02-05 12:27:51.262 17567 17677 I FIRST   : ftc9773: reached here 3
02-05 12:27:51.262 17567 17677 I FIRST   : ftc9773: reached here 3
02-05 12:27:51.262 17567 17677 I FIRST   : ftc9773: reached here 3
02-05 12:27:51.262 17567 17677 I FIRST   : ftc9773: reached here 3
02-05 12:27:51.262 17567 17677 I FIRST   : ftc9773: reached here 3
02-05 12:27:51.262 17567 17677 I FIRST   : ftc9773: reached here 3
02-05 12:27:51.262 17567 17677 I FIRST   : ftc9773: reached here 3
02-05 12:27:51.262 17567 17677 I FIRST   : ftc9773: reached here 3
02-05 12:27:51.262 17567 17677 I FIRST   : ftc9773: reached here 3
02-05 12:27:51.262 17567 17677 I FIRST   : ftc9773: reached here 3
02-05 12:27:51.262 17567 17677 I FIRST   : ftc9773: reached here 3
02-05 12:27:51.262 17567 17677 I FIRST   : ftc9773: reached here 3
02-05 12:27:51.262 17567 17677 I FIRST   : ftc9773: reached here 3
02-05 12:27:51.262 17567 17677 I FIRST   : ftc9773: reached here 3
02-05 12:27:51.262 17567 17677 I FIRST   : ftc9773: reached here 3
02-05 12:27:51.262 17567 17677 I FIRST   : ftc9773: reached here 3
02-05 12:27:51.262 17567 17677 I FIRST   : ftc9773: reached here 3
02-05 12:27:51.262 17567 17677 I FIRST   : ftc9773: reached here 3
02-05 12:27:51.262 17567 17677 I FIRST   : ftc9773: reached here 3
02-05 12:27:51.262 17567 17677 I FIRST   : ftc9773: reached here 3
02-05 12:27:51.262 17567 17677 I FIRST   : ftc9773: reached here 3
02-05 12:27:51.262 17567 17677 I FIRST   : ftc9773: reached here 3
02-05 12:27:51.262 17567 17677 I FIRST   : ftc9773: reached here 3
02-05 12:27:51.263 17567 17677 I FIRST   : ftc9773: reached here 3
02-05 12:27:51.263 17567 17677 I FIRST   : ftc9773: reached here 3
02-05 12:27:51.263 17567 17677 I FIRST   : ftc9773: reached here 3
02-05 12:27:51.263 17567 17677 I FIRST   : ftc9773: reached here 3
02-05 12:27:51.263 17567 17677 I FIRST   : ftc9773: reached here 3
02-05 12:27:51.263 17567 17677 I FIRST   : ftc9773: reached here 3
02-05 12:27:51.263 17567 17677 I FIRST   : ftc9773: reached here 3
02-05 12:27:51.263 17567 17677 I FIRST   : ftc9773: reached here 3
02-05 12:27:51.263 17567 17677 I FIRST   : ftc9773: reached here 3
02-05 12:27:51.263 17567 17677 I FIRST   : ftc9773: reached here 3
02-05 12:27:51.263 17567 17677 I FIRST   : ftc9773: reached here 3
02-05 12:27:51.263 17567 17677 I FIRST   : ftc9773: reached here 3
02-05 12:27:51.263 17567 17677 I FIRST   : ftc9773: reached here 3
02-05 12:27:51.263 17567 17677 I FIRST   : ftc9773: reached here 3
02-05 12:27:51.263 17567 17677 I FIRST   : ftc9773: reached here 3
02-05 12:27:51.263 17567 17677 I FIRST   : ftc9773: reached here 3
02-05 12:27:51.263 17567 17677 I FIRST   : ftc9773: reached here 3
02-05 12:27:51.263 17567 17677 I FIRST   : ftc9773: reached here 3
02-05 12:27:51.263 17567 17677 I FIRST   : ftc9773: reached here 3
02-05 12:27:51.263 17567 17677 I FIRST   : ftc9773: reached here 3
02-05 12:27:51.263 17567 17677 I FIRST   : ftc9773: reached here 3
02-05 12:27:51.263 17567 17677 I FIRST   : ftc9773: reached here 3
02-05 12:27:51.263 17567 17677 I FIRST   : ftc9773: reached here 3
02-05 12:27:51.263 17567 17677 I FIRST   : ftc9773: reached here 3
02-05 12:27:51.263 17567 17677 I FIRST   : ftc9773: reached here 3
02-05 12:27:51.264 17567 17677 I FIRST   : ftc9773: reached here 3
02-05 12:27:51.264 17567 17677 I FIRST   : ftc9773: reached here 3
02-05 12:27:51.264 17567 17677 I FIRST   : ftc9773: reached here 3
02-05 12:27:51.264 17567 17677 I FIRST   : ftc9773: reached here 3
02-05 12:27:51.264 17567 17677 I FIRST   : ftc9773: reached here 3
02-05 12:27:51.264 17567 17677 I FIRST   : ftc9773: reached here 3
02-05 12:27:51.264 17567 17677 I FIRST   : ftc9773: reached here 3
02-05 12:27:51.264 17567 17677 I FIRST   : ftc9773: reached here 3
02-05 12:27:51.264 17567 17677 I FIRST   : ftc9773: reached here 3
02-05 12:27:51.264 17567 17677 I FIRST   : ftc9773: reached here 3
02-05 12:27:51.264 17567 17677 I FIRST   : ftc9773: reached here 3
02-05 12:27:51.264 17567 17677 I FIRST   : ftc9773: reached here 3
02-05 12:27:51.264 17567 17677 I FIRST   : ftc9773: reached here 3
02-05 12:27:51.264 17567 17677 I FIRST   : ftc9773: reached here 3
02-05 12:27:51.264 17567 17677 I FIRST   : ftc9773: reached here 3
02-05 12:27:51.264 17567 17677 I FIRST   : ftc9773: reached here 3
02-05 12:27:51.264 17567 17677 I FIRST   : ftc9773: reached here 3
02-05 12:27:51.264 17567 17677 I FIRST   : ftc9773: reached here 3
02-05 12:27:51.264 17567 17677 I FIRST   : ftc9773: reached here 3
02-05 12:27:51.264 17567 17677 I FIRST   : ftc9773: reached here 3
02-05 12:27:51.264 17567 17677 I FIRST   : ftc9773: reached here 3
02-05 12:27:51.264 17567 17677 I FIRST   : ftc9773: reached here 3
02-05 12:27:51.264 17567 17677 I FIRST   : ftc9773: reached here 3
02-05 12:27:51.264 17567 17677 I FIRST   : ftc9773: reached here 3
02-05 12:27:51.264 17567 17677 I FIRST   : ftc9773: reached here 3
02-05 12:27:51.265 17567 17677 I FIRST   : ftc9773: reached here 3
02-05 12:27:51.265 17567 17677 I FIRST   : ftc9773: reached here 3
02-05 12:27:51.265 17567 17677 I FIRST   : ftc9773: reached here 3
02-05 12:27:51.265 17567 17677 I FIRST   : ftc9773: reached here 3
02-05 12:27:51.265 17567 17677 I FIRST   : ftc9773: reached here 3
02-05 12:27:51.265 17567 17677 I FIRST   : ftc9773: reached here 3
02-05 12:27:51.265 17567 17677 I FIRST   : ftc9773: reached here 3
02-05 12:27:51.265 17567 17677 I FIRST   : ftc9773: reached here 3
02-05 12:27:51.265 17567 17677 I FIRST   : ftc9773: reached here 3
02-05 12:27:51.265 17567 17677 I FIRST   : ftc9773: reached here 3
02-05 12:27:51.265 17567 17677 I FIRST   : ftc9773: reached here 3
02-05 12:27:51.265 17567 17677 I FIRST   : ftc9773: reached here 3
02-05 12:27:51.265 17567 17677 I FIRST   : ftc9773: reached here 3
02-05 12:27:51.265 17567 17677 I FIRST   : ftc9773: reached here 3
02-05 12:27:51.265 17567 17677 I FIRST   : ftc9773: reached here 3
02-05 12:27:51.265 17567 17677 I FIRST   : ftc9773: reached here 3
02-05 12:27:51.265 17567 17677 I FIRST   : ftc9773: reached here 3
02-05 12:27:51.265 17567 17677 I FIRST   : ftc9773: reached here 3
02-05 12:27:51.265 17567 17677 I FIRST   : ftc9773: reached here 3
02-05 12:27:51.265 17567 17677 I FIRST   : ftc9773: reached here 3
02-05 12:27:51.265 17567 17677 I FIRST   : ftc9773: reached here 3
02-05 12:27:51.265 17567 17677 I FIRST   : ftc9773: reached here 3
02-05 12:27:51.265 17567 17677 I FIRST   : ftc9773: reached here 3
02-05 12:27:51.265 17567 17677 I FIRST   : ftc9773: reached here 3
02-05 12:27:51.265 17567 17677 I FIRST   : ftc9773: reached here 3
02-05 12:27:51.265 17567 17677 I FIRST   : ftc9773: reached here 3
02-05 12:27:51.266 17567 17677 I FIRST   : ftc9773: reached here 3
02-05 12:27:51.266 17567 17677 I FIRST   : ftc9773: reached here 3
02-05 12:27:51.266 17567 17677 I FIRST   : ftc9773: reached here 3
02-05 12:27:51.266 17567 17677 I FIRST   : ftc9773: reached here 3
02-05 12:27:51.266 17567 17677 I FIRST   : ftc9773: reached here 3
02-05 12:27:51.266 17567 17677 I FIRST   : ftc9773: reached here 3
02-05 12:27:51.266 17567 17677 I FIRST   : ftc9773: reached here 3
02-05 12:27:51.266 17567 17677 I FIRST   : ftc9773: reached here 3
02-05 12:27:51.266 17567 17677 I FIRST   : ftc9773: reached here 3
02-05 12:27:51.266 17567 17677 I FIRST   : ftc9773: reached here 3
02-05 12:27:51.266 17567 17677 I FIRST   : ftc9773: reached here 3
02-05 12:27:51.266 17567 17677 I FIRST   : ftc9773: reached here 3
02-05 12:27:51.266 17567 17677 I FIRST   : ftc9773: reached here 3
02-05 12:27:51.266 17567 17677 I FIRST   : ftc9773: reached here 3
02-05 12:27:51.266 17567 17677 I FIRST   : ftc9773: reached here 3
02-05 12:27:51.266 17567 17677 I FIRST   : ftc9773: reached here 3
02-05 12:27:51.266 17567 17677 I FIRST   : ftc9773: reached here 3
02-05 12:27:51.266 17567 17677 I FIRST   : ftc9773: reached here 3
02-05 12:27:51.266 17567 17677 I FIRST   : ftc9773: reached here 3
02-05 12:27:51.266 17567 17677 I FIRST   : ftc9773: reached here 3
02-05 12:27:51.266 17567 17677 I FIRST   : ftc9773: reached here 3
02-05 12:27:51.266 17567 17677 I FIRST   : ftc9773: reached here 3
02-05 12:27:51.266 17567 17677 I FIRST   : ftc9773: reached here 3
02-05 12:27:51.266 17567 17677 I FIRST   : ftc9773: reached here 3
02-05 12:27:51.267 17567 17677 I FIRST   : ftc9773: reached here 3
02-05 12:27:51.267 17567 17677 I FIRST   : ftc9773: reached here 3
02-05 12:27:51.267 17567 17677 I FIRST   : ftc9773: reached here 3
02-05 12:27:51.267 17567 17677 I FIRST   : ftc9773: reached here 3
02-05 12:27:51.267 17567 17677 I FIRST   : ftc9773: reached here 3
02-05 12:27:51.267 17567 17677 I FIRST   : ftc9773: reached here 3
02-05 12:27:51.267 17567 17677 I FIRST   : ftc9773: reached here 3
02-05 12:27:51.267 17567 17677 I FIRST   : ftc9773: reached here 3
02-05 12:27:51.267 17567 17677 I FIRST   : ftc9773: reached here 3
02-05 12:27:51.267 17567 17677 I FIRST   : ftc9773: reached here 3
02-05 12:27:51.267 17567 17677 I FIRST   : ftc9773: reached here 3
02-05 12:27:51.267 17567 17677 I FIRST   : ftc9773: reached here 3
02-05 12:27:51.267 17567 17677 I FIRST   : ftc9773: reached here 3
02-05 12:27:51.267 17567 17677 I FIRST   : ftc9773: reached here 3
02-05 12:27:51.267 17567 17677 I FIRST   : ftc9773: reached here 3
02-05 12:27:51.267 17567 17677 I FIRST   : ftc9773: reached here 3
02-05 12:27:51.268 17567 17677 I FIRST   : ftc9773: reached here 3
02-05 12:27:51.268 17567 17677 I FIRST   : ftc9773: reached here 3
02-05 12:27:51.268 17567 17677 I FIRST   : ftc9773: reached here 3
02-05 12:27:51.268 17567 17677 I FIRST   : ftc9773: reached here 3
02-05 12:27:51.268 17567 17677 I FIRST   : ftc9773: reached here 3
02-05 12:27:51.268 17567 17677 I FIRST   : ftc9773: reached here 3
02-05 12:27:51.268 17567 17677 I FIRST   : ftc9773: reached here 3
02-05 12:27:51.268 17567 17677 I FIRST   : ftc9773: reached here 3
02-05 12:27:51.268 17567 17677 I FIRST   : ftc9773: reached here 3
02-05 12:27:51.268 17567 17677 I FIRST   : ftc9773: reached here 3
02-05 12:27:51.268 17567 17677 I FIRST   : ftc9773: reached here 3
02-05 12:27:51.268 17567 17677 I FIRST   : ftc9773: reached here 3
02-05 12:27:51.268 17567 17677 I FIRST   : ftc9773: reached here 3
02-05 12:27:51.268 17567 17677 I FIRST   : ftc9773: reached here 3
02-05 12:27:51.268 17567 17677 I FIRST   : ftc9773: reached here 3
02-05 12:27:51.268 17567 17677 I FIRST   : ftc9773: reached here 3
02-05 12:27:51.268 17567 17677 I FIRST   : ftc9773: reached here 3
02-05 12:27:51.268 17567 17677 I FIRST   : ftc9773: reached here 3
02-05 12:27:51.268 17567 17677 I FIRST   : ftc9773: reached here 3
02-05 12:27:51.268 17567 17677 I FIRST   : ftc9773: reached here 3
02-05 12:27:51.268 17567 17677 I FIRST   : ftc9773: reached here 3
02-05 12:27:51.268 17567 17677 I FIRST   : ftc9773: reached here 3
02-05 12:27:51.268 17567 17677 I FIRST   : ftc9773: reached here 3
02-05 12:27:51.268 17567 17677 I FIRST   : ftc9773: reached here 3
02-05 12:27:51.268 17567 17677 I FIRST   : ftc9773: reached here 3
02-05 12:27:51.269 17567 17677 I FIRST   : ftc9773: reached here 3
02-05 12:27:51.269 17567 17677 I FIRST   : ftc9773: reached here 3
02-05 12:27:51.269 17567 17677 I FIRST   : ftc9773: reached here 3
02-05 12:27:51.269 17567 17677 I FIRST   : ftc9773: reached here 3
02-05 12:27:51.269 17567 17677 I FIRST   : ftc9773: reached here 3
02-05 12:27:51.269 17567 17677 I FIRST   : ftc9773: reached here 3
02-05 12:27:51.269 17567 17677 I FIRST   : ftc9773: reached here 3
02-05 12:27:51.269 17567 17677 I FIRST   : ftc9773: reached here 3
02-05 12:27:51.269 17567 17677 I FIRST   : ftc9773: reached here 3
02-05 12:27:51.269 17567 17677 I FIRST   : ftc9773: reached here 3
02-05 12:27:51.269 17567 17677 I FIRST   : ftc9773: reached here 3
02-05 12:27:51.269 17567 17677 I FIRST   : ftc9773: reached here 3
02-05 12:27:51.269 17567 17677 I FIRST   : ftc9773: reached here 3
02-05 12:27:51.269 17567 17677 I FIRST   : ftc9773: reached here 3
02-05 12:27:51.269 17567 17677 I FIRST   : ftc9773: reached here 3
02-05 12:27:51.269 17567 17677 I FIRST   : ftc9773: reached here 3
02-05 12:27:51.269 17567 17677 I FIRST   : ftc9773: reached here 3
02-05 12:27:51.269 17567 17677 I FIRST   : ftc9773: reached here 3
02-05 12:27:51.269 17567 17677 I FIRST   : ftc9773: reached here 3
02-05 12:27:51.269 17567 17677 I FIRST   : ftc9773: reached here 3
02-05 12:27:51.269 17567 17677 I FIRST   : ftc9773: reached here 3
02-05 12:27:51.269 17567 17677 I FIRST   : ftc9773: reached here 3
02-05 12:27:51.269 17567 17677 I FIRST   : ftc9773: reached here 3
02-05 12:27:51.269 17567 17677 I FIRST   : ftc9773: reached here 3
02-05 12:27:51.269 17567 17677 I FIRST   : ftc9773: reached here 3
02-05 12:27:51.269 17567 17677 I FIRST   : ftc9773: reached here 3
02-05 12:27:51.270 17567 17677 I FIRST   : ftc9773: reached here 3
02-05 12:27:51.270 17567 17677 I FIRST   : ftc9773: reached here 3
02-05 12:27:51.270 17567 17677 I FIRST   : ftc9773: reached here 3
02-05 12:27:51.270 17567 17677 I FIRST   : ftc9773: reached here 3
02-05 12:27:51.270 17567 17677 I FIRST   : ftc9773: reached here 3
02-05 12:27:51.270 17567 17677 I FIRST   : ftc9773: reached here 3
02-05 12:27:51.270 17567 17677 I FIRST   : ftc9773: reached here 3
02-05 12:27:51.270 17567 17677 I FIRST   : ftc9773: reached here 3
02-05 12:27:51.270 17567 17677 I FIRST   : ftc9773: reached here 3
02-05 12:27:51.270 17567 17677 I FIRST   : ftc9773: reached here 3
02-05 12:27:51.270 17567 17677 I FIRST   : ftc9773: reached here 3
02-05 12:27:51.270 17567 17677 I FIRST   : ftc9773: reached here 3
02-05 12:27:51.270 17567 17677 I FIRST   : ftc9773: reached here 3
02-05 12:27:51.270 17567 17677 I FIRST   : ftc9773: reached here 3
02-05 12:27:51.270 17567 17677 I FIRST   : ftc9773: reached here 3
02-05 12:27:51.270 17567 17677 I FIRST   : ftc9773: reached here 3
02-05 12:27:51.270 17567 17677 I FIRST   : ftc9773: reached here 3
02-05 12:27:51.270 17567 17677 I FIRST   : ftc9773: reached here 3
02-05 12:27:51.270 17567 17677 I FIRST   : ftc9773: reached here 3
02-05 12:27:51.270 17567 17677 I FIRST   : ftc9773: reached here 3
02-05 12:27:51.270 17567 17677 I FIRST   : ftc9773: reached here 3
02-05 12:27:51.270 17567 17677 I FIRST   : ftc9773: reached here 3
02-05 12:27:51.270 17567 17677 I FIRST   : ftc9773: reached here 3
02-05 12:27:51.270 17567 17677 I FIRST   : ftc9773: reached here 3
02-05 12:27:51.270 17567 17677 I FIRST   : ftc9773: reached here 3
02-05 12:27:51.270 17567 17677 I FIRST   : ftc9773: reached here 3
02-05 12:27:51.271 17567 17677 I FIRST   : ftc9773: reached here 3
02-05 12:27:51.271 17567 17677 I FIRST   : ftc9773: reached here 3
02-05 12:27:51.271 17567 17677 I FIRST   : ftc9773: reached here 3
02-05 12:27:51.271 17567 17677 I FIRST   : ftc9773: reached here 3
02-05 12:27:51.271 17567 17677 I FIRST   : ftc9773: reached here 3
02-05 12:27:51.271 17567 17677 I FIRST   : ftc9773: reached here 3
02-05 12:27:51.271 17567 17677 I FIRST   : ftc9773: reached here 3
02-05 12:27:51.271 17567 17677 I FIRST   : ftc9773: reached here 3
02-05 12:27:51.271 17567 17677 I FIRST   : ftc9773: reached here 3
02-05 12:27:51.271 17567 17677 I FIRST   : ftc9773: reached here 3
02-05 12:27:51.271 17567 17677 I FIRST   : ftc9773: reached here 3
02-05 12:27:51.271 17567 17677 I FIRST   : ftc9773: reached here 3
02-05 12:27:51.271 17567 17677 I FIRST   : ftc9773: reached here 3
02-05 12:27:51.271 17567 17677 I FIRST   : ftc9773: reached here 3
02-05 12:27:51.271 17567 17677 I FIRST   : ftc9773: reached here 3
02-05 12:27:51.271 17567 17677 I FIRST   : ftc9773: reached here 3
02-05 12:27:51.271 17567 17677 I FIRST   : ftc9773: reached here 3
02-05 12:27:51.271 17567 17677 I FIRST   : ftc9773: reached here 3
02-05 12:27:51.271 17567 17677 I FIRST   : ftc9773: reached here 3
02-05 12:27:51.271 17567 17677 I FIRST   : ftc9773: reached here 3
02-05 12:27:51.271 17567 17677 I FIRST   : ftc9773: reached here 3
02-05 12:27:51.271 17567 17677 I FIRST   : ftc9773: reached here 3
02-05 12:27:51.271 17567 17677 I FIRST   : ftc9773: reached here 3
02-05 12:27:51.271 17567 17677 I FIRST   : ftc9773: reached here 3
02-05 12:27:51.271 17567 17677 I FIRST   : ftc9773: reached here 3
02-05 12:27:51.272 17567 17677 I FIRST   : ftc9773: reached here 3
02-05 12:27:51.272 17567 17677 I FIRST   : ftc9773: reached here 3
02-05 12:27:51.272 17567 17677 I FIRST   : ftc9773: reached here 3
02-05 12:27:51.272 17567 17677 I FIRST   : ftc9773: reached here 3
02-05 12:27:51.272 17567 17677 I FIRST   : ftc9773: reached here 3
02-05 12:27:51.272 17567 17677 I FIRST   : ftc9773: reached here 3
02-05 12:27:51.272 17567 17677 I FIRST   : ftc9773: reached here 3
02-05 12:27:51.272 17567 17677 I FIRST   : ftc9773: reached here 3
02-05 12:27:51.272 17567 17677 I FIRST   : ftc9773: reached here 3
02-05 12:27:51.272 17567 17677 I FIRST   : ftc9773: reached here 3
02-05 12:27:51.272 17567 17677 I FIRST   : ftc9773: reached here 3
02-05 12:27:51.272 17567 17677 I FIRST   : ftc9773: reached here 3
02-05 12:27:51.272 17567 17677 I FIRST   : ftc9773: reached here 3
02-05 12:27:51.272 17567 17677 I FIRST   : ftc9773: reached here 3
02-05 12:27:51.272 17567 17677 I FIRST   : ftc9773: reached here 3
02-05 12:27:51.272 17567 17677 I FIRST   : ftc9773: reached here 3
02-05 12:27:51.272 17567 17677 I FIRST   : ftc9773: reached here 3
02-05 12:27:51.272 17567 17677 I FIRST   : ftc9773: reached here 3
02-05 12:27:51.272 17567 17677 I FIRST   : ftc9773: reached here 3
02-05 12:27:51.272 17567 17677 I FIRST   : ftc9773: reached here 3
02-05 12:27:51.272 17567 17677 I FIRST   : ftc9773: reached here 3
02-05 12:27:51.272 17567 17677 I FIRST   : ftc9773: reached here 3
02-05 12:27:51.272 17567 17677 I FIRST   : ftc9773: reached here 3
02-05 12:27:51.272 17567 17677 I FIRST   : ftc9773: reached here 3
02-05 12:27:51.273 17567 17677 I FIRST   : ftc9773: reached here 3
02-05 12:27:51.273 17567 17677 I FIRST   : ftc9773: reached here 3
02-05 12:27:51.273 17567 17677 I FIRST   : ftc9773: reached here 3
02-05 12:27:51.273 17567 17677 I FIRST   : ftc9773: reached here 3
02-05 12:27:51.273 17567 17677 I FIRST   : ftc9773: reached here 3
02-05 12:27:51.273 17567 17677 I FIRST   : ftc9773: reached here 3
02-05 12:27:51.273 17567 17677 I FIRST   : ftc9773: reached here 3
02-05 12:27:51.273 17567 17677 I FIRST   : ftc9773: reached here 3
02-05 12:27:51.273 17567 17677 I FIRST   : ftc9773: reached here 3
02-05 12:27:51.273 17567 17677 I FIRST   : ftc9773: reached here 3
02-05 12:27:51.273 17567 17677 I FIRST   : ftc9773: reached here 3
02-05 12:27:51.273 17567 17677 I FIRST   : ftc9773: reached here 3
02-05 12:27:54.388 17567 17611 V Robocol : received command: CMD_INIT_OP_MODE(28300) $Stop$Robot$
02-05 12:27:54.393 17567 17645 V RobotCore: waiting for service user linear op mode
02-05 12:27:54.393 17567 17677 V RobotCore: thread: ...terminating 'LinearOpMode main'
02-05 12:27:54.393 17567 17645 V RobotCore: awaitTermination returned, isTerminated=true
02-05 12:27:54.393 17567 17645 V RobotCore: executive service user linear op mode is terminated
02-05 12:27:54.393 17567 17645 I RobotCore: Attempting to switch to op mode $Stop$Robot$
02-05 12:27:54.409 17567 17617 V Robocol : sending CMD_INIT_OP_MODE_RESP(19429), attempt: 0
02-05 12:27:54.432 17567 17611 V Robocol : received command: CMD_INIT_OP_MODE_RESP(19429) $Stop$Robot$
02-05 12:27:54.432 17567 17611 V Robocol : received command: CMD_RUN_OP_MODE(28306) $Stop$Robot$
02-05 12:27:54.489 17567 17617 V Robocol : sending CMD_RUN_OP_MODE_RESP(19434), attempt: 0
02-05 12:27:54.508 17567 17611 V Robocol : received command: CMD_RUN_OP_MODE_RESP(19434) $Stop$Robot$
02-05 12:27:57.216 17567 17567 I RobotCore: Battery Checker, Level Remaining: 77.0
02-05 12:27:57.217 17567 17567 I RobotCore: Battery Checker, Level Remaining: 77.0
02-05 12:29:14.019 17567 17645 I RobotCore: robot battery read duration: n=10, mean=2.282ms sd=7.199ms
02-05 12:29:18.046 17567 17644 E FTDI_Device::: UsbConnection.requestWait() == null
02-05 12:29:18.047 17567 17632 E FTDI_Device::: UsbConnection.requestWait() == null
02-05 12:29:18.047 17567 17638 E FTDI_Device::: UsbConnection.requestWait() == null
02-05 12:29:18.051 17567 17628 E FTDI_Device::: UsbConnection.requestWait() == null
02-05 12:29:18.051 17567 17635 E FTDI_Device::: UsbConnection.requestWait() == null
02-05 12:29:18.052 17567 17567 D UsbDeviceConnectionJNI: close
02-05 12:29:18.053 17567 17616 D ProcessRequestThread::: Device has been closed.
02-05 12:29:18.053 17567 17616 W System.err: java.lang.InterruptedException
02-05 12:29:18.053 17567 17616 W System.err: 	at java.util.concurrent.locks.AbstractQueuedSynchronizer.doAcquireSharedInterruptibly(AbstractQueuedSynchronizer.java:972)
02-05 12:29:18.053 17567 17616 W System.err: 	at java.util.concurrent.locks.AbstractQueuedSynchronizer.acquireSharedInterruptibly(AbstractQueuedSynchronizer.java:1278)
02-05 12:29:18.053 17567 17616 W System.err: 	at java.util.concurrent.Semaphore.acquire(Semaphore.java:284)
02-05 12:29:18.053 17567 17616 W System.err: 	at com.ftdi.j2xx.ProcessInCtrl.acquireReadableBuffer(FT_Device.java:2294)
02-05 12:29:18.053 17567 17616 W System.err: 	at com.ftdi.j2xx.ProcessRequestWorker.run(FT_Device.java:2764)
02-05 12:29:18.053 17567 17616 W System.err: 	at java.lang.Thread.run(Thread.java:818)
02-05 12:29:18.054 17567 17615 D BulkIn::: Stop BulkIn thread
02-05 12:29:18.054 17567 17615 W System.err: java.lang.NullPointerException: Attempt to invoke virtual method 'int com.ftdi.j2xx.D2xxManager$DriverParameters.getBufferNumber()' on a null object reference
02-05 12:29:18.054 17567 17615 W System.err: 	at com.ftdi.j2xx.ProcessInCtrl.releaseWritableBuffers(FT_Device.java:2672)
02-05 12:29:18.054 17567 17615 W System.err: 	at com.ftdi.j2xx.BulkInWorker.run(FT_Device.java:2879)
02-05 12:29:18.054 17567 17615 W System.err: 	at java.lang.Thread.run(Thread.java:818)
02-05 12:29:18.055 17567 17628 W RobotCore: could not write to Modern Robotics USB Core Device Interface Module [AL00VBY8]: FTDI Null Pointer Exception
02-05 12:29:18.055 17567 17628 E RobotCore: java.lang.NullPointerException: Attempt to invoke interface method 'void java.util.concurrent.locks.Lock.unlock()' on a null object reference
02-05 12:29:18.055 17567 17567 D UsbDeviceConnectionJNI: close
02-05 12:29:18.055 17567 17628 E RobotCore:     at com.ftdi.j2xx.ProcessInCtrl.readBulkInData(FT_Device.java:2520)
02-05 12:29:18.055 17567 17631 D ProcessRequestThread::: Device has been closed.
02-05 12:29:18.055 17567 17628 E RobotCore:     at com.ftdi.j2xx.FT_Device.read(FT_Device.java:666)
02-05 12:29:18.056 17567 17631 W System.err: java.lang.InterruptedException
02-05 12:29:18.056 17567 17628 E RobotCore:     at com.qualcomm.robotcore.hardware.usb.ftdi.RobotUsbDeviceFtdi.read(RobotUsbDeviceFtdi.java:211)
02-05 12:29:18.056 17567 17628 E RobotCore:     at com.qualcomm.hardware.modernrobotics.comm.ModernRoboticsReaderWriter.readIncomingBytes(ModernRoboticsReaderWriter.java:362)
02-05 12:29:18.056 17567 17628 E RobotCore:     at com.qualcomm.hardware.modernrobotics.comm.ModernRoboticsReaderWriter.readResponse(ModernRoboticsReaderWriter.java:313)
02-05 12:29:18.056 17567 17628 E RobotCore:     at com.qualcomm.hardware.modernrobotics.comm.ModernRoboticsReaderWriter.read(ModernRoboticsReaderWriter.java:179)
02-05 12:29:18.056 17567 17631 W System.err: 	at java.util.concurrent.locks.AbstractQueuedSynchronizer.doAcquireSharedInterruptibly(AbstractQueuedSynchronizer.java:972)
02-05 12:29:18.056 17567 17631 W System.err: 	at java.util.concurrent.locks.AbstractQueuedSynchronizer.acquireSharedInterruptibly(AbstractQueuedSynchronizer.java:1278)
02-05 12:29:18.056 17567 17628 E RobotCore:     at com.qualcomm.hardware.modernrobotics.comm.ReadWriteRunnableStandard$1.run(ReadWriteRunnableStandard.java:350)
02-05 12:29:18.056 17567 17631 W System.err: 	at java.util.concurrent.Semaphore.acquire(Semaphore.java:284)
02-05 12:29:18.056 17567 17631 W System.err: 	at com.ftdi.j2xx.ProcessInCtrl.acquireReadableBuffer(FT_Device.java:2294)
02-05 12:29:18.056 17567 17632 W RobotCore: could not write to Modern Robotics USB Servo Controller [AL00XLTB]: FTDI Null Pointer Exception
02-05 12:29:18.056 17567 17628 E RobotCore:     at com.qualcomm.robotcore.util.ThreadPool.logThreadLifeCycle(ThreadPool.java:513)
02-05 12:29:18.056 17567 17631 W System.err: 	at com.ftdi.j2xx.ProcessRequestWorker.run(FT_Device.java:2764)
02-05 12:29:18.056 17567 17632 E RobotCore: java.lang.NullPointerException: Attempt to invoke interface method 'void java.util.concurrent.locks.Lock.unlock()' on a null object reference
02-05 12:29:18.056 17567 17628 E RobotCore:     at com.qualcomm.hardware.modernrobotics.comm.ReadWriteRunnableStandard.run(ReadWriteRunnableStandard.java:304)
02-05 12:29:18.056 17567 17631 W System.err: 	at java.lang.Thread.run(Thread.java:818)
02-05 12:29:18.056 17567 17628 E RobotCore:     at java.util.concurrent.ThreadPoolExecutor.runWorker(ThreadPoolExecutor.java:1113)
02-05 12:29:18.056 17567 17628 E RobotCore:     at java.util.concurrent.ThreadPoolExecutor$Worker.run(ThreadPoolExecutor.java:588)
02-05 12:29:18.056 17567 17628 E RobotCore:     at java.lang.Thread.run(Thread.java:818)
02-05 12:29:18.056 17567 17632 E RobotCore:     at com.ftdi.j2xx.ProcessInCtrl.readBulkInData(FT_Device.java:2520)
02-05 12:29:18.056 17567 17632 E RobotCore:     at com.ftdi.j2xx.FT_Device.read(FT_Device.java:666)
02-05 12:29:18.056 17567 17632 E RobotCore:     at com.qualcomm.robotcore.hardware.usb.ftdi.RobotUsbDeviceFtdi.read(RobotUsbDeviceFtdi.java:211)
02-05 12:29:18.056 17567 17628 V RobotUsbDeviceFtdi: closing AL00VBY8
