02-05 12:31:36.763 18159 18208 D MediaCodec:    int32_t channel-mask = 0
02-05 12:31:36.763 18159 18208 D MediaCodec:  }
02-05 12:31:36.765 18159 18208 I MediaCodec: (0xb760f538) start
02-05 12:31:36.765 18159 18242 I MediaCodec: (0xb760f538) input buffers allocated
02-05 12:31:36.765 18159 18242 I MediaCodec: (0xb760f538) numBuffers (4)
02-05 12:31:36.766 18159 18242 I MediaCodec: (0xb760f538) output buffers allocated
02-05 12:31:36.766 18159 18242 I MediaCodec: (0xb760f538) numBuffers (4)
02-05 12:31:36.768 18159 18242 I MediaCodec: (0xb760f538) codec output format changed
02-05 12:31:36.768 18159 18242 D MediaCodec: (0xb760f538) output format: AMessage(what = 'codc', target = 6) = {
02-05 12:31:36.768 18159 18242 D MediaCodec:    string mime = "audio/raw"
02-05 12:31:36.768 18159 18242 D MediaCodec:    int32_t channel-count = 1
02-05 12:31:36.768 18159 18242 D MediaCodec:    int32_t sample-rate = 8000
02-05 12:31:36.768 18159 18242 D MediaCodec:    int32_t channel-mask = 0
02-05 12:31:36.768 18159 18242 D MediaCodec:    int32_t what = 1869968451
02-05 12:31:36.768 18159 18242 D MediaCodec:  }
02-05 12:31:36.770 18159 18208 I MediaCodec: (0xb760f538) stop
02-05 12:31:36.772 18159 18208 I MediaCodec: (0xb760f538) release
02-05 12:31:36.788 18159 18203 V Robocol : received command: CMD_INIT_OP_MODE_RESP(57) $Stop$Robot$
02-05 12:31:36.801 18159 18210 W AudioTrack: AUDIO_OUTPUT_FLAG_FAST denied by client; transfer 4, track 8000 Hz, output 48000 Hz
02-05 12:31:36.974 18159 18237 I RobotCore: robot battery read duration: n=4, mean=0.012ms sd=0.017ms
02-05 12:31:56.991 18159 18203 V Robocol : received command: CMD_INIT_OP_MODE(10316) $Stop$Robot$
02-05 12:31:57.112 18159 18237 I RobotCore: Attempting to switch to op mode $Stop$Robot$
02-05 12:31:57.155 18159 18206 V Robocol : sending CMD_INIT_OP_MODE_RESP(358), attempt: 0
02-05 12:31:57.188 18159 18203 V Robocol : received command: CMD_INIT_OP_MODE_RESP(358) $Stop$Robot$
02-05 12:31:59.948 18159 18203 V Robocol : received command: CMD_INIT_OP_MODE(10358) AutonomousColorVerify
02-05 12:31:59.952 18159 18237 I RobotCore: Attempting to switch to op mode AutonomousColorVerify
02-05 12:32:00.071 18159 18247 V RobotCore: thread: 'LinearOpMode main' starting...
02-05 12:32:00.075 18159 18206 V Robocol : sending CMD_INIT_OP_MODE_RESP(404), attempt: 0
02-05 12:32:00.083 18159 18247 I FIRST   : ftc9773: getDistanceLeft(): key = distanceBetweenLeftAndODS, value=11.000000
02-05 12:32:00.083 18159 18247 I FIRST   : ftc9773: getDistanceRight(): key = distanceBetweenRightAndODS, value=4.000000
02-05 12:32:00.083 18159 18247 I FIRST   : ftc9773: getDistanceBetweenWheels(): key = distanceBetweenWheels, value=15.500000
02-05 12:32:00.083 18159 18247 I FIRST   : ftc9773: distanceBetweenWheels=15.500000
02-05 12:32:00.084 18159 18247 I FIRST   : ftc9773: Initialized the Instrumentation object
02-05 12:32:00.084 18159 18247 I FIRST   : ftc9773: driveSysName = 4Motor6WDSteering
02-05 12:32:00.086 18159 18247 I FIRST   : ftc9773: driveSysName=4Motor6WDSteering
02-05 12:32:00.089 18159 18247 I FIRST   : ftc9773: wheel diameter = 4.000000
02-05 12:32:00.089 18159 18247 I FIRST   : ftc9773: maxSpeedCPS = 4000
02-05 12:32:00.109 18159 18203 V Robocol : received command: CMD_INIT_OP_MODE_RESP(404) AutonomousColorVerify
02-05 12:32:00.179 18159 18247 I FIRST   : ftc9773: max speed CPS = 4000
02-05 12:32:00.179 18159 18247 I FIRST   : ftc9773: Length of attachs array = 5
02-05 12:32:00.216 18159 18247 I FIRST   : ftc9773: capBallLiftObj created
02-05 12:32:00.228 18159 18247 I FIRST   : ftc9773: buttonServoSpeed=3.200000, strokeLength=14.000000
02-05 12:32:00.228 18159 18247 I FIRST   : ftc9773: beaconClaimObj created
02-05 12:32:00.229 18159 18247 I FIRST   : ftc9773: Reversing the particle release servo
02-05 12:32:00.252 18159 18247 I FIRST   : ftc9773: particleObj created
02-05 12:32:00.267 18159 18247 I FIRST   : ftc9773: harvesterObj created
02-05 12:32:00.322 18159 18247 I FIRST   : ftc9773: partAccObj created
02-05 12:32:00.325 18159 18247 I FIRST   : ftc9773: getLFvariableDouble(): key = lowSpeed, value=0.400000
02-05 12:32:00.325 18159 18247 I FIRST   : ftc9773: getLFvariableDouble(): key = highSpeed, value=0.900000
02-05 12:32:00.325 18159 18247 I FIRST   : ftc9773: getLFvariableDouble(): key = timeOut, value=4.000000
02-05 12:32:00.325 18159 18247 I FIRST   : ftc9773: getLFvariableDouble(): key = white, value=0.722385
02-05 12:32:00.325 18159 18247 I FIRST   : ftc9773: getLFvariableDouble(): key = black, value=0.108504
02-05 12:32:00.326 18159 18247 I FIRST   : ftc9773: sensorName=ods, lowSpeed=0.400000, highSpeed=0.900000, timeoutNanoSec=4000000000
02-05 12:32:00.327 18159 18247 I FIRST   : ftc9773: Kp = 0.500000, odsOffset=0.733333
02-05 12:32:00.328 18159 18247 I FIRST   : ftc9773: dimName=dim2, portNum=5
02-05 12:32:00.329 18159 18247 I FIRST   : ftc9773: still calibating navx....
02-05 12:32:00.329 18159 18247 I FIRST   : ftc9773: Current yaw = 0.000000
02-05 12:32:00.353 18159 18247 I FIRST   : ftc9773: Done with robot initialization.  Current Voltage = 12.842229
02-05 12:32:00.355 18159 18247 I FIRST   : ftc9773: Applications external storage directory=/storage/emulated/0/Android/data/com.qualcomm.ftcrobotcontroller/files
02-05 12:32:03.803 18159 18203 V Robocol : received command: CMD_RUN_OP_MODE(10398) AutonomousColorVerify
02-05 12:32:03.807 18159 18247 I FIRST   : ftc9773: Starting delay = 0 seconds
02-05 12:32:03.835 18159 18206 V Robocol : sending CMD_RUN_OP_MODE_RESP(445), attempt: 0
02-05 12:32:03.867 18159 18203 V Robocol : received command: CMD_RUN_OP_MODE_RESP(445) AutonomousColorVerify
02-05 12:32:04.007 18159 18247 I FIRST   : ftc9773: i=0
02-05 12:32:04.007 18159 18247 I FIRST   : ftc9773: Invoking method: verifyBeaconColor
02-05 12:32:04.008 18159 18247 I FIRST   : ftc9773: red value = 0, blue value = 0
02-05 12:32:04.008 18159 18247 I FIRST   : ftc9773: Closing all the file objects
02-05 12:32:04.008 18159 18247 I FIRST   : ftc9773: Instrumentation: Closing navxDegrees fileobj
02-05 12:32:04.008 18159 18247 I FIRST   : ftc9773: Instrumentation: Closing rangeSensor fileobj
02-05 12:32:04.009 18159 18247 I FIRST   : ftc9773: Instrumentation: Closing loopRuntime fileobj
02-05 12:32:04.009 18159 18247 I FIRST   : ftc9773: Instrumentation: Closing loopRuntime fileobj
02-05 12:32:04.009 18159 18247 I FIRST   : ftc9773: Instrumentation: Closing loopRuntime fileobj
02-05 12:32:04.089 18159 18247 V RobotCore: waiting for service user linear op mode
02-05 12:32:04.089 18159 18247 V RobotCore: thread: ...terminating 'LinearOpMode main'
02-05 12:32:04.092 18159 18237 I FIRST   : auto-stopping OpMode 'AutonomousColorVerify'
02-05 12:32:04.092 18159 18237 V RobotCore: executive service user linear op mode is terminated
02-05 12:32:04.092 18159 18237 V RobotCore: executive service user linear op mode is terminated
02-05 12:32:04.092 18159 18237 I RobotCore: Attempting to switch to op mode $Stop$Robot$
02-05 12:32:04.195 18159 18206 V Robocol : sending CMD_INIT_OP_MODE_RESP(454), attempt: 0
02-05 12:32:04.273 18159 18203 V Robocol : received command: CMD_INIT_OP_MODE_RESP(454) $Stop$Robot$
02-05 12:32:04.273 18159 18203 V Robocol : received command: CMD_RUN_OP_MODE(10409) $Stop$Robot$
02-05 12:32:04.315 18159 18206 V Robocol : sending CMD_RUN_OP_MODE_RESP(460), attempt: 0
02-05 12:32:04.348 18159 18203 V Robocol : received command: CMD_RUN_OP_MODE_RESP(460) $Stop$Robot$
02-05 12:32:05.108 18159 18203 V Robocol : received command: CMD_INIT_OP_MODE(10424) AutonomousColorVerify
02-05 12:32:05.201 18159 18237 I RobotCore: Attempting to switch to op mode AutonomousColorVerify
02-05 12:32:05.595 18159 18206 V Robocol : sending CMD_INIT_OP_MODE_RESP(483), attempt: 0
02-05 12:32:05.595 18159 18249 V RobotCore: thread: 'LinearOpMode main' starting...
02-05 12:32:05.601 18159 18249 I FIRST   : ftc9773: getDistanceLeft(): key = distanceBetweenLeftAndODS, value=11.000000
02-05 12:32:05.601 18159 18249 I FIRST   : ftc9773: getDistanceRight(): key = distanceBetweenRightAndODS, value=4.000000
02-05 12:32:05.601 18159 18249 I FIRST   : ftc9773: getDistanceBetweenWheels(): key = distanceBetweenWheels, value=15.500000
02-05 12:32:05.601 18159 18249 I FIRST   : ftc9773: distanceBetweenWheels=15.500000
02-05 12:32:05.601 18159 18249 I FIRST   : ftc9773: Initialized the Instrumentation object
02-05 12:32:05.601 18159 18249 I FIRST   : ftc9773: driveSysName = 4Motor6WDSteering
02-05 12:32:05.604 18159 18249 I FIRST   : ftc9773: driveSysName=4Motor6WDSteering
02-05 12:32:05.607 18159 18249 I FIRST   : ftc9773: wheel diameter = 4.000000
02-05 12:32:05.608 18159 18249 I FIRST   : ftc9773: maxSpeedCPS = 4000
02-05 12:32:05.628 18159 18203 V Robocol : received command: CMD_INIT_OP_MODE_RESP(483) AutonomousColorVerify
02-05 12:32:05.723 18159 18249 I FIRST   : ftc9773: max speed CPS = 4000
02-05 12:32:05.724 18159 18249 I FIRST   : ftc9773: Length of attachs array = 5
02-05 12:32:05.781 18159 18249 I FIRST   : ftc9773: capBallLiftObj created
02-05 12:32:05.794 18159 18249 I FIRST   : ftc9773: buttonServoSpeed=3.200000, strokeLength=14.000000
02-05 12:32:05.794 18159 18249 I FIRST   : ftc9773: beaconClaimObj created
02-05 12:32:05.794 18159 18249 I FIRST   : ftc9773: Reversing the particle release servo
02-05 12:32:05.823 18159 18249 I FIRST   : ftc9773: particleObj created
02-05 12:32:05.846 18159 18249 I FIRST   : ftc9773: harvesterObj created
02-05 12:32:05.874 18159 18249 I FIRST   : ftc9773: partAccObj created
02-05 12:32:05.877 18159 18249 I FIRST   : ftc9773: getLFvariableDouble(): key = lowSpeed, value=0.400000
02-05 12:32:05.877 18159 18249 I FIRST   : ftc9773: getLFvariableDouble(): key = highSpeed, value=0.900000
02-05 12:32:05.877 18159 18249 I FIRST   : ftc9773: getLFvariableDouble(): key = timeOut, value=4.000000
02-05 12:32:05.877 18159 18249 I FIRST   : ftc9773: getLFvariableDouble(): key = white, value=0.722385
02-05 12:32:05.877 18159 18249 I FIRST   : ftc9773: getLFvariableDouble(): key = black, value=0.108504
02-05 12:32:05.878 18159 18249 I FIRST   : ftc9773: sensorName=ods, lowSpeed=0.400000, highSpeed=0.900000, timeoutNanoSec=4000000000
02-05 12:32:05.878 18159 18249 I FIRST   : ftc9773: Kp = 0.500000, odsOffset=0.733333
02-05 12:32:05.878 18159 18249 I FIRST   : ftc9773: dimName=dim2, portNum=5
02-05 12:32:05.878 18159 18249 I FIRST   : ftc9773: Done with calibrating navx
02-05 12:32:05.878 18159 18249 I FIRST   : ftc9773: Current yaw = 28.980000
02-05 12:32:05.895 18159 18249 I FIRST   : ftc9773: Done with robot initialization.  Current Voltage = 12.842229
02-05 12:32:05.895 18159 18249 I FIRST   : ftc9773: Applications external storage directory=/storage/emulated/0/Android/data/com.qualcomm.ftcrobotcontroller/files
02-05 12:32:06.390 18159 18203 V Robocol : received command: CMD_RUN_OP_MODE(10442) AutonomousColorVerify
02-05 12:32:06.397 18159 18249 I FIRST   : ftc9773: Starting delay = 0 seconds
02-05 12:32:06.435 18159 18206 V Robocol : sending CMD_RUN_OP_MODE_RESP(497), attempt: 0
02-05 12:32:06.468 18159 18203 V Robocol : received command: CMD_RUN_OP_MODE_RESP(497) AutonomousColorVerify
02-05 12:32:06.597 18159 18249 I FIRST   : ftc9773: i=0
02-05 12:32:06.597 18159 18249 I FIRST   : ftc9773: Invoking method: verifyBeaconColor
02-05 12:32:06.598 18159 18249 I FIRST   : ftc9773: red value = 0, blue value = 0
02-05 12:32:06.598 18159 18249 I FIRST   : ftc9773: Closing all the file objects
02-05 12:32:06.598 18159 18249 I FIRST   : ftc9773: Instrumentation: Closing navxDegrees fileobj
02-05 12:32:06.598 18159 18249 I FIRST   : ftc9773: Instrumentation: Closing rangeSensor fileobj
02-05 12:32:06.598 18159 18249 I FIRST   : ftc9773: Instrumentation: Closing loopRuntime fileobj
02-05 12:32:06.598 18159 18249 I FIRST   : ftc9773: Instrumentation: Closing loopRuntime fileobj
02-05 12:32:06.598 18159 18249 I FIRST   : ftc9773: Instrumentation: Closing loopRuntime fileobj
02-05 12:32:06.650 18159 18249 V RobotCore: waiting for service user linear op mode
02-05 12:32:06.650 18159 18249 V RobotCore: thread: ...terminating 'LinearOpMode main'
02-05 12:32:06.654 18159 18237 I FIRST   : auto-stopping OpMode 'AutonomousColorVerify'
02-05 12:32:06.654 18159 18237 V RobotCore: executive service user linear op mode is terminated
02-05 12:32:06.656 18159 18237 V RobotCore: executive service user linear op mode is terminated
02-05 12:32:06.656 18159 18237 I RobotCore: Attempting to switch to op mode $Stop$Robot$
02-05 12:32:06.715 18159 18206 V Robocol : sending CMD_INIT_OP_MODE_RESP(504), attempt: 0
02-05 12:32:06.748 18159 18203 V Robocol : received command: CMD_INIT_OP_MODE_RESP(504) $Stop$Robot$
02-05 12:32:06.749 18159 18203 V Robocol : received command: CMD_RUN_OP_MODE(10452) $Stop$Robot$
02-05 12:32:06.795 18159 18206 V Robocol : sending CMD_RUN_OP_MODE_RESP(510), attempt: 0
02-05 12:32:06.828 18159 18203 V Robocol : received command: CMD_RUN_OP_MODE_RESP(510) $Stop$Robot$
02-05 12:32:49.468 18159 18203 V Robocol : received command: CMD_INIT_OP_MODE(10984) $Stop$Robot$
02-05 12:32:49.472 18159 18237 I RobotCore: Attempting to switch to op mode $Stop$Robot$
02-05 12:32:49.475 18159 18206 V Robocol : sending CMD_INIT_OP_MODE_RESP(1084), attempt: 0
02-05 12:32:49.508 18159 18203 V Robocol : received command: CMD_INIT_OP_MODE_RESP(1084) $Stop$Robot$
02-05 12:32:49.509 18159 18203 V Robocol : received command: CMD_RUN_OP_MODE(10990) $Stop$Robot$
02-05 12:32:49.555 18159 18206 V Robocol : sending CMD_RUN_OP_MODE_RESP(1089), attempt: 0
02-05 12:32:49.588 18159 18203 V Robocol : received command: CMD_RUN_OP_MODE_RESP(1089) $Stop$Robot$
02-05 12:34:32.843 18159 18159 I RobotCore: Battery Checker, Level Remaining: 75.0
02-05 12:34:32.844 18159 18159 I RobotCore: Battery Checker, Level Remaining: 75.0
02-05 12:34:37.029 18159 18237 I RobotCore: robot battery read duration: n=10, mean=0.006ms sd=0.004ms
02-05 12:34:57.538 18159 18203 V Robocol : received command: CMD_INIT_OP_MODE(12336) $Stop$Robot$
02-05 12:34:57.568 18159 18237 I RobotCore: Attempting to switch to op mode $Stop$Robot$
02-05 12:34:57.595 18159 18206 V Robocol : sending CMD_INIT_OP_MODE_RESP(2533), attempt: 0
02-05 12:34:57.616 18159 18203 V Robocol : received command: CMD_INIT_OP_MODE_RESP(2533) $Stop$Robot$
02-05 12:34:57.616 18159 18203 V Robocol : received command: CMD_RUN_OP_MODE(12341) $Stop$Robot$
02-05 12:34:57.635 18159 18206 V Robocol : sending CMD_RUN_OP_MODE_RESP(2540), attempt: 0
02-05 12:34:57.656 18159 18203 V Robocol : received command: CMD_RUN_OP_MODE_RESP(2540) $Stop$Robot$
02-05 12:34:59.894 18159 18203 V Robocol : received command: CMD_INIT_OP_MODE(12375) AutonomousBlue
02-05 12:34:59.907 18159 18237 I RobotCore: Attempting to switch to op mode AutonomousBlue
02-05 12:35:00.219 18159 18251 V RobotCore: thread: 'LinearOpMode main' starting...
02-05 12:35:00.221 18159 18251 W System.err: org.json.JSONException: No value for enableBackGroundTasks
02-05 12:35:00.223 18159 18251 W System.err: 	at org.json.JSONObject.get(JSONObject.java:389)
02-05 12:35:00.223 18159 18251 W System.err: 	at org.json.JSONObject.getBoolean(JSONObject.java:410)
02-05 12:35:00.223 18159 18251 W System.err: 	at org.firstinspires.ftc.teamcode.opmodes.AutonomousBlue.runOpMode(AutonomousBlue.java:36)
02-05 12:35:00.223 18159 18251 W System.err: 	at com.qualcomm.robotcore.eventloop.opmode.LinearOpMode$LinearOpModeHelper$1.run(LinearOpMode.java:303)
02-05 12:35:00.223 18159 18251 W System.err: 	at com.qualcomm.robotcore.util.ThreadPool.logThreadLifeCycle(ThreadPool.java:513)
02-05 12:35:00.223 18159 18251 W System.err: 	at com.qualcomm.robotcore.eventloop.opmode.LinearOpMode$LinearOpModeHelper.run(LinearOpMode.java:298)
02-05 12:35:00.223 18159 18251 W System.err: 	at java.util.concurrent.ThreadPoolExecutor.runWorker(ThreadPoolExecutor.java:1113)
02-05 12:35:00.223 18159 18251 W System.err: 	at java.util.concurrent.ThreadPoolExecutor$Worker.run(ThreadPoolExecutor.java:588)
02-05 12:35:00.223 18159 18251 W System.err: 	at java.lang.Thread.run(Thread.java:818)
02-05 12:35:00.228 18159 18251 I FIRST   : ftc9773: getDistanceLeft(): key = distanceBetweenLeftAndODS, value=11.000000
02-05 12:35:00.229 18159 18251 I FIRST   : ftc9773: getDistanceRight(): key = distanceBetweenRightAndODS, value=4.000000
02-05 12:35:00.229 18159 18251 I FIRST   : ftc9773: getDistanceBetweenWheels(): key = distanceBetweenWheels, value=15.500000
02-05 12:35:00.229 18159 18251 I FIRST   : ftc9773: distanceBetweenWheels=15.500000
02-05 12:35:00.229 18159 18251 I FIRST   : ftc9773: Initialized the Instrumentation object
02-05 12:35:00.229 18159 18251 I FIRST   : ftc9773: driveSysName = 4Motor6WDSteering
02-05 12:35:00.231 18159 18251 I FIRST   : ftc9773: driveSysName=4Motor6WDSteering
02-05 12:35:00.235 18159 18206 V Robocol : sending CMD_INIT_OP_MODE_RESP(2581), attempt: 0
02-05 12:35:00.236 18159 18251 I FIRST   : ftc9773: wheel diameter = 4.000000
02-05 12:35:00.236 18159 18251 I FIRST   : ftc9773: maxSpeedCPS = 4000
02-05 12:35:00.255 18159 18203 V Robocol : received command: CMD_INIT_OP_MODE_RESP(2581) AutonomousBlue
02-05 12:35:00.343 18159 18251 I FIRST   : ftc9773: max speed CPS = 4000
02-05 12:35:00.344 18159 18251 I FIRST   : ftc9773: Length of attachs array = 5
02-05 12:35:00.397 18159 18251 I FIRST   : ftc9773: capBallLiftObj created
02-05 12:35:00.432 18159 18251 I FIRST   : ftc9773: buttonServoSpeed=3.200000, strokeLength=14.000000
02-05 12:35:00.432 18159 18251 I FIRST   : ftc9773: beaconClaimObj created
02-05 12:35:00.432 18159 18251 I FIRST   : ftc9773: Reversing the particle release servo
02-05 12:35:00.460 18159 18251 I FIRST   : ftc9773: particleObj created
02-05 12:35:00.479 18159 18251 I FIRST   : ftc9773: harvesterObj created
02-05 12:35:00.505 18159 18251 I FIRST   : ftc9773: partAccObj created
02-05 12:35:00.507 18159 18251 I FIRST   : ftc9773: getLFvariableDouble(): key = lowSpeed, value=0.400000
02-05 12:35:00.507 18159 18251 I FIRST   : ftc9773: getLFvariableDouble(): key = highSpeed, value=0.900000
02-05 12:35:00.509 18159 18251 I FIRST   : ftc9773: getLFvariableDouble(): key = timeOut, value=4.000000
02-05 12:35:00.509 18159 18251 I FIRST   : ftc9773: getLFvariableDouble(): key = white, value=0.722385
02-05 12:35:00.509 18159 18251 I FIRST   : ftc9773: getLFvariableDouble(): key = black, value=0.108504
02-05 12:35:00.509 18159 18251 I FIRST   : ftc9773: sensorName=ods, lowSpeed=0.400000, highSpeed=0.900000, timeoutNanoSec=4000000000
02-05 12:35:00.509 18159 18251 I FIRST   : ftc9773: Kp = 0.500000, odsOffset=0.733333
02-05 12:35:00.509 18159 18251 I FIRST   : ftc9773: dimName=dim2, portNum=5
02-05 12:35:00.509 18159 18251 I FIRST   : ftc9773: Done with calibrating navx
02-05 12:35:00.510 18159 18251 I FIRST   : ftc9773: Current yaw = 322.090000
02-05 12:35:00.555 18159 18251 I FIRST   : ftc9773: Done with robot initialization.  Current Voltage = 12.842229
02-05 12:35:00.555 18159 18251 I FIRST   : ftc9773: Applications external storage directory=/storage/emulated/0/Android/data/com.qualcomm.ftcrobotcontroller/files
02-05 12:36:00.534 18159 18203 V Robocol : received command: CMD_RUN_OP_MODE(12900) AutonomousBlue
02-05 12:36:00.538 18159 18251 I FIRST   : ftc9773: Starting delay = 0 seconds
02-05 12:36:00.555 18159 18206 V Robocol : sending CMD_RUN_OP_MODE_RESP(3160), attempt: 0
02-05 12:36:00.580 18159 18203 V Robocol : received command: CMD_RUN_OP_MODE_RESP(3160) AutonomousBlue
02-05 12:36:00.738 18159 18251 I FIRST   : ftc9773: i=0
02-05 12:36:00.738 18159 18251 I FIRST   : ftc9773: Invoking method: startPartAcc
02-05 12:36:00.738 18159 18251 I FIRST   : ftc9773: i=1
02-05 12:36:00.738 18159 18251 I FIRST   : ftc9773: Invoking method: GoStraightToDistance
02-05 12:36:00.738 18159 18251 I FIRST   : ftc9773: Degrees: 0.000000, inches: 22.000000, motorSpeed: 0.750000
02-05 12:36:00.739 18159 18251 I FIRST   : ftc9773: In reset(): encoder counts: L1=-87, L2=-90, R1=31, R2=31
02-05 12:36:00.739 18159 18251 I FIRST   : ftc9773: Navx is working
02-05 12:36:01.360 18159 18251 I FIRST   : ftc9773: Starting time=11003328.138291, minDistance=0.000000, maxDistance=0.000000, avgDistance=0.000000, count=1, runningAvg=0.000000
02-05 12:36:01.361 18159 18251 I FIRST   : ftc9773: totalTime=620.676155, minTime=620.676155, avgTime=620.676155, maxTime=620.676155, count=1
02-05 12:36:01.361 18159 18251 I FIRST   : ftc9773: Starting time=11003328.180062, minDegrees=1.080000, maxDegrees=1.080000, avgDegreese=1.080000, count=1, updateCount=6934.000000
02-05 12:36:01.361 18159 18251 I FIRST   : 2 Sensor Rate (Hz)...50
02-05 12:36:01.361 18159 18251 I FIRST   : 3 Transfer Rate (Hz). 29
02-05 12:36:01.361 18159 18251 I FIRST   : 4 Delivvered Rate (Hz) 0
02-05 12:36:01.361 18159 18251 I FIRST   : 5 Missed Samples..... 0
02-05 12:36:01.361 18159 18251 I FIRST   : 6 Duplicate Samples.. 39
02-05 12:36:01.361 18159 18251 I FIRST   : 7 Sensor deltaT (ms). 0
02-05 12:36:01.361 18159 18251 I FIRST   : 8 System deltaT (ms). 0
02-05 12:36:01.362 18159 18251 I FIRST   : ftc9773: Closing all the file objects
02-05 12:36:01.362 18159 18251 I FIRST   : ftc9773: Instrumentation: Closing navxDegrees fileobj
02-05 12:36:01.362 18159 18251 I FIRST   : ftc9773: Instrumentation: Closing rangeSensor fileobj
02-05 12:36:01.363 18159 18251 I FIRST   : ftc9773: Instrumentation: Closing loopRuntime fileobj
02-05 12:36:01.363 18159 18251 I FIRST   : ftc9773: Instrumentation: Closing loopRuntime fileobj
02-05 12:36:01.363 18159 18251 I FIRST   : ftc9773: Instrumentation: Closing loopRuntime fileobj
02-05 12:36:01.364 18159 18251 V RobotCore: waiting for service user linear op mode
02-05 12:36:01.364 18159 18251 V RobotCore: thread: ...terminating 'LinearOpMode main'
02-05 12:36:01.364 18159 18237 I FIRST   : auto-stopping OpMode 'AutonomousBlue'
02-05 12:36:01.365 18159 18237 V RobotCore: executive service user linear op mode is terminated
02-05 12:36:01.365 18159 18237 V RobotCore: executive service user linear op mode is terminated
02-05 12:36:01.365 18159 18237 I RobotCore: Attempting to switch to op mode $Stop$Robot$
02-05 12:36:01.475 18159 18206 V Robocol : sending CMD_INIT_OP_MODE_RESP(3172), attempt: 0
02-05 12:36:01.496 18159 18203 V Robocol : received command: CMD_INIT_OP_MODE_RESP(3172) $Stop$Robot$
02-05 12:36:01.498 18159 18203 V Robocol : received command: CMD_RUN_OP_MODE(12914) $Stop$Robot$
02-05 12:36:01.515 18159 18206 V Robocol : sending CMD_RUN_OP_MODE_RESP(3178), attempt: 0
02-05 12:36:01.579 18159 18203 V Robocol : received command: CMD_RUN_OP_MODE_RESP(3178) $Stop$Robot$
02-05 12:36:45.834 18159 18203 V Robocol : received command: CMD_INIT_OP_MODE(13464) AutonomousBlue
02-05 12:36:45.839 18159 18237 I RobotCore: Attempting to switch to op mode AutonomousBlue
02-05 12:36:46.194 18159 18252 V RobotCore: thread: 'LinearOpMode main' starting...
02-05 12:36:46.195 18159 18206 V Robocol : sending CMD_INIT_OP_MODE_RESP(3777), attempt: 0
02-05 12:36:46.196 18159 18252 W System.err: org.json.JSONException: No value for enableBackGroundTasks
02-05 12:36:46.196 18159 18252 W System.err: 	at org.json.JSONObject.get(JSONObject.java:389)
02-05 12:36:46.196 18159 18252 W System.err: 	at org.json.JSONObject.getBoolean(JSONObject.java:410)
02-05 12:36:46.196 18159 18252 W System.err: 	at org.firstinspires.ftc.teamcode.opmodes.AutonomousBlue.runOpMode(AutonomousBlue.java:36)
02-05 12:36:46.196 18159 18252 W System.err: 	at com.qualcomm.robotcore.eventloop.opmode.LinearOpMode$LinearOpModeHelper$1.run(LinearOpMode.java:303)
02-05 12:36:46.196 18159 18252 W System.err: 	at com.qualcomm.robotcore.util.ThreadPool.logThreadLifeCycle(ThreadPool.java:513)
02-05 12:36:46.196 18159 18252 W System.err: 	at com.qualcomm.robotcore.eventloop.opmode.LinearOpMode$LinearOpModeHelper.run(LinearOpMode.java:298)
02-05 12:36:46.196 18159 18252 W System.err: 	at java.util.concurrent.ThreadPoolExecutor.runWorker(ThreadPoolExecutor.java:1113)
02-05 12:36:46.196 18159 18252 W System.err: 	at java.util.concurrent.ThreadPoolExecutor$Worker.run(ThreadPoolExecutor.java:588)
02-05 12:36:46.196 18159 18252 W System.err: 	at java.lang.Thread.run(Thread.java:818)
02-05 12:36:46.199 18159 18252 I FIRST   : ftc9773: getDistanceLeft(): key = distanceBetweenLeftAndODS, value=11.000000
02-05 12:36:46.199 18159 18252 I FIRST   : ftc9773: getDistanceRight(): key = distanceBetweenRightAndODS, value=4.000000
02-05 12:36:46.199 18159 18252 I FIRST   : ftc9773: getDistanceBetweenWheels(): key = distanceBetweenWheels, value=15.500000
02-05 12:36:46.199 18159 18252 I FIRST   : ftc9773: distanceBetweenWheels=15.500000
02-05 12:36:46.199 18159 18252 I FIRST   : ftc9773: Initialized the Instrumentation object
02-05 12:36:46.199 18159 18252 I FIRST   : ftc9773: driveSysName = 4Motor6WDSteering
02-05 12:36:46.201 18159 18252 I FIRST   : ftc9773: driveSysName=4Motor6WDSteering
02-05 12:36:46.206 18159 18252 I FIRST   : ftc9773: wheel diameter = 4.000000
02-05 12:36:46.207 18159 18252 I FIRST   : ftc9773: maxSpeedCPS = 4000
02-05 12:36:46.216 18159 18203 V Robocol : received command: CMD_INIT_OP_MODE_RESP(3777) AutonomousBlue
02-05 12:36:46.330 18159 18252 I FIRST   : ftc9773: max speed CPS = 4000
02-05 12:36:46.330 18159 18252 I FIRST   : ftc9773: Length of attachs array = 5
02-05 12:36:46.399 18159 18252 I FIRST   : ftc9773: capBallLiftObj created
02-05 12:36:46.421 18159 18252 I FIRST   : ftc9773: buttonServoSpeed=3.200000, strokeLength=14.000000
02-05 12:36:46.421 18159 18252 I FIRST   : ftc9773: beaconClaimObj created
02-05 12:36:46.421 18159 18252 I FIRST   : ftc9773: Reversing the particle release servo
02-05 12:36:46.432 18159 18252 I FIRST   : ftc9773: particleObj created
02-05 12:36:46.454 18159 18252 I FIRST   : ftc9773: harvesterObj created
02-05 12:36:46.472 18159 18252 I FIRST   : ftc9773: partAccObj created
02-05 12:36:46.475 18159 18252 I FIRST   : ftc9773: getLFvariableDouble(): key = lowSpeed, value=0.400000
02-05 12:36:46.476 18159 18252 I FIRST   : ftc9773: getLFvariableDouble(): key = highSpeed, value=0.900000
02-05 12:36:46.476 18159 18252 I FIRST   : ftc9773: getLFvariableDouble(): key = timeOut, value=4.000000
02-05 12:36:46.476 18159 18252 I FIRST   : ftc9773: getLFvariableDouble(): key = white, value=0.722385
02-05 12:36:46.476 18159 18252 I FIRST   : ftc9773: getLFvariableDouble(): key = black, value=0.108504
02-05 12:36:46.476 18159 18252 I FIRST   : ftc9773: sensorName=ods, lowSpeed=0.400000, highSpeed=0.900000, timeoutNanoSec=4000000000
02-05 12:36:46.476 18159 18252 I FIRST   : ftc9773: Kp = 0.500000, odsOffset=0.733333
02-05 12:36:46.477 18159 18252 I FIRST   : ftc9773: dimName=dim2, portNum=5
02-05 12:36:46.477 18159 18252 I FIRST   : ftc9773: Done with calibrating navx
02-05 12:36:46.477 18159 18252 I FIRST   : ftc9773: Current yaw = 359.800000
02-05 12:36:46.490 18159 18252 I FIRST   : ftc9773: Done with robot initialization.  Current Voltage = 12.862170
02-05 12:36:46.490 18159 18252 I FIRST   : ftc9773: Applications external storage directory=/storage/emulated/0/Android/data/com.qualcomm.ftcrobotcontroller/files
02-05 12:36:46.655 18159 18203 V Robocol : received command: CMD_RUN_OP_MODE(13479) AutonomousBlue
02-05 12:36:46.658 18159 18252 I FIRST   : ftc9773: Starting delay = 0 seconds
02-05 12:36:46.675 18159 18206 V Robocol : sending CMD_RUN_OP_MODE_RESP(3788), attempt: 0
02-05 12:36:46.695 18159 18203 V Robocol : received command: CMD_RUN_OP_MODE_RESP(3788) AutonomousBlue
02-05 12:36:46.858 18159 18252 I FIRST   : ftc9773: i=0
02-05 12:36:46.858 18159 18252 I FIRST   : ftc9773: Invoking method: startPartAcc
02-05 12:36:46.859 18159 18252 I FIRST   : ftc9773: i=1
02-05 12:36:46.859 18159 18252 I FIRST   : ftc9773: Invoking method: GoStraightToDistance
02-05 12:36:46.859 18159 18252 I FIRST   : ftc9773: Degrees: 0.000000, inches: 22.000000, motorSpeed: 0.750000
02-05 12:36:46.859 18159 18252 I FIRST   : ftc9773: In reset(): encoder counts: L1=-62, L2=-53, R1=36, R2=45
02-05 12:36:46.859 18159 18252 I FIRST   : ftc9773: Navx is working
02-05 12:36:47.481 18159 18252 I FIRST   : ftc9773: Starting time=11049448.250281, minDistance=0.000000, maxDistance=0.000000, avgDistance=0.000000, count=1, runningAvg=0.000000
02-05 12:36:47.481 18159 18252 I FIRST   : ftc9773: totalTime=621.380166, minTime=621.380166, avgTime=621.380166, maxTime=621.380166, count=1
02-05 12:36:47.481 18159 18252 I FIRST   : ftc9773: Starting time=11049448.269136, minDegrees=4.860000, maxDegrees=4.860000, avgDegreese=4.860000, count=1, updateCount=8243.000000
02-05 12:36:47.482 18159 18252 I FIRST   : 2 Sensor Rate (Hz)...50
02-05 12:36:47.482 18159 18252 I FIRST   : 3 Transfer Rate (Hz). 27
02-05 12:36:47.482 18159 18252 I FIRST   : 4 Delivvered Rate (Hz) 0
02-05 12:36:47.482 18159 18252 I FIRST   : 5 Missed Samples..... 0
02-05 12:36:47.482 18159 18252 I FIRST   : 6 Duplicate Samples.. 46
02-05 12:36:47.482 18159 18252 I FIRST   : 7 Sensor deltaT (ms). 0
02-05 12:36:47.482 18159 18252 I FIRST   : 8 System deltaT (ms). 0
02-05 12:36:47.483 18159 18252 I FIRST   : ftc9773: Closing all the file objects
02-05 12:36:47.483 18159 18252 I FIRST   : ftc9773: Instrumentation: Closing navxDegrees fileobj
02-05 12:36:47.483 18159 18252 I FIRST   : ftc9773: Instrumentation: Closing rangeSensor fileobj
02-05 12:36:47.483 18159 18252 I FIRST   : ftc9773: Instrumentation: Closing loopRuntime fileobj
02-05 12:36:47.484 18159 18252 I FIRST   : ftc9773: Instrumentation: Closing loopRuntime fileobj
02-05 12:36:47.484 18159 18252 I FIRST   : ftc9773: Instrumentation: Closing loopRuntime fileobj
02-05 12:36:47.484 18159 18252 V RobotCore: waiting for service user linear op mode
02-05 12:36:47.484 18159 18252 V RobotCore: thread: ...terminating 'LinearOpMode main'
02-05 12:36:47.488 18159 18237 I FIRST   : auto-stopping OpMode 'AutonomousBlue'
02-05 12:36:47.488 18159 18237 V RobotCore: executive service user linear op mode is terminated
02-05 12:36:47.489 18159 18237 V RobotCore: executive service user linear op mode is terminated
02-05 12:36:47.489 18159 18237 I RobotCore: Attempting to switch to op mode $Stop$Robot$
02-05 12:36:47.595 18159 18206 V Robocol : sending CMD_INIT_OP_MODE_RESP(3800), attempt: 0
02-05 12:36:47.614 18159 18203 V Robocol : received command: CMD_INIT_OP_MODE_RESP(3800) $Stop$Robot$
02-05 12:36:47.615 18159 18203 V Robocol : received command: CMD_RUN_OP_MODE(13493) $Stop$Robot$
02-05 12:36:47.675 18159 18206 V Robocol : sending CMD_RUN_OP_MODE_RESP(3806), attempt: 0
02-05 12:36:47.695 18159 18203 V Robocol : received command: CMD_RUN_OP_MODE_RESP(3806) $Stop$Robot$
02-05 12:37:03.216 18159 18227 E FTDI_Device::: UsbConnection.requestWait() == null
02-05 12:37:03.217 18159 18214 E FTDI_Device::: UsbConnection.requestWait() == null
02-05 12:37:03.217 18159 18230 E FTDI_Device::: UsbConnection.requestWait() == null
02-05 12:37:03.218 18159 18159 D UsbDeviceConnectionJNI: close
02-05 12:37:03.218 18159 18217 D ProcessRequestThread::: Device has been closed.
02-05 12:37:03.218 18159 18217 W System.err: java.lang.InterruptedException
02-05 12:37:03.218 18159 18217 W System.err: 	at java.util.concurrent.locks.AbstractQueuedSynchronizer.doAcquireSharedInterruptibly(AbstractQueuedSynchronizer.java:972)
02-05 12:37:03.218 18159 18217 W System.err: 	at java.util.concurrent.locks.AbstractQueuedSynchronizer.acquireSharedInterruptibly(AbstractQueuedSynchronizer.java:1278)
02-05 12:37:03.218 18159 18217 W System.err: 	at java.util.concurrent.Semaphore.acquire(Semaphore.java:284)
02-05 12:37:03.218 18159 18217 W System.err: 	at com.ftdi.j2xx.ProcessInCtrl.acquireReadableBuffer(FT_Device.java:2294)
02-05 12:37:03.218 18159 18217 W System.err: 	at com.ftdi.j2xx.ProcessRequestWorker.run(FT_Device.java:2764)
02-05 12:37:03.218 18159 18217 W System.err: 	at java.lang.Thread.run(Thread.java:818)
02-05 12:37:03.219 18159 18233 E FTDI_Device::: UsbConnection.requestWait() == null
02-05 12:37:03.219 18159 18216 D BulkIn::: Stop BulkIn thread
02-05 12:37:03.219 18159 18216 W System.err: java.lang.NullPointerException: Attempt to invoke virtual method 'boolean com.ftdi.j2xx.InBuffer.acquired()' on a null object reference
02-05 12:37:03.219 18159 18216 W System.err: 	at com.ftdi.j2xx.ProcessInCtrl.releaseWritableBuffers(FT_Device.java:2675)
02-05 12:37:03.219 18159 18216 W System.err: 	at com.ftdi.j2xx.BulkInWorker.run(FT_Device.java:2879)
02-05 12:37:03.219 18159 18216 W System.err: 	at java.lang.Thread.run(Thread.java:818)
02-05 12:37:03.220 18159 18221 W RobotCore: error: closed: FT_Device.read()=-1
02-05 12:37:03.220 18159 18221 V RobotUsbDeviceFtdi: closing AL00VBY8
02-05 12:37:03.220 18159 18221 V RobotCore: thread: ...terminating 'r/w loop: Modern Robotics USB Core Device Interface Module [AL00VBY8]'
02-05 12:37:03.221 18159 18237 D RobotCore: system telemetry: key=$System$Warning$ msg="problem communicating with Modern Robotics USB Core Device Interface Module [AL00VBY8]"
02-05 12:37:03.222 18159 18237 V RobotCore: event loop: device has shutdown abnormally
02-05 12:37:03.222 18159 18237 V RobotCore: event loop: detaching device owner
02-05 12:37:03.222 18159 18237 I FIRST   : ======= MODULE DETACH RECOVERY: disarm Modern Robotics USB Core Device Interface Module [AL00VBY8]=======
02-05 12:37:03.222 18159 18237 V RobotCore: waiting for service ReadWriteRunnable for Modern Robotics USB Device
02-05 12:37:03.222 18159 18237 V RobotCore: awaitTermination returned, isTerminated=true
02-05 12:37:03.223 18159 18237 V RobotCore: executive service ReadWriteRunnable for Modern Robotics USB Device is terminated
02-05 12:37:03.223 18159 18237 V RobotUsbDeviceFtdi: closing AL00VBY8
02-05 12:37:03.223 18159 18237 I FIRST   : ======= MODULE DETACH RECOVERY: pretend Modern Robotics USB Core Device Interface Module [AL00VBY8]=======
02-05 12:37:03.223 18159 18237 V RobotCore: Starting up pretend device AL00VBY8
02-05 12:37:03.225 18159 18254 V RobotCore: thread: 'r/w loop: Modern Robotics USB Core Device Interface Module [AL00VBY8]' starting...
02-05 12:37:03.225 18159 18237 I FIRST   : ======= MODULE DETACH RECOVERY: complete Modern Robotics USB Core Device Interface Module [AL00VBY8]=======
02-05 12:37:03.229 18159 18254 V RobotCore: thread: ...terminating 'r/w loop: Modern Robotics USB Core Device Interface Module [AL00VBY8]'
02-05 12:37:03.230 18159 18159 D UsbDeviceConnectionJNI: close
02-05 12:37:03.231 18159 18223 D ProcessRequestThread::: Device has been closed.
02-05 12:37:03.231 18159 18223 W System.err: java.lang.InterruptedException
02-05 12:37:03.231 18159 18223 W System.err: 	at java.util.concurrent.locks.AbstractQueuedSynchronizer.doAcquireSharedInterruptibly(AbstractQueuedSynchronizer.java:972)
02-05 12:37:03.231 18159 18223 W System.err: 	at java.util.concurrent.locks.AbstractQueuedSynchronizer.acquireSharedInterruptibly(AbstractQueuedSynchronizer.java:1278)
02-05 12:37:03.231 18159 18223 W System.err: 	at java.util.concurrent.Semaphore.acquire(Semaphore.java:284)
02-05 12:37:03.231 18159 18223 W System.err: 	at com.ftdi.j2xx.ProcessInCtrl.acquireReadableBuffer(FT_Device.java:2294)
02-05 12:37:03.231 18159 18223 W System.err: 	at com.ftdi.j2xx.ProcessRequestWorker.run(FT_Device.java:2764)
02-05 12:37:03.231 18159 18223 W System.err: 	at java.lang.Thread.run(Thread.java:818)
02-05 12:37:03.233 18159 18254 E AndroidRuntime: FATAL EXCEPTION: r/w loop: Modern Robotics USB Core Device Interface Module [AL00VBY8]
02-05 12:37:03.233 18159 18254 E AndroidRuntime: Process: com.qualcomm.ftcrobotcontroller, PID: 18159
02-05 12:37:03.233 18159 18254 E AndroidRuntime: java.lang.ArrayIndexOutOfBoundsException: length=0; index=2
02-05 12:37:03.233 18159 18254 E AndroidRuntime: 	at com.kauailabs.navx.AHRSProtocol.decodeBinaryUint32(AHRSProtocol.java:685)
02-05 12:37:03.233 18159 18254 E AndroidRuntime: 	at com.kauailabs.navx.ftc.AHRS$navXIOThread.decodeNavxProcessedData(AHRS.java:1306)
02-05 12:37:03.233 18159 18254 E AndroidRuntime: 	at com.kauailabs.navx.ftc.AHRS$navXIOThread.ioComplete(AHRS.java:1052)
02-05 12:37:03.233 18159 18254 E AndroidRuntime: 	at com.kauailabs.navx.ftc.AHRS$DimI2cDeviceReader.portDone(AHRS.java:1688)
02-05 12:37:03.233 18159 18254 E AndroidRuntime: 	at com.kauailabs.navx.ftc.AHRS$DimI2cDeviceReader.access$600(AHRS.java:1513)
02-05 12:37:03.233 18159 18254 E AndroidRuntime: 	at com.kauailabs.navx.ftc.AHRS$DimI2cDeviceReader$1.portIsReady(AHRS.java:1546)
02-05 12:37:03.233 18159 18254 E AndroidRuntime: 	at com.qualcomm.robotcore.hardware.I2cDeviceImpl.portIsReady(I2cDeviceImpl.java:249)
02-05 12:37:03.233 18159 18254 E AndroidRuntime: 	at com.qualcomm.hardware.modernrobotics.ModernRoboticsUsbDeviceInterfaceModule.readComplete(ModernRoboticsUsbDeviceInterfaceModule.java:932)
02-05 12:37:03.233 18159 18254 E AndroidRuntime: 	at com.qualcomm.hardware.modernrobotics.comm.ReadWriteRunnableStandard$1.run(ReadWriteRunnableStandard.java:369)
02-05 12:37:03.233 18159 18254 E AndroidRuntime: 	at com.qualcomm.robotcore.util.ThreadPool.logThreadLifeCycle(ThreadPool.java:513)
02-05 12:37:03.233 18159 18254 E AndroidRuntime: 	at com.qualcomm.hardware.modernrobotics.comm.ReadWriteRunnableStandard.run(ReadWriteRunnableStandard.java:304)
02-05 12:37:03.233 18159 18254 E AndroidRuntime: 	at java.util.concurrent.ThreadPoolExecutor.runWorker(ThreadPoolExecutor.java:1113)
02-05 12:37:03.233 18159 18254 E AndroidRuntime: 	at java.util.concurrent.ThreadPoolExecutor$Worker.run(ThreadPoolExecutor.java:588)
02-05 12:37:03.233 18159 18254 E AndroidRuntime: 	at java.lang.Thread.run(Thread.java:818)
02-05 12:37:03.233 18159 18159 D UsbDeviceConnectionJNI: close
02-05 12:37:03.233 18159 18205 D ProcessRequestThread::: Device has been closed.
02-05 12:37:03.233 18159 18205 W System.err: java.lang.InterruptedException
02-05 12:37:03.234 18159 18214 W RobotCore: could not write to Modern Robotics USB Core Device Interface Module [AL00XKYB]: FTDI Null Pointer Exception
02-05 12:37:03.234 18159 18159 D UsbDeviceConnectionJNI: close
02-05 12:37:03.234 18159 18214 E RobotCore: java.lang.NullPointerException: Attempt to invoke interface method 'void java.util.concurrent.locks.Lock.unlock()' on a null object reference
02-05 12:37:03.234 18159 18228 D BulkIn::: Stop BulkIn thread
02-05 12:37:03.234 18159 18228 W System.err: java.lang.NullPointerException: Null reference used for synchronization (monitor-enter)
02-05 12:37:03.234 18159 18214 E RobotCore:     at com.ftdi.j2xx.ProcessInCtrl.readBulkInData(FT_Device.java:2520)
02-05 12:37:03.234 18159 18214 E RobotCore:     at com.ftdi.j2xx.FT_Device.read(FT_Device.java:666)
02-05 12:37:03.234 18159 18228 W System.err: 	at com.ftdi.j2xx.ProcessInCtrl.getBuffer(FT_Device.java:2269)
02-05 12:37:03.234 18159 18214 E RobotCore:     at com.qualcomm.robotcore.hardware.usb.ftdi.RobotUsbDeviceFtdi.read(RobotUsbDeviceFtdi.java:211)
02-05 12:37:03.234 18159 18228 W System.err: 	at com.ftdi.j2xx.ProcessInCtrl.releaseWritableBuffers(FT_Device.java:2675)
02-05 12:37:03.234 18159 18214 E RobotCore:     at com.qualcomm.hardware.modernrobotics.comm.ModernRoboticsReaderWriter.readIncomingBytes(ModernRoboticsReaderWriter.java:362)
02-05 12:37:03.234 18159 18228 W System.err: 	at com.ftdi.j2xx.BulkInWorker.run(FT_Device.java:2879)
02-05 12:37:03.234 18159 18214 E RobotCore:     at com.qualcomm.hardware.modernrobotics.comm.ModernRoboticsReaderWriter.readResponse(ModernRoboticsReaderWriter.java:313)
02-05 12:37:03.234 18159 18228 W System.err: 	at java.lang.Thread.run(Thread.java:818)
02-05 12:37:03.234 18159 18214 E RobotCore:     at com.qualcomm.hardware.modernrobotics.comm.ModernRoboticsReaderWriter.read(ModernRoboticsReaderWriter.java:179)
02-05 12:37:03.234 18159 18214 E RobotCore:     at com.qualcomm.hardware.modernrobotics.comm.ReadWriteRunnableStandard$1.run(ReadWriteRunnableStandard.java:344)
02-05 12:37:03.234 18159 18204 D BulkIn::: Stop BulkIn thread
02-05 12:37:03.234 18159 18214 E RobotCore:     at com.qualcomm.robotcore.util.ThreadPool.logThreadLifeCycle(ThreadPool.java:513)
02-05 12:37:03.234 18159 18214 E RobotCore:     at com.qualcomm.hardware.modernrobotics.comm.ReadWriteRunnableStandard.run(ReadWriteRunnableStandard.java:304)
02-05 12:37:03.234 18159 18204 W System.err: java.lang.NullPointerException: Attempt to invoke virtual method 'int com.ftdi.j2xx.D2xxManager$DriverParameters.getBufferNumber()' on a null object reference
02-05 12:37:03.234 18159 18214 E RobotCore:     at java.util.concurrent.ThreadPoolExecutor.runWorker(ThreadPoolExecutor.java:1113)
02-05 12:37:03.234 18159 18214 E RobotCore:     at java.util.concurrent.ThreadPoolExecutor$Worker.run(ThreadPoolExecutor.java:588)
02-05 12:37:03.234 18159 18204 W System.err: 	at com.ftdi.j2xx.ProcessInCtrl.releaseWritableBuffers(FT_Device.java:2672)
02-05 12:37:03.234 18159 18214 E RobotCore:     at java.lang.Thread.run(Thread.java:818)
02-05 12:37:03.234 18159 18204 W System.err: 	at com.ftdi.j2xx.BulkInWorker.run(FT_Device.java:2879)
02-05 12:37:03.234 18159 18204 W System.err: 	at java.lang.Thread.run(Thread.java:818)
02-05 12:37:03.234 18159 18214 V RobotUsbDeviceFtdi: closing AL00XKYB
02-05 12:37:03.234 18159 18214 V RobotCore:i2cSynch(USB AL00XKYB; port 2): onPortIsReadyCallbacksEnd ...
02-05 12:37:03.234 18159 18214 V RobotCore:i2cSynch(USB AL00XKYB; port 2): unhooking ...
02-05 12:37:03.234 18159 18214 V RobotCore: executive service I2c Heartbeat is terminated
02-05 12:37:03.235 18159 18214 V RobotCore:i2cSynch(USB AL00XKYB; port 2): ...unhooking complete
02-05 12:37:03.235 18159 18214 V RobotCore:i2cSynch(USB AL00XKYB; port 2): ... onPortIsReadyCallbacksEnd complete
02-05 12:37:03.235 18159 18214 V RobotCore: thread: ...terminating 'r/w loop: Modern Robotics USB Core Device Interface Module [AL00XKYB]'
02-05 12:37:03.235 18159 18205 W System.err: 	at java.util.concurrent.locks.AbstractQueuedSynchronizer.doAcquireSharedInterruptibly(AbstractQueuedSynchronizer.java:972)
02-05 12:37:03.235 18159 18205 W System.err: 	at java.util.concurrent.locks.AbstractQueuedSynchronizer.acquireSharedInterruptibly(AbstractQueuedSynchronizer.java:1278)
02-05 12:37:03.235 18159 18205 W System.err: 	at java.util.concurrent.Semaphore.acquire(Semaphore.java:284)
02-05 12:37:03.235 18159 18205 W System.err: 	at com.ftdi.j2xx.ProcessInCtrl.acquireReadableBuffer(FT_Device.java:2294)
02-05 12:37:03.235 18159 18205 W System.err: 	at com.ftdi.j2xx.ProcessRequestWorker.run(FT_Device.java:2764)
02-05 12:37:03.235 18159 18205 W System.err: 	at java.lang.Thread.run(Thread.java:818)
02-05 12:37:03.235 18159 18229 D ProcessRequestThread::: Device has been closed.
02-05 12:37:03.236 18159 18229 W System.err: java.lang.InterruptedException
02-05 12:37:03.236 18159 18229 W System.err: 	at java.util.concurrent.locks.AbstractQueuedSynchronizer.doAcquireSharedInterruptibly(AbstractQueuedSynchronizer.java:972)
02-05 12:37:03.236 18159 18229 W System.err: 	at java.util.concurrent.locks.AbstractQueuedSynchronizer.acquireSharedInterruptibly(AbstractQueuedSynchronizer.java:1278)
02-05 12:37:03.236 18159 18229 W System.err: 	at java.util.concurrent.Semaphore.acquire(Semaphore.java:284)
02-05 12:37:03.236 18159 18229 W System.err: 	at com.ftdi.j2xx.ProcessInCtrl.acquireReadableBuffer(FT_Device.java:2294)
02-05 12:37:03.236 18159 18229 W System.err: 	at com.ftdi.j2xx.ProcessRequestWorker.run(FT_Device.java:2764)
02-05 12:37:03.236 18159 18229 W System.err: 	at java.lang.Thread.run(Thread.java:818)
02-05 12:37:03.236 18159 18237 D RobotCore: system telemetry: key=$System$Warning$ msg="problem communicating with Modern Robotics USB Core Device Interface Module [AL00VBY8]; problem communicating with Modern Robotics USB Core Device Interface Module [AL00XKYB]"
02-05 12:37:03.236 18159 18237 V RobotCore: event loop: device has shutdown abnormally
02-05 12:37:03.236 18159 18237 V RobotCore: event loop: detaching device owner
02-05 12:37:03.236 18159 18237 I FIRST   : ======= MODULE DETACH RECOVERY: disarm Modern Robotics USB Core Device Interface Module [AL00XKYB]=======
02-05 12:37:03.237 18159 18224 W RobotCore: could not write to Modern Robotics USB Servo Controller [AL00XLTB]: FTDI Null Pointer Exception
02-05 12:37:03.237 18159 18224 E RobotCore: java.lang.NullPointerException: Attempt to invoke interface method 'void java.util.concurrent.locks.Lock.unlock()' on a null object reference
02-05 12:37:03.237 18159 18224 E RobotCore:     at com.ftdi.j2xx.ProcessInCtrl.readBulkInData(FT_Device.java:2520)
02-05 12:37:03.237 18159 18224 E RobotCore:     at com.ftdi.j2xx.FT_Device.read(FT_Device.java:666)
02-05 12:37:03.237 18159 18224 E RobotCore:     at com.qualcomm.robotcore.hardware.usb.ftdi.RobotUsbDeviceFtdi.read(RobotUsbDeviceFtdi.java:211)
02-05 12:37:03.237 18159 18224 E RobotCore:     at com.qualcomm.hardware.modernrobotics.comm.ModernRoboticsReaderWriter.readIncomingBytes(ModernRoboticsReaderWriter.java:362)
02-05 12:37:03.237 18159 18224 E RobotCore:     at com.qualcomm.hardware.modernrobotics.comm.ModernRoboticsReaderWriter.readResponse(ModernRoboticsReaderWriter.java:313)
02-05 12:37:03.237 18159 18224 E RobotCore:     at com.qualcomm.hardware.modernrobotics.comm.ModernRoboticsReaderWriter.read(ModernRoboticsReaderWriter.java:179)
02-05 12:37:03.237 18159 18224 E RobotCore:     at com.qualcomm.hardware.modernrobotics.comm.ReadWriteRunnableStandard$1.run(ReadWriteRunnableStandard.java:344)
02-05 12:37:03.237 18159 18224 E RobotCore:     at com.qualcomm.robotcore.util.ThreadPool.logThreadLifeCycle(ThreadPool.java:513)
02-05 12:37:03.238 18159 18230 W RobotCore: could not write to Modern Robotics USB DC Motor Controller [AL00VSAM]: FTDI Null Pointer Exception
02-05 12:37:03.238 18159 18230 E RobotCore: java.lang.NullPointerException: Attempt to invoke interface method 'void java.util.concurrent.locks.Lock.unlock()' on a null object reference
02-05 12:37:03.238 18159 18230 E RobotCore:     at com.ftdi.j2xx.ProcessInCtrl.readBulkInData(FT_Device.java:2520)
02-05 12:37:03.238 18159 18230 E RobotCore:     at com.ftdi.j2xx.FT_Device.read(FT_Device.java:666)
02-05 12:37:03.238 18159 18230 E RobotCore:     at com.qualcomm.robotcore.hardware.usb.ftdi.RobotUsbDeviceFtdi.read(RobotUsbDeviceFtdi.java:211)
02-05 12:37:03.238 18159 18224 E RobotCore:     at com.qualcomm.hardware.modernrobotics.comm.ReadWriteRunnableStandard.run(ReadWriteRunnableStandard.java:304)
02-05 12:37:03.238 18159 18224 E RobotCore:     at java.util.concurrent.ThreadPoolExecutor.runWorker(ThreadPoolExecutor.java:1113)
02-05 12:37:03.238 18159 18224 E RobotCore:     at java.util.concurrent.ThreadPoolExecutor$Worker.run(ThreadPoolExecutor.java:588)
02-05 12:37:03.238 18159 18224 E RobotCore:     at java.lang.Thread.run(Thread.java:818)
02-05 12:37:03.238 18159 18224 V RobotUsbDeviceFtdi: closing AL00XLTB
02-05 12:37:03.239 18159 18224 V RobotCore: thread: ...terminating 'r/w loop: Modern Robotics USB Servo Controller [AL00XLTB]'
02-05 12:37:03.239 18159 18230 E RobotCore:     at com.qualcomm.hardware.modernrobotics.comm.ModernRoboticsReaderWriter.readIncomingBytes(ModernRoboticsReaderWriter.java:362)
02-05 12:37:03.239 18159 18230 E RobotCore:     at com.qualcomm.hardware.modernrobotics.comm.ModernRoboticsReaderWriter.readResponse(ModernRoboticsReaderWriter.java:313)
02-05 12:37:03.239 18159 18230 E RobotCore:     at com.qualcomm.hardware.modernrobotics.comm.ModernRoboticsReaderWriter.read(ModernRoboticsReaderWriter.java:179)
02-05 12:37:03.239 18159 18230 E RobotCore:     at com.qualcomm.hardware.modernrobotics.comm.ReadWriteRunnableStandard$1.run(ReadWriteRunnableStandard.java:344)
02-05 12:37:03.239 18159 18230 E RobotCore:     at com.qualcomm.robotcore.util.ThreadPool.logThreadLifeCycle(ThreadPool.java:513)
02-05 12:37:03.239 18159 18230 E RobotCore:     at com.qualcomm.hardware.modernrobotics.comm.ReadWriteRunnableStandard.run(ReadWriteRunnableStandard.java:304)
02-05 12:37:03.239 18159 18230 E RobotCore:     at java.util.concurrent.ThreadPoolExecutor.runWorker(ThreadPoolExecutor.java:1113)
02-05 12:37:03.239 18159 18230 E RobotCore:     at java.util.concurrent.ThreadPoolExecutor$Worker.run(ThreadPoolExecutor.java:588)
02-05 12:37:03.239 18159 18230 E RobotCore:     at java.lang.Thread.run(Thread.java:818)
02-05 12:37:03.239 18159 18230 V RobotUsbDeviceFtdi: closing AL00VSAM
02-05 12:37:03.240 18159 18230 V RobotCore: thread: ...terminating 'r/w loop: Modern Robotics USB DC Motor Controller [AL00VSAM]'
02-05 12:37:03.240 18159 18237 V RobotCore: waiting for service ReadWriteRunnable for Modern Robotics USB Device
02-05 12:37:03.242 18159 18237 V RobotCore: awaitTermination returned, isTerminated=true
02-05 12:37:03.242 18159 18237 V RobotCore: executive service ReadWriteRunnable for Modern Robotics USB Device is terminated
02-05 12:37:03.242 18159 18237 V RobotUsbDeviceFtdi: closing AL00XKYB
02-05 12:37:03.242 18159 18237 I FIRST   : ======= MODULE DETACH RECOVERY: pretend Modern Robotics USB Core Device Interface Module [AL00XKYB]=======
02-05 12:37:03.242 18159 18237 V RobotCore: Starting up pretend device AL00XKYB
02-05 12:37:03.243 18159 18259 V RobotCore: thread: 'r/w loop: Modern Robotics USB Core Device Interface Module [AL00XKYB]' starting...
02-05 12:37:03.243 18159 18259 V RobotCore:i2cSynch(USB AL00XKYB; port 2): doPortIsReadyCallbackBeginWork ...
02-05 12:37:03.244 18159 18259 V RobotCore:i2cSynch(USB AL00XKYB; port 2): ... doPortIsReadyCallbackBeginWork complete
02-05 12:37:03.244 18159 18237 V RobotCore:i2cSynch(USB AL00XKYB; port 2): onPretending ...
02-05 12:37:03.244 18159 18237 V RobotCore:i2cSynch(USB AL00XKYB; port 2): doModuleIsArmedWork ...
02-05 12:37:03.244 18159 18237 V RobotCore:i2cSynch(USB AL00XKYB; port 2): hooking ...
02-05 12:37:03.244 18159 18237 V RobotCore:i2cSynch(USB AL00XKYB; port 2): ... hooking complete
02-05 12:37:03.244 18159 18237 V RobotCore:i2cSynch(USB AL00XKYB; port 2): ... doModuleIsArmedWork complete
02-05 12:37:03.244 18159 18237 V RobotCore:i2cSynch(USB AL00XKYB; port 2): ... onPretending
