02-05 12:29:18.897 17700 17700 W ps      : type=1400 audit(0.0:23733): avc: denied { search } for uid=10126 name="7" dev="proc" ino=83237 scontext=u:r:untrusted_app:s0:c512,c768 tcontext=u:r:kernel:s0 tclass=dir permissive=0
02-05 12:29:18.897 17700 17700 W ps      : type=1400 audit(0.0:23734): avc: denied { getattr } for uid=10126 path="/proc/8" dev="proc" ino=83238 scontext=u:r:untrusted_app:s0:c512,c768 tcontext=u:r:kernel:s0 tclass=dir permissive=0
02-05 12:29:18.897 17700 17700 W ps      : type=1400 audit(0.0:23735): avc: denied { search } for uid=10126 name="8" dev="proc" ino=83238 scontext=u:r:untrusted_app:s0:c512,c768 tcontext=u:r:kernel:s0 tclass=dir permissive=0
02-05 12:29:18.929 17567 17567 V RobotCore: Killing PID 17585
02-05 12:29:19.041 17567 17567 I Choreographer: Skipped 49 frames!  The application may be doing too much work on its main thread.
02-05 12:29:19.042 17567 17567 V FTCService: onUnbind()
02-05 12:29:19.042 17567 17567 V WifiDirect: There are 0 Wifi Direct Assistant Clients (-)
02-05 12:29:19.042 17567 17567 V WifiDirect: Disabling Wifi Direct Assistant
02-05 12:29:19.044 17567 17567 V Robocol : EventLoopManager.close()
02-05 12:29:19.045 17567 17567 V RobotCore: waiting for service ReceiveLoopService
02-05 12:29:19.153 17567 17611 V RobotCore: thread: ...terminating 'RecvLoopRunnable.run()'
02-05 12:29:19.154 17567 17567 V RobotCore: awaitTermination returned, isTerminated=true
02-05 12:29:19.154 17567 17567 V RobotCore: executive service ReceiveLoopService is terminated
02-05 12:29:19.154 17567 17567 V PeerDiscovery: Stopping peer discovery
02-05 12:29:19.154 17567 17567 D Robocol : RobocolDatagramSocket is closed
02-05 12:29:19.155 17567 17567 V FTCService: onDestroy()
02-05 12:29:19.157 17567 17567 E ActivityThread: Activity org.firstinspires.ftc.robotcontroller.internal.FtcRobotControllerActivity has leaked IntentReceiver com.qualcomm.analytics.Analytics@f22de1e that was originally registered here. Are you missing a call to unregisterReceiver()?
02-05 12:29:19.157 17567 17567 E ActivityThread: android.app.IntentReceiverLeaked: Activity org.firstinspires.ftc.robotcontroller.internal.FtcRobotControllerActivity has leaked IntentReceiver com.qualcomm.analytics.Analytics@f22de1e that was originally registered here. Are you missing a call to unregisterReceiver()?
02-05 12:29:19.157 17567 17567 E ActivityThread: 	at android.app.LoadedApk$ReceiverDispatcher.<init>(LoadedApk.java:918)
02-05 12:29:19.157 17567 17567 E ActivityThread: 	at android.app.LoadedApk.getReceiverDispatcher(LoadedApk.java:719)
02-05 12:29:19.157 17567 17567 E ActivityThread: 	at android.app.ContextImpl.registerReceiverInternal(ContextImpl.java:1172)
02-05 12:29:19.157 17567 17567 E ActivityThread: 	at android.app.ContextImpl.registerReceiver(ContextImpl.java:1152)
02-05 12:29:19.157 17567 17567 E ActivityThread: 	at android.app.ContextImpl.registerReceiver(ContextImpl.java:1146)
02-05 12:29:19.157 17567 17567 E ActivityThread: 	at android.content.ContextWrapper.registerReceiver(ContextWrapper.java:554)
02-05 12:29:19.157 17567 17567 E ActivityThread: 	at com.qualcomm.analytics.Analytics.register(SourceFile:209)
02-05 12:29:19.157 17567 17567 E ActivityThread: 	at com.qualcomm.analytics.Analytics.<init>(SourceFile:235)
02-05 12:29:19.157 17567 17567 E ActivityThread: 	at com.qualcomm.hardware.modernrobotics.comm.ModernRoboticsUsbUtil.init(ModernRoboticsUsbUtil.java:119)
02-05 12:29:19.157 17567 17567 E ActivityThread: 	at com.qualcomm.ftccommon.FtcEventLoop.init(FtcEventLoop.java:189)
02-05 12:29:19.157 17567 17567 E ActivityThread: 	at com.qualcomm.robotcore.eventloop.EventLoopManager.startEventLoop(EventLoopManager.java:571)
02-05 12:29:19.157 17567 17567 E ActivityThread: 	at com.qualcomm.robotcore.eventloop.EventLoopManager.setEventLoop(EventLoopManager.java:545)
02-05 12:29:19.157 17567 17567 E ActivityThread: 	at com.qualcomm.robotcore.eventloop.EventLoopManager.start(EventLoopManager.java:489)
02-05 12:29:19.157 17567 17567 E ActivityThread: 	at com.qualcomm.robotcore.robot.Robot.start(Robot.java:59)
02-05 12:29:19.157 17567 17567 E ActivityThread: 	at com.qualcomm.ftccommon.FtcRobotControllerService$RobotSetupRunnable$1.run(FtcRobotControllerService.java:186)
02-05 12:29:19.157 17567 17567 E ActivityThread: 	at com.qualcomm.robotcore.util.ThreadPool.logThreadLifeCycle(ThreadPool.java:513)
02-05 12:29:19.157 17567 17567 E ActivityThread: 	at com.qualcomm.ftccommon.FtcRobotControllerService$RobotSetupRunnable.run(FtcRobotControllerService.java:128)
02-05 12:29:19.157 17567 17567 E ActivityThread: 	at java.util.concurrent.ThreadPoolExecutor.runWorker(ThreadPoolExecutor.java:1113)
02-05 12:29:19.157 17567 17567 E ActivityThread: 	at java.util.concurrent.ThreadPoolExecutor$Worker.run(ThreadPoolExecutor.java:588)
02-05 12:29:19.157 17567 17567 E ActivityThread: 	at java.lang.Thread.run(Thread.java:818)
02-05 12:29:19.287 17567 17621 W AudioTrack: AUDIO_OUTPUT_FLAG_FAST denied by client; transfer 4, track 44100 Hz, output 48000 Hz
02-05 12:29:33.317 17567 17680 I Process : Sending signal. PID: 17567 SIG: 9
02-05 12:31:17.624 18099 18099 I art     : Late-enabling -Xcheck:jni
02-05 12:31:17.673 18099 18099 V RCActivity: onCreate()
02-05 12:31:17.679 18099 18112 V RobotCore: saving logcat to /storage/emulated/0/com.qualcomm.ftcrobotcontroller.logcat
02-05 12:31:17.679 18099 18112 V RobotCore: logging command line: logcat -f /storage/emulated/0/com.qualcomm.ftcrobotcontroller.logcat -r4096 -n4 -v threadtime UsbRequestJNI:S UsbRequest:S *:V
02-05 12:31:17.710 18099 18099 I WebViewFactory: Loading com.google.android.webview version 55.0.2883.91 (code 288309100)
02-05 12:31:17.719 18114 18114 W ps      : type=1400 audit(0.0:25048): avc: denied { getattr } for uid=10126 path="/proc/1" dev="proc" ino=83232 scontext=u:r:untrusted_app:s0:c512,c768 tcontext=u:r:init:s0 tclass=dir permissive=0
02-05 12:31:17.719 18114 18114 W ps      : type=1400 audit(0.0:25049): avc: denied { search } for uid=10126 name="1" dev="proc" ino=83232 scontext=u:r:untrusted_app:s0:c512,c768 tcontext=u:r:init:s0 tclass=dir permissive=0
02-05 12:31:17.719 18114 18114 W ps      : type=1400 audit(0.0:25050): avc: denied { search } for uid=10126 name="1" dev="proc" ino=83232 scontext=u:r:untrusted_app:s0:c512,c768 tcontext=u:r:init:s0 tclass=dir permissive=0
02-05 12:31:17.719 18114 18114 W ps      : type=1400 audit(0.0:25051): avc: denied { getattr } for uid=10126 path="/proc/2" dev="proc" ino=83233 scontext=u:r:untrusted_app:s0:c512,c768 tcontext=u:r:kernel:s0 tclass=dir permissive=0
02-05 12:31:17.719 18114 18114 W ps      : type=1400 audit(0.0:25052): avc: denied { search } for uid=10126 name="2" dev="proc" ino=83233 scontext=u:r:untrusted_app:s0:c512,c768 tcontext=u:r:kernel:s0 tclass=dir permissive=0
02-05 12:31:17.719 18114 18114 W ps      : type=1400 audit(0.0:25053): avc: denied { search } for uid=10126 name="2" dev="proc" ino=83233 scontext=u:r:untrusted_app:s0:c512,c768 tcontext=u:r:kernel:s0 tclass=dir permissive=0
02-05 12:31:17.719 18114 18114 W ps      : type=1400 audit(0.0:25054): avc: denied { getattr } for uid=10126 path="/proc/3" dev="proc" ino=83234 scontext=u:r:untrusted_app:s0:c512,c768 tcontext=u:r:kernel:s0 tclass=dir permissive=0
02-05 12:31:17.719 18114 18114 W ps      : type=1400 audit(0.0:25055): avc: denied { search } for uid=10126 name="3" dev="proc" ino=83234 scontext=u:r:untrusted_app:s0:c512,c768 tcontext=u:r:kernel:s0 tclass=dir permissive=0
02-05 12:31:17.719 18114 18114 W ps      : type=1400 audit(0.0:25056): avc: denied { search } for uid=10126 name="3" dev="proc" ino=83234 scontext=u:r:untrusted_app:s0:c512,c768 tcontext=u:r:kernel:s0 tclass=dir permissive=0
02-05 12:31:17.719 18114 18114 W ps      : type=1400 audit(0.0:25057): avc: denied { getattr } for uid=10126 path="/proc/5" dev="proc" ino=83235 scontext=u:r:untrusted_app:s0:c512,c768 tcontext=u:r:kernel:s0 tclass=dir permissive=0
02-05 12:31:17.719 18114 18114 W ps      : type=1400 audit(0.0:25058): avc: denied { search } for uid=10126 name="5" dev="proc" ino=83235 scontext=u:r:untrusted_app:s0:c512,c768 tcontext=u:r:kernel:s0 tclass=dir permissive=0
02-05 12:31:17.719 18114 18114 W ps      : type=1400 audit(0.0:25059): avc: denied { search } for uid=10126 name="5" dev="proc" ino=83235 scontext=u:r:untrusted_app:s0:c512,c768 tcontext=u:r:kernel:s0 tclass=dir permissive=0
02-05 12:31:17.719 18114 18114 W ps      : type=1400 audit(0.0:25060): avc: denied { getattr } for uid=10126 path="/proc/6" dev="proc" ino=83236 scontext=u:r:untrusted_app:s0:c512,c768 tcontext=u:r:kernel:s0 tclass=dir permissive=0
02-05 12:31:17.719 18114 18114 W ps      : type=1400 audit(0.0:25061): avc: denied { search } for uid=10126 name="6" dev="proc" ino=83236 scontext=u:r:untrusted_app:s0:c512,c768 tcontext=u:r:kernel:s0 tclass=dir permissive=0
02-05 12:31:17.719 18114 18114 W ps      : type=1400 audit(0.0:25062): avc: denied { search } for uid=10126 name="6" dev="proc" ino=83236 scontext=u:r:untrusted_app:s0:c512,c768 tcontext=u:r:kernel:s0 tclass=dir permissive=0
02-05 12:31:17.719 18114 18114 W ps      : type=1400 audit(0.0:25063): avc: denied { getattr } for uid=10126 path="/proc/7" dev="proc" ino=83237 scontext=u:r:untrusted_app:s0:c512,c768 tcontext=u:r:kernel:s0 tclass=dir permissive=0
02-05 12:31:17.719 18114 18114 W ps      : type=1400 audit(0.0:25064): avc: denied { search } for uid=10126 name="7" dev="proc" ino=83237 scontext=u:r:untrusted_app:s0:c512,c768 tcontext=u:r:kernel:s0 tclass=dir permissive=0
02-05 12:31:17.719 18114 18114 W ps      : type=1400 audit(0.0:25065): avc: denied { search } for uid=10126 name="7" dev="proc" ino=83237 scontext=u:r:untrusted_app:s0:c512,c768 tcontext=u:r:kernel:s0 tclass=dir permissive=0
02-05 12:31:17.719 18114 18114 W ps      : type=1400 audit(0.0:25066): avc: denied { getattr } for uid=10126 path="/proc/8" dev="proc" ino=83238 scontext=u:r:untrusted_app:s0:c512,c768 tcontext=u:r:kernel:s0 tclass=dir permissive=0
02-05 12:31:17.719 18114 18114 W ps      : type=1400 audit(0.0:25067): avc: denied { search } for uid=10126 name="8" dev="proc" ino=83238 scontext=u:r:untrusted_app:s0:c512,c768 tcontext=u:r:kernel:s0 tclass=dir permissive=0
02-05 12:31:17.756 18099 18099 I art     : Rejecting re-init on previously-failed class java.lang.Class<com.android.webview.chromium.TokenBindingManagerAdapter>
02-05 12:31:17.757 18099 18099 I art     : Rejecting re-init on previously-failed class java.lang.Class<com.android.webview.chromium.TokenBindingManagerAdapter>
02-05 12:31:17.763 18099 18099 I art     : Rejecting re-init on previously-failed class java.lang.Class<com.android.webview.chromium.ServiceWorkerControllerAdapter>
02-05 12:31:17.763 18099 18099 I art     : Rejecting re-init on previously-failed class java.lang.Class<com.android.webview.chromium.ServiceWorkerControllerAdapter>
02-05 12:31:17.773 18099 18099 I cr_LibraryLoader: Time to load native libraries: 2 ms (timestamps 360-362)
02-05 12:31:17.773 18099 18099 I cr_LibraryLoader: Expected native library version number "55.0.2883.91", actual native library version number "55.0.2883.91"
02-05 12:31:17.786 18099 18099 I cr_LibraryLoader: Expected native library version number "55.0.2883.91", actual native library version number "55.0.2883.91"
02-05 12:31:17.786 18099 18099 I chromium: [INFO:library_loader_hooks.cc(163)] Chromium logging enabled: level = 0, default verbosity = 0
02-05 12:31:17.797 18099 18099 I cr_BrowserStartup: Initializing chromium process, singleProcess=true
02-05 12:31:17.820 18099 18099 I Adreno-EGL: <qeglDrvAPI_eglInitialize:379>: EGL 1.4 QUALCOMM build:  (Ifd751822f5)
02-05 12:31:17.820 18099 18099 I Adreno-EGL: OpenGL ES Shader Compiler Version: XE031.06.00.05
02-05 12:31:17.820 18099 18099 I Adreno-EGL: Build Date: 01/26/16 Tue
02-05 12:31:17.820 18099 18099 I Adreno-EGL: Local Branch: AU12_SBA
02-05 12:31:17.820 18099 18099 I Adreno-EGL: Remote Branch: 
02-05 12:31:17.820 18099 18099 I Adreno-EGL: Local Patches: 
02-05 12:31:17.820 18099 18099 I Adreno-EGL: Reconstruct Branch: 
02-05 12:31:19.040 18099 18099 V RobotCore: Network: inactive, disconnected
02-05 12:31:19.048 18099 18099 V RCActivity: onStart()
02-05 12:31:19.050 18099 18099 V RCActivity: onResume()
02-05 12:31:19.059 18099 18137 D OpenGLRenderer: Use EGL_SWAP_BEHAVIOR_PRESERVED: true
02-05 12:31:19.086 18099 18099 V RCActivity: onPause()
02-05 12:31:19.093 18099 18099 V RCActivity: onStop()
02-05 12:31:19.093 18099 18099 D AndroidRuntime: Shutting down VM
02-05 12:31:19.094 18099 18099 E AndroidRuntime: FATAL EXCEPTION: main
02-05 12:31:19.094 18099 18099 E AndroidRuntime: Process: com.qualcomm.ftcrobotcontroller, PID: 18099
02-05 12:31:19.094 18099 18099 E AndroidRuntime: java.lang.RuntimeException: Unable to stop activity {com.qualcomm.ftcrobotcontroller/org.firstinspires.ftc.robotcontroller.internal.FtcRobotControllerActivity}: java.lang.NullPointerException: Attempt to invoke virtual method 'void com.qualcomm.ftccommon.FtcRobotControllerService.shutdownRobot()' on a null object reference
02-05 12:31:19.094 18099 18099 E AndroidRuntime: 	at android.app.ActivityThread.handleSleeping(ActivityThread.java:3661)
02-05 12:31:19.094 18099 18099 E AndroidRuntime: 	at android.app.ActivityThread.-wrap19(ActivityThread.java)
02-05 12:31:19.094 18099 18099 E AndroidRuntime: 	at android.app.ActivityThread$H.handleMessage(ActivityThread.java:1532)
02-05 12:31:19.094 18099 18099 E AndroidRuntime: 	at android.os.Handler.dispatchMessage(Handler.java:102)
02-05 12:31:19.094 18099 18099 E AndroidRuntime: 	at android.os.Looper.loop(Looper.java:148)
02-05 12:31:19.094 18099 18099 E AndroidRuntime: 	at android.app.ActivityThread.main(ActivityThread.java:5459)
02-05 12:31:19.094 18099 18099 E AndroidRuntime: 	at java.lang.reflect.Method.invoke(Native Method)
02-05 12:31:19.094 18099 18099 E AndroidRuntime: 	at com.android.internal.os.ZygoteInit$MethodAndArgsCaller.run(ZygoteInit.java:728)
02-05 12:31:19.094 18099 18099 E AndroidRuntime: 	at com.android.internal.os.ZygoteInit.main(ZygoteInit.java:618)
02-05 12:31:19.094 18099 18099 E AndroidRuntime: Caused by: java.lang.NullPointerException: Attempt to invoke virtual method 'void com.qualcomm.ftccommon.FtcRobotControllerService.shutdownRobot()' on a null object reference
02-05 12:31:19.094 18099 18099 E AndroidRuntime: 	at org.firstinspires.ftc.robotcontroller.internal.FtcRobotControllerActivity.onStop(FtcRobotControllerActivity.java:315)
02-05 12:31:19.094 18099 18099 E AndroidRuntime: 	at android.app.Instrumentation.callActivityOnStop(Instrumentation.java:1301)
02-05 12:31:19.094 18099 18099 E AndroidRuntime: 	at android.app.Activity.performStop(Activity.java:6403)
02-05 12:31:19.094 18099 18099 E AndroidRuntime: 	at android.app.ActivityThread.handleSleeping(ActivityThread.java:3658)
02-05 12:31:19.094 18099 18099 E AndroidRuntime: 	... 8 more
02-05 12:31:19.097 18099 18099 I Process : Sending signal. PID: 18099 SIG: 9
02-05 12:31:26.204 18159 18159 I art     : Late-enabling -Xcheck:jni
02-05 12:31:26.277 18159 18159 V RCActivity: onCreate()
02-05 12:31:26.282 18159 18172 V RobotCore: saving logcat to /storage/emulated/0/com.qualcomm.ftcrobotcontroller.logcat
02-05 12:31:26.283 18159 18172 V RobotCore: logging command line: logcat -f /storage/emulated/0/com.qualcomm.ftcrobotcontroller.logcat -r4096 -n4 -v threadtime UsbRequestJNI:S UsbRequest:S *:V
02-05 12:31:26.319 18159 18159 I WebViewFactory: Loading com.google.android.webview version 55.0.2883.91 (code 288309100)
02-05 12:31:26.329 18174 18174 W ps      : type=1400 audit(0.0:25872): avc: denied { getattr } for uid=10126 path="/proc/1" dev="proc" ino=83232 scontext=u:r:untrusted_app:s0:c512,c768 tcontext=u:r:init:s0 tclass=dir permissive=0
02-05 12:31:26.329 18174 18174 W ps      : type=1400 audit(0.0:25873): avc: denied { search } for uid=10126 name="1" dev="proc" ino=83232 scontext=u:r:untrusted_app:s0:c512,c768 tcontext=u:r:init:s0 tclass=dir permissive=0
02-05 12:31:26.329 18174 18174 W ps      : type=1400 audit(0.0:25874): avc: denied { search } for uid=10126 name="1" dev="proc" ino=83232 scontext=u:r:untrusted_app:s0:c512,c768 tcontext=u:r:init:s0 tclass=dir permissive=0
02-05 12:31:26.329 18174 18174 W ps      : type=1400 audit(0.0:25875): avc: denied { getattr } for uid=10126 path="/proc/2" dev="proc" ino=83233 scontext=u:r:untrusted_app:s0:c512,c768 tcontext=u:r:kernel:s0 tclass=dir permissive=0
02-05 12:31:26.329 18174 18174 W ps      : type=1400 audit(0.0:25876): avc: denied { search } for uid=10126 name="2" dev="proc" ino=83233 scontext=u:r:untrusted_app:s0:c512,c768 tcontext=u:r:kernel:s0 tclass=dir permissive=0
02-05 12:31:26.329 18174 18174 W ps      : type=1400 audit(0.0:25877): avc: denied { search } for uid=10126 name="2" dev="proc" ino=83233 scontext=u:r:untrusted_app:s0:c512,c768 tcontext=u:r:kernel:s0 tclass=dir permissive=0
02-05 12:31:26.329 18174 18174 W ps      : type=1400 audit(0.0:25878): avc: denied { getattr } for uid=10126 path="/proc/3" dev="proc" ino=83234 scontext=u:r:untrusted_app:s0:c512,c768 tcontext=u:r:kernel:s0 tclass=dir permissive=0
02-05 12:31:26.329 18174 18174 W ps      : type=1400 audit(0.0:25879): avc: denied { search } for uid=10126 name="3" dev="proc" ino=83234 scontext=u:r:untrusted_app:s0:c512,c768 tcontext=u:r:kernel:s0 tclass=dir permissive=0
02-05 12:31:26.329 18174 18174 W ps      : type=1400 audit(0.0:25880): avc: denied { search } for uid=10126 name="3" dev="proc" ino=83234 scontext=u:r:untrusted_app:s0:c512,c768 tcontext=u:r:kernel:s0 tclass=dir permissive=0
02-05 12:31:26.329 18174 18174 W ps      : type=1400 audit(0.0:25881): avc: denied { getattr } for uid=10126 path="/proc/5" dev="proc" ino=83235 scontext=u:r:untrusted_app:s0:c512,c768 tcontext=u:r:kernel:s0 tclass=dir permissive=0
02-05 12:31:26.329 18174 18174 W ps      : type=1400 audit(0.0:25882): avc: denied { search } for uid=10126 name="5" dev="proc" ino=83235 scontext=u:r:untrusted_app:s0:c512,c768 tcontext=u:r:kernel:s0 tclass=dir permissive=0
02-05 12:31:26.329 18174 18174 W ps      : type=1400 audit(0.0:25883): avc: denied { search } for uid=10126 name="5" dev="proc" ino=83235 scontext=u:r:untrusted_app:s0:c512,c768 tcontext=u:r:kernel:s0 tclass=dir permissive=0
02-05 12:31:26.329 18174 18174 W ps      : type=1400 audit(0.0:25884): avc: denied { getattr } for uid=10126 path="/proc/6" dev="proc" ino=83236 scontext=u:r:untrusted_app:s0:c512,c768 tcontext=u:r:kernel:s0 tclass=dir permissive=0
02-05 12:31:26.329 18174 18174 W ps      : type=1400 audit(0.0:25885): avc: denied { search } for uid=10126 name="6" dev="proc" ino=83236 scontext=u:r:untrusted_app:s0:c512,c768 tcontext=u:r:kernel:s0 tclass=dir permissive=0
02-05 12:31:26.329 18174 18174 W ps      : type=1400 audit(0.0:25886): avc: denied { search } for uid=10126 name="6" dev="proc" ino=83236 scontext=u:r:untrusted_app:s0:c512,c768 tcontext=u:r:kernel:s0 tclass=dir permissive=0
02-05 12:31:26.329 18174 18174 W ps      : type=1400 audit(0.0:25887): avc: denied { getattr } for uid=10126 path="/proc/7" dev="proc" ino=83237 scontext=u:r:untrusted_app:s0:c512,c768 tcontext=u:r:kernel:s0 tclass=dir permissive=0
02-05 12:31:26.329 18174 18174 W ps      : type=1400 audit(0.0:25888): avc: denied { search } for uid=10126 name="7" dev="proc" ino=83237 scontext=u:r:untrusted_app:s0:c512,c768 tcontext=u:r:kernel:s0 tclass=dir permissive=0
02-05 12:31:26.329 18174 18174 W ps      : type=1400 audit(0.0:25889): avc: denied { search } for uid=10126 name="7" dev="proc" ino=83237 scontext=u:r:untrusted_app:s0:c512,c768 tcontext=u:r:kernel:s0 tclass=dir permissive=0
02-05 12:31:26.329 18174 18174 W ps      : type=1400 audit(0.0:25890): avc: denied { getattr } for uid=10126 path="/proc/8" dev="proc" ino=83238 scontext=u:r:untrusted_app:s0:c512,c768 tcontext=u:r:kernel:s0 tclass=dir permissive=0
02-05 12:31:26.329 18174 18174 W ps      : type=1400 audit(0.0:25891): avc: denied { search } for uid=10126 name="8" dev="proc" ino=83238 scontext=u:r:untrusted_app:s0:c512,c768 tcontext=u:r:kernel:s0 tclass=dir permissive=0
02-05 12:31:26.373 18159 18159 I art     : Rejecting re-init on previously-failed class java.lang.Class<com.android.webview.chromium.TokenBindingManagerAdapter>
02-05 12:31:26.374 18159 18159 I art     : Rejecting re-init on previously-failed class java.lang.Class<com.android.webview.chromium.TokenBindingManagerAdapter>
02-05 12:31:26.383 18159 18159 I art     : Rejecting re-init on previously-failed class java.lang.Class<com.android.webview.chromium.ServiceWorkerControllerAdapter>
02-05 12:31:26.383 18159 18159 I art     : Rejecting re-init on previously-failed class java.lang.Class<com.android.webview.chromium.ServiceWorkerControllerAdapter>
02-05 12:31:26.396 18159 18159 I cr_LibraryLoader: Time to load native libraries: 7 ms (timestamps 8977-8984)
02-05 12:31:26.396 18159 18159 I cr_LibraryLoader: Expected native library version number "55.0.2883.91", actual native library version number "55.0.2883.91"
02-05 12:31:26.411 18159 18159 I cr_LibraryLoader: Expected native library version number "55.0.2883.91", actual native library version number "55.0.2883.91"
02-05 12:31:26.412 18159 18159 I chromium: [INFO:library_loader_hooks.cc(163)] Chromium logging enabled: level = 0, default verbosity = 0
02-05 12:31:26.425 18159 18159 I cr_BrowserStartup: Initializing chromium process, singleProcess=true
02-05 12:31:26.454 18159 18159 I Adreno-EGL: <qeglDrvAPI_eglInitialize:379>: EGL 1.4 QUALCOMM build:  (Ifd751822f5)
02-05 12:31:26.454 18159 18159 I Adreno-EGL: OpenGL ES Shader Compiler Version: XE031.06.00.05
02-05 12:31:26.454 18159 18159 I Adreno-EGL: Build Date: 01/26/16 Tue
02-05 12:31:26.454 18159 18159 I Adreno-EGL: Local Branch: AU12_SBA
02-05 12:31:26.454 18159 18159 I Adreno-EGL: Remote Branch: 
02-05 12:31:26.454 18159 18159 I Adreno-EGL: Local Patches: 
02-05 12:31:26.454 18159 18159 I Adreno-EGL: Reconstruct Branch: 
02-05 12:31:27.715 18159 18159 V RobotCore: Network: inactive, disconnected
02-05 12:31:27.723 18159 18159 V RCActivity: onStart()
02-05 12:31:27.725 18159 18159 V RCActivity: onResume()
02-05 12:31:27.734 18159 18197 D OpenGLRenderer: Use EGL_SWAP_BEHAVIOR_PRESERVED: true
02-05 12:31:27.766 18159 18159 V FTCService: onCreate()
02-05 12:31:27.766 18159 18159 V FTCService: onBind()
02-05 12:31:27.766 18159 18159 V FTCService: Android device is motorola, XT1609
02-05 12:31:27.767 18159 18159 V RobotCore: Getting network assistant of type: WIFIDIRECT
02-05 12:31:27.769 18159 18159 V WifiDirect: There are 1 Wifi Direct Assistant Clients (+)
02-05 12:31:27.769 18159 18159 V WifiDirect: Enabling Wifi Direct Assistant
02-05 12:31:27.809 18159 18197 I OpenGLRenderer: Initialized EGL, version 1.4
02-05 12:31:27.825 18159 18159 D WifiDirect: broadcast: state - enabled: true
02-05 12:31:27.827 18159 18159 D WifiDirect: broadcast: connection changed: connectStatus=NOT_CONNECTED networkInfo.state=CONNECTED
02-05 12:31:27.828 18159 18159 V WifiDirect: NetworkInfo: [type: WIFI_P2P[], state: CONNECTED/CONNECTED, reason: (unspecified), extra: (none), roaming: false, failover: false, isAvailable: true]
02-05 12:31:27.828 18159 18159 V WifiDirect: WifiP2pInfo: groupFormed: true isGroupOwner: true operatingChannel: 2427 groupOwnerAddress: /192.168.49.1 mccMode: false
02-05 12:31:27.828 18159 18159 V WifiDirect: WifiP2pGroup: network: DIRECT-vw-9773-D-RC, isGO: true, Operating Channel: 2427, GO: Device: , deviceAddress: cc:61:e5:c1:40:4e, primary type: null, secondary type: null, wps: 0, grpcapab: 0, devcapab: 0, status: 4, wfdInfo: WFD enabled: falseWFD DeviceInfo: 0, WFD CtrlPort: 0, WFD MaxThroughput: 0, level: 0, Client: Device: 9773-D-DS, deviceAddress: cc:61:e5:c1:27:ee, primary type: 10-0050F204-5, secondary type: null, wps: 392, grpcapab: 0, devcapab: 37, status: 0, wfdInfo: null, level: 60, Client: Device: , deviceAddress: 98:01:a7:93:3c:25, primary type: null, secondary type: null, wps: 0, grpcapab: 0, devcapab: 0, status: 4, wfdInfo: null, level: 0, interface: p2p0, networkId: 2, mGoOperFreq: 2427
02-05 12:31:27.828 18159 18159 D WifiDirect: broadcast: this device changed
02-05 12:31:27.828 18159 18159 V WifiDirect: device information: 9773-D-RC cc:61:e5:c1:40:4e
02-05 12:31:27.828 18159 18159 V FTCService: RCActivity.controllerService=bound
02-05 12:31:27.829 18159 18159 V RobotCore: Network: unknown, disconnected
02-05 12:31:27.829 18159 18159 V RobotCore: Robot Status: stopped
02-05 12:31:27.836 18159 18159 D OpmodeRegistration: registered {DefaultOpMode} as {$Stop$Robot$}
02-05 12:31:27.836 18159 18159 V FTCService: Processing robot setup
02-05 12:31:27.837 18159 18159 D WifiDirect: cannot create group, does group already exist?
02-05 12:31:27.838 18159 18199 V RobotCore: thread: 'RobotSetupRunnable.run()' starting...
02-05 12:31:27.839 18159 18199 V RobotCore: Robot Status: stopped, scanning for USB devices
02-05 12:31:27.874 18159 18159 D WifiDirect: group owners address: /192.168.49.1
02-05 12:31:27.874 18159 18159 D WifiDirect: group formed, this device is the group owner (GO)
02-05 12:31:27.874 18159 18159 I FTCService: Wifi Direct - connected as group owner
02-05 12:31:27.874 18159 18159 D WifiDirect: stop discovering peers
02-05 12:31:27.880 18159 18159 V RobotCore: Network: enabled, disconnected
02-05 12:31:27.903 18159 18159 V WifiDirect: connection information available
02-05 12:31:27.903 18159 18159 V WifiDirect: connection information - groupOwnerName = 9773-D-RC
02-05 12:31:27.903 18159 18159 V WifiDirect: connection information - groupOwnerMacAddress = cc:61:e5:c1:40:4e
02-05 12:31:27.903 18159 18159 V WifiDirect: connection information - groupInterface = p2p0
02-05 12:31:27.903 18159 18159 V WifiDirect: connection information - groupNetworkName = DIRECT-vw-9773-D-RC
02-05 12:31:27.903 18159 18159 I FTCService: Network Connection Passphrase: 1hRkldLG
02-05 12:31:27.904 18159 18159 V RobotCore: Network: active, disconnected
02-05 12:31:32.841 18159 18199 V RobotCore: EventLoopManager state is NOT_STARTED
02-05 12:31:32.841 18159 18199 V RobotCore: Robot Status: stopped, waiting on network
02-05 12:31:32.841 18159 18159 I RobotCore: Battery Checker, Level Remaining: 76.0
02-05 12:31:32.842 18159 18199 V RobotCore: Robot Status: stopped, starting robot
02-05 12:31:32.842 18159 18199 V Robocol : EventLoopManager.start()
02-05 12:31:32.842 18159 18199 V RobotCore: Getting network assistant of type: WIFIDIRECT
02-05 12:31:32.842 18159 18199 V Robocol : Spoofing a Network Connection event...
02-05 12:31:32.843 18159 18159 I RobotCore: Battery Checker, Level Remaining: 76.0
02-05 12:31:32.843 18159 18199 V RobotCore: executive service EventLoop is terminated
02-05 12:31:32.843 18159 18199 V RobotCore: EventLoopManager state is STOPPED
02-05 12:31:32.844 18159 18199 V Robocol : eventLoop=FtcEventLoop
02-05 12:31:32.844 18159 18199 V RobotCore: EventLoopManager state is INIT
02-05 12:31:32.844 18159 18199 V RobotCore: Robot Status: initializing, starting robot
02-05 12:31:32.844 18159 18201 V RobotCore: thread: 'SetupRunnable.run()' starting...
02-05 12:31:32.845 18159 18199 I FIRST   : ======= INIT START =======
02-05 12:31:32.854 18159 18199 D OpmodeRegistration: registered {AutonomousBlue} as {AutonomousBlue}
02-05 12:31:32.855 18159 18199 D OpmodeRegistration: registered {AutonomousRed} as {AutonomousRed}
02-05 12:31:32.856 18159 18199 D OpmodeRegistration: registered {AutonomousVerifyBeaconColor} as {AutonomousColorVerify}
02-05 12:31:32.857 18159 18199 D OpmodeRegistration: registered {AutonomousBlueRecord} as {AutonomousBlueRecord}
02-05 12:31:32.858 18159 18199 D OpmodeRegistration: registered {AutonomousRedRecord} as {AutonomousRedRecord}
02-05 12:31:32.858 18159 18199 D OpmodeRegistration: registered {TeleOpBlue} as {TeleOpBlue}
02-05 12:31:32.859 18159 18199 D OpmodeRegistration: registered {TeleOpRed} as {TeleOpRed}
02-05 12:31:32.861 18159 18199 V D2xx::  : Start constructor
02-05 12:31:32.865 18159 18199 V D2xx::  : End constructor
02-05 12:31:32.869 18159 18199 V RobotCore: Creating Modern Robotics USB Core Device Interface Module [AL00XKYB]
02-05 12:31:32.873 18159 18199 V D2xx::  : Vendor: 0403, Product: 6001
02-05 12:31:32.882 18159 18201 D Robocol : RobocolDatagramSocket listening addr=/192.168.49.1:20884 cbRec=65520 cbSend=163840 msRecTO=300
02-05 12:31:32.883 18159 18201 V Robocol : RecvLoopRunnable created
02-05 12:31:32.884 18159 18199 D UsbDeviceConnectionJNI: close
02-05 12:31:32.884 18159 18199 V D2xx::  : Vendor: 0403, Product: 6001
02-05 12:31:32.886 18159 18201 V PeerDiscovery: Starting peer discovery
02-05 12:31:32.886 18159 18201 V PeerDiscovery: No need for peer discovery, we are the peer discovery device
02-05 12:31:32.886 18159 18201 V RobotCore: Setup complete
02-05 12:31:32.886 18159 18201 V RobotCore: thread: ...terminating 'SetupRunnable.run()'
02-05 12:31:32.887 18159 18203 V RobotCore: thread: 'RecvLoopRunnable.run()' starting...
02-05 12:31:32.893 18159 18199 D UsbDeviceConnectionJNI: close
02-05 12:31:32.893 18159 18199 V D2xx::  : Vendor: 0403, Product: 6001
02-05 12:31:32.902 18159 18199 D UsbDeviceConnectionJNI: close
02-05 12:31:32.902 18159 18199 V D2xx::  : Vendor: 0403, Product: 6001
02-05 12:31:32.911 18159 18199 D UsbDeviceConnectionJNI: close
02-05 12:31:32.911 18159 18199 V D2xx::  : Vendor: 0403, Product: 6001
02-05 12:31:32.920 18159 18199 D UsbDeviceConnectionJNI: close
02-05 12:31:32.920 18159 18199 V D2xx::  : Vendor: 0403, Product: 6001
02-05 12:31:32.929 18159 18199 D UsbDeviceConnectionJNI: close
02-05 12:31:32.929 18159 18199 V D2xx::  : Vendor: 0403, Product: 6001
02-05 12:31:32.939 18159 18199 D UsbDeviceConnectionJNI: close
02-05 12:31:32.940 18159 18199 D FTDI_Device::: open SUCCESS
02-05 12:31:32.940 18159 18199 I FTDI_Device::: EP: 0x81
02-05 12:31:32.940 18159 18199 I FTDI_Device::: EP: 0x02
02-05 12:31:32.940 18159 18199 D D2XX::  : **********************Device Opened**********************
02-05 12:31:32.942 18159 18199 W         : Unable to open '/system/framework/prcui-config.jar': No such file or directory
02-05 12:31:32.942 18159 18199 W art     : Failed to open zip archive '/system/framework/prcui-config.jar': I/O Error
02-05 12:31:33.187 18159 18203 D Robocol : no packet received: SocketTimeoutException
02-05 12:31:33.271 18159 18203 D RobotCore: system telemetry: key=$System$None$ msg=""
02-05 12:31:33.273 18159 18203 V PeerDiscovery: new remote peer discovered: 192.168.49.99
02-05 12:31:33.273 18159 18203 D Robocol : RobocolDatagramSocket connected to /192.168.49.99:20884
02-05 12:31:33.274 18159 18203 V NetworkConnectionHandler: starting sending loop
02-05 12:31:33.274 18159 18203 V Robocol : SendOnceRunnable created
02-05 12:31:33.296 18159 18203 V RobotCore: Network: active, connected
02-05 12:31:33.315 18159 18206 V Robocol : sending CMD_REQUEST_USER_SENSOR_LIST_RESP(10), attempt: 0
02-05 12:31:33.325 18159 18210 D MediaPlayer: setSubtitleAnchor in MediaPlayer
02-05 12:31:33.326 18159 18159 D MediaPlayer: setSubtitleAnchor in MediaPlayer
02-05 12:31:33.358 18159 18199 V RobotCore: Starting up device AL00XKYB
02-05 12:31:33.359 18159 18214 V RobotCore: thread: 'r/w loop: Modern Robotics USB Core Device Interface Module [AL00XKYB]' starting...
02-05 12:31:33.360 18159 18199 V RobotCore: Creating user sensor MR Range Sensor - Port: 2
02-05 12:31:33.361 18159 18199 V RobotCore:i2cSynch(USB AL00XKYB; port 2): doPortIsReadyCallbackBeginWork ...
02-05 12:31:33.361 18159 18199 V RobotCore:i2cSynch(USB AL00XKYB; port 2): doModuleIsArmedWork ...
02-05 12:31:33.361 18159 18199 V RobotCore:i2cSynch(USB AL00XKYB; port 2): ... doModuleIsArmedWork complete
02-05 12:31:33.361 18159 18199 V RobotCore:i2cSynch(USB AL00XKYB; port 2): ... doPortIsReadyCallbackBeginWork complete
02-05 12:31:33.362 18159 18199 V RobotCore:i2cSynch(USB AL00XKYB; port 2): hooking ...
02-05 12:31:33.362 18159 18199 V RobotCore:i2cSynch(USB AL00XKYB; port 2): ... hooking complete
02-05 12:31:33.362 18159 18199 V RobotCore: Creating Modern Robotics I2C Color Sensor - Port: 5
02-05 12:31:33.362 18159 18199 V RobotCore: Creating Modern Robotics Analog Optical Distance Sensor - Port: 1
02-05 12:31:33.362 18159 18199 V RobotCore: Creating Modern Robotics USB Core Device Interface Module [AL00VBY8]
02-05 12:31:33.364 18159 18199 V D2xx::  : Vendor: 0403, Product: 6001
02-05 12:31:33.365 18159 18199 V D2xx::  : Vendor: 0403, Product: 6001
02-05 12:31:33.365 18159 18208 D ExtendedUtils: extended extractor not needed, return default
02-05 12:31:33.365 18159 18208 I MediaCodec: (0xb75d74c8) init name(audio/raw) isType(1) encoder(0)
02-05 12:31:33.366 18159 18199 V D2xx::  : Vendor: 0403, Product: 6001
02-05 12:31:33.366 18159 18199 V D2xx::  : Vendor: 0403, Product: 6001
02-05 12:31:33.367 18159 18215 I OMXClient: Using client-side OMX mux.
02-05 12:31:33.367 18159 18199 V D2xx::  : Vendor: 0403, Product: 6001
02-05 12:31:33.368 18159 18199 V D2xx::  : Vendor: 0403, Product: 6001
02-05 12:31:33.369 18159 18199 V D2xx::  : Vendor: 0403, Product: 6001
02-05 12:31:33.370 18159 18199 D FTDI_Device::: open SUCCESS
02-05 12:31:33.370 18159 18199 I FTDI_Device::: EP: 0x81
02-05 12:31:33.370 18159 18199 I FTDI_Device::: EP: 0x02
02-05 12:31:33.370 18159 18199 D D2XX::  : **********************Device Opened**********************
02-05 12:31:33.374 18159 18215 E OMXMaster: A component of name 'OMX.qcom.audio.decoder.aac' already exists, ignoring this one.
02-05 12:31:33.376 18159 18215 I MediaCodec: (0xb75d74c8) Component Allocated (OMX.google.raw.decoder)
02-05 12:31:33.377 18159 18208 I MediaCodec: (0xb75d74c8) configure surface(0x0) crypto(0x0) flags(0)
02-05 12:31:33.377 18159 18208 D MediaCodec: (0xb75d74c8) configure format: AMessage(what = 0x00000000) = {
02-05 12:31:33.377 18159 18208 D MediaCodec:    string mime = "audio/raw"
02-05 12:31:33.377 18159 18208 D MediaCodec:    int64_t durationUs = 485011
02-05 12:31:33.377 18159 18208 D MediaCodec:    int32_t channel-count = 2
02-05 12:31:33.377 18159 18208 D MediaCodec:    int32_t sample-rate = 44100
02-05 12:31:33.377 18159 18208 D MediaCodec:    int32_t channel-mask = 0
02-05 12:31:33.377 18159 18208 D MediaCodec:  }
02-05 12:31:33.379 18159 18208 I MediaCodec: (0xb75d74c8) start
02-05 12:31:33.380 18159 18215 I MediaCodec: (0xb75d74c8) input buffers allocated
02-05 12:31:33.380 18159 18215 I MediaCodec: (0xb75d74c8) numBuffers (4)
02-05 12:31:33.380 18159 18215 I MediaCodec: (0xb75d74c8) output buffers allocated
02-05 12:31:33.380 18159 18215 I MediaCodec: (0xb75d74c8) numBuffers (4)
02-05 12:31:33.381 18159 18215 I MediaCodec: (0xb75d74c8) codec output format changed
02-05 12:31:33.382 18159 18215 D MediaCodec: (0xb75d74c8) output format: AMessage(what = 'codc', target = 2) = {
02-05 12:31:33.382 18159 18215 D MediaCodec:    string mime = "audio/raw"
02-05 12:31:33.382 18159 18215 D MediaCodec:    int32_t channel-count = 2
02-05 12:31:33.382 18159 18215 D MediaCodec:    int32_t sample-rate = 44100
02-05 12:31:33.382 18159 18215 D MediaCodec:    int32_t channel-mask = 0
02-05 12:31:33.382 18159 18215 D MediaCodec:    int32_t what = 1869968451
02-05 12:31:33.382 18159 18215 D MediaCodec:  }
02-05 12:31:33.388 18159 18208 I MediaCodec: (0xb75d74c8) stop
02-05 12:31:33.390 18159 18208 I MediaCodec: (0xb75d74c8) release
02-05 12:31:33.395 18159 18210 W AudioTrack: AUDIO_OUTPUT_FLAG_FAST denied by client; transfer 4, track 44100 Hz, output 48000 Hz
02-05 12:31:33.447 18159 18203 V Robocol : received command: CMD_REQUEST_OP_MODE_LIST(10001) 
02-05 12:31:33.448 18159 18203 V Robocol : received command: CMD_REQUEST_ACTIVE_CONFIGURATION(10002) 
02-05 12:31:33.464 18159 18203 V Robocol : received command: CMD_REQUEST_USER_SENSOR_LIST_RESP(10) [{"description":"a MR compass sensor","flavor":"I2C","name":"MR Compass Sensor","xmlTag":"ModernRoboticsI2cCompassSensor"},{"description":"an Adafruit IMU","flavor":"I2C","name":"Adafruit IMU","xmlTag":"AdafruitBNO055IMU"},{"description":"a MR range sensor","flavor":"I2C","name":"MR Range Sensor","xmlTag":"ModernRoboticsI2cRangeSensor"}]
02-05 12:31:33.475 18159 18206 V Robocol : sending CMD_REQUEST_OP_MODE_LIST_RESP(15), attempt: 0
02-05 12:31:33.475 18159 18206 V Robocol : sending CMD_REQUEST_USER_SENSOR_LIST_RESP(16), attempt: 0
02-05 12:31:33.476 18159 18206 V Robocol : sending CMD_REQUEST_ACTIVE_CONFIGURATION_RESP(19), attempt: 0
02-05 12:31:33.513 18159 18203 V Robocol : received command: CMD_REQUEST_OP_MODE_LIST_RESP(15) [{"flavor":"AUTONOMOUS","group":"Autonomous","name":"AutonomousBlue"},{"flavor":"AUTONOMOUS","group":"Autonomous","name":"AutonomousRed"},{"flavor":"AUTONOMOUS","group":"Autonomous","name":"AutonomousColorVerify"},{"flavor":"AUTONOMOUS","group":"TeleOp","name":"AutonomousBlueRecord"},{"flavor":"AUTONOMOUS","group":"TeleOp","name":"AutonomousRedRecord"},{"flavor":"TELEOP","group":"TeleOp","name":"TeleOpBlue"},{"flavor":"TELEOP","group":"TeleOp","name":"TeleOpRed"}]
02-05 12:31:33.514 18159 18203 V Robocol : received command: CMD_INIT_OP_MODE(10010) $Stop$Robot$
02-05 12:31:33.514 18159 18203 V Robocol : received command: CMD_REQUEST_USER_SENSOR_LIST_RESP(16) [{"description":"a MR compass sensor","flavor":"I2C","name":"MR Compass Sensor","xmlTag":"ModernRoboticsI2cCompassSensor"},{"description":"an Adafruit IMU","flavor":"I2C","name":"Adafruit IMU","xmlTag":"AdafruitBNO055IMU"},{"description":"a MR range sensor","flavor":"I2C","name":"MR Range Sensor","xmlTag":"ModernRoboticsI2cRangeSensor"}]
02-05 12:31:33.516 18159 18203 V Robocol : received command: CMD_REQUEST_ACTIVE_CONFIGURATION_RESP(19) {"isDirty":false,"location":"LOCAL_STORAGE","name":"RobotV4","resourceId":0}
02-05 12:31:33.780 18159 18199 V RobotCore: Starting up device AL00VBY8
02-05 12:31:33.783 18159 18221 V RobotCore: thread: 'r/w loop: Modern Robotics USB Core Device Interface Module [AL00VBY8]' starting...
02-05 12:31:33.784 18159 18199 V RobotCore: Creating I2C Device - Port: 5
02-05 12:31:33.784 18159 18199 V RobotCore: Creating Modern Robotics USB Servo Controller [AL00XLTB]
02-05 12:31:33.785 18159 18199 D RobotCore: arming modern servo controller Modern Robotics USB Servo Controller [AL00XLTB]...
02-05 12:31:33.787 18159 18199 V D2xx::  : Vendor: 0403, Product: 6001
02-05 12:31:33.789 18159 18199 V D2xx::  : Vendor: 0403, Product: 6001
02-05 12:31:33.793 18159 18199 V D2xx::  : Vendor: 0403, Product: 6001
02-05 12:31:33.795 18159 18199 V D2xx::  : Vendor: 0403, Product: 6001
02-05 12:31:33.797 18159 18199 V D2xx::  : Vendor: 0403, Product: 6001
02-05 12:31:33.798 18159 18199 V D2xx::  : Vendor: 0403, Product: 6001
02-05 12:31:33.799 18159 18199 V D2xx::  : Vendor: 0403, Product: 6001
02-05 12:31:33.802 18159 18199 D FTDI_Device::: open SUCCESS
02-05 12:31:33.802 18159 18199 I FTDI_Device::: EP: 0x81
02-05 12:31:33.802 18159 18199 I FTDI_Device::: EP: 0x02
02-05 12:31:33.802 18159 18199 D D2XX::  : **********************Device Opened**********************
02-05 12:31:34.211 18159 18199 V RobotCore: Starting up device AL00XLTB
02-05 12:31:34.217 18159 18224 V RobotCore: thread: 'r/w loop: Modern Robotics USB Servo Controller [AL00XLTB]' starting...
02-05 12:31:34.217 18159 18199 D RobotCore: ...arming modern servo controller Modern Robotics USB Servo Controller [AL00XLTB] complete
02-05 12:31:34.218 18159 18199 V RobotCore: Creating Modern Robotics USB DC Motor Controller [AL00VBJK]
02-05 12:31:34.219 18159 18199 D RobotCore: arming modern motor controller Modern Robotics USB DC Motor Controller [AL00VBJK]...
02-05 12:31:34.222 18159 18199 V D2xx::  : Vendor: 0403, Product: 6001
02-05 12:31:34.224 18159 18199 V D2xx::  : Vendor: 0403, Product: 6001
02-05 12:31:34.227 18159 18199 V D2xx::  : Vendor: 0403, Product: 6001
02-05 12:31:34.229 18159 18199 V D2xx::  : Vendor: 0403, Product: 6001
02-05 12:31:34.231 18159 18199 V D2xx::  : Vendor: 0403, Product: 6001
02-05 12:31:34.235 18159 18199 V D2xx::  : Vendor: 0403, Product: 6001
02-05 12:31:34.236 18159 18199 V D2xx::  : Vendor: 0403, Product: 6001
02-05 12:31:34.239 18159 18199 D FTDI_Device::: open SUCCESS
02-05 12:31:34.239 18159 18199 I FTDI_Device::: EP: 0x81
02-05 12:31:34.239 18159 18199 I FTDI_Device::: EP: 0x02
02-05 12:31:34.239 18159 18199 D D2XX::  : **********************Device Opened**********************
02-05 12:31:34.652 18159 18199 V RobotCore: Starting up device AL00VBJK
02-05 12:31:34.654 18159 18227 V RobotCore: thread: 'r/w loop: Modern Robotics USB DC Motor Controller [AL00VBJK]' starting...
02-05 12:31:34.654 18159 18199 D RobotCore: ...arming modern motor controller Modern Robotics USB DC Motor Controller [AL00VBJK] complete
02-05 12:31:34.690 18159 18199 V RobotCore: Creating Modern Robotics USB DC Motor Controller [AL00VSAM]
02-05 12:31:34.691 18159 18199 D RobotCore: arming modern motor controller Modern Robotics USB DC Motor Controller [AL00VSAM]...
02-05 12:31:34.692 18159 18199 V D2xx::  : Vendor: 0403, Product: 6001
02-05 12:31:34.693 18159 18199 V D2xx::  : Vendor: 0403, Product: 6001
02-05 12:31:34.694 18159 18199 V D2xx::  : Vendor: 0403, Product: 6001
02-05 12:31:34.695 18159 18199 V D2xx::  : Vendor: 0403, Product: 6001
02-05 12:31:34.696 18159 18199 V D2xx::  : Vendor: 0403, Product: 6001
02-05 12:31:34.697 18159 18199 V D2xx::  : Vendor: 0403, Product: 6001
02-05 12:31:34.698 18159 18199 V D2xx::  : Vendor: 0403, Product: 6001
02-05 12:31:34.699 18159 18199 D FTDI_Device::: open SUCCESS
02-05 12:31:34.699 18159 18199 I FTDI_Device::: EP: 0x81
02-05 12:31:34.700 18159 18199 I FTDI_Device::: EP: 0x02
02-05 12:31:34.700 18159 18199 D D2XX::  : **********************Device Opened**********************
02-05 12:31:35.110 18159 18199 V RobotCore: Starting up device AL00VSAM
02-05 12:31:35.116 18159 18230 V RobotCore: thread: 'r/w loop: Modern Robotics USB DC Motor Controller [AL00VSAM]' starting...
02-05 12:31:35.117 18159 18199 D RobotCore: ...arming modern motor controller Modern Robotics USB DC Motor Controller [AL00VSAM] complete
02-05 12:31:35.150 18159 18199 V RobotCore: Creating Modern Robotics USB DC Motor Controller [AL00VS98]
02-05 12:31:35.150 18159 18199 D RobotCore: arming modern motor controller Modern Robotics USB DC Motor Controller [AL00VS98]...
02-05 12:31:35.152 18159 18199 V D2xx::  : Vendor: 0403, Product: 6001
02-05 12:31:35.153 18159 18199 V D2xx::  : Vendor: 0403, Product: 6001
02-05 12:31:35.154 18159 18199 V D2xx::  : Vendor: 0403, Product: 6001
02-05 12:31:35.155 18159 18199 V D2xx::  : Vendor: 0403, Product: 6001
02-05 12:31:35.156 18159 18199 V D2xx::  : Vendor: 0403, Product: 6001
02-05 12:31:35.157 18159 18199 V D2xx::  : Vendor: 0403, Product: 6001
02-05 12:31:35.157 18159 18199 V D2xx::  : Vendor: 0403, Product: 6001
02-05 12:31:35.159 18159 18199 D FTDI_Device::: open SUCCESS
02-05 12:31:35.159 18159 18199 I FTDI_Device::: EP: 0x81
02-05 12:31:35.159 18159 18199 I FTDI_Device::: EP: 0x02
02-05 12:31:35.159 18159 18199 D D2XX::  : **********************Device Opened**********************
02-05 12:31:35.574 18159 18199 V RobotCore: Starting up device AL00VS98
02-05 12:31:35.575 18159 18233 V RobotCore: thread: 'r/w loop: Modern Robotics USB DC Motor Controller [AL00VS98]' starting...
02-05 12:31:35.577 18159 18199 D RobotCore: ...arming modern motor controller Modern Robotics USB DC Motor Controller [AL00VS98] complete
02-05 12:31:35.628 18159 18199 V RobotCore: Creating Modern Robotics USB DC Motor Controller [AL00YCFW]
02-05 12:31:35.629 18159 18199 D RobotCore: arming modern motor controller Modern Robotics USB DC Motor Controller [AL00YCFW]...
02-05 12:31:35.631 18159 18199 V D2xx::  : Vendor: 0403, Product: 6001
02-05 12:31:35.631 18159 18199 V D2xx::  : Vendor: 0403, Product: 6001
02-05 12:31:35.633 18159 18199 V D2xx::  : Vendor: 0403, Product: 6001
02-05 12:31:35.634 18159 18199 V D2xx::  : Vendor: 0403, Product: 6001
02-05 12:31:35.635 18159 18199 V D2xx::  : Vendor: 0403, Product: 6001
02-05 12:31:35.637 18159 18199 V D2xx::  : Vendor: 0403, Product: 6001
02-05 12:31:35.637 18159 18199 V D2xx::  : Vendor: 0403, Product: 6001
02-05 12:31:35.640 18159 18199 D FTDI_Device::: open SUCCESS
02-05 12:31:35.640 18159 18199 I FTDI_Device::: EP: 0x81
02-05 12:31:35.640 18159 18199 I FTDI_Device::: EP: 0x02
02-05 12:31:35.640 18159 18199 D D2XX::  : **********************Device Opened**********************
02-05 12:31:36.057 18159 18199 V RobotCore: Starting up device AL00YCFW
02-05 12:31:36.057 18159 18236 V RobotCore: thread: 'r/w loop: Modern Robotics USB DC Motor Controller [AL00YCFW]' starting...
02-05 12:31:36.058 18159 18199 D RobotCore: ...arming modern motor controller Modern Robotics USB DC Motor Controller [AL00YCFW] complete
02-05 12:31:36.160 18159 18199 I RobotCore: Analytics has completed initialization.
02-05 12:31:36.160 18159 18199 I RobotCore: ========= Device Information ===================================================
02-05 12:31:36.160 18159 18199 I RobotCore: Type                                               Name                           Connection
02-05 12:31:36.161 18159 18199 I RobotCore: Modern Robotics USB Core Device Interface Module v2.0 dim2                           USB AL00VBY8
02-05 12:31:36.161 18159 18199 I RobotCore: Modern Robotics USB Servo Controller v2.0          Servo Controller 2             USB AL00XLTB
02-05 12:31:36.161 18159 18199 I RobotCore: I2cDevice                                          navx                           USB AL00VBY8; port 5
02-05 12:31:36.162 18159 18199 I RobotCore: Continuous Rotation Servo                          liftServo                      USB AL00XLTB; port 1
02-05 12:31:36.162 18159 18199 I RobotCore: Modern Robotics USB Core Device Interface Module v2.0 dim                            USB AL00XKYB
02-05 12:31:36.162 18159 18199 I RobotCore: DC Motor                                           partAccMotor                   USB AL00VBJK; port 1
02-05 12:31:36.162 18159 18199 I RobotCore: Servo                                              particleReleaseServo           USB AL00XLTB; port 5
02-05 12:31:36.162 18159 18199 I RobotCore: DC Motor                                           harvesterMotor                 USB AL00VS98; port 1
02-05 12:31:36.704 18159 18199 I RobotCore: Modern Robotics Range Sensor v0.0                  rangeSensor1                   USB AL00XKYB; port 2
02-05 12:31:36.704 18159 18199 I RobotCore: DC Motor                                           fMotorL                        USB AL00YCFW; port 1
02-05 12:31:36.704 18159 18199 I RobotCore: Modern Robotics USB DC Motor Controller v2.0       Harvester and Lift Controller  USB AL00VS98
02-05 12:31:36.704 18159 18199 I RobotCore: Modern Robotics USB DC Motor Controller v2.0       Left Motor Controller          USB AL00YCFW
02-05 12:31:36.704 18159 18199 I RobotCore: DC Motor                                           fMotorR                        USB AL00VSAM; port 1
02-05 12:31:36.704 18159 18199 I RobotCore: Modern Robotics USB DC Motor Controller v2.0       Shooter Motor Controller       USB AL00VBJK
02-05 12:31:36.704 18159 18199 I RobotCore: DC Motor                                           rMotorR                        USB AL00VSAM; port 2
02-05 12:31:36.705 18159 18199 I RobotCore: DC Motor                                           liftMotor                      USB AL00VS98; port 2
02-05 12:31:36.705 18159 18199 I RobotCore: Servo                                              buttonServo                    USB AL00XLTB; port 3
02-05 12:31:36.705 18159 18199 I RobotCore: DC Motor                                           rMotorL                        USB AL00YCFW; port 2
02-05 12:31:36.705 18159 18199 I RobotCore: Modern Robotics I2C Color Sensor                   colorSensor1                   USB AL00XKYB; I2C port: 5
02-05 12:31:36.705 18159 18199 I RobotCore: Modern Robotics USB DC Motor Controller v2.0       Right Motor Controller         USB AL00VSAM
02-05 12:31:36.705 18159 18199 I RobotCore: Modern Robotics Analog Optical Distance Sensor     ods                            USB AL00XKYB; analog port 1
02-05 12:31:36.705 18159 18199 I FIRST   : ======= INIT FINISH =======
02-05 12:31:36.705 18159 18199 V RobotCore: EventLoopManager state is RUNNING
02-05 12:31:36.705 18159 18199 V RobotCore: Robot Status: running, starting robot
02-05 12:31:36.705 18159 18199 V RobotCore: Robot Status: running
02-05 12:31:36.706 18159 18199 V RobotCore: thread: ...terminating 'RobotSetupRunnable.run()'
02-05 12:31:36.708 18159 18237 V RobotCore: thread: 'opmode loop()' starting...
02-05 12:31:36.714 18159 18237 I RobotCore: Attempting to switch to op mode $Stop$Robot$
02-05 12:31:36.722 18159 18210 D MediaPlayer: setSubtitleAnchor in MediaPlayer
02-05 12:31:36.724 18159 18159 D MediaPlayer: setSubtitleAnchor in MediaPlayer
02-05 12:31:36.729 18159 18159 E MediaPlayer: invoke failed: wrong state 8
02-05 12:31:36.740 18159 18159 W MediaPlayer: mediaplayer went away with unhandled events
02-05 12:31:36.741 18159 18208 D ExtendedUtils: extended extractor not needed, return default
02-05 12:31:36.742 18159 18208 I MediaCodec: (0xb760f538) init name(audio/raw) isType(1) encoder(0)
02-05 12:31:36.747 18159 18242 I OMXClient: Using client-side OMX mux.
02-05 12:31:36.755 18159 18206 V Robocol : sending CMD_INIT_OP_MODE_RESP(57), attempt: 0
02-05 12:31:36.757 18159 18242 E OMXMaster: A component of name 'OMX.qcom.audio.decoder.aac' already exists, ignoring this one.
02-05 12:31:36.763 18159 18242 I MediaCodec: (0xb760f538) Component Allocated (OMX.google.raw.decoder)
02-05 12:31:36.763 18159 18208 I MediaCodec: (0xb760f538) configure surface(0x0) crypto(0x0) flags(0)
02-05 12:31:36.763 18159 18208 D MediaCodec: (0xb760f538) configure format: AMessage(what = 0x00000000) = {
02-05 12:31:36.763 18159 18208 D MediaCodec:    string mime = "audio/raw"
02-05 12:31:36.763 18159 18208 D MediaCodec:    int64_t durationUs = 1019125
02-05 12:31:36.763 18159 18208 D MediaCodec:    int32_t channel-count = 1
02-05 12:31:36.763 18159 18208 D MediaCodec:    int32_t sample-rate = 8000
